Archive member included because of file (symbol)

/nfs/nfs5/home/research/hardware/arm2/gcc-arm-embedded/gcc-arm-none-eabi-4_8-2014q2/bin/../lib/gcc/arm-none-eabi/4.8.4/../../../../arm-none-eabi/lib/armv7e-m/libg.a(lib_a-strcmp.o)
                              /tmp/ccL2buZv.ltrans1.ltrans.o (strcmp)
/nfs/nfs5/home/research/hardware/arm2/gcc-arm-embedded/gcc-arm-none-eabi-4_8-2014q2/bin/../lib/gcc/arm-none-eabi/4.8.4/../../../../arm-none-eabi/lib/armv7e-m/libg.a(lib_a-strpbrk.o)
                              /tmp/ccL2buZv.ltrans0.ltrans.o (strpbrk)
/nfs/nfs5/home/research/hardware/arm2/gcc-arm-embedded/gcc-arm-none-eabi-4_8-2014q2/bin/../lib/gcc/arm-none-eabi/4.8.4/../../../../arm-none-eabi/lib/armv7e-m/libg.a(lib_a-strspn.o)
                              /tmp/ccL2buZv.ltrans0.ltrans.o (strspn)

Discarded input sections

 .data          0x00000000        0x0 build/obj/crt0_v7m.o
 .bss           0x00000000        0x0 build/obj/crt0_v7m.o
 .data          0x00000000        0x0 build/obj/chcoreasm_v7m.o
 .bss           0x00000000        0x0 build/obj/chcoreasm_v7m.o
 .text          0x00000000        0x0 build/obj/crt1.o (symbol from plugin)
 .text          0x00000000        0x0 /tmp/ccL2buZv.ltrans0.ltrans.o
 .data          0x00000000        0x0 /tmp/ccL2buZv.ltrans0.ltrans.o
 .bss           0x00000000        0x0 /tmp/ccL2buZv.ltrans0.ltrans.o
 .text          0x00000000        0x0 /tmp/ccL2buZv.ltrans1.ltrans.o
 .data          0x00000000        0x0 /tmp/ccL2buZv.ltrans1.ltrans.o
 .bss           0x00000000        0x0 /tmp/ccL2buZv.ltrans1.ltrans.o
 .text          0x00000000        0x0 /tmp/ccL2buZv.ltrans2.ltrans.o
 .data          0x00000000        0x0 /tmp/ccL2buZv.ltrans2.ltrans.o
 .bss           0x00000000        0x0 /tmp/ccL2buZv.ltrans2.ltrans.o
 .text          0x00000000        0x0 /tmp/ccL2buZv.ltrans3.ltrans.o
 .data          0x00000000        0x0 /tmp/ccL2buZv.ltrans3.ltrans.o
 .bss           0x00000000        0x0 /tmp/ccL2buZv.ltrans3.ltrans.o
 .data          0x00000000        0x0 /nfs/nfs5/home/research/hardware/arm2/gcc-arm-embedded/gcc-arm-none-eabi-4_8-2014q2/bin/../lib/gcc/arm-none-eabi/4.8.4/../../../../arm-none-eabi/lib/armv7e-m/libg.a(lib_a-strcmp.o)
 .bss           0x00000000        0x0 /nfs/nfs5/home/research/hardware/arm2/gcc-arm-embedded/gcc-arm-none-eabi-4_8-2014q2/bin/../lib/gcc/arm-none-eabi/4.8.4/../../../../arm-none-eabi/lib/armv7e-m/libg.a(lib_a-strcmp.o)
 .text          0x00000000        0x0 /nfs/nfs5/home/research/hardware/arm2/gcc-arm-embedded/gcc-arm-none-eabi-4_8-2014q2/bin/../lib/gcc/arm-none-eabi/4.8.4/../../../../arm-none-eabi/lib/armv7e-m/libg.a(lib_a-strpbrk.o)
 .data          0x00000000        0x0 /nfs/nfs5/home/research/hardware/arm2/gcc-arm-embedded/gcc-arm-none-eabi-4_8-2014q2/bin/../lib/gcc/arm-none-eabi/4.8.4/../../../../arm-none-eabi/lib/armv7e-m/libg.a(lib_a-strpbrk.o)
 .bss           0x00000000        0x0 /nfs/nfs5/home/research/hardware/arm2/gcc-arm-embedded/gcc-arm-none-eabi-4_8-2014q2/bin/../lib/gcc/arm-none-eabi/4.8.4/../../../../arm-none-eabi/lib/armv7e-m/libg.a(lib_a-strpbrk.o)
 .text          0x00000000        0x0 /nfs/nfs5/home/research/hardware/arm2/gcc-arm-embedded/gcc-arm-none-eabi-4_8-2014q2/bin/../lib/gcc/arm-none-eabi/4.8.4/../../../../arm-none-eabi/lib/armv7e-m/libg.a(lib_a-strspn.o)
 .data          0x00000000        0x0 /nfs/nfs5/home/research/hardware/arm2/gcc-arm-embedded/gcc-arm-none-eabi-4_8-2014q2/bin/../lib/gcc/arm-none-eabi/4.8.4/../../../../arm-none-eabi/lib/armv7e-m/libg.a(lib_a-strspn.o)
 .bss           0x00000000        0x0 /nfs/nfs5/home/research/hardware/arm2/gcc-arm-embedded/gcc-arm-none-eabi-4_8-2014q2/bin/../lib/gcc/arm-none-eabi/4.8.4/../../../../arm-none-eabi/lib/armv7e-m/libg.a(lib_a-strspn.o)
 .text          0x00000000        0x0 build/obj/vectors.o (symbol from plugin)
 .text          0x00000000        0x0 build/obj/chsys.o (symbol from plugin)
 .text          0x00000000        0x0 build/obj/chdebug.o (symbol from plugin)
 .text          0x00000000        0x0 build/obj/chvt.o (symbol from plugin)
 .text          0x00000000        0x0 build/obj/chschd.o (symbol from plugin)
 .text          0x00000000        0x0 build/obj/chthreads.o (symbol from plugin)
 .text          0x00000000        0x0 build/obj/chtm.o (symbol from plugin)
 .text          0x00000000        0x0 build/obj/chdynamic.o (symbol from plugin)
 .text          0x00000000        0x0 build/obj/chregistry.o (symbol from plugin)
 .text          0x00000000        0x0 build/obj/chsem.o (symbol from plugin)
 .text          0x00000000        0x0 build/obj/chmtx.o (symbol from plugin)
 .text          0x00000000        0x0 build/obj/chcond.o (symbol from plugin)
 .text          0x00000000        0x0 build/obj/chevents.o (symbol from plugin)
 .text          0x00000000        0x0 build/obj/chmsg.o (symbol from plugin)
 .text          0x00000000        0x0 build/obj/chmboxes.o (symbol from plugin)
 .text          0x00000000        0x0 build/obj/chqueues.o (symbol from plugin)
 .text          0x00000000        0x0 build/obj/chmemcore.o (symbol from plugin)
 .text          0x00000000        0x0 build/obj/chheap.o (symbol from plugin)
 .text          0x00000000        0x0 build/obj/chmempools.o (symbol from plugin)
 .text          0x00000000        0x0 build/obj/chcore.o (symbol from plugin)
 .text          0x00000000        0x0 build/obj/chcore_v7m.o (symbol from plugin)
 .text          0x00000000        0x0 build/obj/osal.o (symbol from plugin)
 .text          0x00000000        0x0 build/obj/hal.o (symbol from plugin)
 .text          0x00000000        0x0 build/obj/st.o (symbol from plugin)
 .text          0x00000000        0x0 build/obj/hal_buffers.o (symbol from plugin)
 .text          0x00000000        0x0 build/obj/hal_queues.o (symbol from plugin)
 .text          0x00000000        0x0 build/obj/hal_mmcsd.o (symbol from plugin)
 .text          0x00000000        0x0 build/obj/ext.o (symbol from plugin)
 .text          0x00000000        0x0 build/obj/pal.o (symbol from plugin)
 .text          0x00000000        0x0 build/obj/serial.o (symbol from plugin)
 .text          0x00000000        0x0 build/obj/spi.o (symbol from plugin)
 .text          0x00000000        0x0 build/obj/nvic.o (symbol from plugin)
 .text          0x00000000        0x0 build/obj/hal_lld.o (symbol from plugin)
 .text          0x00000000        0x0 build/obj/stm32_dma.o (symbol from plugin)
 .text          0x00000000        0x0 build/obj/st_lld.o (symbol from plugin)
 .text          0x00000000        0x0 build/obj/ext_lld.o (symbol from plugin)
 .text          0x00000000        0x0 build/obj/ext_lld_isr.o (symbol from plugin)
 .text          0x00000000        0x0 build/obj/pal_lld.o (symbol from plugin)
 .text          0x00000000        0x0 build/obj/spi_lld.o (symbol from plugin)
 .text          0x00000000        0x0 build/obj/serial_lld.o (symbol from plugin)
 .text          0x00000000        0x0 build/obj/board.o (symbol from plugin)
 .text          0x00000000        0x0 build/obj/test.o (symbol from plugin)
 .text          0x00000000        0x0 build/obj/testthd.o (symbol from plugin)
 .text          0x00000000        0x0 build/obj/testsem.o (symbol from plugin)
 .text          0x00000000        0x0 build/obj/testmtx.o (symbol from plugin)
 .text          0x00000000        0x0 build/obj/testmsg.o (symbol from plugin)
 .text          0x00000000        0x0 build/obj/testmbox.o (symbol from plugin)
 .text          0x00000000        0x0 build/obj/testevt.o (symbol from plugin)
 .text          0x00000000        0x0 build/obj/testheap.o (symbol from plugin)
 .text          0x00000000        0x0 build/obj/testpools.o (symbol from plugin)
 .text          0x00000000        0x0 build/obj/testdyn.o (symbol from plugin)
 .text          0x00000000        0x0 build/obj/testqueues.o (symbol from plugin)
 .text          0x00000000        0x0 build/obj/testsys.o (symbol from plugin)
 .text          0x00000000        0x0 build/obj/testbmk.o (symbol from plugin)
 .text          0x00000000        0x0 build/obj/shell.o (symbol from plugin)
 .text          0x00000000        0x0 build/obj/evtimer.o (symbol from plugin)
 .text          0x00000000        0x0 build/obj/syscalls.o (symbol from plugin)
 .text          0x00000000        0x0 build/obj/memstreams.o (symbol from plugin)
 .text          0x00000000        0x0 build/obj/chprintf.o (symbol from plugin)
 .text          0x00000000        0x0 build/obj/nrf24l01.o (symbol from plugin)
 .text          0x00000000        0x0 build/obj/main.o (symbol from plugin)

Memory Configuration

Name             Origin             Length             Attributes
flash            0x08000000         0x00040000
ram0             0x20000000         0x0000a000
ram1             0x00000000         0x00000000
ram2             0x00000000         0x00000000
ram3             0x00000000         0x00000000
ram4             0x10000000         0x00002000
ram5             0x00000000         0x00000000
ram6             0x00000000         0x00000000
ram7             0x00000000         0x00000000
*default*        0x00000000         0xffffffff

Linker script and memory map

LOAD build/obj/crt0_v7m.o
LOAD build/obj/chcoreasm_v7m.o
LOAD build/obj/crt1.o
LOAD /tmp/ccL2buZv.ltrans0.ltrans.o
LOAD /tmp/ccL2buZv.ltrans1.ltrans.o
LOAD /tmp/ccL2buZv.ltrans2.ltrans.o
LOAD /tmp/ccL2buZv.ltrans3.ltrans.o
LOAD /nfs/nfs5/home/research/hardware/arm2/gcc-arm-embedded/gcc-arm-none-eabi-4_8-2014q2/bin/../lib/gcc/arm-none-eabi/4.8.4/armv7e-m/libgcc.a
LOAD /nfs/nfs5/home/research/hardware/arm2/gcc-arm-embedded/gcc-arm-none-eabi-4_8-2014q2/bin/../lib/gcc/arm-none-eabi/4.8.4/../../../../arm-none-eabi/lib/armv7e-m/libg.a
LOAD /nfs/nfs5/home/research/hardware/arm2/gcc-arm-embedded/gcc-arm-none-eabi-4_8-2014q2/bin/../lib/gcc/arm-none-eabi/4.8.4/../../../../arm-none-eabi/lib/armv7e-m/libc.a
LOAD build/obj/vectors.o
LOAD build/obj/chsys.o
LOAD build/obj/chdebug.o
LOAD build/obj/chvt.o
LOAD build/obj/chschd.o
LOAD build/obj/chthreads.o
LOAD build/obj/chtm.o
LOAD build/obj/chdynamic.o
LOAD build/obj/chregistry.o
LOAD build/obj/chsem.o
LOAD build/obj/chmtx.o
LOAD build/obj/chcond.o
LOAD build/obj/chevents.o
LOAD build/obj/chmsg.o
LOAD build/obj/chmboxes.o
LOAD build/obj/chqueues.o
LOAD build/obj/chmemcore.o
LOAD build/obj/chheap.o
LOAD build/obj/chmempools.o
LOAD build/obj/chcore.o
LOAD build/obj/chcore_v7m.o
LOAD build/obj/osal.o
LOAD build/obj/hal.o
LOAD build/obj/st.o
LOAD build/obj/hal_buffers.o
LOAD build/obj/hal_queues.o
LOAD build/obj/hal_mmcsd.o
LOAD build/obj/ext.o
LOAD build/obj/pal.o
LOAD build/obj/serial.o
LOAD build/obj/spi.o
LOAD build/obj/nvic.o
LOAD build/obj/hal_lld.o
LOAD build/obj/stm32_dma.o
LOAD build/obj/st_lld.o
LOAD build/obj/ext_lld.o
LOAD build/obj/ext_lld_isr.o
LOAD build/obj/pal_lld.o
LOAD build/obj/spi_lld.o
LOAD build/obj/serial_lld.o
LOAD build/obj/board.o
LOAD build/obj/test.o
LOAD build/obj/testthd.o
LOAD build/obj/testsem.o
LOAD build/obj/testmtx.o
LOAD build/obj/testmsg.o
LOAD build/obj/testmbox.o
LOAD build/obj/testevt.o
LOAD build/obj/testheap.o
LOAD build/obj/testpools.o
LOAD build/obj/testdyn.o
LOAD build/obj/testqueues.o
LOAD build/obj/testsys.o
LOAD build/obj/testbmk.o
LOAD build/obj/shell.o
LOAD build/obj/evtimer.o
LOAD build/obj/syscalls.o
LOAD build/obj/memstreams.o
LOAD build/obj/chprintf.o
LOAD build/obj/nrf24l01.o
LOAD build/obj/main.o
                0x20000000                __ram0_start__ = ORIGIN (ram0)
                0x0000a000                __ram0_size__ = 0xa000
                0x2000a000                __ram0_end__ = (__ram0_start__ + __ram0_size__)
                0x00000000                __ram1_start__ = ORIGIN (ram1)
                0x00000000                __ram1_size__ = 0x0
                0x00000000                __ram1_end__ = (__ram1_start__ + __ram1_size__)
                0x00000000                __ram2_start__ = ORIGIN (ram2)
                0x00000000                __ram2_size__ = 0x0
                0x00000000                __ram2_end__ = (__ram2_start__ + __ram2_size__)
                0x00000000                __ram3_start__ = ORIGIN (ram3)
                0x00000000                __ram3_size__ = 0x0
                0x00000000                __ram3_end__ = (__ram3_start__ + __ram3_size__)
                0x10000000                __ram4_start__ = ORIGIN (ram4)
                0x00002000                __ram4_size__ = 0x2000
                0x10002000                __ram4_end__ = (__ram4_start__ + __ram4_size__)
                0x00000000                __ram5_start__ = ORIGIN (ram5)
                0x00000000                __ram5_size__ = 0x0
                0x00000000                __ram5_end__ = (__ram5_start__ + __ram5_size__)
                0x00000000                __ram6_start__ = ORIGIN (ram6)
                0x00000000                __ram6_size__ = 0x0
                0x00000000                __ram6_end__ = (__ram6_start__ + __ram6_size__)
                0x00000000                __ram7_start__ = ORIGIN (ram7)
                0x00000000                __ram7_size__ = 0x0
                0x00000000                __ram7_end__ = (__ram7_start__ + __ram7_size__)
                0x00000000                . = 0x0
                0x00000000                _text = .

startup         0x08000000      0x200
 *(.vectors)
 .vectors       0x08000000      0x200 /tmp/ccL2buZv.ltrans2.ltrans.o
                0x08000000                _vectors

constructors    0x08000200        0x0
                0x08000200                __init_array_start = .
 *(SORT(.init_array.*))
 *(.init_array)
                0x08000200                __init_array_end = .

destructors     0x08000200        0x0
                0x08000200                __fini_array_start = .
 *(.fini_array)
 *(SORT(.fini_array.*))
                0x08000200                __fini_array_end = .

.text           0x08000200     0x31ac
 *(.text)
 .text          0x08000200       0xd4 build/obj/crt0_v7m.o
                0x08000200                Reset_Handler
 *fill*         0x080002d4        0xc 
 .text          0x080002e0       0x28 build/obj/chcoreasm_v7m.o
                0x080002e0                _port_switch
                0x080002f0                _port_thread_start
                0x08000300                _port_switch_from_isr
                0x08000304                _port_exit_from_isr
 *fill*         0x08000308        0x8 
 .text          0x08000310      0x21c /nfs/nfs5/home/research/hardware/arm2/gcc-arm-embedded/gcc-arm-none-eabi-4_8-2014q2/bin/../lib/gcc/arm-none-eabi/4.8.4/../../../../arm-none-eabi/lib/armv7e-m/libg.a(lib_a-strcmp.o)
                0x08000310                strcmp
 *(.text.*)
 *fill*         0x0800052c        0x4 
 .text.long_to_string_with_divisor.12262.constprop.3.4456
                0x08000530       0x50 /tmp/ccL2buZv.ltrans0.ltrans.o
 .text.notify1.9076
                0x08000580       0x10 /tmp/ccL2buZv.ltrans0.ltrans.o
                0x08000580                notify1.9076
 .text.chSchGoSleepTimeoutS.4261
                0x08000590      0x110 /tmp/ccL2buZv.ltrans0.ltrans.o
 .text.chThdEnqueueTimeoutS.4257
                0x080006a0       0x30 /tmp/ccL2buZv.ltrans0.ltrans.o
 .text.chIQGetTimeout.4182
                0x080006d0       0x50 /tmp/ccL2buZv.ltrans0.ltrans.o
 .text.gett.7800
                0x08000720       0x10 /tmp/ccL2buZv.ltrans0.ltrans.o
                0x08000720                gett.7800
 .text.get.7804
                0x08000730       0x10 /tmp/ccL2buZv.ltrans0.ltrans.o
                0x08000730                get.7804
 .text.chIQReadTimeout.4214
                0x08000740       0x80 /tmp/ccL2buZv.ltrans0.ltrans.o
 .text.readt.7777
                0x080007c0       0x10 /tmp/ccL2buZv.ltrans0.ltrans.o
                0x080007c0                readt.7777
 .text.read.7784
                0x080007d0       0x10 /tmp/ccL2buZv.ltrans0.ltrans.o
                0x080007d0                read.7784
 .text.chOQPutTimeout.4229
                0x080007e0       0x60 /tmp/ccL2buZv.ltrans0.ltrans.o
 .text.putt.7807
                0x08000840       0x10 /tmp/ccL2buZv.ltrans0.ltrans.o
                0x08000840                putt.7807
 .text.put.7812
                0x08000850       0x10 /tmp/ccL2buZv.ltrans0.ltrans.o
                0x08000850                put.7812
 .text.chOQWriteTimeout.4251
                0x08000860       0x90 /tmp/ccL2buZv.ltrans0.ltrans.o
 .text.writet.7789
                0x080008f0       0x10 /tmp/ccL2buZv.ltrans0.ltrans.o
                0x080008f0                writet.7789
 .text.write.7795
                0x08000900       0x10 /tmp/ccL2buZv.ltrans0.ltrans.o
                0x08000900                write.7795
 .text.spi_lld_serve_rx_interrupt.8831
                0x08000910       0x90 /tmp/ccL2buZv.ltrans0.ltrans.o
                0x08000910                spi_lld_serve_rx_interrupt.8831
 .text.Vector148
                0x080009a0       0x30 /tmp/ccL2buZv.ltrans0.ltrans.o
                0x080009a0                Vector148
 .text.Vector144
                0x080009d0       0x70 /tmp/ccL2buZv.ltrans0.ltrans.o
                0x080009d0                Vector144
 .text.Vector140
                0x08000a40       0x60 /tmp/ccL2buZv.ltrans0.ltrans.o
                0x08000a40                Vector140
 .text.Vector4C
                0x08000aa0       0x30 /tmp/ccL2buZv.ltrans0.ltrans.o
                0x08000aa0                Vector4C
 .text.Vector48
                0x08000ad0       0x30 /tmp/ccL2buZv.ltrans0.ltrans.o
                0x08000ad0                Vector48
 .text.VectorE8
                0x08000b00       0x30 /tmp/ccL2buZv.ltrans0.ltrans.o
                0x08000b00                VectorE8
 .text.chThdSleep
                0x08000b30       0x20 /tmp/ccL2buZv.ltrans0.ltrans.o
                0x08000b30                chThdSleep
 .text.chSchWakeupS.constprop.38
                0x08000b50       0x60 /tmp/ccL2buZv.ltrans0.ltrans.o
                0x08000b50                chSchWakeupS.constprop.38
 .text.chTMStartMeasurementX.constprop.35
                0x08000bb0       0x10 /tmp/ccL2buZv.ltrans0.ltrans.o
                0x08000bb0                chTMStartMeasurementX.constprop.35
 .text.dmaStreamAllocate.constprop.18
                0x08000bc0       0xc0 /tmp/ccL2buZv.ltrans0.ltrans.o
                0x08000bc0                dmaStreamAllocate.constprop.18
 .text.spiSelect.constprop.16
                0x08000c80       0x30 /tmp/ccL2buZv.ltrans0.ltrans.o
                0x08000c80                spiSelect.constprop.16
 .text.spiUnselect.constprop.15
                0x08000cb0       0x30 /tmp/ccL2buZv.ltrans0.ltrans.o
                0x08000cb0                spiUnselect.constprop.15
 .text.spiExchange.constprop.13
                0x08000ce0       0x60 /tmp/ccL2buZv.ltrans0.ltrans.o
                0x08000ce0                spiExchange.constprop.13
 .text.spiSend.constprop.11
                0x08000d40       0x60 /tmp/ccL2buZv.ltrans0.ltrans.o
                0x08000d40                spiSend.constprop.11
 .text.spiReceive.constprop.9
                0x08000da0       0x60 /tmp/ccL2buZv.ltrans0.ltrans.o
                0x08000da0                spiReceive.constprop.9
 .text._strtok.11712.constprop.4
                0x08000e00       0x40 /tmp/ccL2buZv.ltrans0.ltrans.o
                0x08000e00                _strtok.11712.constprop.4
 .text.chprintf
                0x08000e40      0x280 /tmp/ccL2buZv.ltrans0.ltrans.o
                0x08000e40                chprintf
 .text.cmd_myecho.12968
                0x080010c0       0x30 /tmp/ccL2buZv.ltrans0.ltrans.o
                0x080010c0                cmd_myecho.12968
 .text.cmd_systime.11720
                0x080010f0       0x30 /tmp/ccL2buZv.ltrans0.ltrans.o
                0x080010f0                cmd_systime.11720
 .text.cmd_info.11728
                0x08001120       0xc0 /tmp/ccL2buZv.ltrans0.ltrans.o
                0x08001120                cmd_info.11728
 .text._pal_lld_setgroupmode
                0x080011e0       0xd0 /tmp/ccL2buZv.ltrans0.ltrans.o
                0x080011e0                _pal_lld_setgroupmode
 .text.shell_thread.11701
                0x080012b0      0x230 /tmp/ccL2buZv.ltrans1.ltrans.o
                0x080012b0                shell_thread.11701
 .text.startup.main
                0x080014e0      0x6b0 /tmp/ccL2buZv.ltrans1.ltrans.o
                0x080014e0                main
 .text.__early_init
                0x08001b90       0xa0 /tmp/ccL2buZv.ltrans1.ltrans.o
                0x08001b90                __early_init
 .text.chThdExit
                0x08001c30       0x10 /tmp/ccL2buZv.ltrans1.ltrans.o
                0x08001c30                chThdExit
 .text.chSchDoReschedule
                0x08001c40       0x10 /tmp/ccL2buZv.ltrans1.ltrans.o
                0x08001c40                chSchDoReschedule
 .text.__init_ram_areas
                0x08001c50       0x60 /tmp/ccL2buZv.ltrans1.ltrans.o
                0x08001c50                __init_ram_areas
 .text.__default_exit
                0x08001cb0       0x10 /tmp/ccL2buZv.ltrans1.ltrans.o
                0x08001cb0                __default_exit
 .text.__late_init
                0x08001cc0       0x10 /tmp/ccL2buZv.ltrans1.ltrans.o
                0x08001cc0                __late_init
 .text.__core_init
                0x08001cd0       0x10 /tmp/ccL2buZv.ltrans1.ltrans.o
                0x08001cd0                __core_init
 .text.spi_lld_serve_tx_interrupt.8827.4366
                0x08001ce0       0x20 /tmp/ccL2buZv.ltrans2.ltrans.o
 .text.counterThread.12965
                0x08001d00       0x30 /tmp/ccL2buZv.ltrans2.ltrans.o
                0x08001d00                counterThread.12965
 .text.VectorB0.4375
                0x08001d30       0xa0 /tmp/ccL2buZv.ltrans2.ltrans.o
 .text.VectorD4.4338
                0x08001dd0      0x1a0 /tmp/ccL2buZv.ltrans2.ltrans.o
 .text.cmd_bluefruit.12985
                0x08001f70      0x3b0 /tmp/ccL2buZv.ltrans2.ltrans.o
                0x08001f70                cmd_bluefruit.12985
 .text.chThdCreateFromHeap.constprop.28
                0x08002320      0x120 /tmp/ccL2buZv.ltrans2.ltrans.o
                0x08002320                chThdCreateFromHeap.constprop.28
 .text.termination_handler.12973
                0x08002440      0x150 /tmp/ccL2buZv.ltrans2.ltrans.o
                0x08002440                termination_handler.12973
 .text.SVC_Handler
                0x08002590       0x20 /tmp/ccL2buZv.ltrans3.ltrans.o
                0x08002590                SVC_Handler
 .text.chCoreAlloc
                0x080025b0       0x40 /tmp/ccL2buZv.ltrans3.ltrans.o
                0x080025b0                chCoreAlloc
 .text.wakeup.4697
                0x080025f0       0x70 /tmp/ccL2buZv.ltrans3.ltrans.o
                0x080025f0                wakeup.4697
 .text._idle_thread.4308
                0x08002660       0x10 /tmp/ccL2buZv.ltrans3.ltrans.o
                0x08002660                _idle_thread.4308
 .text._port_irq_epilogue
                0x08002670       0x60 /tmp/ccL2buZv.ltrans3.ltrans.o
                0x08002670                _port_irq_epilogue
 .text.VectorE4
                0x080026d0       0x30 /tmp/ccL2buZv.ltrans3.ltrans.o
                0x080026d0                VectorE4
 .text.Vector44
                0x08002700       0x30 /tmp/ccL2buZv.ltrans3.ltrans.o
                0x08002700                Vector44
 .text.VectorE0
                0x08002730       0x80 /tmp/ccL2buZv.ltrans3.ltrans.o
                0x08002730                VectorE0
 .text.Vector9C
                0x080027b0       0x70 /tmp/ccL2buZv.ltrans3.ltrans.o
                0x080027b0                Vector9C
 .text.Vector68
                0x08002820       0x30 /tmp/ccL2buZv.ltrans3.ltrans.o
                0x08002820                Vector68
 .text.Vector64
                0x08002850       0x30 /tmp/ccL2buZv.ltrans3.ltrans.o
                0x08002850                Vector64
 .text.Vector60
                0x08002880       0x30 /tmp/ccL2buZv.ltrans3.ltrans.o
                0x08002880                Vector60
 .text.Vector5C
                0x080028b0       0x30 /tmp/ccL2buZv.ltrans3.ltrans.o
                0x080028b0                Vector5C
 .text.Vector58
                0x080028e0       0x30 /tmp/ccL2buZv.ltrans3.ltrans.o
                0x080028e0                Vector58
 .text.Vector130
                0x08002910       0x30 /tmp/ccL2buZv.ltrans3.ltrans.o
                0x08002910                Vector130
 .text.Vector12C
                0x08002940       0x30 /tmp/ccL2buZv.ltrans3.ltrans.o
                0x08002940                Vector12C
 .text.Vector128
                0x08002970       0x30 /tmp/ccL2buZv.ltrans3.ltrans.o
                0x08002970                Vector128
 .text.Vector124
                0x080029a0       0x30 /tmp/ccL2buZv.ltrans3.ltrans.o
                0x080029a0                Vector124
 .text.Vector120
                0x080029d0       0x30 /tmp/ccL2buZv.ltrans3.ltrans.o
                0x080029d0                Vector120
 .text.Vector84
                0x08002a00       0x30 /tmp/ccL2buZv.ltrans3.ltrans.o
                0x08002a00                Vector84
 .text.Vector80
                0x08002a30       0x30 /tmp/ccL2buZv.ltrans3.ltrans.o
                0x08002a30                Vector80
 .text.Vector7C
                0x08002a60       0x30 /tmp/ccL2buZv.ltrans3.ltrans.o
                0x08002a60                Vector7C
 .text.Vector78
                0x08002a90       0x30 /tmp/ccL2buZv.ltrans3.ltrans.o
                0x08002a90                Vector78
 .text.Vector74
                0x08002ac0       0x30 /tmp/ccL2buZv.ltrans3.ltrans.o
                0x08002ac0                Vector74
 .text.Vector70
                0x08002af0       0x30 /tmp/ccL2buZv.ltrans3.ltrans.o
                0x08002af0                Vector70
 .text.Vector6C
                0x08002b20       0x30 /tmp/ccL2buZv.ltrans3.ltrans.o
                0x08002b20                Vector6C
 .text.chTMStopMeasurementX
                0x08002b50       0x50 /tmp/ccL2buZv.ltrans3.ltrans.o
                0x08002b50                chTMStopMeasurementX
 .text.chSchDoRescheduleAhead
                0x08002ba0       0x40 /tmp/ccL2buZv.ltrans3.ltrans.o
                0x08002ba0                chSchDoRescheduleAhead
 .text.chSchGoSleepS
                0x08002be0       0x30 /tmp/ccL2buZv.ltrans3.ltrans.o
                0x08002be0                chSchGoSleepS
 .text.chThdSuspendS
                0x08002c10       0x20 /tmp/ccL2buZv.ltrans3.ltrans.o
                0x08002c10                chThdSuspendS
 .text.chSchReadyI
                0x08002c30       0x30 /tmp/ccL2buZv.ltrans3.ltrans.o
                0x08002c30                chSchReadyI
 .text.chEvtBroadcastFlagsI
                0x08002c60       0x60 /tmp/ccL2buZv.ltrans3.ltrans.o
                0x08002c60                chEvtBroadcastFlagsI
 .text.chMtxUnlock
                0x08002cc0       0x70 /tmp/ccL2buZv.ltrans3.ltrans.o
                0x08002cc0                chMtxUnlock
 .text.chMtxLockS
                0x08002d30       0xd0 /tmp/ccL2buZv.ltrans3.ltrans.o
                0x08002d30                chMtxLockS
 .text.chThdExitS
                0x08002e00       0x40 /tmp/ccL2buZv.ltrans3.ltrans.o
                0x08002e00                chThdExitS
 .text._unhandled_exception.4215
                0x08002e40       0x10 /tmp/ccL2buZv.ltrans3.ltrans.o
                0x08002e40                VectorAC
                0x08002e40                DebugMon_Handler
                0x08002e40                Vector11C
                0x08002e40                HardFault_Handler
                0x08002e40                Vector19C
                0x08002e40                Vector8C
                0x08002e40                SysTick_Handler
                0x08002e40                VectorDC
                0x08002e40                PendSV_Handler
                0x08002e40                Vector168
                0x08002e40                NMI_Handler
                0x08002e40                Vector110
                0x08002e40                VectorC8
                0x08002e40                Vector94
                0x08002e40                VectorA8
                0x08002e40                VectorB4
                0x08002e40                Vector160
                0x08002e40                UsageFault_Handler
                0x08002e40                VectorEC
                0x08002e40                Vector40
                0x08002e40                VectorF8
                0x08002e40                Vector108
                0x08002e40                VectorBC
                0x08002e40                Vector190
                0x08002e40                Vector150
                0x08002e40                Vector188
                0x08002e40                Vector198
                0x08002e40                Vector118
                0x08002e40                VectorCC
                0x08002e40                Vector54
                0x08002e40                Vector98
                0x08002e40                VectorD8
                0x08002e40                Vector138
                0x08002e40                Vector24
                0x08002e40                Vector178
                0x08002e40                VectorD0
                0x08002e40                VectorC0
                0x08002e40                Vector158
                0x08002e40                Vector134
                0x08002e40                VectorF0
                0x08002e40                Vector13C
                0x08002e40                Vector100
                0x08002e40                VectorF4
                0x08002e40                MemManage_Handler
                0x08002e40                VectorA0
                0x08002e40                VectorC4
                0x08002e40                Vector180
                0x08002e40                Vector90
                0x08002e40                Vector114
                0x08002e40                Vector164
                0x08002e40                Vector1C
                0x08002e40                Vector17C
                0x08002e40                Vector16C
                0x08002e40                Vector15C
                0x08002e40                Vector170
                0x08002e40                Vector88
                0x08002e40                Vector104
                0x08002e40                Vector184
                0x08002e40                Vector10C
                0x08002e40                Vector14C
                0x08002e40                BusFault_Handler
                0x08002e40                Vector50
                0x08002e40                Vector194
                0x08002e40                Vector154
                0x08002e40                Vector28
                0x08002e40                VectorB8
                0x08002e40                VectorFC
                0x08002e40                Vector34
                0x08002e40                VectorA4
                0x08002e40                Vector20
                0x08002e40                Vector18C
                0x08002e40                Vector174
 .text.strpbrk  0x08002e50       0x50 /nfs/nfs5/home/research/hardware/arm2/gcc-arm-embedded/gcc-arm-none-eabi-4_8-2014q2/bin/../lib/gcc/arm-none-eabi/4.8.4/../../../../arm-none-eabi/lib/armv7e-m/libg.a(lib_a-strpbrk.o)
                0x08002e50                strpbrk
 .text.strspn   0x08002ea0       0x40 /nfs/nfs5/home/research/hardware/arm2/gcc-arm-embedded/gcc-arm-none-eabi-4_8-2014q2/bin/../lib/gcc/arm-none-eabi/4.8.4/../../../../arm-none-eabi/lib/armv7e-m/libg.a(lib_a-strspn.o)
                0x08002ea0                strspn
 *(.rodata)
 *(.rodata.*)
 .rodata.dummytx.8890.4535
                0x08002ee0        0x2 /tmp/ccL2buZv.ltrans0.ltrans.o
 *fill*         0x08002ee2        0xe 
 .rodata.str1.4
                0x08002ef0      0x1c5 /tmp/ccL2buZv.ltrans0.ltrans.o
                                0x1c8 (size before relaxing)
 *fill*         0x080030b5        0xb 
 .rodata.vmt.7902.4748
                0x080030c0       0x20 /tmp/ccL2buZv.ltrans1.ltrans.o
 .rodata.ram_areas.4024.4749
                0x080030e0       0x80 /tmp/ccL2buZv.ltrans1.ltrans.o
 .rodata.commands.13018
                0x08003160       0x18 /tmp/ccL2buZv.ltrans1.ltrans.o
                0x08003160                commands.13018
 *fill*         0x08003178        0x8 
 .rodata._stm32_dma_streams
                0x08003180       0xf0 /tmp/ccL2buZv.ltrans1.ltrans.o
 .rodata.str1.4
                0x08003270       0xaf /tmp/ccL2buZv.ltrans1.ltrans.o
                                 0xd0 (size before relaxing)
 *fill*         0x0800331f        0x1 
 .rodata.ch_debug
                0x08003320       0x18 /tmp/ccL2buZv.ltrans1.ltrans.o
 *fill*         0x08003338        0x8 
 .rodata.shell_cfg1.13016
                0x08003340        0x8 /tmp/ccL2buZv.ltrans1.ltrans.o
                0x08003340                shell_cfg1.13016
 *fill*         0x08003348        0x8 
 .rodata.str1.4
                0x08003350       0x5c /tmp/ccL2buZv.ltrans2.ltrans.o
                                 0x6c (size before relaxing)
 *(.glue_7t)
 .glue_7t       0x00000000        0x0 linker stubs
 *(.glue_7)
 .glue_7        0x00000000        0x0 linker stubs
 *(.gcc*)

.vfp11_veneer   0x080033ac        0x0
 .vfp11_veneer  0x00000000        0x0 linker stubs

.v4_bx          0x080033ac        0x0
 .v4_bx         0x00000000        0x0 linker stubs

.iplt           0x080033ac        0x0
 .iplt          0x00000000        0x0 build/obj/crt0_v7m.o

.rel.dyn        0x080033ac        0x0
 .rel.iplt      0x00000000        0x0 build/obj/crt0_v7m.o

.ARM.extab
 *(.ARM.extab* .gnu.linkonce.armextab.*)

.ARM.exidx      0x080033ac        0x0
                0x080033ac                __exidx_start = .
 *(.ARM.exidx* .gnu.linkonce.armexidx.*)
                0x080033ac                __exidx_end = .

.eh_frame_hdr
 *(.eh_frame_hdr)

.eh_frame
 *(.eh_frame)

.textalign      0x080033ac        0x4
                0x080033b0                . = ALIGN (0x8)
 *fill*         0x080033ac        0x4 
                0x080033b0                . = ALIGN (0x4)
                0x080033b0                PROVIDE (_etext, .)

.mstack         0x20000000      0x400
                0x20000000                . = ALIGN (0x8)
                0x20000000                __main_stack_base__ = .
                0x20000400                . = (. + __main_stack_size__)
 *fill*         0x20000000      0x400 
                0x20000400                . = ALIGN (0x8)
                0x20000400                __main_stack_end__ = .

.pstack         0x20000400      0x400
                0x20000400                __process_stack_base__ = .
                0x20000400                __main_thread_stack_base__ = .
                0x20000800                . = (. + __process_stack_size__)
 *fill*         0x20000400      0x400 
                0x20000800                . = ALIGN (0x8)
                0x20000800                __process_stack_end__ = .
                0x20000800                __main_thread_stack_end__ = .

.data           0x20000800       0x2c load address 0x080033b0
                0x20000800                . = ALIGN (0x4)
                0x080033b0                PROVIDE (_textdata, LOADADDR (.data))
                0x20000800                PROVIDE (_data, .)
                0x080033b0                _textdata_start = LOADADDR (.data)
                0x20000800                _data_start = .
 *(.data)
 *(.data.*)
 .data.fhandlers.13021.4678
                0x20000800        0x4 /tmp/ccL2buZv.ltrans1.ltrans.o
 .data.local_commands.11768.4788
                0x20000804       0x18 /tmp/ccL2buZv.ltrans1.ltrans.o
 .data.bluefruit_config.13020.4637
                0x2000081c       0x10 /tmp/ccL2buZv.ltrans2.ltrans.o
 *(.ramtext)
                0x2000082c                . = ALIGN (0x4)
                0x2000082c                PROVIDE (_edata, .)
                0x2000082c                _data_end = .

.igot.plt       0x2000082c        0x0 load address 0x080033dc
 .igot.plt      0x00000000        0x0 build/obj/crt0_v7m.o

.bss            0x20000830      0x420 load address 0x080033dc
                0x20000830                . = ALIGN (0x4)
                0x20000830                _bss_start = .
 *(.bss)
 *(.bss.*)
 .bss.dummyrx.8889.4534
                0x20000830        0x2 /tmp/ccL2buZv.ltrans0.ltrans.o
 *fill*         0x20000832        0x2 
 .bss.nextmem.6954
                0x20000834        0x4 /tmp/ccL2buZv.ltrans1.ltrans.o
                0x20000834                nextmem.6954
 .bss.ch        0x20000838      0x150 /tmp/ccL2buZv.ltrans1.ltrans.o
                0x20000838                ch
 .bss.SPID1     0x20000988       0x34 /tmp/ccL2buZv.ltrans1.ltrans.o
                0x20000988                SPID1
 .bss.SD1       0x200009bc       0x7c /tmp/ccL2buZv.ltrans1.ltrans.o
                0x200009bc                SD1
 .bss.SPID3     0x20000a38       0x34 /tmp/ccL2buZv.ltrans1.ltrans.o
                0x20000a38                SPID3
 .bss.shelltp1.13024
                0x20000a6c        0x4 /tmp/ccL2buZv.ltrans1.ltrans.o
                0x20000a6c                shelltp1.13024
 .bss.endmem.6956
                0x20000a70        0x4 /tmp/ccL2buZv.ltrans1.ltrans.o
                0x20000a70                endmem.6956
 .bss._stm32_dma_isr_redir
                0x20000a74       0x60 /tmp/ccL2buZv.ltrans1.ltrans.o
                0x20000a74                _stm32_dma_isr_redir
 .bss.shell_terminated.4682
                0x20000ad4        0x4 /tmp/ccL2buZv.ltrans1.ltrans.o
 .bss.EXTD1     0x20000ad8        0x8 /tmp/ccL2buZv.ltrans1.ltrans.o
                0x20000ad8                EXTD1
 .bss.default_heap.7084
                0x20000ae0       0x20 /tmp/ccL2buZv.ltrans1.ltrans.o
                0x20000ae0                default_heap.7084
 .bss.dma_streams_mask.8382
                0x20000b00        0x4 /tmp/ccL2buZv.ltrans1.ltrans.o
                0x20000b00                dma_streams_mask.8382
 *fill*         0x20000b04        0x4 
 .bss.waCounterThread.13022.4700
                0x20000b08      0x148 /tmp/ccL2buZv.ltrans1.ltrans.o
 *(COMMON)
                0x20000c50                . = ALIGN (0x4)
                0x20000c50                _bss_end = .
                0x20000c50                PROVIDE (end, .)

.ram0_init      0x20000c50        0x0 load address 0x080033dc
                0x20000c50                . = ALIGN (0x4)
                0x080033dc                __ram0_init_text__ = LOADADDR (.ram0_init)
                0x20000c50                __ram0_init__ = .
 *(.ram0_init)
 *(.ram0_init.*)
                0x20000c50                . = ALIGN (0x4)

.ram0           0x20000c50        0x0 load address 0x080033dc
                0x20000c50                . = ALIGN (0x4)
                0x20000c50                __ram0_clear__ = .
 *(.ram0_clear)
 *(.ram0_clear.*)
                0x20000c50                . = ALIGN (0x4)
                0x20000c50                __ram0_noinit__ = .
 *(.ram0)
 *(.ram0.*)
                0x20000c50                . = ALIGN (0x4)
                0x20000c50                __ram0_free__ = .

.ram1_init      0x00000000        0x0 load address 0x080033dc
                0x00000000                . = ALIGN (0x4)
                0x080033dc                __ram1_init_text__ = LOADADDR (.ram1_init)
                0x00000000                __ram1_init__ = .
 *(.ram1_init)
 *(.ram1_init.*)
                0x00000000                . = ALIGN (0x4)

.ram1           0x00000000        0x0 load address 0x080033dc
                0x00000000                . = ALIGN (0x4)
                0x00000000                __ram1_clear__ = .
 *(.ram1_clear)
 *(.ram1_clear.*)
                0x00000000                . = ALIGN (0x4)
                0x00000000                __ram1_noinit__ = .
 *(.ram1)
 *(.ram1.*)
                0x00000000                . = ALIGN (0x4)
                0x00000000                __ram1_free__ = .

.ram2_init      0x00000000        0x0 load address 0x080033dc
                0x00000000                . = ALIGN (0x4)
                0x080033dc                __ram2_init_text__ = LOADADDR (.ram2_init)
                0x00000000                __ram2_init__ = .
 *(.ram2_init)
 *(.ram2_init.*)
                0x00000000                . = ALIGN (0x4)

.ram2           0x00000000        0x0 load address 0x080033dc
                0x00000000                . = ALIGN (0x4)
                0x00000000                __ram2_clear__ = .
 *(.ram2_clear)
 *(.ram2_clear.*)
                0x00000000                . = ALIGN (0x4)
                0x00000000                __ram2_noinit__ = .
 *(.ram2)
 *(.ram2.*)
                0x00000000                . = ALIGN (0x4)
                0x00000000                __ram2_free__ = .

.ram3_init      0x00000000        0x0 load address 0x080033dc
                0x00000000                . = ALIGN (0x4)
                0x080033dc                __ram3_init_text__ = LOADADDR (.ram3_init)
                0x00000000                __ram3_init__ = .
 *(.ram3_init)
 *(.ram3_init.*)
                0x00000000                . = ALIGN (0x4)

.ram3           0x00000000        0x0 load address 0x080033dc
                0x00000000                . = ALIGN (0x4)
                0x00000000                __ram3_clear__ = .
 *(.ram3_clear)
 *(.ram3_clear.*)
                0x00000000                . = ALIGN (0x4)
                0x00000000                __ram3_noinit__ = .
 *(.ram3)
 *(.ram3.*)
                0x00000000                . = ALIGN (0x4)
                0x00000000                __ram3_free__ = .

.ram4_init      0x10000000        0x0 load address 0x080033dc
                0x10000000                . = ALIGN (0x4)
                0x080033dc                __ram4_init_text__ = LOADADDR (.ram4_init)
                0x10000000                __ram4_init__ = .
 *(.ram4_init)
 *(.ram4_init.*)
                0x10000000                . = ALIGN (0x4)

.ram4           0x10000000        0x0 load address 0x080033dc
                0x10000000                . = ALIGN (0x4)
                0x10000000                __ram4_clear__ = .
 *(.ram4_clear)
 *(.ram4_clear.*)
                0x10000000                . = ALIGN (0x4)
                0x10000000                __ram4_noinit__ = .
 *(.ram4)
 *(.ram4.*)
                0x10000000                . = ALIGN (0x4)
                0x10000000                __ram4_free__ = .

.ram5_init      0x00000000        0x0 load address 0x080033dc
                0x00000000                . = ALIGN (0x4)
                0x080033dc                __ram5_init_text__ = LOADADDR (.ram5_init)
                0x00000000                __ram5_init__ = .
 *(.ram5_init)
 *(.ram5_init.*)
                0x00000000                . = ALIGN (0x4)

.ram5           0x00000000        0x0 load address 0x080033dc
                0x00000000                . = ALIGN (0x4)
                0x00000000                __ram5_clear__ = .
 *(.ram5_clear)
 *(.ram5_clear.*)
                0x00000000                . = ALIGN (0x4)
                0x00000000                __ram5_noinit__ = .
 *(.ram5)
 *(.ram5.*)
                0x00000000                . = ALIGN (0x4)
                0x00000000                __ram5_free__ = .

.ram6_init      0x00000000        0x0 load address 0x080033dc
                0x00000000                . = ALIGN (0x4)
                0x080033dc                __ram6_init_text__ = LOADADDR (.ram6_init)
                0x00000000                __ram6_init__ = .
 *(.ram6_init)
 *(.ram6_init.*)
                0x00000000                . = ALIGN (0x4)

.ram6           0x00000000        0x0 load address 0x080033dc
                0x00000000                . = ALIGN (0x4)
                0x00000000                __ram6_clear__ = .
 *(.ram6_clear)
 *(.ram6_clear.*)
                0x00000000                . = ALIGN (0x4)
                0x00000000                __ram6_noinit__ = .
 *(.ram6)
 *(.ram6.*)
                0x00000000                . = ALIGN (0x4)
                0x00000000                __ram6_free__ = .

.ram7_init      0x00000000        0x0 load address 0x080033dc
                0x00000000                . = ALIGN (0x4)
                0x080033dc                __ram7_init_text__ = LOADADDR (.ram7_init)
                0x00000000                __ram7_init__ = .
 *(.ram7_init)
 *(.ram7_init.*)
                0x00000000                . = ALIGN (0x4)

.ram7           0x00000000        0x0 load address 0x080033dc
                0x00000000                . = ALIGN (0x4)
                0x00000000                __ram7_clear__ = .
 *(.ram7_clear)
 *(.ram7_clear.*)
                0x00000000                . = ALIGN (0x4)
                0x00000000                __ram7_noinit__ = .
 *(.ram7)
 *(.ram7.*)
                0x00000000                . = ALIGN (0x4)
                0x00000000                __ram7_free__ = .

.heap           0x20000c50     0x93b0
                0x20000c50                . = ALIGN (0x8)
                0x20000c50                __heap_base__ = .
                0x2000a000                . = (ORIGIN (HEAP_RAM) + 0xa000)
 *fill*         0x20000c50     0x93b0 
                0x2000a000                __heap_end__ = .
                0x00000400                __process_stack_size__ = 0x400
                0x00000400                __main_stack_size__ = 0x400
START GROUP
LOAD /nfs/nfs5/home/research/hardware/arm2/gcc-arm-embedded/gcc-arm-none-eabi-4_8-2014q2/bin/../lib/gcc/arm-none-eabi/4.8.4/armv7e-m/libgcc.a
LOAD /nfs/nfs5/home/research/hardware/arm2/gcc-arm-embedded/gcc-arm-none-eabi-4_8-2014q2/bin/../lib/gcc/arm-none-eabi/4.8.4/../../../../arm-none-eabi/lib/armv7e-m/libg.a
LOAD /nfs/nfs5/home/research/hardware/arm2/gcc-arm-embedded/gcc-arm-none-eabi-4_8-2014q2/bin/../lib/gcc/arm-none-eabi/4.8.4/../../../../arm-none-eabi/lib/armv7e-m/libc.a
END GROUP
OUTPUT(build/lab1.elf elf32-littlearm)

.ARM.attributes
                0x00000000       0x2f
 .ARM.attributes
                0x00000000       0x21 build/obj/crt0_v7m.o
 .ARM.attributes
                0x00000021       0x21 build/obj/chcoreasm_v7m.o
 .ARM.attributes
                0x00000042       0x31 /tmp/ccL2buZv.ltrans0.ltrans.o
 .ARM.attributes
                0x00000073       0x31 /tmp/ccL2buZv.ltrans1.ltrans.o
 .ARM.attributes
                0x000000a4       0x31 /tmp/ccL2buZv.ltrans2.ltrans.o
 .ARM.attributes
                0x000000d5       0x31 /tmp/ccL2buZv.ltrans3.ltrans.o
 .ARM.attributes
                0x00000106       0x1c /nfs/nfs5/home/research/hardware/arm2/gcc-arm-embedded/gcc-arm-none-eabi-4_8-2014q2/bin/../lib/gcc/arm-none-eabi/4.8.4/../../../../arm-none-eabi/lib/armv7e-m/libg.a(lib_a-strcmp.o)
 .ARM.attributes
                0x00000122       0x2e /nfs/nfs5/home/research/hardware/arm2/gcc-arm-embedded/gcc-arm-none-eabi-4_8-2014q2/bin/../lib/gcc/arm-none-eabi/4.8.4/../../../../arm-none-eabi/lib/armv7e-m/libg.a(lib_a-strpbrk.o)
 .ARM.attributes
                0x00000150       0x2e /nfs/nfs5/home/research/hardware/arm2/gcc-arm-embedded/gcc-arm-none-eabi-4_8-2014q2/bin/../lib/gcc/arm-none-eabi/4.8.4/../../../../arm-none-eabi/lib/armv7e-m/libg.a(lib_a-strspn.o)

.comment        0x00000000       0x70
 .comment       0x00000000       0x70 /tmp/ccL2buZv.ltrans0.ltrans.o
                                 0x71 (size before relaxing)
 .comment       0x00000000       0x71 /tmp/ccL2buZv.ltrans1.ltrans.o
 .comment       0x00000000       0x71 /tmp/ccL2buZv.ltrans2.ltrans.o
 .comment       0x00000000       0x71 /tmp/ccL2buZv.ltrans3.ltrans.o

.debug_info     0x00000000     0xbf1e
 .debug_info    0x00000000     0x35f6 /tmp/ccL2buZv.ltrans0.ltrans.o
 .debug_info    0x000035f6     0x37b7 /tmp/ccL2buZv.ltrans1.ltrans.o
 .debug_info    0x00006dad     0x361f /tmp/ccL2buZv.ltrans2.ltrans.o
 .debug_info    0x0000a3cc     0x1b52 /tmp/ccL2buZv.ltrans3.ltrans.o

.debug_abbrev   0x00000000     0x1762
 .debug_abbrev  0x00000000      0x6dd /tmp/ccL2buZv.ltrans0.ltrans.o
 .debug_abbrev  0x000006dd      0x5bf /tmp/ccL2buZv.ltrans1.ltrans.o
 .debug_abbrev  0x00000c9c      0x596 /tmp/ccL2buZv.ltrans2.ltrans.o
 .debug_abbrev  0x00001232      0x530 /tmp/ccL2buZv.ltrans3.ltrans.o

.debug_loc      0x00000000     0x3a0e
 .debug_loc     0x00000000     0x1cf2 /tmp/ccL2buZv.ltrans0.ltrans.o
 .debug_loc     0x00001cf2      0x565 /tmp/ccL2buZv.ltrans1.ltrans.o
 .debug_loc     0x00002257      0xeff /tmp/ccL2buZv.ltrans2.ltrans.o
 .debug_loc     0x00003156      0x8b8 /tmp/ccL2buZv.ltrans3.ltrans.o

.debug_aranges  0x00000000      0x330
 .debug_aranges
                0x00000000      0x148 /tmp/ccL2buZv.ltrans0.ltrans.o
 .debug_aranges
                0x00000148       0x60 /tmp/ccL2buZv.ltrans1.ltrans.o
 .debug_aranges
                0x000001a8       0x50 /tmp/ccL2buZv.ltrans2.ltrans.o
 .debug_aranges
                0x000001f8      0x138 /tmp/ccL2buZv.ltrans3.ltrans.o

.debug_ranges   0x00000000     0x15a8
 .debug_ranges  0x00000000      0x4f8 /tmp/ccL2buZv.ltrans0.ltrans.o
 .debug_ranges  0x000004f8      0x9c8 /tmp/ccL2buZv.ltrans1.ltrans.o
 .debug_ranges  0x00000ec0      0x330 /tmp/ccL2buZv.ltrans2.ltrans.o
 .debug_ranges  0x000011f0      0x3b8 /tmp/ccL2buZv.ltrans3.ltrans.o

.debug_line     0x00000000     0x30c3
 .debug_line    0x00000000      0xe01 /tmp/ccL2buZv.ltrans0.ltrans.o
 .debug_line    0x00000e01      0xdc5 /tmp/ccL2buZv.ltrans1.ltrans.o
 .debug_line    0x00001bc6      0xb2e /tmp/ccL2buZv.ltrans2.ltrans.o
 .debug_line    0x000026f4      0x9cf /tmp/ccL2buZv.ltrans3.ltrans.o

.debug_str      0x00000000     0x2480
 .debug_str     0x00000000      0xdb7 /tmp/ccL2buZv.ltrans0.ltrans.o
                                0xe91 (size before relaxing)
 .debug_str     0x00000db7      0xf32 /tmp/ccL2buZv.ltrans1.ltrans.o
                               0x1792 (size before relaxing)
 .debug_str     0x00001ce9      0x51a /tmp/ccL2buZv.ltrans2.ltrans.o
                               0x105c (size before relaxing)
 .debug_str     0x00002203      0x27d /tmp/ccL2buZv.ltrans3.ltrans.o
                                0x893 (size before relaxing)

.debug_frame    0x00000000      0x948
 .debug_frame   0x00000000      0x3d0 /tmp/ccL2buZv.ltrans0.ltrans.o
 .debug_frame   0x000003d0       0xd0 /tmp/ccL2buZv.ltrans1.ltrans.o
 .debug_frame   0x000004a0       0xec /tmp/ccL2buZv.ltrans2.ltrans.o
 .debug_frame   0x0000058c      0x364 /tmp/ccL2buZv.ltrans3.ltrans.o
 .debug_frame   0x000008f0       0x2c /nfs/nfs5/home/research/hardware/arm2/gcc-arm-embedded/gcc-arm-none-eabi-4_8-2014q2/bin/../lib/gcc/arm-none-eabi/4.8.4/../../../../arm-none-eabi/lib/armv7e-m/libg.a(lib_a-strpbrk.o)
 .debug_frame   0x0000091c       0x2c /nfs/nfs5/home/research/hardware/arm2/gcc-arm-embedded/gcc-arm-none-eabi-4_8-2014q2/bin/../lib/gcc/arm-none-eabi/4.8.4/../../../../arm-none-eabi/lib/armv7e-m/libg.a(lib_a-strspn.o)

Cross Reference Table

Symbol                                            File
BusFault_Handler                                  /tmp/ccL2buZv.ltrans3.ltrans.o
                                                  /tmp/ccL2buZv.ltrans2.ltrans.o
DebugMon_Handler                                  /tmp/ccL2buZv.ltrans3.ltrans.o
                                                  /tmp/ccL2buZv.ltrans2.ltrans.o
EXTD1                                             /tmp/ccL2buZv.ltrans1.ltrans.o
                                                  /tmp/ccL2buZv.ltrans3.ltrans.o
                                                  /tmp/ccL2buZv.ltrans0.ltrans.o
HardFault_Handler                                 /tmp/ccL2buZv.ltrans3.ltrans.o
                                                  /tmp/ccL2buZv.ltrans2.ltrans.o
MemManage_Handler                                 /tmp/ccL2buZv.ltrans3.ltrans.o
                                                  /tmp/ccL2buZv.ltrans2.ltrans.o
NMI_Handler                                       /tmp/ccL2buZv.ltrans3.ltrans.o
                                                  /tmp/ccL2buZv.ltrans2.ltrans.o
PendSV_Handler                                    /tmp/ccL2buZv.ltrans3.ltrans.o
                                                  /tmp/ccL2buZv.ltrans2.ltrans.o
Reset_Handler                                     build/obj/crt0_v7m.o
                                                  /tmp/ccL2buZv.ltrans2.ltrans.o
SD1                                               /tmp/ccL2buZv.ltrans1.ltrans.o
                                                  /tmp/ccL2buZv.ltrans2.ltrans.o
SPID1                                             /tmp/ccL2buZv.ltrans1.ltrans.o
                                                  /tmp/ccL2buZv.ltrans2.ltrans.o
                                                  /tmp/ccL2buZv.ltrans0.ltrans.o
SPID3                                             /tmp/ccL2buZv.ltrans1.ltrans.o
SVC_Handler                                       /tmp/ccL2buZv.ltrans3.ltrans.o
                                                  /tmp/ccL2buZv.ltrans2.ltrans.o
SysTick_Handler                                   /tmp/ccL2buZv.ltrans3.ltrans.o
                                                  /tmp/ccL2buZv.ltrans2.ltrans.o
UsageFault_Handler                                /tmp/ccL2buZv.ltrans3.ltrans.o
                                                  /tmp/ccL2buZv.ltrans2.ltrans.o
Vector100                                         /tmp/ccL2buZv.ltrans3.ltrans.o
                                                  /tmp/ccL2buZv.ltrans2.ltrans.o
Vector104                                         /tmp/ccL2buZv.ltrans3.ltrans.o
                                                  /tmp/ccL2buZv.ltrans2.ltrans.o
Vector108                                         /tmp/ccL2buZv.ltrans3.ltrans.o
                                                  /tmp/ccL2buZv.ltrans2.ltrans.o
Vector10C                                         /tmp/ccL2buZv.ltrans3.ltrans.o
                                                  /tmp/ccL2buZv.ltrans2.ltrans.o
Vector110                                         /tmp/ccL2buZv.ltrans3.ltrans.o
                                                  /tmp/ccL2buZv.ltrans2.ltrans.o
Vector114                                         /tmp/ccL2buZv.ltrans3.ltrans.o
                                                  /tmp/ccL2buZv.ltrans2.ltrans.o
Vector118                                         /tmp/ccL2buZv.ltrans3.ltrans.o
                                                  /tmp/ccL2buZv.ltrans2.ltrans.o
Vector11C                                         /tmp/ccL2buZv.ltrans3.ltrans.o
                                                  /tmp/ccL2buZv.ltrans2.ltrans.o
Vector120                                         /tmp/ccL2buZv.ltrans3.ltrans.o
                                                  /tmp/ccL2buZv.ltrans2.ltrans.o
Vector124                                         /tmp/ccL2buZv.ltrans3.ltrans.o
                                                  /tmp/ccL2buZv.ltrans2.ltrans.o
Vector128                                         /tmp/ccL2buZv.ltrans3.ltrans.o
                                                  /tmp/ccL2buZv.ltrans2.ltrans.o
Vector12C                                         /tmp/ccL2buZv.ltrans3.ltrans.o
                                                  /tmp/ccL2buZv.ltrans2.ltrans.o
Vector130                                         /tmp/ccL2buZv.ltrans3.ltrans.o
                                                  /tmp/ccL2buZv.ltrans2.ltrans.o
Vector134                                         /tmp/ccL2buZv.ltrans3.ltrans.o
                                                  /tmp/ccL2buZv.ltrans2.ltrans.o
Vector138                                         /tmp/ccL2buZv.ltrans3.ltrans.o
                                                  /tmp/ccL2buZv.ltrans2.ltrans.o
Vector13C                                         /tmp/ccL2buZv.ltrans3.ltrans.o
                                                  /tmp/ccL2buZv.ltrans2.ltrans.o
Vector140                                         /tmp/ccL2buZv.ltrans0.ltrans.o
                                                  /tmp/ccL2buZv.ltrans2.ltrans.o
Vector144                                         /tmp/ccL2buZv.ltrans0.ltrans.o
                                                  /tmp/ccL2buZv.ltrans2.ltrans.o
Vector148                                         /tmp/ccL2buZv.ltrans0.ltrans.o
                                                  /tmp/ccL2buZv.ltrans2.ltrans.o
Vector14C                                         /tmp/ccL2buZv.ltrans3.ltrans.o
                                                  /tmp/ccL2buZv.ltrans2.ltrans.o
Vector150                                         /tmp/ccL2buZv.ltrans3.ltrans.o
                                                  /tmp/ccL2buZv.ltrans2.ltrans.o
Vector154                                         /tmp/ccL2buZv.ltrans3.ltrans.o
                                                  /tmp/ccL2buZv.ltrans2.ltrans.o
Vector158                                         /tmp/ccL2buZv.ltrans3.ltrans.o
                                                  /tmp/ccL2buZv.ltrans2.ltrans.o
Vector15C                                         /tmp/ccL2buZv.ltrans3.ltrans.o
                                                  /tmp/ccL2buZv.ltrans2.ltrans.o
Vector160                                         /tmp/ccL2buZv.ltrans3.ltrans.o
                                                  /tmp/ccL2buZv.ltrans2.ltrans.o
Vector164                                         /tmp/ccL2buZv.ltrans3.ltrans.o
                                                  /tmp/ccL2buZv.ltrans2.ltrans.o
Vector168                                         /tmp/ccL2buZv.ltrans3.ltrans.o
                                                  /tmp/ccL2buZv.ltrans2.ltrans.o
Vector16C                                         /tmp/ccL2buZv.ltrans3.ltrans.o
                                                  /tmp/ccL2buZv.ltrans2.ltrans.o
Vector170                                         /tmp/ccL2buZv.ltrans3.ltrans.o
                                                  /tmp/ccL2buZv.ltrans2.ltrans.o
Vector174                                         /tmp/ccL2buZv.ltrans3.ltrans.o
                                                  /tmp/ccL2buZv.ltrans2.ltrans.o
Vector178                                         /tmp/ccL2buZv.ltrans3.ltrans.o
                                                  /tmp/ccL2buZv.ltrans2.ltrans.o
Vector17C                                         /tmp/ccL2buZv.ltrans3.ltrans.o
                                                  /tmp/ccL2buZv.ltrans2.ltrans.o
Vector180                                         /tmp/ccL2buZv.ltrans3.ltrans.o
                                                  /tmp/ccL2buZv.ltrans2.ltrans.o
Vector184                                         /tmp/ccL2buZv.ltrans3.ltrans.o
                                                  /tmp/ccL2buZv.ltrans2.ltrans.o
Vector188                                         /tmp/ccL2buZv.ltrans3.ltrans.o
                                                  /tmp/ccL2buZv.ltrans2.ltrans.o
Vector18C                                         /tmp/ccL2buZv.ltrans3.ltrans.o
                                                  /tmp/ccL2buZv.ltrans2.ltrans.o
Vector190                                         /tmp/ccL2buZv.ltrans3.ltrans.o
                                                  /tmp/ccL2buZv.ltrans2.ltrans.o
Vector194                                         /tmp/ccL2buZv.ltrans3.ltrans.o
                                                  /tmp/ccL2buZv.ltrans2.ltrans.o
Vector198                                         /tmp/ccL2buZv.ltrans3.ltrans.o
                                                  /tmp/ccL2buZv.ltrans2.ltrans.o
Vector19C                                         /tmp/ccL2buZv.ltrans3.ltrans.o
                                                  /tmp/ccL2buZv.ltrans2.ltrans.o
Vector1C                                          /tmp/ccL2buZv.ltrans3.ltrans.o
                                                  /tmp/ccL2buZv.ltrans2.ltrans.o
Vector20                                          /tmp/ccL2buZv.ltrans3.ltrans.o
                                                  /tmp/ccL2buZv.ltrans2.ltrans.o
Vector24                                          /tmp/ccL2buZv.ltrans3.ltrans.o
                                                  /tmp/ccL2buZv.ltrans2.ltrans.o
Vector28                                          /tmp/ccL2buZv.ltrans3.ltrans.o
                                                  /tmp/ccL2buZv.ltrans2.ltrans.o
Vector34                                          /tmp/ccL2buZv.ltrans3.ltrans.o
                                                  /tmp/ccL2buZv.ltrans2.ltrans.o
Vector40                                          /tmp/ccL2buZv.ltrans3.ltrans.o
                                                  /tmp/ccL2buZv.ltrans2.ltrans.o
Vector44                                          /tmp/ccL2buZv.ltrans3.ltrans.o
                                                  /tmp/ccL2buZv.ltrans2.ltrans.o
Vector48                                          /tmp/ccL2buZv.ltrans0.ltrans.o
                                                  /tmp/ccL2buZv.ltrans2.ltrans.o
Vector4C                                          /tmp/ccL2buZv.ltrans0.ltrans.o
                                                  /tmp/ccL2buZv.ltrans2.ltrans.o
Vector50                                          /tmp/ccL2buZv.ltrans3.ltrans.o
                                                  /tmp/ccL2buZv.ltrans2.ltrans.o
Vector54                                          /tmp/ccL2buZv.ltrans3.ltrans.o
                                                  /tmp/ccL2buZv.ltrans2.ltrans.o
Vector58                                          /tmp/ccL2buZv.ltrans3.ltrans.o
                                                  /tmp/ccL2buZv.ltrans2.ltrans.o
Vector5C                                          /tmp/ccL2buZv.ltrans3.ltrans.o
                                                  /tmp/ccL2buZv.ltrans2.ltrans.o
Vector60                                          /tmp/ccL2buZv.ltrans3.ltrans.o
                                                  /tmp/ccL2buZv.ltrans2.ltrans.o
Vector64                                          /tmp/ccL2buZv.ltrans3.ltrans.o
                                                  /tmp/ccL2buZv.ltrans2.ltrans.o
Vector68                                          /tmp/ccL2buZv.ltrans3.ltrans.o
                                                  /tmp/ccL2buZv.ltrans2.ltrans.o
Vector6C                                          /tmp/ccL2buZv.ltrans3.ltrans.o
                                                  /tmp/ccL2buZv.ltrans2.ltrans.o
Vector70                                          /tmp/ccL2buZv.ltrans3.ltrans.o
                                                  /tmp/ccL2buZv.ltrans2.ltrans.o
Vector74                                          /tmp/ccL2buZv.ltrans3.ltrans.o
                                                  /tmp/ccL2buZv.ltrans2.ltrans.o
Vector78                                          /tmp/ccL2buZv.ltrans3.ltrans.o
                                                  /tmp/ccL2buZv.ltrans2.ltrans.o
Vector7C                                          /tmp/ccL2buZv.ltrans3.ltrans.o
                                                  /tmp/ccL2buZv.ltrans2.ltrans.o
Vector80                                          /tmp/ccL2buZv.ltrans3.ltrans.o
                                                  /tmp/ccL2buZv.ltrans2.ltrans.o
Vector84                                          /tmp/ccL2buZv.ltrans3.ltrans.o
                                                  /tmp/ccL2buZv.ltrans2.ltrans.o
Vector88                                          /tmp/ccL2buZv.ltrans3.ltrans.o
                                                  /tmp/ccL2buZv.ltrans2.ltrans.o
Vector8C                                          /tmp/ccL2buZv.ltrans3.ltrans.o
                                                  /tmp/ccL2buZv.ltrans2.ltrans.o
Vector90                                          /tmp/ccL2buZv.ltrans3.ltrans.o
                                                  /tmp/ccL2buZv.ltrans2.ltrans.o
Vector94                                          /tmp/ccL2buZv.ltrans3.ltrans.o
                                                  /tmp/ccL2buZv.ltrans2.ltrans.o
Vector98                                          /tmp/ccL2buZv.ltrans3.ltrans.o
                                                  /tmp/ccL2buZv.ltrans2.ltrans.o
Vector9C                                          /tmp/ccL2buZv.ltrans3.ltrans.o
                                                  /tmp/ccL2buZv.ltrans2.ltrans.o
VectorA0                                          /tmp/ccL2buZv.ltrans3.ltrans.o
                                                  /tmp/ccL2buZv.ltrans2.ltrans.o
VectorA4                                          /tmp/ccL2buZv.ltrans3.ltrans.o
                                                  /tmp/ccL2buZv.ltrans2.ltrans.o
VectorA8                                          /tmp/ccL2buZv.ltrans3.ltrans.o
                                                  /tmp/ccL2buZv.ltrans2.ltrans.o
VectorAC                                          /tmp/ccL2buZv.ltrans3.ltrans.o
                                                  /tmp/ccL2buZv.ltrans2.ltrans.o
VectorB4                                          /tmp/ccL2buZv.ltrans3.ltrans.o
                                                  /tmp/ccL2buZv.ltrans2.ltrans.o
VectorB8                                          /tmp/ccL2buZv.ltrans3.ltrans.o
                                                  /tmp/ccL2buZv.ltrans2.ltrans.o
VectorBC                                          /tmp/ccL2buZv.ltrans3.ltrans.o
                                                  /tmp/ccL2buZv.ltrans2.ltrans.o
VectorC0                                          /tmp/ccL2buZv.ltrans3.ltrans.o
                                                  /tmp/ccL2buZv.ltrans2.ltrans.o
VectorC4                                          /tmp/ccL2buZv.ltrans3.ltrans.o
                                                  /tmp/ccL2buZv.ltrans2.ltrans.o
VectorC8                                          /tmp/ccL2buZv.ltrans3.ltrans.o
                                                  /tmp/ccL2buZv.ltrans2.ltrans.o
VectorCC                                          /tmp/ccL2buZv.ltrans3.ltrans.o
                                                  /tmp/ccL2buZv.ltrans2.ltrans.o
VectorD0                                          /tmp/ccL2buZv.ltrans3.ltrans.o
                                                  /tmp/ccL2buZv.ltrans2.ltrans.o
VectorD8                                          /tmp/ccL2buZv.ltrans3.ltrans.o
                                                  /tmp/ccL2buZv.ltrans2.ltrans.o
VectorDC                                          /tmp/ccL2buZv.ltrans3.ltrans.o
                                                  /tmp/ccL2buZv.ltrans2.ltrans.o
VectorE0                                          /tmp/ccL2buZv.ltrans3.ltrans.o
                                                  /tmp/ccL2buZv.ltrans2.ltrans.o
VectorE4                                          /tmp/ccL2buZv.ltrans3.ltrans.o
                                                  /tmp/ccL2buZv.ltrans2.ltrans.o
VectorE8                                          /tmp/ccL2buZv.ltrans0.ltrans.o
                                                  /tmp/ccL2buZv.ltrans2.ltrans.o
VectorEC                                          /tmp/ccL2buZv.ltrans3.ltrans.o
                                                  /tmp/ccL2buZv.ltrans2.ltrans.o
VectorF0                                          /tmp/ccL2buZv.ltrans3.ltrans.o
                                                  /tmp/ccL2buZv.ltrans2.ltrans.o
VectorF4                                          /tmp/ccL2buZv.ltrans3.ltrans.o
                                                  /tmp/ccL2buZv.ltrans2.ltrans.o
VectorF8                                          /tmp/ccL2buZv.ltrans3.ltrans.o
                                                  /tmp/ccL2buZv.ltrans2.ltrans.o
VectorFC                                          /tmp/ccL2buZv.ltrans3.ltrans.o
                                                  /tmp/ccL2buZv.ltrans2.ltrans.o
__core_init                                       /tmp/ccL2buZv.ltrans1.ltrans.o
                                                  build/obj/crt0_v7m.o
__default_exit                                    /tmp/ccL2buZv.ltrans1.ltrans.o
                                                  build/obj/crt0_v7m.o
__early_init                                      /tmp/ccL2buZv.ltrans1.ltrans.o
                                                  build/obj/crt0_v7m.o
__fini_array_end                                  build/obj/crt0_v7m.o
__fini_array_start                                build/obj/crt0_v7m.o
__heap_base__                                     /tmp/ccL2buZv.ltrans1.ltrans.o
__heap_end__                                      /tmp/ccL2buZv.ltrans1.ltrans.o
__init_array_end                                  build/obj/crt0_v7m.o
__init_array_start                                build/obj/crt0_v7m.o
__init_ram_areas                                  /tmp/ccL2buZv.ltrans1.ltrans.o
                                                  build/obj/crt0_v7m.o
__late_init                                       /tmp/ccL2buZv.ltrans1.ltrans.o
                                                  build/obj/crt0_v7m.o
__main_stack_base__                               build/obj/crt0_v7m.o
__main_stack_end__                                /tmp/ccL2buZv.ltrans2.ltrans.o
                                                  build/obj/crt0_v7m.o
__process_stack_base__                            build/obj/crt0_v7m.o
__process_stack_end__                             build/obj/crt0_v7m.o
__ram0_clear__                                    /tmp/ccL2buZv.ltrans1.ltrans.o
__ram0_init__                                     /tmp/ccL2buZv.ltrans1.ltrans.o
__ram0_init_text__                                /tmp/ccL2buZv.ltrans1.ltrans.o
__ram0_noinit__                                   /tmp/ccL2buZv.ltrans1.ltrans.o
__ram1_clear__                                    /tmp/ccL2buZv.ltrans1.ltrans.o
__ram1_init__                                     /tmp/ccL2buZv.ltrans1.ltrans.o
__ram1_init_text__                                /tmp/ccL2buZv.ltrans1.ltrans.o
__ram1_noinit__                                   /tmp/ccL2buZv.ltrans1.ltrans.o
__ram2_clear__                                    /tmp/ccL2buZv.ltrans1.ltrans.o
__ram2_init__                                     /tmp/ccL2buZv.ltrans1.ltrans.o
__ram2_init_text__                                /tmp/ccL2buZv.ltrans1.ltrans.o
__ram2_noinit__                                   /tmp/ccL2buZv.ltrans1.ltrans.o
__ram3_clear__                                    /tmp/ccL2buZv.ltrans1.ltrans.o
__ram3_init__                                     /tmp/ccL2buZv.ltrans1.ltrans.o
__ram3_init_text__                                /tmp/ccL2buZv.ltrans1.ltrans.o
__ram3_noinit__                                   /tmp/ccL2buZv.ltrans1.ltrans.o
__ram4_clear__                                    /tmp/ccL2buZv.ltrans1.ltrans.o
__ram4_init__                                     /tmp/ccL2buZv.ltrans1.ltrans.o
__ram4_init_text__                                /tmp/ccL2buZv.ltrans1.ltrans.o
__ram4_noinit__                                   /tmp/ccL2buZv.ltrans1.ltrans.o
__ram5_clear__                                    /tmp/ccL2buZv.ltrans1.ltrans.o
__ram5_init__                                     /tmp/ccL2buZv.ltrans1.ltrans.o
__ram5_init_text__                                /tmp/ccL2buZv.ltrans1.ltrans.o
__ram5_noinit__                                   /tmp/ccL2buZv.ltrans1.ltrans.o
__ram6_clear__                                    /tmp/ccL2buZv.ltrans1.ltrans.o
__ram6_init__                                     /tmp/ccL2buZv.ltrans1.ltrans.o
__ram6_init_text__                                /tmp/ccL2buZv.ltrans1.ltrans.o
__ram6_noinit__                                   /tmp/ccL2buZv.ltrans1.ltrans.o
__ram7_clear__                                    /tmp/ccL2buZv.ltrans1.ltrans.o
__ram7_init__                                     /tmp/ccL2buZv.ltrans1.ltrans.o
__ram7_init_text__                                /tmp/ccL2buZv.ltrans1.ltrans.o
__ram7_noinit__                                   /tmp/ccL2buZv.ltrans1.ltrans.o
_bss_end                                          build/obj/crt0_v7m.o
_bss_start                                        build/obj/crt0_v7m.o
_data_end                                         build/obj/crt0_v7m.o
_data_start                                       build/obj/crt0_v7m.o
_idle_thread.4308                                 /tmp/ccL2buZv.ltrans3.ltrans.o
                                                  /tmp/ccL2buZv.ltrans1.ltrans.o
_pal_lld_setgroupmode                             /tmp/ccL2buZv.ltrans0.ltrans.o
                                                  /tmp/ccL2buZv.ltrans1.ltrans.o
_port_exit_from_isr                               build/obj/chcoreasm_v7m.o
                                                  /tmp/ccL2buZv.ltrans3.ltrans.o
_port_irq_epilogue                                /tmp/ccL2buZv.ltrans3.ltrans.o
                                                  /tmp/ccL2buZv.ltrans2.ltrans.o
                                                  /tmp/ccL2buZv.ltrans0.ltrans.o
_port_switch                                      build/obj/chcoreasm_v7m.o
                                                  /tmp/ccL2buZv.ltrans3.ltrans.o
                                                  /tmp/ccL2buZv.ltrans0.ltrans.o
_port_switch_from_isr                             build/obj/chcoreasm_v7m.o
                                                  /tmp/ccL2buZv.ltrans3.ltrans.o
_port_thread_start                                build/obj/chcoreasm_v7m.o
                                                  /tmp/ccL2buZv.ltrans2.ltrans.o
                                                  /tmp/ccL2buZv.ltrans1.ltrans.o
_stm32_dma_isr_redir                              /tmp/ccL2buZv.ltrans1.ltrans.o
                                                  /tmp/ccL2buZv.ltrans3.ltrans.o
                                                  /tmp/ccL2buZv.ltrans0.ltrans.o
_strtok.11712.constprop.4                         /tmp/ccL2buZv.ltrans0.ltrans.o
                                                  /tmp/ccL2buZv.ltrans1.ltrans.o
_textdata_start                                   build/obj/crt0_v7m.o
_vectors                                          /tmp/ccL2buZv.ltrans2.ltrans.o
ch                                                /tmp/ccL2buZv.ltrans1.ltrans.o
                                                  /tmp/ccL2buZv.ltrans3.ltrans.o
                                                  /tmp/ccL2buZv.ltrans2.ltrans.o
                                                  /tmp/ccL2buZv.ltrans0.ltrans.o
chCoreAlloc                                       /tmp/ccL2buZv.ltrans3.ltrans.o
                                                  /tmp/ccL2buZv.ltrans1.ltrans.o
chEvtBroadcastFlagsI                              /tmp/ccL2buZv.ltrans3.ltrans.o
                                                  /tmp/ccL2buZv.ltrans2.ltrans.o
                                                  /tmp/ccL2buZv.ltrans1.ltrans.o
chMtxLockS                                        /tmp/ccL2buZv.ltrans3.ltrans.o
                                                  /tmp/ccL2buZv.ltrans2.ltrans.o
chMtxUnlock                                       /tmp/ccL2buZv.ltrans3.ltrans.o
                                                  /tmp/ccL2buZv.ltrans2.ltrans.o
chSchDoReschedule                                 /tmp/ccL2buZv.ltrans1.ltrans.o
                                                  build/obj/chcoreasm_v7m.o
chSchDoRescheduleAhead                            /tmp/ccL2buZv.ltrans3.ltrans.o
                                                  /tmp/ccL2buZv.ltrans1.ltrans.o
chSchGoSleepS                                     /tmp/ccL2buZv.ltrans3.ltrans.o
                                                  /tmp/ccL2buZv.ltrans2.ltrans.o
                                                  /tmp/ccL2buZv.ltrans1.ltrans.o
                                                  /tmp/ccL2buZv.ltrans0.ltrans.o
chSchReadyI                                       /tmp/ccL2buZv.ltrans3.ltrans.o
                                                  /tmp/ccL2buZv.ltrans2.ltrans.o
                                                  /tmp/ccL2buZv.ltrans0.ltrans.o
chSchWakeupS.constprop.38                         /tmp/ccL2buZv.ltrans0.ltrans.o
                                                  /tmp/ccL2buZv.ltrans2.ltrans.o
                                                  /tmp/ccL2buZv.ltrans1.ltrans.o
chTMStartMeasurementX.constprop.35                /tmp/ccL2buZv.ltrans0.ltrans.o
                                                  /tmp/ccL2buZv.ltrans1.ltrans.o
chTMStopMeasurementX                              /tmp/ccL2buZv.ltrans3.ltrans.o
                                                  /tmp/ccL2buZv.ltrans1.ltrans.o
chThdCreateFromHeap.constprop.28                  /tmp/ccL2buZv.ltrans2.ltrans.o
                                                  /tmp/ccL2buZv.ltrans1.ltrans.o
chThdExit                                         /tmp/ccL2buZv.ltrans1.ltrans.o
                                                  build/obj/chcoreasm_v7m.o
chThdExitS                                        /tmp/ccL2buZv.ltrans3.ltrans.o
                                                  /tmp/ccL2buZv.ltrans1.ltrans.o
chThdSleep                                        /tmp/ccL2buZv.ltrans0.ltrans.o
                                                  /tmp/ccL2buZv.ltrans2.ltrans.o
chThdSuspendS                                     /tmp/ccL2buZv.ltrans3.ltrans.o
                                                  /tmp/ccL2buZv.ltrans0.ltrans.o
chprintf                                          /tmp/ccL2buZv.ltrans0.ltrans.o
                                                  /tmp/ccL2buZv.ltrans2.ltrans.o
                                                  /tmp/ccL2buZv.ltrans1.ltrans.o
cmd_bluefruit.12985                               /tmp/ccL2buZv.ltrans2.ltrans.o
                                                  /tmp/ccL2buZv.ltrans1.ltrans.o
cmd_info.11728                                    /tmp/ccL2buZv.ltrans0.ltrans.o
                                                  /tmp/ccL2buZv.ltrans1.ltrans.o
cmd_myecho.12968                                  /tmp/ccL2buZv.ltrans0.ltrans.o
                                                  /tmp/ccL2buZv.ltrans1.ltrans.o
cmd_systime.11720                                 /tmp/ccL2buZv.ltrans0.ltrans.o
                                                  /tmp/ccL2buZv.ltrans1.ltrans.o
commands.13018                                    /tmp/ccL2buZv.ltrans1.ltrans.o
counterThread.12965                               /tmp/ccL2buZv.ltrans2.ltrans.o
                                                  /tmp/ccL2buZv.ltrans1.ltrans.o
default_heap.7084                                 /tmp/ccL2buZv.ltrans1.ltrans.o
                                                  /tmp/ccL2buZv.ltrans2.ltrans.o
dmaStreamAllocate.constprop.18                    /tmp/ccL2buZv.ltrans0.ltrans.o
                                                  /tmp/ccL2buZv.ltrans2.ltrans.o
dma_streams_mask.8382                             /tmp/ccL2buZv.ltrans1.ltrans.o
                                                  /tmp/ccL2buZv.ltrans0.ltrans.o
endmem.6956                                       /tmp/ccL2buZv.ltrans1.ltrans.o
                                                  /tmp/ccL2buZv.ltrans3.ltrans.o
get.7804                                          /tmp/ccL2buZv.ltrans0.ltrans.o
                                                  /tmp/ccL2buZv.ltrans1.ltrans.o
gett.7800                                         /tmp/ccL2buZv.ltrans0.ltrans.o
                                                  /tmp/ccL2buZv.ltrans1.ltrans.o
main                                              /tmp/ccL2buZv.ltrans1.ltrans.o
                                                  build/obj/crt0_v7m.o
nextmem.6954                                      /tmp/ccL2buZv.ltrans1.ltrans.o
                                                  /tmp/ccL2buZv.ltrans3.ltrans.o
notify1.9076                                      /tmp/ccL2buZv.ltrans0.ltrans.o
                                                  /tmp/ccL2buZv.ltrans1.ltrans.o
put.7812                                          /tmp/ccL2buZv.ltrans0.ltrans.o
                                                  /tmp/ccL2buZv.ltrans1.ltrans.o
putt.7807                                         /tmp/ccL2buZv.ltrans0.ltrans.o
                                                  /tmp/ccL2buZv.ltrans1.ltrans.o
read.7784                                         /tmp/ccL2buZv.ltrans0.ltrans.o
                                                  /tmp/ccL2buZv.ltrans1.ltrans.o
readt.7777                                        /tmp/ccL2buZv.ltrans0.ltrans.o
                                                  /tmp/ccL2buZv.ltrans1.ltrans.o
shell_cfg1.13016                                  /tmp/ccL2buZv.ltrans1.ltrans.o
                                                  /tmp/ccL2buZv.ltrans2.ltrans.o
shell_thread.11701                                /tmp/ccL2buZv.ltrans1.ltrans.o
                                                  /tmp/ccL2buZv.ltrans2.ltrans.o
shelltp1.13024                                    /tmp/ccL2buZv.ltrans1.ltrans.o
                                                  /tmp/ccL2buZv.ltrans2.ltrans.o
spiExchange.constprop.13                          /tmp/ccL2buZv.ltrans0.ltrans.o
                                                  /tmp/ccL2buZv.ltrans2.ltrans.o
spiReceive.constprop.9                            /tmp/ccL2buZv.ltrans0.ltrans.o
                                                  /tmp/ccL2buZv.ltrans2.ltrans.o
spiSelect.constprop.16                            /tmp/ccL2buZv.ltrans0.ltrans.o
                                                  /tmp/ccL2buZv.ltrans2.ltrans.o
spiSend.constprop.11                              /tmp/ccL2buZv.ltrans0.ltrans.o
                                                  /tmp/ccL2buZv.ltrans2.ltrans.o
spiUnselect.constprop.15                          /tmp/ccL2buZv.ltrans0.ltrans.o
                                                  /tmp/ccL2buZv.ltrans2.ltrans.o
spi_lld_serve_rx_interrupt.8831                   /tmp/ccL2buZv.ltrans0.ltrans.o
                                                  /tmp/ccL2buZv.ltrans2.ltrans.o
strcmp                                            /nfs/nfs5/home/research/hardware/arm2/gcc-arm-embedded/gcc-arm-none-eabi-4_8-2014q2/bin/../lib/gcc/arm-none-eabi/4.8.4/../../../../arm-none-eabi/lib/armv7e-m/libg.a(lib_a-strcmp.o)
                                                  /tmp/ccL2buZv.ltrans2.ltrans.o
                                                  /tmp/ccL2buZv.ltrans1.ltrans.o
strpbrk                                           /nfs/nfs5/home/research/hardware/arm2/gcc-arm-embedded/gcc-arm-none-eabi-4_8-2014q2/bin/../lib/gcc/arm-none-eabi/4.8.4/../../../../arm-none-eabi/lib/armv7e-m/libg.a(lib_a-strpbrk.o)
                                                  /tmp/ccL2buZv.ltrans0.ltrans.o
strspn                                            /nfs/nfs5/home/research/hardware/arm2/gcc-arm-embedded/gcc-arm-none-eabi-4_8-2014q2/bin/../lib/gcc/arm-none-eabi/4.8.4/../../../../arm-none-eabi/lib/armv7e-m/libg.a(lib_a-strspn.o)
                                                  /tmp/ccL2buZv.ltrans0.ltrans.o
termination_handler.12973                         /tmp/ccL2buZv.ltrans2.ltrans.o
                                                  /tmp/ccL2buZv.ltrans1.ltrans.o
wakeup.4697                                       /tmp/ccL2buZv.ltrans3.ltrans.o
                                                  /tmp/ccL2buZv.ltrans0.ltrans.o
write.7795                                        /tmp/ccL2buZv.ltrans0.ltrans.o
                                                  /tmp/ccL2buZv.ltrans1.ltrans.o
writet.7789                                       /tmp/ccL2buZv.ltrans0.ltrans.o
                                                  /tmp/ccL2buZv.ltrans1.ltrans.o
