Archive member included because of file (symbol)

/nfs/nfs5/home/research/hardware/arm2/gcc-arm-embedded/gcc-arm-none-eabi-4_8-2014q2/bin/../lib/gcc/arm-none-eabi/4.8.4/armv7e-m/libgcc.a(_arm_addsubdf3.o)
                              /tmp/ccv53Als.ltrans0.ltrans.o (__aeabi_dsub)
/nfs/nfs5/home/research/hardware/arm2/gcc-arm-embedded/gcc-arm-none-eabi-4_8-2014q2/bin/../lib/gcc/arm-none-eabi/4.8.4/armv7e-m/libgcc.a(_arm_muldivdf3.o)
                              /tmp/ccv53Als.ltrans0.ltrans.o (__aeabi_dmul)
/nfs/nfs5/home/research/hardware/arm2/gcc-arm-embedded/gcc-arm-none-eabi-4_8-2014q2/bin/../lib/gcc/arm-none-eabi/4.8.4/armv7e-m/libgcc.a(_arm_fixdfsi.o)
                              /tmp/ccv53Als.ltrans0.ltrans.o (__aeabi_d2iz)
/nfs/nfs5/home/research/hardware/arm2/gcc-arm-embedded/gcc-arm-none-eabi-4_8-2014q2/bin/../lib/gcc/arm-none-eabi/4.8.4/armv7e-m/libgcc.a(_arm_truncdfsf2.o)
                              /tmp/ccv53Als.ltrans0.ltrans.o (__aeabi_d2f)
/nfs/nfs5/home/research/hardware/arm2/gcc-arm-embedded/gcc-arm-none-eabi-4_8-2014q2/bin/../lib/gcc/arm-none-eabi/4.8.4/armv7e-m/libgcc.a(_arm_cmpsf2.o)
                              /tmp/ccv53Als.ltrans0.ltrans.o (__aeabi_fcmplt)
/nfs/nfs5/home/research/hardware/arm2/gcc-arm-embedded/gcc-arm-none-eabi-4_8-2014q2/bin/../lib/gcc/arm-none-eabi/4.8.4/armv7e-m/libgcc.a(_arm_fixsfsi.o)
                              /tmp/ccv53Als.ltrans0.ltrans.o (__aeabi_f2iz)
/nfs/nfs5/home/research/hardware/arm2/gcc-arm-embedded/gcc-arm-none-eabi-4_8-2014q2/bin/../lib/gcc/arm-none-eabi/4.8.4/../../../../arm-none-eabi/lib/armv7e-m/libg.a(lib_a-strcmp.o)
                              /tmp/ccv53Als.ltrans1.ltrans.o (strcmp)
/nfs/nfs5/home/research/hardware/arm2/gcc-arm-embedded/gcc-arm-none-eabi-4_8-2014q2/bin/../lib/gcc/arm-none-eabi/4.8.4/../../../../arm-none-eabi/lib/armv7e-m/libg.a(lib_a-strpbrk.o)
                              /tmp/ccv53Als.ltrans0.ltrans.o (strpbrk)
/nfs/nfs5/home/research/hardware/arm2/gcc-arm-embedded/gcc-arm-none-eabi-4_8-2014q2/bin/../lib/gcc/arm-none-eabi/4.8.4/../../../../arm-none-eabi/lib/armv7e-m/libg.a(lib_a-strspn.o)
                              /tmp/ccv53Als.ltrans0.ltrans.o (strspn)

Discarded input sections

 .data          0x00000000        0x0 build/obj/crt0_v7m.o
 .bss           0x00000000        0x0 build/obj/crt0_v7m.o
 .data          0x00000000        0x0 build/obj/chcoreasm_v7m.o
 .bss           0x00000000        0x0 build/obj/chcoreasm_v7m.o
 .text          0x00000000        0x0 build/obj/crt1.o (symbol from plugin)
 .text          0x00000000        0x0 /tmp/ccv53Als.ltrans0.ltrans.o
 .data          0x00000000        0x0 /tmp/ccv53Als.ltrans0.ltrans.o
 .bss           0x00000000        0x0 /tmp/ccv53Als.ltrans0.ltrans.o
 .text          0x00000000        0x0 /tmp/ccv53Als.ltrans1.ltrans.o
 .data          0x00000000        0x0 /tmp/ccv53Als.ltrans1.ltrans.o
 .bss           0x00000000        0x0 /tmp/ccv53Als.ltrans1.ltrans.o
 .text          0x00000000        0x0 /tmp/ccv53Als.ltrans2.ltrans.o
 .data          0x00000000        0x0 /tmp/ccv53Als.ltrans2.ltrans.o
 .bss           0x00000000        0x0 /tmp/ccv53Als.ltrans2.ltrans.o
 .data          0x00000000        0x0 /nfs/nfs5/home/research/hardware/arm2/gcc-arm-embedded/gcc-arm-none-eabi-4_8-2014q2/bin/../lib/gcc/arm-none-eabi/4.8.4/armv7e-m/libgcc.a(_arm_addsubdf3.o)
 .bss           0x00000000        0x0 /nfs/nfs5/home/research/hardware/arm2/gcc-arm-embedded/gcc-arm-none-eabi-4_8-2014q2/bin/../lib/gcc/arm-none-eabi/4.8.4/armv7e-m/libgcc.a(_arm_addsubdf3.o)
 .data          0x00000000        0x0 /nfs/nfs5/home/research/hardware/arm2/gcc-arm-embedded/gcc-arm-none-eabi-4_8-2014q2/bin/../lib/gcc/arm-none-eabi/4.8.4/armv7e-m/libgcc.a(_arm_muldivdf3.o)
 .bss           0x00000000        0x0 /nfs/nfs5/home/research/hardware/arm2/gcc-arm-embedded/gcc-arm-none-eabi-4_8-2014q2/bin/../lib/gcc/arm-none-eabi/4.8.4/armv7e-m/libgcc.a(_arm_muldivdf3.o)
 .data          0x00000000        0x0 /nfs/nfs5/home/research/hardware/arm2/gcc-arm-embedded/gcc-arm-none-eabi-4_8-2014q2/bin/../lib/gcc/arm-none-eabi/4.8.4/armv7e-m/libgcc.a(_arm_fixdfsi.o)
 .bss           0x00000000        0x0 /nfs/nfs5/home/research/hardware/arm2/gcc-arm-embedded/gcc-arm-none-eabi-4_8-2014q2/bin/../lib/gcc/arm-none-eabi/4.8.4/armv7e-m/libgcc.a(_arm_fixdfsi.o)
 .data          0x00000000        0x0 /nfs/nfs5/home/research/hardware/arm2/gcc-arm-embedded/gcc-arm-none-eabi-4_8-2014q2/bin/../lib/gcc/arm-none-eabi/4.8.4/armv7e-m/libgcc.a(_arm_truncdfsf2.o)
 .bss           0x00000000        0x0 /nfs/nfs5/home/research/hardware/arm2/gcc-arm-embedded/gcc-arm-none-eabi-4_8-2014q2/bin/../lib/gcc/arm-none-eabi/4.8.4/armv7e-m/libgcc.a(_arm_truncdfsf2.o)
 .data          0x00000000        0x0 /nfs/nfs5/home/research/hardware/arm2/gcc-arm-embedded/gcc-arm-none-eabi-4_8-2014q2/bin/../lib/gcc/arm-none-eabi/4.8.4/armv7e-m/libgcc.a(_arm_cmpsf2.o)
 .bss           0x00000000        0x0 /nfs/nfs5/home/research/hardware/arm2/gcc-arm-embedded/gcc-arm-none-eabi-4_8-2014q2/bin/../lib/gcc/arm-none-eabi/4.8.4/armv7e-m/libgcc.a(_arm_cmpsf2.o)
 .data          0x00000000        0x0 /nfs/nfs5/home/research/hardware/arm2/gcc-arm-embedded/gcc-arm-none-eabi-4_8-2014q2/bin/../lib/gcc/arm-none-eabi/4.8.4/armv7e-m/libgcc.a(_arm_fixsfsi.o)
 .bss           0x00000000        0x0 /nfs/nfs5/home/research/hardware/arm2/gcc-arm-embedded/gcc-arm-none-eabi-4_8-2014q2/bin/../lib/gcc/arm-none-eabi/4.8.4/armv7e-m/libgcc.a(_arm_fixsfsi.o)
 .data          0x00000000        0x0 /nfs/nfs5/home/research/hardware/arm2/gcc-arm-embedded/gcc-arm-none-eabi-4_8-2014q2/bin/../lib/gcc/arm-none-eabi/4.8.4/../../../../arm-none-eabi/lib/armv7e-m/libg.a(lib_a-strcmp.o)
 .bss           0x00000000        0x0 /nfs/nfs5/home/research/hardware/arm2/gcc-arm-embedded/gcc-arm-none-eabi-4_8-2014q2/bin/../lib/gcc/arm-none-eabi/4.8.4/../../../../arm-none-eabi/lib/armv7e-m/libg.a(lib_a-strcmp.o)
 .text          0x00000000        0x0 /nfs/nfs5/home/research/hardware/arm2/gcc-arm-embedded/gcc-arm-none-eabi-4_8-2014q2/bin/../lib/gcc/arm-none-eabi/4.8.4/../../../../arm-none-eabi/lib/armv7e-m/libg.a(lib_a-strpbrk.o)
 .data          0x00000000        0x0 /nfs/nfs5/home/research/hardware/arm2/gcc-arm-embedded/gcc-arm-none-eabi-4_8-2014q2/bin/../lib/gcc/arm-none-eabi/4.8.4/../../../../arm-none-eabi/lib/armv7e-m/libg.a(lib_a-strpbrk.o)
 .bss           0x00000000        0x0 /nfs/nfs5/home/research/hardware/arm2/gcc-arm-embedded/gcc-arm-none-eabi-4_8-2014q2/bin/../lib/gcc/arm-none-eabi/4.8.4/../../../../arm-none-eabi/lib/armv7e-m/libg.a(lib_a-strpbrk.o)
 .text          0x00000000        0x0 /nfs/nfs5/home/research/hardware/arm2/gcc-arm-embedded/gcc-arm-none-eabi-4_8-2014q2/bin/../lib/gcc/arm-none-eabi/4.8.4/../../../../arm-none-eabi/lib/armv7e-m/libg.a(lib_a-strspn.o)
 .data          0x00000000        0x0 /nfs/nfs5/home/research/hardware/arm2/gcc-arm-embedded/gcc-arm-none-eabi-4_8-2014q2/bin/../lib/gcc/arm-none-eabi/4.8.4/../../../../arm-none-eabi/lib/armv7e-m/libg.a(lib_a-strspn.o)
 .bss           0x00000000        0x0 /nfs/nfs5/home/research/hardware/arm2/gcc-arm-embedded/gcc-arm-none-eabi-4_8-2014q2/bin/../lib/gcc/arm-none-eabi/4.8.4/../../../../arm-none-eabi/lib/armv7e-m/libg.a(lib_a-strspn.o)
 .text          0x00000000        0x0 build/obj/vectors.o (symbol from plugin)
 .text          0x00000000        0x0 build/obj/chsys.o (symbol from plugin)
 .text          0x00000000        0x0 build/obj/chdebug.o (symbol from plugin)
 .text          0x00000000        0x0 build/obj/chvt.o (symbol from plugin)
 .text          0x00000000        0x0 build/obj/chschd.o (symbol from plugin)
 .text          0x00000000        0x0 build/obj/chthreads.o (symbol from plugin)
 .text          0x00000000        0x0 build/obj/chtm.o (symbol from plugin)
 .text          0x00000000        0x0 build/obj/chdynamic.o (symbol from plugin)
 .text          0x00000000        0x0 build/obj/chregistry.o (symbol from plugin)
 .text          0x00000000        0x0 build/obj/chsem.o (symbol from plugin)
 .text          0x00000000        0x0 build/obj/chmtx.o (symbol from plugin)
 .text          0x00000000        0x0 build/obj/chcond.o (symbol from plugin)
 .text          0x00000000        0x0 build/obj/chevents.o (symbol from plugin)
 .text          0x00000000        0x0 build/obj/chmsg.o (symbol from plugin)
 .text          0x00000000        0x0 build/obj/chmboxes.o (symbol from plugin)
 .text          0x00000000        0x0 build/obj/chqueues.o (symbol from plugin)
 .text          0x00000000        0x0 build/obj/chmemcore.o (symbol from plugin)
 .text          0x00000000        0x0 build/obj/chheap.o (symbol from plugin)
 .text          0x00000000        0x0 build/obj/chmempools.o (symbol from plugin)
 .text          0x00000000        0x0 build/obj/chcore.o (symbol from plugin)
 .text          0x00000000        0x0 build/obj/chcore_v7m.o (symbol from plugin)
 .text          0x00000000        0x0 build/obj/osal.o (symbol from plugin)
 .text          0x00000000        0x0 build/obj/hal.o (symbol from plugin)
 .text          0x00000000        0x0 build/obj/st.o (symbol from plugin)
 .text          0x00000000        0x0 build/obj/hal_buffers.o (symbol from plugin)
 .text          0x00000000        0x0 build/obj/hal_queues.o (symbol from plugin)
 .text          0x00000000        0x0 build/obj/hal_mmcsd.o (symbol from plugin)
 .text          0x00000000        0x0 build/obj/ext.o (symbol from plugin)
 .text          0x00000000        0x0 build/obj/pal.o (symbol from plugin)
 .text          0x00000000        0x0 build/obj/serial.o (symbol from plugin)
 .text          0x00000000        0x0 build/obj/spi.o (symbol from plugin)
 .text          0x00000000        0x0 build/obj/nvic.o (symbol from plugin)
 .text          0x00000000        0x0 build/obj/hal_lld.o (symbol from plugin)
 .text          0x00000000        0x0 build/obj/stm32_dma.o (symbol from plugin)
 .text          0x00000000        0x0 build/obj/st_lld.o (symbol from plugin)
 .text          0x00000000        0x0 build/obj/ext_lld.o (symbol from plugin)
 .text          0x00000000        0x0 build/obj/ext_lld_isr.o (symbol from plugin)
 .text          0x00000000        0x0 build/obj/pal_lld.o (symbol from plugin)
 .text          0x00000000        0x0 build/obj/spi_lld.o (symbol from plugin)
 .text          0x00000000        0x0 build/obj/serial_lld.o (symbol from plugin)
 .text          0x00000000        0x0 build/obj/board.o (symbol from plugin)
 .text          0x00000000        0x0 build/obj/test.o (symbol from plugin)
 .text          0x00000000        0x0 build/obj/testthd.o (symbol from plugin)
 .text          0x00000000        0x0 build/obj/testsem.o (symbol from plugin)
 .text          0x00000000        0x0 build/obj/testmtx.o (symbol from plugin)
 .text          0x00000000        0x0 build/obj/testmsg.o (symbol from plugin)
 .text          0x00000000        0x0 build/obj/testmbox.o (symbol from plugin)
 .text          0x00000000        0x0 build/obj/testevt.o (symbol from plugin)
 .text          0x00000000        0x0 build/obj/testheap.o (symbol from plugin)
 .text          0x00000000        0x0 build/obj/testpools.o (symbol from plugin)
 .text          0x00000000        0x0 build/obj/testdyn.o (symbol from plugin)
 .text          0x00000000        0x0 build/obj/testqueues.o (symbol from plugin)
 .text          0x00000000        0x0 build/obj/testsys.o (symbol from plugin)
 .text          0x00000000        0x0 build/obj/testbmk.o (symbol from plugin)
 .text          0x00000000        0x0 build/obj/shell.o (symbol from plugin)
 .text          0x00000000        0x0 build/obj/evtimer.o (symbol from plugin)
 .text          0x00000000        0x0 build/obj/syscalls.o (symbol from plugin)
 .text          0x00000000        0x0 build/obj/memstreams.o (symbol from plugin)
 .text          0x00000000        0x0 build/obj/chprintf.o (symbol from plugin)
 .text          0x00000000        0x0 build/obj/nrf24l01.o (symbol from plugin)
 .text          0x00000000        0x0 build/obj/main.o (symbol from plugin)

Memory Configuration

Name             Origin             Length             Attributes
flash            0x08000000         0x00040000
ram0             0x20000000         0x0000a000
ram1             0x00000000         0x00000000
ram2             0x00000000         0x00000000
ram3             0x00000000         0x00000000
ram4             0x10000000         0x00002000
ram5             0x00000000         0x00000000
ram6             0x00000000         0x00000000
ram7             0x00000000         0x00000000
*default*        0x00000000         0xffffffff

Linker script and memory map

LOAD build/obj/crt0_v7m.o
LOAD build/obj/chcoreasm_v7m.o
LOAD build/obj/crt1.o
LOAD /tmp/ccv53Als.ltrans0.ltrans.o
LOAD /tmp/ccv53Als.ltrans1.ltrans.o
LOAD /tmp/ccv53Als.ltrans2.ltrans.o
LOAD /nfs/nfs5/home/research/hardware/arm2/gcc-arm-embedded/gcc-arm-none-eabi-4_8-2014q2/bin/../lib/gcc/arm-none-eabi/4.8.4/armv7e-m/libgcc.a
LOAD /nfs/nfs5/home/research/hardware/arm2/gcc-arm-embedded/gcc-arm-none-eabi-4_8-2014q2/bin/../lib/gcc/arm-none-eabi/4.8.4/../../../../arm-none-eabi/lib/armv7e-m/libg.a
LOAD /nfs/nfs5/home/research/hardware/arm2/gcc-arm-embedded/gcc-arm-none-eabi-4_8-2014q2/bin/../lib/gcc/arm-none-eabi/4.8.4/../../../../arm-none-eabi/lib/armv7e-m/libc.a
LOAD build/obj/vectors.o
LOAD build/obj/chsys.o
LOAD build/obj/chdebug.o
LOAD build/obj/chvt.o
LOAD build/obj/chschd.o
LOAD build/obj/chthreads.o
LOAD build/obj/chtm.o
LOAD build/obj/chdynamic.o
LOAD build/obj/chregistry.o
LOAD build/obj/chsem.o
LOAD build/obj/chmtx.o
LOAD build/obj/chcond.o
LOAD build/obj/chevents.o
LOAD build/obj/chmsg.o
LOAD build/obj/chmboxes.o
LOAD build/obj/chqueues.o
LOAD build/obj/chmemcore.o
LOAD build/obj/chheap.o
LOAD build/obj/chmempools.o
LOAD build/obj/chcore.o
LOAD build/obj/chcore_v7m.o
LOAD build/obj/osal.o
LOAD build/obj/hal.o
LOAD build/obj/st.o
LOAD build/obj/hal_buffers.o
LOAD build/obj/hal_queues.o
LOAD build/obj/hal_mmcsd.o
LOAD build/obj/ext.o
LOAD build/obj/pal.o
LOAD build/obj/serial.o
LOAD build/obj/spi.o
LOAD build/obj/nvic.o
LOAD build/obj/hal_lld.o
LOAD build/obj/stm32_dma.o
LOAD build/obj/st_lld.o
LOAD build/obj/ext_lld.o
LOAD build/obj/ext_lld_isr.o
LOAD build/obj/pal_lld.o
LOAD build/obj/spi_lld.o
LOAD build/obj/serial_lld.o
LOAD build/obj/board.o
LOAD build/obj/test.o
LOAD build/obj/testthd.o
LOAD build/obj/testsem.o
LOAD build/obj/testmtx.o
LOAD build/obj/testmsg.o
LOAD build/obj/testmbox.o
LOAD build/obj/testevt.o
LOAD build/obj/testheap.o
LOAD build/obj/testpools.o
LOAD build/obj/testdyn.o
LOAD build/obj/testqueues.o
LOAD build/obj/testsys.o
LOAD build/obj/testbmk.o
LOAD build/obj/shell.o
LOAD build/obj/evtimer.o
LOAD build/obj/syscalls.o
LOAD build/obj/memstreams.o
LOAD build/obj/chprintf.o
LOAD build/obj/nrf24l01.o
LOAD build/obj/main.o
                0x20000000                __ram0_start__ = ORIGIN (ram0)
                0x0000a000                __ram0_size__ = 0xa000
                0x2000a000                __ram0_end__ = (__ram0_start__ + __ram0_size__)
                0x00000000                __ram1_start__ = ORIGIN (ram1)
                0x00000000                __ram1_size__ = 0x0
                0x00000000                __ram1_end__ = (__ram1_start__ + __ram1_size__)
                0x00000000                __ram2_start__ = ORIGIN (ram2)
                0x00000000                __ram2_size__ = 0x0
                0x00000000                __ram2_end__ = (__ram2_start__ + __ram2_size__)
                0x00000000                __ram3_start__ = ORIGIN (ram3)
                0x00000000                __ram3_size__ = 0x0
                0x00000000                __ram3_end__ = (__ram3_start__ + __ram3_size__)
                0x10000000                __ram4_start__ = ORIGIN (ram4)
                0x00002000                __ram4_size__ = 0x2000
                0x10002000                __ram4_end__ = (__ram4_start__ + __ram4_size__)
                0x00000000                __ram5_start__ = ORIGIN (ram5)
                0x00000000                __ram5_size__ = 0x0
                0x00000000                __ram5_end__ = (__ram5_start__ + __ram5_size__)
                0x00000000                __ram6_start__ = ORIGIN (ram6)
                0x00000000                __ram6_size__ = 0x0
                0x00000000                __ram6_end__ = (__ram6_start__ + __ram6_size__)
                0x00000000                __ram7_start__ = ORIGIN (ram7)
                0x00000000                __ram7_size__ = 0x0
                0x00000000                __ram7_end__ = (__ram7_start__ + __ram7_size__)
                0x00000000                . = 0x0
                0x00000000                _text = .

startup         0x08000000      0x200
 *(.vectors)
 .vectors       0x08000000      0x200 /tmp/ccv53Als.ltrans2.ltrans.o
                0x08000000                _vectors

constructors    0x08000200        0x0
                0x08000200                __init_array_start = .
 *(SORT(.init_array.*))
 *(.init_array)
                0x08000200                __init_array_end = .

destructors     0x08000200        0x0
                0x08000200                __fini_array_start = .
 *(.fini_array)
 *(SORT(.fini_array.*))
                0x08000200                __fini_array_end = .

.text           0x08000200     0x39dc
 *(.text)
 .text          0x08000200       0xd4 build/obj/crt0_v7m.o
                0x08000200                Reset_Handler
 *fill*         0x080002d4        0xc 
 .text          0x080002e0       0x28 build/obj/chcoreasm_v7m.o
                0x080002e0                _port_switch
                0x080002f0                _port_thread_start
                0x08000300                _port_switch_from_isr
                0x08000304                _port_exit_from_isr
 *fill*         0x08000308        0x8 
 .text          0x08000310      0x370 /nfs/nfs5/home/research/hardware/arm2/gcc-arm-embedded/gcc-arm-none-eabi-4_8-2014q2/bin/../lib/gcc/arm-none-eabi/4.8.4/armv7e-m/libgcc.a(_arm_addsubdf3.o)
                0x08000310                __aeabi_drsub
                0x08000318                __aeabi_dsub
                0x08000318                __subdf3
                0x0800031c                __adddf3
                0x0800031c                __aeabi_dadd
                0x08000594                __aeabi_ui2d
                0x08000594                __floatunsidf
                0x080005b4                __floatsidf
                0x080005b4                __aeabi_i2d
                0x080005d8                __extendsfdf2
                0x080005d8                __aeabi_f2d
                0x08000614                __aeabi_ul2d
                0x08000614                __floatundidf
                0x08000624                __floatdidf
                0x08000624                __aeabi_l2d
 .text          0x08000680      0x424 /nfs/nfs5/home/research/hardware/arm2/gcc-arm-embedded/gcc-arm-none-eabi-4_8-2014q2/bin/../lib/gcc/arm-none-eabi/4.8.4/armv7e-m/libgcc.a(_arm_muldivdf3.o)
                0x08000680                __aeabi_dmul
                0x08000680                __muldf3
                0x080008d4                __aeabi_ddiv
                0x080008d4                __divdf3
 *fill*         0x08000aa4        0xc 
 .text          0x08000ab0       0x50 /nfs/nfs5/home/research/hardware/arm2/gcc-arm-embedded/gcc-arm-none-eabi-4_8-2014q2/bin/../lib/gcc/arm-none-eabi/4.8.4/armv7e-m/libgcc.a(_arm_fixdfsi.o)
                0x08000ab0                __fixdfsi
                0x08000ab0                __aeabi_d2iz
 .text          0x08000b00       0xa0 /nfs/nfs5/home/research/hardware/arm2/gcc-arm-embedded/gcc-arm-none-eabi-4_8-2014q2/bin/../lib/gcc/arm-none-eabi/4.8.4/armv7e-m/libgcc.a(_arm_truncdfsf2.o)
                0x08000b00                __aeabi_d2f
                0x08000b00                __truncdfsf2
 .text          0x08000ba0       0xec /nfs/nfs5/home/research/hardware/arm2/gcc-arm-embedded/gcc-arm-none-eabi-4_8-2014q2/bin/../lib/gcc/arm-none-eabi/4.8.4/armv7e-m/libgcc.a(_arm_cmpsf2.o)
                0x08000ba0                __gtsf2
                0x08000ba0                __gesf2
                0x08000ba8                __lesf2
                0x08000ba8                __ltsf2
                0x08000bb0                __nesf2
                0x08000bb0                __eqsf2
                0x08000bb0                __cmpsf2
                0x08000c10                __aeabi_cfrcmple
                0x08000c18                __aeabi_cfcmple
                0x08000c18                __aeabi_cfcmpeq
                0x08000c28                __aeabi_fcmpeq
                0x08000c3c                __aeabi_fcmplt
                0x08000c50                __aeabi_fcmple
                0x08000c64                __aeabi_fcmpge
                0x08000c78                __aeabi_fcmpgt
 *fill*         0x08000c8c        0x4 
 .text          0x08000c90       0x4c /nfs/nfs5/home/research/hardware/arm2/gcc-arm-embedded/gcc-arm-none-eabi-4_8-2014q2/bin/../lib/gcc/arm-none-eabi/4.8.4/armv7e-m/libgcc.a(_arm_fixsfsi.o)
                0x08000c90                __fixsfsi
                0x08000c90                __aeabi_f2iz
 *fill*         0x08000cdc        0x4 
 .text          0x08000ce0      0x21c /nfs/nfs5/home/research/hardware/arm2/gcc-arm-embedded/gcc-arm-none-eabi-4_8-2014q2/bin/../lib/gcc/arm-none-eabi/4.8.4/../../../../arm-none-eabi/lib/armv7e-m/libg.a(lib_a-strcmp.o)
                0x08000ce0                strcmp
 *(.text.*)
 *fill*         0x08000efc        0x4 
 .text.wakeup.4697.4018
                0x08000f00       0x70 /tmp/ccv53Als.ltrans0.ltrans.o
 .text.spi_lld_serve_tx_interrupt.8827
                0x08000f70       0x20 /tmp/ccv53Als.ltrans0.ltrans.o
                0x08000f70                spi_lld_serve_tx_interrupt.8827
 .text.long_to_string_with_divisor.12262.4330
                0x08000f90       0x50 /tmp/ccv53Als.ltrans0.ltrans.o
 .text.notify1.9076
                0x08000fe0       0x10 /tmp/ccv53Als.ltrans0.ltrans.o
                0x08000fe0                notify1.9076
 .text.SVC_Handler
                0x08000ff0       0x20 /tmp/ccv53Als.ltrans0.ltrans.o
                0x08000ff0                SVC_Handler
 .text.chCoreAlloc
                0x08001010       0x40 /tmp/ccv53Als.ltrans0.ltrans.o
                0x08001010                chCoreAlloc
 .text._idle_thread.4308
                0x08001050       0x10 /tmp/ccv53Als.ltrans0.ltrans.o
                0x08001050                _idle_thread.4308
 .text.chSchWakeupS.constprop.34
                0x08001060       0x60 /tmp/ccv53Als.ltrans0.ltrans.o
                0x08001060                chSchWakeupS.constprop.34
 .text.chTMStartMeasurementX.constprop.31
                0x080010c0       0x10 /tmp/ccv53Als.ltrans0.ltrans.o
                0x080010c0                chTMStartMeasurementX.constprop.31
 .text.dmaStreamAllocate.constprop.14
                0x080010d0       0xc0 /tmp/ccv53Als.ltrans0.ltrans.o
                0x080010d0                dmaStreamAllocate.constprop.14
 .text._strtok.11712.constprop.4
                0x08001190       0x40 /tmp/ccv53Als.ltrans0.ltrans.o
                0x08001190                _strtok.11712.constprop.4
 .text.chprintf
                0x080011d0      0x390 /tmp/ccv53Als.ltrans0.ltrans.o
                0x080011d0                chprintf
 .text.cmd_myecho.12976
                0x08001560       0x30 /tmp/ccv53Als.ltrans0.ltrans.o
                0x08001560                cmd_myecho.12976
 .text.cmd_systime.11720
                0x08001590       0x30 /tmp/ccv53Als.ltrans0.ltrans.o
                0x08001590                cmd_systime.11720
 .text.cmd_info.11728
                0x080015c0       0xc0 /tmp/ccv53Als.ltrans0.ltrans.o
                0x080015c0                cmd_info.11728
 .text._pal_lld_setgroupmode
                0x08001680       0xd0 /tmp/ccv53Als.ltrans0.ltrans.o
                0x08001680                _pal_lld_setgroupmode
 .text._port_irq_epilogue
                0x08001750       0x60 /tmp/ccv53Als.ltrans0.ltrans.o
                0x08001750                _port_irq_epilogue
 .text.VectorB0
                0x080017b0       0xa0 /tmp/ccv53Als.ltrans0.ltrans.o
                0x080017b0                VectorB0
 .text.Vector148
                0x08001850       0x30 /tmp/ccv53Als.ltrans0.ltrans.o
                0x08001850                Vector148
 .text.Vector144
                0x08001880       0x70 /tmp/ccv53Als.ltrans0.ltrans.o
                0x08001880                Vector144
 .text.Vector140
                0x080018f0       0x60 /tmp/ccv53Als.ltrans0.ltrans.o
                0x080018f0                Vector140
 .text.Vector4C
                0x08001950       0x30 /tmp/ccv53Als.ltrans0.ltrans.o
                0x08001950                Vector4C
 .text.Vector48
                0x08001980       0x30 /tmp/ccv53Als.ltrans0.ltrans.o
                0x08001980                Vector48
 .text.VectorE8
                0x080019b0       0x30 /tmp/ccv53Als.ltrans0.ltrans.o
                0x080019b0                VectorE8
 .text.VectorE4
                0x080019e0       0x30 /tmp/ccv53Als.ltrans0.ltrans.o
                0x080019e0                VectorE4
 .text.Vector44
                0x08001a10       0x30 /tmp/ccv53Als.ltrans0.ltrans.o
                0x08001a10                Vector44
 .text.VectorE0
                0x08001a40       0x80 /tmp/ccv53Als.ltrans0.ltrans.o
                0x08001a40                VectorE0
 .text.Vector9C
                0x08001ac0       0x70 /tmp/ccv53Als.ltrans0.ltrans.o
                0x08001ac0                Vector9C
 .text.Vector68
                0x08001b30       0x30 /tmp/ccv53Als.ltrans0.ltrans.o
                0x08001b30                Vector68
 .text.Vector64
                0x08001b60       0x30 /tmp/ccv53Als.ltrans0.ltrans.o
                0x08001b60                Vector64
 .text.Vector60
                0x08001b90       0x30 /tmp/ccv53Als.ltrans0.ltrans.o
                0x08001b90                Vector60
 .text.Vector5C
                0x08001bc0       0x30 /tmp/ccv53Als.ltrans0.ltrans.o
                0x08001bc0                Vector5C
 .text.Vector58
                0x08001bf0       0x30 /tmp/ccv53Als.ltrans0.ltrans.o
                0x08001bf0                Vector58
 .text.Vector130
                0x08001c20       0x30 /tmp/ccv53Als.ltrans0.ltrans.o
                0x08001c20                Vector130
 .text.Vector12C
                0x08001c50       0x30 /tmp/ccv53Als.ltrans0.ltrans.o
                0x08001c50                Vector12C
 .text.Vector128
                0x08001c80       0x30 /tmp/ccv53Als.ltrans0.ltrans.o
                0x08001c80                Vector128
 .text.Vector124
                0x08001cb0       0x30 /tmp/ccv53Als.ltrans0.ltrans.o
                0x08001cb0                Vector124
 .text.Vector120
                0x08001ce0       0x30 /tmp/ccv53Als.ltrans0.ltrans.o
                0x08001ce0                Vector120
 .text.Vector84
                0x08001d10       0x30 /tmp/ccv53Als.ltrans0.ltrans.o
                0x08001d10                Vector84
 .text.Vector80
                0x08001d40       0x30 /tmp/ccv53Als.ltrans0.ltrans.o
                0x08001d40                Vector80
 .text.Vector7C
                0x08001d70       0x30 /tmp/ccv53Als.ltrans0.ltrans.o
                0x08001d70                Vector7C
 .text.Vector78
                0x08001da0       0x30 /tmp/ccv53Als.ltrans0.ltrans.o
                0x08001da0                Vector78
 .text.Vector74
                0x08001dd0       0x30 /tmp/ccv53Als.ltrans0.ltrans.o
                0x08001dd0                Vector74
 .text.Vector70
                0x08001e00       0x30 /tmp/ccv53Als.ltrans0.ltrans.o
                0x08001e00                Vector70
 .text.Vector6C
                0x08001e30       0x30 /tmp/ccv53Als.ltrans0.ltrans.o
                0x08001e30                Vector6C
 .text.chTMStopMeasurementX
                0x08001e60       0x50 /tmp/ccv53Als.ltrans0.ltrans.o
                0x08001e60                chTMStopMeasurementX
 .text.chSchDoRescheduleAhead
                0x08001eb0       0x40 /tmp/ccv53Als.ltrans0.ltrans.o
                0x08001eb0                chSchDoRescheduleAhead
 .text.chSchGoSleepS
                0x08001ef0       0x30 /tmp/ccv53Als.ltrans0.ltrans.o
                0x08001ef0                chSchGoSleepS
 .text.chSchGoSleepTimeoutS
                0x08001f20      0x110 /tmp/ccv53Als.ltrans0.ltrans.o
                0x08001f20                chSchGoSleepTimeoutS
 .text.chThdEnqueueTimeoutS
                0x08002030       0x30 /tmp/ccv53Als.ltrans0.ltrans.o
                0x08002030                chThdEnqueueTimeoutS
 .text.chSchReadyI
                0x08002060       0x30 /tmp/ccv53Als.ltrans0.ltrans.o
                0x08002060                chSchReadyI
 .text.spi_lld_serve_rx_interrupt.8831
                0x08002090       0x90 /tmp/ccv53Als.ltrans0.ltrans.o
                0x08002090                spi_lld_serve_rx_interrupt.8831
 .text.chEvtBroadcastFlagsI
                0x08002120       0x60 /tmp/ccv53Als.ltrans0.ltrans.o
                0x08002120                chEvtBroadcastFlagsI
 .text.chMtxUnlock
                0x08002180       0x70 /tmp/ccv53Als.ltrans0.ltrans.o
                0x08002180                chMtxUnlock
 .text.chMtxLockS
                0x080021f0       0xd0 /tmp/ccv53Als.ltrans0.ltrans.o
                0x080021f0                chMtxLockS
 .text.chThdExitS
                0x080022c0       0x40 /tmp/ccv53Als.ltrans0.ltrans.o
                0x080022c0                chThdExitS
 .text._unhandled_exception.4476
                0x08002300       0x10 /tmp/ccv53Als.ltrans0.ltrans.o
                0x08002300                VectorAC
                0x08002300                DebugMon_Handler
                0x08002300                Vector11C
                0x08002300                HardFault_Handler
                0x08002300                Vector19C
                0x08002300                Vector8C
                0x08002300                SysTick_Handler
                0x08002300                VectorDC
                0x08002300                PendSV_Handler
                0x08002300                Vector168
                0x08002300                NMI_Handler
                0x08002300                Vector110
                0x08002300                VectorC8
                0x08002300                Vector94
                0x08002300                VectorA8
                0x08002300                VectorB4
                0x08002300                Vector160
                0x08002300                UsageFault_Handler
                0x08002300                VectorEC
                0x08002300                Vector40
                0x08002300                VectorF8
                0x08002300                Vector108
                0x08002300                VectorBC
                0x08002300                Vector190
                0x08002300                Vector150
                0x08002300                Vector188
                0x08002300                Vector198
                0x08002300                Vector118
                0x08002300                VectorCC
                0x08002300                Vector54
                0x08002300                Vector98
                0x08002300                VectorD8
                0x08002300                Vector138
                0x08002300                Vector24
                0x08002300                Vector178
                0x08002300                VectorD0
                0x08002300                VectorC0
                0x08002300                Vector158
                0x08002300                Vector134
                0x08002300                VectorF0
                0x08002300                Vector13C
                0x08002300                Vector100
                0x08002300                VectorF4
                0x08002300                MemManage_Handler
                0x08002300                VectorA0
                0x08002300                VectorC4
                0x08002300                Vector180
                0x08002300                Vector90
                0x08002300                Vector114
                0x08002300                Vector164
                0x08002300                Vector1C
                0x08002300                Vector17C
                0x08002300                Vector16C
                0x08002300                Vector15C
                0x08002300                Vector170
                0x08002300                Vector88
                0x08002300                Vector104
                0x08002300                Vector184
                0x08002300                Vector10C
                0x08002300                Vector14C
                0x08002300                BusFault_Handler
                0x08002300                Vector50
                0x08002300                Vector194
                0x08002300                Vector154
                0x08002300                Vector28
                0x08002300                VectorB8
                0x08002300                VectorFC
                0x08002300                Vector34
                0x08002300                VectorA4
                0x08002300                Vector20
                0x08002300                Vector18C
                0x08002300                Vector174
 .text.shell_thread.11701
                0x08002310      0x230 /tmp/ccv53Als.ltrans1.ltrans.o
                0x08002310                shell_thread.11701
 .text.startup.main
                0x08002540      0x6b0 /tmp/ccv53Als.ltrans1.ltrans.o
                0x08002540                main
 .text.__early_init
                0x08002bf0       0xa0 /tmp/ccv53Als.ltrans1.ltrans.o
                0x08002bf0                __early_init
 .text.chThdExit
                0x08002c90       0x10 /tmp/ccv53Als.ltrans1.ltrans.o
                0x08002c90                chThdExit
 .text.chSchDoReschedule
                0x08002ca0       0x10 /tmp/ccv53Als.ltrans1.ltrans.o
                0x08002ca0                chSchDoReschedule
 .text.__init_ram_areas
                0x08002cb0       0x60 /tmp/ccv53Als.ltrans1.ltrans.o
                0x08002cb0                __init_ram_areas
 .text.__default_exit
                0x08002d10       0x10 /tmp/ccv53Als.ltrans1.ltrans.o
                0x08002d10                __default_exit
 .text.__late_init
                0x08002d20       0x10 /tmp/ccv53Als.ltrans1.ltrans.o
                0x08002d20                __late_init
 .text.__core_init
                0x08002d30       0x10 /tmp/ccv53Als.ltrans1.ltrans.o
                0x08002d30                __core_init
 .text.VectorD4.4338
                0x08002d40      0x1a0 /tmp/ccv53Als.ltrans2.ltrans.o
 .text.cmd_bluefruit.13001
                0x08002ee0      0x280 /tmp/ccv53Als.ltrans2.ltrans.o
                0x08002ee0                cmd_bluefruit.13001
 .text.chThdSleep.4440
                0x08003160       0x20 /tmp/ccv53Als.ltrans2.ltrans.o
 .text.counterThread.12973
                0x08003180       0x30 /tmp/ccv53Als.ltrans2.ltrans.o
                0x08003180                counterThread.12973
 .text.chIQGetTimeout.4450
                0x080031b0       0x50 /tmp/ccv53Als.ltrans2.ltrans.o
 .text.gett.7800
                0x08003200       0x10 /tmp/ccv53Als.ltrans2.ltrans.o
                0x08003200                gett.7800
 .text.get.7804
                0x08003210       0x10 /tmp/ccv53Als.ltrans2.ltrans.o
                0x08003210                get.7804
 .text.chIQReadTimeout.4468
                0x08003220       0x80 /tmp/ccv53Als.ltrans2.ltrans.o
 .text.readt.7777
                0x080032a0       0x10 /tmp/ccv53Als.ltrans2.ltrans.o
                0x080032a0                readt.7777
 .text.read.7784
                0x080032b0       0x10 /tmp/ccv53Als.ltrans2.ltrans.o
                0x080032b0                read.7784
 .text.chOQPutTimeout.4483
                0x080032c0       0x60 /tmp/ccv53Als.ltrans2.ltrans.o
 .text.putt.7807
                0x08003320       0x10 /tmp/ccv53Als.ltrans2.ltrans.o
                0x08003320                putt.7807
 .text.put.7812
                0x08003330       0x10 /tmp/ccv53Als.ltrans2.ltrans.o
                0x08003330                put.7812
 .text.chOQWriteTimeout.4503
                0x08003340       0x90 /tmp/ccv53Als.ltrans2.ltrans.o
 .text.writet.7789
                0x080033d0       0x10 /tmp/ccv53Als.ltrans2.ltrans.o
                0x080033d0                writet.7789
 .text.write.7795
                0x080033e0       0x10 /tmp/ccv53Als.ltrans2.ltrans.o
                0x080033e0                write.7795
 .text.chThdCreateFromHeap.constprop.24
                0x080033f0      0x120 /tmp/ccv53Als.ltrans2.ltrans.o
                0x080033f0                chThdCreateFromHeap.constprop.24
 .text.termination_handler.12981
                0x08003510      0x150 /tmp/ccv53Als.ltrans2.ltrans.o
                0x08003510                termination_handler.12981
 .text.strpbrk  0x08003660       0x50 /nfs/nfs5/home/research/hardware/arm2/gcc-arm-embedded/gcc-arm-none-eabi-4_8-2014q2/bin/../lib/gcc/arm-none-eabi/4.8.4/../../../../arm-none-eabi/lib/armv7e-m/libg.a(lib_a-strpbrk.o)
                0x08003660                strpbrk
 .text.strspn   0x080036b0       0x40 /nfs/nfs5/home/research/hardware/arm2/gcc-arm-embedded/gcc-arm-none-eabi-4_8-2014q2/bin/../lib/gcc/arm-none-eabi/4.8.4/../../../../arm-none-eabi/lib/armv7e-m/libg.a(lib_a-strspn.o)
                0x080036b0                strspn
 *(.rodata)
 *(.rodata.*)
 .rodata.pow10.12317.4593
                0x080036f0       0x24 /tmp/ccv53Als.ltrans0.ltrans.o
 *fill*         0x08003714        0xc 
 .rodata.str1.4
                0x08003720      0x1c5 /tmp/ccv53Als.ltrans0.ltrans.o
                                0x1c8 (size before relaxing)
 *fill*         0x080038e5        0xb 
 .rodata.ram_areas.4024.4749
                0x080038f0       0x80 /tmp/ccv53Als.ltrans1.ltrans.o
 .rodata.vmt.7902.4748
                0x08003970       0x20 /tmp/ccv53Als.ltrans1.ltrans.o
 .rodata._stm32_dma_streams
                0x08003990       0xf0 /tmp/ccv53Als.ltrans1.ltrans.o
 .rodata.ch_debug
                0x08003a80       0x18 /tmp/ccv53Als.ltrans1.ltrans.o
 *fill*         0x08003a98        0x8 
 .rodata.commands.13034
                0x08003aa0       0x18 /tmp/ccv53Als.ltrans1.ltrans.o
                0x08003aa0                commands.13034
 *fill*         0x08003ab8        0x8 
 .rodata.shell_cfg1.13032
                0x08003ac0        0x8 /tmp/ccv53Als.ltrans1.ltrans.o
                0x08003ac0                shell_cfg1.13032
 *fill*         0x08003ac8        0x8 
 .rodata.str1.4
                0x08003ad0       0xaf /tmp/ccv53Als.ltrans1.ltrans.o
                                 0xd0 (size before relaxing)
 *fill*         0x08003b7f        0x1 
 .rodata.str1.4
                0x08003b80       0x5c /tmp/ccv53Als.ltrans2.ltrans.o
                                 0x60 (size before relaxing)
 *(.glue_7t)
 .glue_7t       0x00000000        0x0 linker stubs
 *(.glue_7)
 .glue_7        0x00000000        0x0 linker stubs
 *(.gcc*)

.vfp11_veneer   0x08003bdc        0x0
 .vfp11_veneer  0x00000000        0x0 linker stubs

.v4_bx          0x08003bdc        0x0
 .v4_bx         0x00000000        0x0 linker stubs

.iplt           0x08003bdc        0x0
 .iplt          0x00000000        0x0 build/obj/crt0_v7m.o

.rel.dyn        0x08003bdc        0x0
 .rel.iplt      0x00000000        0x0 build/obj/crt0_v7m.o

.ARM.extab
 *(.ARM.extab* .gnu.linkonce.armextab.*)

.ARM.exidx      0x08003bdc        0x0
                0x08003bdc                __exidx_start = .
 *(.ARM.exidx* .gnu.linkonce.armexidx.*)
                0x08003bdc                __exidx_end = .

.eh_frame_hdr
 *(.eh_frame_hdr)

.eh_frame
 *(.eh_frame)

.textalign      0x08003bdc        0x4
                0x08003be0                . = ALIGN (0x8)
 *fill*         0x08003bdc        0x4 
                0x08003be0                . = ALIGN (0x4)
                0x08003be0                PROVIDE (_etext, .)

.mstack         0x20000000      0x400
                0x20000000                . = ALIGN (0x8)
                0x20000000                __main_stack_base__ = .
                0x20000400                . = (. + __main_stack_size__)
 *fill*         0x20000000      0x400 
                0x20000400                . = ALIGN (0x8)
                0x20000400                __main_stack_end__ = .

.pstack         0x20000400      0x400
                0x20000400                __process_stack_base__ = .
                0x20000400                __main_thread_stack_base__ = .
                0x20000800                . = (. + __process_stack_size__)
 *fill*         0x20000400      0x400 
                0x20000800                . = ALIGN (0x8)
                0x20000800                __process_stack_end__ = .
                0x20000800                __main_thread_stack_end__ = .

.data           0x20000800       0x2c load address 0x08003be0
                0x20000800                . = ALIGN (0x4)
                0x08003be0                PROVIDE (_textdata, LOADADDR (.data))
                0x20000800                PROVIDE (_data, .)
                0x08003be0                _textdata_start = LOADADDR (.data)
                0x20000800                _data_start = .
 *(.data)
 *(.data.*)
 .data.local_commands.11768.4788
                0x20000800       0x18 /tmp/ccv53Als.ltrans1.ltrans.o
 .data.fhandlers.13037.4678
                0x20000818        0x4 /tmp/ccv53Als.ltrans1.ltrans.o
 .data.bluefruit_config.13036.4702
                0x2000081c       0x10 /tmp/ccv53Als.ltrans2.ltrans.o
 *(.ramtext)
                0x2000082c                . = ALIGN (0x4)
                0x2000082c                PROVIDE (_edata, .)
                0x2000082c                _data_end = .

.igot.plt       0x2000082c        0x0 load address 0x08003c0c
 .igot.plt      0x00000000        0x0 build/obj/crt0_v7m.o

.bss            0x20000830      0x424 load address 0x08003c0c
                0x20000830                . = ALIGN (0x4)
                0x20000830                _bss_start = .
 *(.bss)
 *(.bss.*)
 .bss.nextmem.6954
                0x20000830        0x4 /tmp/ccv53Als.ltrans1.ltrans.o
                0x20000830                nextmem.6954
 *fill*         0x20000834        0x4 
 .bss.ch        0x20000838      0x150 /tmp/ccv53Als.ltrans1.ltrans.o
                0x20000838                ch
 .bss.SPID1     0x20000988       0x34 /tmp/ccv53Als.ltrans1.ltrans.o
                0x20000988                SPID1
 .bss.SD1       0x200009bc       0x7c /tmp/ccv53Als.ltrans1.ltrans.o
                0x200009bc                SD1
 .bss.SPID3     0x20000a38       0x34 /tmp/ccv53Als.ltrans1.ltrans.o
                0x20000a38                SPID3
 *fill*         0x20000a6c        0x4 
 .bss.waCounterThread.13038.4700
                0x20000a70      0x148 /tmp/ccv53Als.ltrans1.ltrans.o
 .bss.endmem.6956
                0x20000bb8        0x4 /tmp/ccv53Als.ltrans1.ltrans.o
                0x20000bb8                endmem.6956
 .bss.shelltp1.13040
                0x20000bbc        0x4 /tmp/ccv53Als.ltrans1.ltrans.o
                0x20000bbc                shelltp1.13040
 .bss.EXTD1     0x20000bc0        0x8 /tmp/ccv53Als.ltrans1.ltrans.o
                0x20000bc0                EXTD1
 .bss._stm32_dma_isr_redir
                0x20000bc8       0x60 /tmp/ccv53Als.ltrans1.ltrans.o
                0x20000bc8                _stm32_dma_isr_redir
 .bss.shell_terminated.4682
                0x20000c28        0x4 /tmp/ccv53Als.ltrans1.ltrans.o
 *fill*         0x20000c2c        0x4 
 .bss.default_heap.7084
                0x20000c30       0x20 /tmp/ccv53Als.ltrans1.ltrans.o
                0x20000c30                default_heap.7084
 .bss.dma_streams_mask.8382
                0x20000c50        0x4 /tmp/ccv53Als.ltrans1.ltrans.o
                0x20000c50                dma_streams_mask.8382
 *(COMMON)
                0x20000c54                . = ALIGN (0x4)
                0x20000c54                _bss_end = .
                0x20000c54                PROVIDE (end, .)

.ram0_init      0x20000c54        0x0 load address 0x08003c0c
                0x20000c54                . = ALIGN (0x4)
                0x08003c0c                __ram0_init_text__ = LOADADDR (.ram0_init)
                0x20000c54                __ram0_init__ = .
 *(.ram0_init)
 *(.ram0_init.*)
                0x20000c54                . = ALIGN (0x4)

.ram0           0x20000c54        0x0 load address 0x08003c0c
                0x20000c54                . = ALIGN (0x4)
                0x20000c54                __ram0_clear__ = .
 *(.ram0_clear)
 *(.ram0_clear.*)
                0x20000c54                . = ALIGN (0x4)
                0x20000c54                __ram0_noinit__ = .
 *(.ram0)
 *(.ram0.*)
                0x20000c54                . = ALIGN (0x4)
                0x20000c54                __ram0_free__ = .

.ram1_init      0x00000000        0x0 load address 0x08003c0c
                0x00000000                . = ALIGN (0x4)
                0x08003c0c                __ram1_init_text__ = LOADADDR (.ram1_init)
                0x00000000                __ram1_init__ = .
 *(.ram1_init)
 *(.ram1_init.*)
                0x00000000                . = ALIGN (0x4)

.ram1           0x00000000        0x0 load address 0x08003c0c
                0x00000000                . = ALIGN (0x4)
                0x00000000                __ram1_clear__ = .
 *(.ram1_clear)
 *(.ram1_clear.*)
                0x00000000                . = ALIGN (0x4)
                0x00000000                __ram1_noinit__ = .
 *(.ram1)
 *(.ram1.*)
                0x00000000                . = ALIGN (0x4)
                0x00000000                __ram1_free__ = .

.ram2_init      0x00000000        0x0 load address 0x08003c0c
                0x00000000                . = ALIGN (0x4)
                0x08003c0c                __ram2_init_text__ = LOADADDR (.ram2_init)
                0x00000000                __ram2_init__ = .
 *(.ram2_init)
 *(.ram2_init.*)
                0x00000000                . = ALIGN (0x4)

.ram2           0x00000000        0x0 load address 0x08003c0c
                0x00000000                . = ALIGN (0x4)
                0x00000000                __ram2_clear__ = .
 *(.ram2_clear)
 *(.ram2_clear.*)
                0x00000000                . = ALIGN (0x4)
                0x00000000                __ram2_noinit__ = .
 *(.ram2)
 *(.ram2.*)
                0x00000000                . = ALIGN (0x4)
                0x00000000                __ram2_free__ = .

.ram3_init      0x00000000        0x0 load address 0x08003c0c
                0x00000000                . = ALIGN (0x4)
                0x08003c0c                __ram3_init_text__ = LOADADDR (.ram3_init)
                0x00000000                __ram3_init__ = .
 *(.ram3_init)
 *(.ram3_init.*)
                0x00000000                . = ALIGN (0x4)

.ram3           0x00000000        0x0 load address 0x08003c0c
                0x00000000                . = ALIGN (0x4)
                0x00000000                __ram3_clear__ = .
 *(.ram3_clear)
 *(.ram3_clear.*)
                0x00000000                . = ALIGN (0x4)
                0x00000000                __ram3_noinit__ = .
 *(.ram3)
 *(.ram3.*)
                0x00000000                . = ALIGN (0x4)
                0x00000000                __ram3_free__ = .

.ram4_init      0x10000000        0x0 load address 0x08003c0c
                0x10000000                . = ALIGN (0x4)
                0x08003c0c                __ram4_init_text__ = LOADADDR (.ram4_init)
                0x10000000                __ram4_init__ = .
 *(.ram4_init)
 *(.ram4_init.*)
                0x10000000                . = ALIGN (0x4)

.ram4           0x10000000        0x0 load address 0x08003c0c
                0x10000000                . = ALIGN (0x4)
                0x10000000                __ram4_clear__ = .
 *(.ram4_clear)
 *(.ram4_clear.*)
                0x10000000                . = ALIGN (0x4)
                0x10000000                __ram4_noinit__ = .
 *(.ram4)
 *(.ram4.*)
                0x10000000                . = ALIGN (0x4)
                0x10000000                __ram4_free__ = .

.ram5_init      0x00000000        0x0 load address 0x08003c0c
                0x00000000                . = ALIGN (0x4)
                0x08003c0c                __ram5_init_text__ = LOADADDR (.ram5_init)
                0x00000000                __ram5_init__ = .
 *(.ram5_init)
 *(.ram5_init.*)
                0x00000000                . = ALIGN (0x4)

.ram5           0x00000000        0x0 load address 0x08003c0c
                0x00000000                . = ALIGN (0x4)
                0x00000000                __ram5_clear__ = .
 *(.ram5_clear)
 *(.ram5_clear.*)
                0x00000000                . = ALIGN (0x4)
                0x00000000                __ram5_noinit__ = .
 *(.ram5)
 *(.ram5.*)
                0x00000000                . = ALIGN (0x4)
                0x00000000                __ram5_free__ = .

.ram6_init      0x00000000        0x0 load address 0x08003c0c
                0x00000000                . = ALIGN (0x4)
                0x08003c0c                __ram6_init_text__ = LOADADDR (.ram6_init)
                0x00000000                __ram6_init__ = .
 *(.ram6_init)
 *(.ram6_init.*)
                0x00000000                . = ALIGN (0x4)

.ram6           0x00000000        0x0 load address 0x08003c0c
                0x00000000                . = ALIGN (0x4)
                0x00000000                __ram6_clear__ = .
 *(.ram6_clear)
 *(.ram6_clear.*)
                0x00000000                . = ALIGN (0x4)
                0x00000000                __ram6_noinit__ = .
 *(.ram6)
 *(.ram6.*)
                0x00000000                . = ALIGN (0x4)
                0x00000000                __ram6_free__ = .

.ram7_init      0x00000000        0x0 load address 0x08003c0c
                0x00000000                . = ALIGN (0x4)
                0x08003c0c                __ram7_init_text__ = LOADADDR (.ram7_init)
                0x00000000                __ram7_init__ = .
 *(.ram7_init)
 *(.ram7_init.*)
                0x00000000                . = ALIGN (0x4)

.ram7           0x00000000        0x0 load address 0x08003c0c
                0x00000000                . = ALIGN (0x4)
                0x00000000                __ram7_clear__ = .
 *(.ram7_clear)
 *(.ram7_clear.*)
                0x00000000                . = ALIGN (0x4)
                0x00000000                __ram7_noinit__ = .
 *(.ram7)
 *(.ram7.*)
                0x00000000                . = ALIGN (0x4)
                0x00000000                __ram7_free__ = .

.heap           0x20000c54     0x93ac
                0x20000c58                . = ALIGN (0x8)
 *fill*         0x20000c54        0x4 
                0x20000c58                __heap_base__ = .
                0x2000a000                . = (ORIGIN (HEAP_RAM) + 0xa000)
 *fill*         0x20000c58     0x93a8 
                0x2000a000                __heap_end__ = .
                0x00000400                __process_stack_size__ = 0x400
                0x00000400                __main_stack_size__ = 0x400
START GROUP
LOAD /nfs/nfs5/home/research/hardware/arm2/gcc-arm-embedded/gcc-arm-none-eabi-4_8-2014q2/bin/../lib/gcc/arm-none-eabi/4.8.4/armv7e-m/libgcc.a
LOAD /nfs/nfs5/home/research/hardware/arm2/gcc-arm-embedded/gcc-arm-none-eabi-4_8-2014q2/bin/../lib/gcc/arm-none-eabi/4.8.4/../../../../arm-none-eabi/lib/armv7e-m/libg.a
LOAD /nfs/nfs5/home/research/hardware/arm2/gcc-arm-embedded/gcc-arm-none-eabi-4_8-2014q2/bin/../lib/gcc/arm-none-eabi/4.8.4/../../../../arm-none-eabi/lib/armv7e-m/libc.a
END GROUP
OUTPUT(build/lab1.elf elf32-littlearm)

.ARM.attributes
                0x00000000       0x2f
 .ARM.attributes
                0x00000000       0x21 build/obj/crt0_v7m.o
 .ARM.attributes
                0x00000021       0x21 build/obj/chcoreasm_v7m.o
 .ARM.attributes
                0x00000042       0x31 /tmp/ccv53Als.ltrans0.ltrans.o
 .ARM.attributes
                0x00000073       0x31 /tmp/ccv53Als.ltrans1.ltrans.o
 .ARM.attributes
                0x000000a4       0x31 /tmp/ccv53Als.ltrans2.ltrans.o
 .ARM.attributes
                0x000000d5       0x1e /nfs/nfs5/home/research/hardware/arm2/gcc-arm-embedded/gcc-arm-none-eabi-4_8-2014q2/bin/../lib/gcc/arm-none-eabi/4.8.4/armv7e-m/libgcc.a(_arm_addsubdf3.o)
 .ARM.attributes
                0x000000f3       0x1e /nfs/nfs5/home/research/hardware/arm2/gcc-arm-embedded/gcc-arm-none-eabi-4_8-2014q2/bin/../lib/gcc/arm-none-eabi/4.8.4/armv7e-m/libgcc.a(_arm_muldivdf3.o)
 .ARM.attributes
                0x00000111       0x1e /nfs/nfs5/home/research/hardware/arm2/gcc-arm-embedded/gcc-arm-none-eabi-4_8-2014q2/bin/../lib/gcc/arm-none-eabi/4.8.4/armv7e-m/libgcc.a(_arm_fixdfsi.o)
 .ARM.attributes
                0x0000012f       0x1e /nfs/nfs5/home/research/hardware/arm2/gcc-arm-embedded/gcc-arm-none-eabi-4_8-2014q2/bin/../lib/gcc/arm-none-eabi/4.8.4/armv7e-m/libgcc.a(_arm_truncdfsf2.o)
 .ARM.attributes
                0x0000014d       0x1e /nfs/nfs5/home/research/hardware/arm2/gcc-arm-embedded/gcc-arm-none-eabi-4_8-2014q2/bin/../lib/gcc/arm-none-eabi/4.8.4/armv7e-m/libgcc.a(_arm_cmpsf2.o)
 .ARM.attributes
                0x0000016b       0x1e /nfs/nfs5/home/research/hardware/arm2/gcc-arm-embedded/gcc-arm-none-eabi-4_8-2014q2/bin/../lib/gcc/arm-none-eabi/4.8.4/armv7e-m/libgcc.a(_arm_fixsfsi.o)
 .ARM.attributes
                0x00000189       0x1c /nfs/nfs5/home/research/hardware/arm2/gcc-arm-embedded/gcc-arm-none-eabi-4_8-2014q2/bin/../lib/gcc/arm-none-eabi/4.8.4/../../../../arm-none-eabi/lib/armv7e-m/libg.a(lib_a-strcmp.o)
 .ARM.attributes
                0x000001a5       0x2e /nfs/nfs5/home/research/hardware/arm2/gcc-arm-embedded/gcc-arm-none-eabi-4_8-2014q2/bin/../lib/gcc/arm-none-eabi/4.8.4/../../../../arm-none-eabi/lib/armv7e-m/libg.a(lib_a-strpbrk.o)
 .ARM.attributes
                0x000001d3       0x2e /nfs/nfs5/home/research/hardware/arm2/gcc-arm-embedded/gcc-arm-none-eabi-4_8-2014q2/bin/../lib/gcc/arm-none-eabi/4.8.4/../../../../arm-none-eabi/lib/armv7e-m/libg.a(lib_a-strspn.o)

.comment        0x00000000       0x70
 .comment       0x00000000       0x70 /tmp/ccv53Als.ltrans0.ltrans.o
                                 0x71 (size before relaxing)
 .comment       0x00000000       0x71 /tmp/ccv53Als.ltrans1.ltrans.o
 .comment       0x00000000       0x71 /tmp/ccv53Als.ltrans2.ltrans.o

.debug_info     0x00000000     0xb27b
 .debug_info    0x00000000     0x3d1a /tmp/ccv53Als.ltrans0.ltrans.o
 .debug_info    0x00003d1a     0x37a6 /tmp/ccv53Als.ltrans1.ltrans.o
 .debug_info    0x000074c0     0x3dbb /tmp/ccv53Als.ltrans2.ltrans.o

.debug_abbrev   0x00000000     0x1269
 .debug_abbrev  0x00000000      0x6d1 /tmp/ccv53Als.ltrans0.ltrans.o
 .debug_abbrev  0x000006d1      0x58e /tmp/ccv53Als.ltrans1.ltrans.o
 .debug_abbrev  0x00000c5f      0x60a /tmp/ccv53Als.ltrans2.ltrans.o

.debug_loc      0x00000000     0x38dd
 .debug_loc     0x00000000     0x1dea /tmp/ccv53Als.ltrans0.ltrans.o
 .debug_loc     0x00001dea      0x565 /tmp/ccv53Als.ltrans1.ltrans.o
 .debug_loc     0x0000234f     0x158e /tmp/ccv53Als.ltrans2.ltrans.o

.debug_aranges  0x00000000      0x2e8
 .debug_aranges
                0x00000000      0x1e0 /tmp/ccv53Als.ltrans0.ltrans.o
 .debug_aranges
                0x000001e0       0x60 /tmp/ccv53Als.ltrans1.ltrans.o
 .debug_aranges
                0x00000240       0xa8 /tmp/ccv53Als.ltrans2.ltrans.o

.debug_ranges   0x00000000     0x1528
 .debug_ranges  0x00000000      0x738 /tmp/ccv53Als.ltrans0.ltrans.o
 .debug_ranges  0x00000738      0x9c8 /tmp/ccv53Als.ltrans1.ltrans.o
 .debug_ranges  0x00001100      0x428 /tmp/ccv53Als.ltrans2.ltrans.o

.debug_line     0x00000000     0x2b56
 .debug_line    0x00000000     0x1160 /tmp/ccv53Als.ltrans0.ltrans.o
 .debug_line    0x00001160      0xdc1 /tmp/ccv53Als.ltrans1.ltrans.o
 .debug_line    0x00001f21      0xc35 /tmp/ccv53Als.ltrans2.ltrans.o

.debug_str      0x00000000     0x23bc
 .debug_str     0x00000000      0xfb0 /tmp/ccv53Als.ltrans0.ltrans.o
                               0x1096 (size before relaxing)
 .debug_str     0x00000fb0      0xeab /tmp/ccv53Als.ltrans1.ltrans.o
                               0x179f (size before relaxing)
 .debug_str     0x00001e5b      0x561 /tmp/ccv53Als.ltrans2.ltrans.o
                                0xfcb (size before relaxing)

.debug_frame    0x00000000      0x8a0
 .debug_frame   0x00000000      0x598 /tmp/ccv53Als.ltrans0.ltrans.o
 .debug_frame   0x00000598       0xd0 /tmp/ccv53Als.ltrans1.ltrans.o
 .debug_frame   0x00000668      0x1e0 /tmp/ccv53Als.ltrans2.ltrans.o
 .debug_frame   0x00000848       0x2c /nfs/nfs5/home/research/hardware/arm2/gcc-arm-embedded/gcc-arm-none-eabi-4_8-2014q2/bin/../lib/gcc/arm-none-eabi/4.8.4/../../../../arm-none-eabi/lib/armv7e-m/libg.a(lib_a-strpbrk.o)
 .debug_frame   0x00000874       0x2c /nfs/nfs5/home/research/hardware/arm2/gcc-arm-embedded/gcc-arm-none-eabi-4_8-2014q2/bin/../lib/gcc/arm-none-eabi/4.8.4/../../../../arm-none-eabi/lib/armv7e-m/libg.a(lib_a-strspn.o)

Cross Reference Table

Symbol                                            File
BusFault_Handler                                  /tmp/ccv53Als.ltrans0.ltrans.o
                                                  /tmp/ccv53Als.ltrans2.ltrans.o
DebugMon_Handler                                  /tmp/ccv53Als.ltrans0.ltrans.o
                                                  /tmp/ccv53Als.ltrans2.ltrans.o
EXTD1                                             /tmp/ccv53Als.ltrans1.ltrans.o
                                                  /tmp/ccv53Als.ltrans0.ltrans.o
HardFault_Handler                                 /tmp/ccv53Als.ltrans0.ltrans.o
                                                  /tmp/ccv53Als.ltrans2.ltrans.o
MemManage_Handler                                 /tmp/ccv53Als.ltrans0.ltrans.o
                                                  /tmp/ccv53Als.ltrans2.ltrans.o
NMI_Handler                                       /tmp/ccv53Als.ltrans0.ltrans.o
                                                  /tmp/ccv53Als.ltrans2.ltrans.o
PendSV_Handler                                    /tmp/ccv53Als.ltrans0.ltrans.o
                                                  /tmp/ccv53Als.ltrans2.ltrans.o
Reset_Handler                                     build/obj/crt0_v7m.o
                                                  /tmp/ccv53Als.ltrans2.ltrans.o
SD1                                               /tmp/ccv53Als.ltrans1.ltrans.o
                                                  /tmp/ccv53Als.ltrans2.ltrans.o
SPID1                                             /tmp/ccv53Als.ltrans1.ltrans.o
                                                  /tmp/ccv53Als.ltrans2.ltrans.o
SPID3                                             /tmp/ccv53Als.ltrans1.ltrans.o
SVC_Handler                                       /tmp/ccv53Als.ltrans0.ltrans.o
                                                  /tmp/ccv53Als.ltrans2.ltrans.o
SysTick_Handler                                   /tmp/ccv53Als.ltrans0.ltrans.o
                                                  /tmp/ccv53Als.ltrans2.ltrans.o
UsageFault_Handler                                /tmp/ccv53Als.ltrans0.ltrans.o
                                                  /tmp/ccv53Als.ltrans2.ltrans.o
Vector100                                         /tmp/ccv53Als.ltrans0.ltrans.o
                                                  /tmp/ccv53Als.ltrans2.ltrans.o
Vector104                                         /tmp/ccv53Als.ltrans0.ltrans.o
                                                  /tmp/ccv53Als.ltrans2.ltrans.o
Vector108                                         /tmp/ccv53Als.ltrans0.ltrans.o
                                                  /tmp/ccv53Als.ltrans2.ltrans.o
Vector10C                                         /tmp/ccv53Als.ltrans0.ltrans.o
                                                  /tmp/ccv53Als.ltrans2.ltrans.o
Vector110                                         /tmp/ccv53Als.ltrans0.ltrans.o
                                                  /tmp/ccv53Als.ltrans2.ltrans.o
Vector114                                         /tmp/ccv53Als.ltrans0.ltrans.o
                                                  /tmp/ccv53Als.ltrans2.ltrans.o
Vector118                                         /tmp/ccv53Als.ltrans0.ltrans.o
                                                  /tmp/ccv53Als.ltrans2.ltrans.o
Vector11C                                         /tmp/ccv53Als.ltrans0.ltrans.o
                                                  /tmp/ccv53Als.ltrans2.ltrans.o
Vector120                                         /tmp/ccv53Als.ltrans0.ltrans.o
                                                  /tmp/ccv53Als.ltrans2.ltrans.o
Vector124                                         /tmp/ccv53Als.ltrans0.ltrans.o
                                                  /tmp/ccv53Als.ltrans2.ltrans.o
Vector128                                         /tmp/ccv53Als.ltrans0.ltrans.o
                                                  /tmp/ccv53Als.ltrans2.ltrans.o
Vector12C                                         /tmp/ccv53Als.ltrans0.ltrans.o
                                                  /tmp/ccv53Als.ltrans2.ltrans.o
Vector130                                         /tmp/ccv53Als.ltrans0.ltrans.o
                                                  /tmp/ccv53Als.ltrans2.ltrans.o
Vector134                                         /tmp/ccv53Als.ltrans0.ltrans.o
                                                  /tmp/ccv53Als.ltrans2.ltrans.o
Vector138                                         /tmp/ccv53Als.ltrans0.ltrans.o
                                                  /tmp/ccv53Als.ltrans2.ltrans.o
Vector13C                                         /tmp/ccv53Als.ltrans0.ltrans.o
                                                  /tmp/ccv53Als.ltrans2.ltrans.o
Vector140                                         /tmp/ccv53Als.ltrans0.ltrans.o
                                                  /tmp/ccv53Als.ltrans2.ltrans.o
Vector144                                         /tmp/ccv53Als.ltrans0.ltrans.o
                                                  /tmp/ccv53Als.ltrans2.ltrans.o
Vector148                                         /tmp/ccv53Als.ltrans0.ltrans.o
                                                  /tmp/ccv53Als.ltrans2.ltrans.o
Vector14C                                         /tmp/ccv53Als.ltrans0.ltrans.o
                                                  /tmp/ccv53Als.ltrans2.ltrans.o
Vector150                                         /tmp/ccv53Als.ltrans0.ltrans.o
                                                  /tmp/ccv53Als.ltrans2.ltrans.o
Vector154                                         /tmp/ccv53Als.ltrans0.ltrans.o
                                                  /tmp/ccv53Als.ltrans2.ltrans.o
Vector158                                         /tmp/ccv53Als.ltrans0.ltrans.o
                                                  /tmp/ccv53Als.ltrans2.ltrans.o
Vector15C                                         /tmp/ccv53Als.ltrans0.ltrans.o
                                                  /tmp/ccv53Als.ltrans2.ltrans.o
Vector160                                         /tmp/ccv53Als.ltrans0.ltrans.o
                                                  /tmp/ccv53Als.ltrans2.ltrans.o
Vector164                                         /tmp/ccv53Als.ltrans0.ltrans.o
                                                  /tmp/ccv53Als.ltrans2.ltrans.o
Vector168                                         /tmp/ccv53Als.ltrans0.ltrans.o
                                                  /tmp/ccv53Als.ltrans2.ltrans.o
Vector16C                                         /tmp/ccv53Als.ltrans0.ltrans.o
                                                  /tmp/ccv53Als.ltrans2.ltrans.o
Vector170                                         /tmp/ccv53Als.ltrans0.ltrans.o
                                                  /tmp/ccv53Als.ltrans2.ltrans.o
Vector174                                         /tmp/ccv53Als.ltrans0.ltrans.o
                                                  /tmp/ccv53Als.ltrans2.ltrans.o
Vector178                                         /tmp/ccv53Als.ltrans0.ltrans.o
                                                  /tmp/ccv53Als.ltrans2.ltrans.o
Vector17C                                         /tmp/ccv53Als.ltrans0.ltrans.o
                                                  /tmp/ccv53Als.ltrans2.ltrans.o
Vector180                                         /tmp/ccv53Als.ltrans0.ltrans.o
                                                  /tmp/ccv53Als.ltrans2.ltrans.o
Vector184                                         /tmp/ccv53Als.ltrans0.ltrans.o
                                                  /tmp/ccv53Als.ltrans2.ltrans.o
Vector188                                         /tmp/ccv53Als.ltrans0.ltrans.o
                                                  /tmp/ccv53Als.ltrans2.ltrans.o
Vector18C                                         /tmp/ccv53Als.ltrans0.ltrans.o
                                                  /tmp/ccv53Als.ltrans2.ltrans.o
Vector190                                         /tmp/ccv53Als.ltrans0.ltrans.o
                                                  /tmp/ccv53Als.ltrans2.ltrans.o
Vector194                                         /tmp/ccv53Als.ltrans0.ltrans.o
                                                  /tmp/ccv53Als.ltrans2.ltrans.o
Vector198                                         /tmp/ccv53Als.ltrans0.ltrans.o
                                                  /tmp/ccv53Als.ltrans2.ltrans.o
Vector19C                                         /tmp/ccv53Als.ltrans0.ltrans.o
                                                  /tmp/ccv53Als.ltrans2.ltrans.o
Vector1C                                          /tmp/ccv53Als.ltrans0.ltrans.o
                                                  /tmp/ccv53Als.ltrans2.ltrans.o
Vector20                                          /tmp/ccv53Als.ltrans0.ltrans.o
                                                  /tmp/ccv53Als.ltrans2.ltrans.o
Vector24                                          /tmp/ccv53Als.ltrans0.ltrans.o
                                                  /tmp/ccv53Als.ltrans2.ltrans.o
Vector28                                          /tmp/ccv53Als.ltrans0.ltrans.o
                                                  /tmp/ccv53Als.ltrans2.ltrans.o
Vector34                                          /tmp/ccv53Als.ltrans0.ltrans.o
                                                  /tmp/ccv53Als.ltrans2.ltrans.o
Vector40                                          /tmp/ccv53Als.ltrans0.ltrans.o
                                                  /tmp/ccv53Als.ltrans2.ltrans.o
Vector44                                          /tmp/ccv53Als.ltrans0.ltrans.o
                                                  /tmp/ccv53Als.ltrans2.ltrans.o
Vector48                                          /tmp/ccv53Als.ltrans0.ltrans.o
                                                  /tmp/ccv53Als.ltrans2.ltrans.o
Vector4C                                          /tmp/ccv53Als.ltrans0.ltrans.o
                                                  /tmp/ccv53Als.ltrans2.ltrans.o
Vector50                                          /tmp/ccv53Als.ltrans0.ltrans.o
                                                  /tmp/ccv53Als.ltrans2.ltrans.o
Vector54                                          /tmp/ccv53Als.ltrans0.ltrans.o
                                                  /tmp/ccv53Als.ltrans2.ltrans.o
Vector58                                          /tmp/ccv53Als.ltrans0.ltrans.o
                                                  /tmp/ccv53Als.ltrans2.ltrans.o
Vector5C                                          /tmp/ccv53Als.ltrans0.ltrans.o
                                                  /tmp/ccv53Als.ltrans2.ltrans.o
Vector60                                          /tmp/ccv53Als.ltrans0.ltrans.o
                                                  /tmp/ccv53Als.ltrans2.ltrans.o
Vector64                                          /tmp/ccv53Als.ltrans0.ltrans.o
                                                  /tmp/ccv53Als.ltrans2.ltrans.o
Vector68                                          /tmp/ccv53Als.ltrans0.ltrans.o
                                                  /tmp/ccv53Als.ltrans2.ltrans.o
Vector6C                                          /tmp/ccv53Als.ltrans0.ltrans.o
                                                  /tmp/ccv53Als.ltrans2.ltrans.o
Vector70                                          /tmp/ccv53Als.ltrans0.ltrans.o
                                                  /tmp/ccv53Als.ltrans2.ltrans.o
Vector74                                          /tmp/ccv53Als.ltrans0.ltrans.o
                                                  /tmp/ccv53Als.ltrans2.ltrans.o
Vector78                                          /tmp/ccv53Als.ltrans0.ltrans.o
                                                  /tmp/ccv53Als.ltrans2.ltrans.o
Vector7C                                          /tmp/ccv53Als.ltrans0.ltrans.o
                                                  /tmp/ccv53Als.ltrans2.ltrans.o
Vector80                                          /tmp/ccv53Als.ltrans0.ltrans.o
                                                  /tmp/ccv53Als.ltrans2.ltrans.o
Vector84                                          /tmp/ccv53Als.ltrans0.ltrans.o
                                                  /tmp/ccv53Als.ltrans2.ltrans.o
Vector88                                          /tmp/ccv53Als.ltrans0.ltrans.o
                                                  /tmp/ccv53Als.ltrans2.ltrans.o
Vector8C                                          /tmp/ccv53Als.ltrans0.ltrans.o
                                                  /tmp/ccv53Als.ltrans2.ltrans.o
Vector90                                          /tmp/ccv53Als.ltrans0.ltrans.o
                                                  /tmp/ccv53Als.ltrans2.ltrans.o
Vector94                                          /tmp/ccv53Als.ltrans0.ltrans.o
                                                  /tmp/ccv53Als.ltrans2.ltrans.o
Vector98                                          /tmp/ccv53Als.ltrans0.ltrans.o
                                                  /tmp/ccv53Als.ltrans2.ltrans.o
Vector9C                                          /tmp/ccv53Als.ltrans0.ltrans.o
                                                  /tmp/ccv53Als.ltrans2.ltrans.o
VectorA0                                          /tmp/ccv53Als.ltrans0.ltrans.o
                                                  /tmp/ccv53Als.ltrans2.ltrans.o
VectorA4                                          /tmp/ccv53Als.ltrans0.ltrans.o
                                                  /tmp/ccv53Als.ltrans2.ltrans.o
VectorA8                                          /tmp/ccv53Als.ltrans0.ltrans.o
                                                  /tmp/ccv53Als.ltrans2.ltrans.o
VectorAC                                          /tmp/ccv53Als.ltrans0.ltrans.o
                                                  /tmp/ccv53Als.ltrans2.ltrans.o
VectorB0                                          /tmp/ccv53Als.ltrans0.ltrans.o
                                                  /tmp/ccv53Als.ltrans2.ltrans.o
VectorB4                                          /tmp/ccv53Als.ltrans0.ltrans.o
                                                  /tmp/ccv53Als.ltrans2.ltrans.o
VectorB8                                          /tmp/ccv53Als.ltrans0.ltrans.o
                                                  /tmp/ccv53Als.ltrans2.ltrans.o
VectorBC                                          /tmp/ccv53Als.ltrans0.ltrans.o
                                                  /tmp/ccv53Als.ltrans2.ltrans.o
VectorC0                                          /tmp/ccv53Als.ltrans0.ltrans.o
                                                  /tmp/ccv53Als.ltrans2.ltrans.o
VectorC4                                          /tmp/ccv53Als.ltrans0.ltrans.o
                                                  /tmp/ccv53Als.ltrans2.ltrans.o
VectorC8                                          /tmp/ccv53Als.ltrans0.ltrans.o
                                                  /tmp/ccv53Als.ltrans2.ltrans.o
VectorCC                                          /tmp/ccv53Als.ltrans0.ltrans.o
                                                  /tmp/ccv53Als.ltrans2.ltrans.o
VectorD0                                          /tmp/ccv53Als.ltrans0.ltrans.o
                                                  /tmp/ccv53Als.ltrans2.ltrans.o
VectorD8                                          /tmp/ccv53Als.ltrans0.ltrans.o
                                                  /tmp/ccv53Als.ltrans2.ltrans.o
VectorDC                                          /tmp/ccv53Als.ltrans0.ltrans.o
                                                  /tmp/ccv53Als.ltrans2.ltrans.o
VectorE0                                          /tmp/ccv53Als.ltrans0.ltrans.o
                                                  /tmp/ccv53Als.ltrans2.ltrans.o
VectorE4                                          /tmp/ccv53Als.ltrans0.ltrans.o
                                                  /tmp/ccv53Als.ltrans2.ltrans.o
VectorE8                                          /tmp/ccv53Als.ltrans0.ltrans.o
                                                  /tmp/ccv53Als.ltrans2.ltrans.o
VectorEC                                          /tmp/ccv53Als.ltrans0.ltrans.o
                                                  /tmp/ccv53Als.ltrans2.ltrans.o
VectorF0                                          /tmp/ccv53Als.ltrans0.ltrans.o
                                                  /tmp/ccv53Als.ltrans2.ltrans.o
VectorF4                                          /tmp/ccv53Als.ltrans0.ltrans.o
                                                  /tmp/ccv53Als.ltrans2.ltrans.o
VectorF8                                          /tmp/ccv53Als.ltrans0.ltrans.o
                                                  /tmp/ccv53Als.ltrans2.ltrans.o
VectorFC                                          /tmp/ccv53Als.ltrans0.ltrans.o
                                                  /tmp/ccv53Als.ltrans2.ltrans.o
__adddf3                                          /nfs/nfs5/home/research/hardware/arm2/gcc-arm-embedded/gcc-arm-none-eabi-4_8-2014q2/bin/../lib/gcc/arm-none-eabi/4.8.4/armv7e-m/libgcc.a(_arm_addsubdf3.o)
__aeabi_cfcmpeq                                   /nfs/nfs5/home/research/hardware/arm2/gcc-arm-embedded/gcc-arm-none-eabi-4_8-2014q2/bin/../lib/gcc/arm-none-eabi/4.8.4/armv7e-m/libgcc.a(_arm_cmpsf2.o)
__aeabi_cfcmple                                   /nfs/nfs5/home/research/hardware/arm2/gcc-arm-embedded/gcc-arm-none-eabi-4_8-2014q2/bin/../lib/gcc/arm-none-eabi/4.8.4/armv7e-m/libgcc.a(_arm_cmpsf2.o)
__aeabi_cfrcmple                                  /nfs/nfs5/home/research/hardware/arm2/gcc-arm-embedded/gcc-arm-none-eabi-4_8-2014q2/bin/../lib/gcc/arm-none-eabi/4.8.4/armv7e-m/libgcc.a(_arm_cmpsf2.o)
__aeabi_d2f                                       /nfs/nfs5/home/research/hardware/arm2/gcc-arm-embedded/gcc-arm-none-eabi-4_8-2014q2/bin/../lib/gcc/arm-none-eabi/4.8.4/armv7e-m/libgcc.a(_arm_truncdfsf2.o)
                                                  /tmp/ccv53Als.ltrans0.ltrans.o
__aeabi_d2iz                                      /nfs/nfs5/home/research/hardware/arm2/gcc-arm-embedded/gcc-arm-none-eabi-4_8-2014q2/bin/../lib/gcc/arm-none-eabi/4.8.4/armv7e-m/libgcc.a(_arm_fixdfsi.o)
                                                  /tmp/ccv53Als.ltrans0.ltrans.o
__aeabi_dadd                                      /nfs/nfs5/home/research/hardware/arm2/gcc-arm-embedded/gcc-arm-none-eabi-4_8-2014q2/bin/../lib/gcc/arm-none-eabi/4.8.4/armv7e-m/libgcc.a(_arm_addsubdf3.o)
__aeabi_ddiv                                      /nfs/nfs5/home/research/hardware/arm2/gcc-arm-embedded/gcc-arm-none-eabi-4_8-2014q2/bin/../lib/gcc/arm-none-eabi/4.8.4/armv7e-m/libgcc.a(_arm_muldivdf3.o)
__aeabi_dmul                                      /nfs/nfs5/home/research/hardware/arm2/gcc-arm-embedded/gcc-arm-none-eabi-4_8-2014q2/bin/../lib/gcc/arm-none-eabi/4.8.4/armv7e-m/libgcc.a(_arm_muldivdf3.o)
                                                  /tmp/ccv53Als.ltrans0.ltrans.o
__aeabi_drsub                                     /nfs/nfs5/home/research/hardware/arm2/gcc-arm-embedded/gcc-arm-none-eabi-4_8-2014q2/bin/../lib/gcc/arm-none-eabi/4.8.4/armv7e-m/libgcc.a(_arm_addsubdf3.o)
__aeabi_dsub                                      /nfs/nfs5/home/research/hardware/arm2/gcc-arm-embedded/gcc-arm-none-eabi-4_8-2014q2/bin/../lib/gcc/arm-none-eabi/4.8.4/armv7e-m/libgcc.a(_arm_addsubdf3.o)
                                                  /tmp/ccv53Als.ltrans0.ltrans.o
__aeabi_f2d                                       /nfs/nfs5/home/research/hardware/arm2/gcc-arm-embedded/gcc-arm-none-eabi-4_8-2014q2/bin/../lib/gcc/arm-none-eabi/4.8.4/armv7e-m/libgcc.a(_arm_addsubdf3.o)
                                                  /tmp/ccv53Als.ltrans0.ltrans.o
__aeabi_f2iz                                      /nfs/nfs5/home/research/hardware/arm2/gcc-arm-embedded/gcc-arm-none-eabi-4_8-2014q2/bin/../lib/gcc/arm-none-eabi/4.8.4/armv7e-m/libgcc.a(_arm_fixsfsi.o)
                                                  /tmp/ccv53Als.ltrans0.ltrans.o
__aeabi_fcmpeq                                    /nfs/nfs5/home/research/hardware/arm2/gcc-arm-embedded/gcc-arm-none-eabi-4_8-2014q2/bin/../lib/gcc/arm-none-eabi/4.8.4/armv7e-m/libgcc.a(_arm_cmpsf2.o)
__aeabi_fcmpge                                    /nfs/nfs5/home/research/hardware/arm2/gcc-arm-embedded/gcc-arm-none-eabi-4_8-2014q2/bin/../lib/gcc/arm-none-eabi/4.8.4/armv7e-m/libgcc.a(_arm_cmpsf2.o)
__aeabi_fcmpgt                                    /nfs/nfs5/home/research/hardware/arm2/gcc-arm-embedded/gcc-arm-none-eabi-4_8-2014q2/bin/../lib/gcc/arm-none-eabi/4.8.4/armv7e-m/libgcc.a(_arm_cmpsf2.o)
__aeabi_fcmple                                    /nfs/nfs5/home/research/hardware/arm2/gcc-arm-embedded/gcc-arm-none-eabi-4_8-2014q2/bin/../lib/gcc/arm-none-eabi/4.8.4/armv7e-m/libgcc.a(_arm_cmpsf2.o)
__aeabi_fcmplt                                    /nfs/nfs5/home/research/hardware/arm2/gcc-arm-embedded/gcc-arm-none-eabi-4_8-2014q2/bin/../lib/gcc/arm-none-eabi/4.8.4/armv7e-m/libgcc.a(_arm_cmpsf2.o)
                                                  /tmp/ccv53Als.ltrans0.ltrans.o
__aeabi_i2d                                       /nfs/nfs5/home/research/hardware/arm2/gcc-arm-embedded/gcc-arm-none-eabi-4_8-2014q2/bin/../lib/gcc/arm-none-eabi/4.8.4/armv7e-m/libgcc.a(_arm_addsubdf3.o)
                                                  /tmp/ccv53Als.ltrans0.ltrans.o
__aeabi_l2d                                       /nfs/nfs5/home/research/hardware/arm2/gcc-arm-embedded/gcc-arm-none-eabi-4_8-2014q2/bin/../lib/gcc/arm-none-eabi/4.8.4/armv7e-m/libgcc.a(_arm_addsubdf3.o)
__aeabi_ui2d                                      /nfs/nfs5/home/research/hardware/arm2/gcc-arm-embedded/gcc-arm-none-eabi-4_8-2014q2/bin/../lib/gcc/arm-none-eabi/4.8.4/armv7e-m/libgcc.a(_arm_addsubdf3.o)
                                                  /tmp/ccv53Als.ltrans0.ltrans.o
__aeabi_ul2d                                      /nfs/nfs5/home/research/hardware/arm2/gcc-arm-embedded/gcc-arm-none-eabi-4_8-2014q2/bin/../lib/gcc/arm-none-eabi/4.8.4/armv7e-m/libgcc.a(_arm_addsubdf3.o)
__cmpsf2                                          /nfs/nfs5/home/research/hardware/arm2/gcc-arm-embedded/gcc-arm-none-eabi-4_8-2014q2/bin/../lib/gcc/arm-none-eabi/4.8.4/armv7e-m/libgcc.a(_arm_cmpsf2.o)
__core_init                                       /tmp/ccv53Als.ltrans1.ltrans.o
                                                  build/obj/crt0_v7m.o
__default_exit                                    /tmp/ccv53Als.ltrans1.ltrans.o
                                                  build/obj/crt0_v7m.o
__divdf3                                          /nfs/nfs5/home/research/hardware/arm2/gcc-arm-embedded/gcc-arm-none-eabi-4_8-2014q2/bin/../lib/gcc/arm-none-eabi/4.8.4/armv7e-m/libgcc.a(_arm_muldivdf3.o)
__early_init                                      /tmp/ccv53Als.ltrans1.ltrans.o
                                                  build/obj/crt0_v7m.o
__eqsf2                                           /nfs/nfs5/home/research/hardware/arm2/gcc-arm-embedded/gcc-arm-none-eabi-4_8-2014q2/bin/../lib/gcc/arm-none-eabi/4.8.4/armv7e-m/libgcc.a(_arm_cmpsf2.o)
__extendsfdf2                                     /nfs/nfs5/home/research/hardware/arm2/gcc-arm-embedded/gcc-arm-none-eabi-4_8-2014q2/bin/../lib/gcc/arm-none-eabi/4.8.4/armv7e-m/libgcc.a(_arm_addsubdf3.o)
__fini_array_end                                  build/obj/crt0_v7m.o
__fini_array_start                                build/obj/crt0_v7m.o
__fixdfsi                                         /nfs/nfs5/home/research/hardware/arm2/gcc-arm-embedded/gcc-arm-none-eabi-4_8-2014q2/bin/../lib/gcc/arm-none-eabi/4.8.4/armv7e-m/libgcc.a(_arm_fixdfsi.o)
__fixsfsi                                         /nfs/nfs5/home/research/hardware/arm2/gcc-arm-embedded/gcc-arm-none-eabi-4_8-2014q2/bin/../lib/gcc/arm-none-eabi/4.8.4/armv7e-m/libgcc.a(_arm_fixsfsi.o)
__floatdidf                                       /nfs/nfs5/home/research/hardware/arm2/gcc-arm-embedded/gcc-arm-none-eabi-4_8-2014q2/bin/../lib/gcc/arm-none-eabi/4.8.4/armv7e-m/libgcc.a(_arm_addsubdf3.o)
__floatsidf                                       /nfs/nfs5/home/research/hardware/arm2/gcc-arm-embedded/gcc-arm-none-eabi-4_8-2014q2/bin/../lib/gcc/arm-none-eabi/4.8.4/armv7e-m/libgcc.a(_arm_addsubdf3.o)
__floatundidf                                     /nfs/nfs5/home/research/hardware/arm2/gcc-arm-embedded/gcc-arm-none-eabi-4_8-2014q2/bin/../lib/gcc/arm-none-eabi/4.8.4/armv7e-m/libgcc.a(_arm_addsubdf3.o)
__floatunsidf                                     /nfs/nfs5/home/research/hardware/arm2/gcc-arm-embedded/gcc-arm-none-eabi-4_8-2014q2/bin/../lib/gcc/arm-none-eabi/4.8.4/armv7e-m/libgcc.a(_arm_addsubdf3.o)
__gesf2                                           /nfs/nfs5/home/research/hardware/arm2/gcc-arm-embedded/gcc-arm-none-eabi-4_8-2014q2/bin/../lib/gcc/arm-none-eabi/4.8.4/armv7e-m/libgcc.a(_arm_cmpsf2.o)
__gtsf2                                           /nfs/nfs5/home/research/hardware/arm2/gcc-arm-embedded/gcc-arm-none-eabi-4_8-2014q2/bin/../lib/gcc/arm-none-eabi/4.8.4/armv7e-m/libgcc.a(_arm_cmpsf2.o)
__heap_base__                                     /tmp/ccv53Als.ltrans1.ltrans.o
__heap_end__                                      /tmp/ccv53Als.ltrans1.ltrans.o
__init_array_end                                  build/obj/crt0_v7m.o
__init_array_start                                build/obj/crt0_v7m.o
__init_ram_areas                                  /tmp/ccv53Als.ltrans1.ltrans.o
                                                  build/obj/crt0_v7m.o
__late_init                                       /tmp/ccv53Als.ltrans1.ltrans.o
                                                  build/obj/crt0_v7m.o
__lesf2                                           /nfs/nfs5/home/research/hardware/arm2/gcc-arm-embedded/gcc-arm-none-eabi-4_8-2014q2/bin/../lib/gcc/arm-none-eabi/4.8.4/armv7e-m/libgcc.a(_arm_cmpsf2.o)
__ltsf2                                           /nfs/nfs5/home/research/hardware/arm2/gcc-arm-embedded/gcc-arm-none-eabi-4_8-2014q2/bin/../lib/gcc/arm-none-eabi/4.8.4/armv7e-m/libgcc.a(_arm_cmpsf2.o)
__main_stack_base__                               build/obj/crt0_v7m.o
__main_stack_end__                                /tmp/ccv53Als.ltrans2.ltrans.o
                                                  build/obj/crt0_v7m.o
__muldf3                                          /nfs/nfs5/home/research/hardware/arm2/gcc-arm-embedded/gcc-arm-none-eabi-4_8-2014q2/bin/../lib/gcc/arm-none-eabi/4.8.4/armv7e-m/libgcc.a(_arm_muldivdf3.o)
__nesf2                                           /nfs/nfs5/home/research/hardware/arm2/gcc-arm-embedded/gcc-arm-none-eabi-4_8-2014q2/bin/../lib/gcc/arm-none-eabi/4.8.4/armv7e-m/libgcc.a(_arm_cmpsf2.o)
__process_stack_base__                            build/obj/crt0_v7m.o
__process_stack_end__                             build/obj/crt0_v7m.o
__ram0_clear__                                    /tmp/ccv53Als.ltrans1.ltrans.o
__ram0_init__                                     /tmp/ccv53Als.ltrans1.ltrans.o
__ram0_init_text__                                /tmp/ccv53Als.ltrans1.ltrans.o
__ram0_noinit__                                   /tmp/ccv53Als.ltrans1.ltrans.o
__ram1_clear__                                    /tmp/ccv53Als.ltrans1.ltrans.o
__ram1_init__                                     /tmp/ccv53Als.ltrans1.ltrans.o
__ram1_init_text__                                /tmp/ccv53Als.ltrans1.ltrans.o
__ram1_noinit__                                   /tmp/ccv53Als.ltrans1.ltrans.o
__ram2_clear__                                    /tmp/ccv53Als.ltrans1.ltrans.o
__ram2_init__                                     /tmp/ccv53Als.ltrans1.ltrans.o
__ram2_init_text__                                /tmp/ccv53Als.ltrans1.ltrans.o
__ram2_noinit__                                   /tmp/ccv53Als.ltrans1.ltrans.o
__ram3_clear__                                    /tmp/ccv53Als.ltrans1.ltrans.o
__ram3_init__                                     /tmp/ccv53Als.ltrans1.ltrans.o
__ram3_init_text__                                /tmp/ccv53Als.ltrans1.ltrans.o
__ram3_noinit__                                   /tmp/ccv53Als.ltrans1.ltrans.o
__ram4_clear__                                    /tmp/ccv53Als.ltrans1.ltrans.o
__ram4_init__                                     /tmp/ccv53Als.ltrans1.ltrans.o
__ram4_init_text__                                /tmp/ccv53Als.ltrans1.ltrans.o
__ram4_noinit__                                   /tmp/ccv53Als.ltrans1.ltrans.o
__ram5_clear__                                    /tmp/ccv53Als.ltrans1.ltrans.o
__ram5_init__                                     /tmp/ccv53Als.ltrans1.ltrans.o
__ram5_init_text__                                /tmp/ccv53Als.ltrans1.ltrans.o
__ram5_noinit__                                   /tmp/ccv53Als.ltrans1.ltrans.o
__ram6_clear__                                    /tmp/ccv53Als.ltrans1.ltrans.o
__ram6_init__                                     /tmp/ccv53Als.ltrans1.ltrans.o
__ram6_init_text__                                /tmp/ccv53Als.ltrans1.ltrans.o
__ram6_noinit__                                   /tmp/ccv53Als.ltrans1.ltrans.o
__ram7_clear__                                    /tmp/ccv53Als.ltrans1.ltrans.o
__ram7_init__                                     /tmp/ccv53Als.ltrans1.ltrans.o
__ram7_init_text__                                /tmp/ccv53Als.ltrans1.ltrans.o
__ram7_noinit__                                   /tmp/ccv53Als.ltrans1.ltrans.o
__subdf3                                          /nfs/nfs5/home/research/hardware/arm2/gcc-arm-embedded/gcc-arm-none-eabi-4_8-2014q2/bin/../lib/gcc/arm-none-eabi/4.8.4/armv7e-m/libgcc.a(_arm_addsubdf3.o)
__truncdfsf2                                      /nfs/nfs5/home/research/hardware/arm2/gcc-arm-embedded/gcc-arm-none-eabi-4_8-2014q2/bin/../lib/gcc/arm-none-eabi/4.8.4/armv7e-m/libgcc.a(_arm_truncdfsf2.o)
_bss_end                                          build/obj/crt0_v7m.o
_bss_start                                        build/obj/crt0_v7m.o
_data_end                                         build/obj/crt0_v7m.o
_data_start                                       build/obj/crt0_v7m.o
_idle_thread.4308                                 /tmp/ccv53Als.ltrans0.ltrans.o
                                                  /tmp/ccv53Als.ltrans1.ltrans.o
_pal_lld_setgroupmode                             /tmp/ccv53Als.ltrans0.ltrans.o
                                                  /tmp/ccv53Als.ltrans1.ltrans.o
_port_exit_from_isr                               build/obj/chcoreasm_v7m.o
                                                  /tmp/ccv53Als.ltrans0.ltrans.o
_port_irq_epilogue                                /tmp/ccv53Als.ltrans0.ltrans.o
                                                  /tmp/ccv53Als.ltrans2.ltrans.o
_port_switch                                      build/obj/chcoreasm_v7m.o
                                                  /tmp/ccv53Als.ltrans0.ltrans.o
_port_switch_from_isr                             build/obj/chcoreasm_v7m.o
                                                  /tmp/ccv53Als.ltrans0.ltrans.o
_port_thread_start                                build/obj/chcoreasm_v7m.o
                                                  /tmp/ccv53Als.ltrans2.ltrans.o
                                                  /tmp/ccv53Als.ltrans1.ltrans.o
_stm32_dma_isr_redir                              /tmp/ccv53Als.ltrans1.ltrans.o
                                                  /tmp/ccv53Als.ltrans0.ltrans.o
_strtok.11712.constprop.4                         /tmp/ccv53Als.ltrans0.ltrans.o
                                                  /tmp/ccv53Als.ltrans1.ltrans.o
_textdata_start                                   build/obj/crt0_v7m.o
_vectors                                          /tmp/ccv53Als.ltrans2.ltrans.o
ch                                                /tmp/ccv53Als.ltrans1.ltrans.o
                                                  /tmp/ccv53Als.ltrans2.ltrans.o
                                                  /tmp/ccv53Als.ltrans0.ltrans.o
chCoreAlloc                                       /tmp/ccv53Als.ltrans0.ltrans.o
                                                  /tmp/ccv53Als.ltrans1.ltrans.o
chEvtBroadcastFlagsI                              /tmp/ccv53Als.ltrans0.ltrans.o
                                                  /tmp/ccv53Als.ltrans2.ltrans.o
                                                  /tmp/ccv53Als.ltrans1.ltrans.o
chMtxLockS                                        /tmp/ccv53Als.ltrans0.ltrans.o
                                                  /tmp/ccv53Als.ltrans2.ltrans.o
chMtxUnlock                                       /tmp/ccv53Als.ltrans0.ltrans.o
                                                  /tmp/ccv53Als.ltrans2.ltrans.o
chSchDoReschedule                                 /tmp/ccv53Als.ltrans1.ltrans.o
                                                  build/obj/chcoreasm_v7m.o
chSchDoRescheduleAhead                            /tmp/ccv53Als.ltrans0.ltrans.o
                                                  /tmp/ccv53Als.ltrans1.ltrans.o
chSchGoSleepS                                     /tmp/ccv53Als.ltrans0.ltrans.o
                                                  /tmp/ccv53Als.ltrans2.ltrans.o
                                                  /tmp/ccv53Als.ltrans1.ltrans.o
chSchGoSleepTimeoutS                              /tmp/ccv53Als.ltrans0.ltrans.o
                                                  /tmp/ccv53Als.ltrans2.ltrans.o
chSchReadyI                                       /tmp/ccv53Als.ltrans0.ltrans.o
                                                  /tmp/ccv53Als.ltrans2.ltrans.o
chSchWakeupS.constprop.34                         /tmp/ccv53Als.ltrans0.ltrans.o
                                                  /tmp/ccv53Als.ltrans2.ltrans.o
                                                  /tmp/ccv53Als.ltrans1.ltrans.o
chTMStartMeasurementX.constprop.31                /tmp/ccv53Als.ltrans0.ltrans.o
                                                  /tmp/ccv53Als.ltrans1.ltrans.o
chTMStopMeasurementX                              /tmp/ccv53Als.ltrans0.ltrans.o
                                                  /tmp/ccv53Als.ltrans1.ltrans.o
chThdCreateFromHeap.constprop.24                  /tmp/ccv53Als.ltrans2.ltrans.o
                                                  /tmp/ccv53Als.ltrans1.ltrans.o
chThdEnqueueTimeoutS                              /tmp/ccv53Als.ltrans0.ltrans.o
                                                  /tmp/ccv53Als.ltrans2.ltrans.o
chThdExit                                         /tmp/ccv53Als.ltrans1.ltrans.o
                                                  build/obj/chcoreasm_v7m.o
chThdExitS                                        /tmp/ccv53Als.ltrans0.ltrans.o
                                                  /tmp/ccv53Als.ltrans1.ltrans.o
chprintf                                          /tmp/ccv53Als.ltrans0.ltrans.o
                                                  /tmp/ccv53Als.ltrans2.ltrans.o
                                                  /tmp/ccv53Als.ltrans1.ltrans.o
cmd_bluefruit.13001                               /tmp/ccv53Als.ltrans2.ltrans.o
                                                  /tmp/ccv53Als.ltrans1.ltrans.o
cmd_info.11728                                    /tmp/ccv53Als.ltrans0.ltrans.o
                                                  /tmp/ccv53Als.ltrans1.ltrans.o
cmd_myecho.12976                                  /tmp/ccv53Als.ltrans0.ltrans.o
                                                  /tmp/ccv53Als.ltrans1.ltrans.o
cmd_systime.11720                                 /tmp/ccv53Als.ltrans0.ltrans.o
                                                  /tmp/ccv53Als.ltrans1.ltrans.o
commands.13034                                    /tmp/ccv53Als.ltrans1.ltrans.o
counterThread.12973                               /tmp/ccv53Als.ltrans2.ltrans.o
                                                  /tmp/ccv53Als.ltrans1.ltrans.o
default_heap.7084                                 /tmp/ccv53Als.ltrans1.ltrans.o
                                                  /tmp/ccv53Als.ltrans2.ltrans.o
dmaStreamAllocate.constprop.14                    /tmp/ccv53Als.ltrans0.ltrans.o
                                                  /tmp/ccv53Als.ltrans2.ltrans.o
dma_streams_mask.8382                             /tmp/ccv53Als.ltrans1.ltrans.o
                                                  /tmp/ccv53Als.ltrans0.ltrans.o
endmem.6956                                       /tmp/ccv53Als.ltrans1.ltrans.o
                                                  /tmp/ccv53Als.ltrans0.ltrans.o
get.7804                                          /tmp/ccv53Als.ltrans2.ltrans.o
                                                  /tmp/ccv53Als.ltrans1.ltrans.o
gett.7800                                         /tmp/ccv53Als.ltrans2.ltrans.o
                                                  /tmp/ccv53Als.ltrans1.ltrans.o
main                                              /tmp/ccv53Als.ltrans1.ltrans.o
                                                  build/obj/crt0_v7m.o
nextmem.6954                                      /tmp/ccv53Als.ltrans1.ltrans.o
                                                  /tmp/ccv53Als.ltrans0.ltrans.o
notify1.9076                                      /tmp/ccv53Als.ltrans0.ltrans.o
                                                  /tmp/ccv53Als.ltrans1.ltrans.o
put.7812                                          /tmp/ccv53Als.ltrans2.ltrans.o
                                                  /tmp/ccv53Als.ltrans1.ltrans.o
putt.7807                                         /tmp/ccv53Als.ltrans2.ltrans.o
                                                  /tmp/ccv53Als.ltrans1.ltrans.o
read.7784                                         /tmp/ccv53Als.ltrans2.ltrans.o
                                                  /tmp/ccv53Als.ltrans1.ltrans.o
readt.7777                                        /tmp/ccv53Als.ltrans2.ltrans.o
                                                  /tmp/ccv53Als.ltrans1.ltrans.o
shell_cfg1.13032                                  /tmp/ccv53Als.ltrans1.ltrans.o
                                                  /tmp/ccv53Als.ltrans2.ltrans.o
shell_thread.11701                                /tmp/ccv53Als.ltrans1.ltrans.o
                                                  /tmp/ccv53Als.ltrans2.ltrans.o
shelltp1.13040                                    /tmp/ccv53Als.ltrans1.ltrans.o
                                                  /tmp/ccv53Als.ltrans2.ltrans.o
spi_lld_serve_rx_interrupt.8831                   /tmp/ccv53Als.ltrans0.ltrans.o
                                                  /tmp/ccv53Als.ltrans2.ltrans.o
spi_lld_serve_tx_interrupt.8827                   /tmp/ccv53Als.ltrans0.ltrans.o
                                                  /tmp/ccv53Als.ltrans2.ltrans.o
strcmp                                            /nfs/nfs5/home/research/hardware/arm2/gcc-arm-embedded/gcc-arm-none-eabi-4_8-2014q2/bin/../lib/gcc/arm-none-eabi/4.8.4/../../../../arm-none-eabi/lib/armv7e-m/libg.a(lib_a-strcmp.o)
                                                  /tmp/ccv53Als.ltrans2.ltrans.o
                                                  /tmp/ccv53Als.ltrans1.ltrans.o
strpbrk                                           /nfs/nfs5/home/research/hardware/arm2/gcc-arm-embedded/gcc-arm-none-eabi-4_8-2014q2/bin/../lib/gcc/arm-none-eabi/4.8.4/../../../../arm-none-eabi/lib/armv7e-m/libg.a(lib_a-strpbrk.o)
                                                  /tmp/ccv53Als.ltrans0.ltrans.o
strspn                                            /nfs/nfs5/home/research/hardware/arm2/gcc-arm-embedded/gcc-arm-none-eabi-4_8-2014q2/bin/../lib/gcc/arm-none-eabi/4.8.4/../../../../arm-none-eabi/lib/armv7e-m/libg.a(lib_a-strspn.o)
                                                  /tmp/ccv53Als.ltrans0.ltrans.o
termination_handler.12981                         /tmp/ccv53Als.ltrans2.ltrans.o
                                                  /tmp/ccv53Als.ltrans1.ltrans.o
write.7795                                        /tmp/ccv53Als.ltrans2.ltrans.o
                                                  /tmp/ccv53Als.ltrans1.ltrans.o
writet.7789                                       /tmp/ccv53Als.ltrans2.ltrans.o
                                                  /tmp/ccv53Als.ltrans1.ltrans.o
