Archive member included because of file (symbol)

/nfs/nfs5/home/research/hardware/arm2/gcc-arm-embedded/gcc-arm-none-eabi-4_8-2014q2/bin/../lib/gcc/arm-none-eabi/4.8.4/armv7e-m/libgcc.a(_arm_addsubdf3.o)
                              /tmp/cc5sf0mf.ltrans0.ltrans.o (__aeabi_dsub)
/nfs/nfs5/home/research/hardware/arm2/gcc-arm-embedded/gcc-arm-none-eabi-4_8-2014q2/bin/../lib/gcc/arm-none-eabi/4.8.4/armv7e-m/libgcc.a(_arm_muldivdf3.o)
                              /tmp/cc5sf0mf.ltrans0.ltrans.o (__aeabi_dmul)
/nfs/nfs5/home/research/hardware/arm2/gcc-arm-embedded/gcc-arm-none-eabi-4_8-2014q2/bin/../lib/gcc/arm-none-eabi/4.8.4/armv7e-m/libgcc.a(_arm_fixdfsi.o)
                              /tmp/cc5sf0mf.ltrans0.ltrans.o (__aeabi_d2iz)
/nfs/nfs5/home/research/hardware/arm2/gcc-arm-embedded/gcc-arm-none-eabi-4_8-2014q2/bin/../lib/gcc/arm-none-eabi/4.8.4/armv7e-m/libgcc.a(_arm_truncdfsf2.o)
                              /tmp/cc5sf0mf.ltrans0.ltrans.o (__aeabi_d2f)
/nfs/nfs5/home/research/hardware/arm2/gcc-arm-embedded/gcc-arm-none-eabi-4_8-2014q2/bin/../lib/gcc/arm-none-eabi/4.8.4/armv7e-m/libgcc.a(_arm_cmpsf2.o)
                              /tmp/cc5sf0mf.ltrans0.ltrans.o (__aeabi_fcmplt)
/nfs/nfs5/home/research/hardware/arm2/gcc-arm-embedded/gcc-arm-none-eabi-4_8-2014q2/bin/../lib/gcc/arm-none-eabi/4.8.4/armv7e-m/libgcc.a(_arm_fixsfsi.o)
                              /tmp/cc5sf0mf.ltrans0.ltrans.o (__aeabi_f2iz)
/nfs/nfs5/home/research/hardware/arm2/gcc-arm-embedded/gcc-arm-none-eabi-4_8-2014q2/bin/../lib/gcc/arm-none-eabi/4.8.4/../../../../arm-none-eabi/lib/armv7e-m/libg.a(lib_a-strcmp.o)
                              /tmp/cc5sf0mf.ltrans1.ltrans.o (strcmp)
/nfs/nfs5/home/research/hardware/arm2/gcc-arm-embedded/gcc-arm-none-eabi-4_8-2014q2/bin/../lib/gcc/arm-none-eabi/4.8.4/../../../../arm-none-eabi/lib/armv7e-m/libg.a(lib_a-strpbrk.o)
                              /tmp/cc5sf0mf.ltrans0.ltrans.o (strpbrk)
/nfs/nfs5/home/research/hardware/arm2/gcc-arm-embedded/gcc-arm-none-eabi-4_8-2014q2/bin/../lib/gcc/arm-none-eabi/4.8.4/../../../../arm-none-eabi/lib/armv7e-m/libg.a(lib_a-strspn.o)
                              /tmp/cc5sf0mf.ltrans0.ltrans.o (strspn)

Discarded input sections

 .data          0x00000000        0x0 build/obj/crt0_v7m.o
 .bss           0x00000000        0x0 build/obj/crt0_v7m.o
 .data          0x00000000        0x0 build/obj/chcoreasm_v7m.o
 .bss           0x00000000        0x0 build/obj/chcoreasm_v7m.o
 .text          0x00000000        0x0 build/obj/crt1.o (symbol from plugin)
 .text          0x00000000        0x0 /tmp/cc5sf0mf.ltrans0.ltrans.o
 .data          0x00000000        0x0 /tmp/cc5sf0mf.ltrans0.ltrans.o
 .bss           0x00000000        0x0 /tmp/cc5sf0mf.ltrans0.ltrans.o
 .text          0x00000000        0x0 /tmp/cc5sf0mf.ltrans1.ltrans.o
 .data          0x00000000        0x0 /tmp/cc5sf0mf.ltrans1.ltrans.o
 .bss           0x00000000        0x0 /tmp/cc5sf0mf.ltrans1.ltrans.o
 .text          0x00000000        0x0 /tmp/cc5sf0mf.ltrans2.ltrans.o
 .data          0x00000000        0x0 /tmp/cc5sf0mf.ltrans2.ltrans.o
 .bss           0x00000000        0x0 /tmp/cc5sf0mf.ltrans2.ltrans.o
 .text          0x00000000        0x0 /tmp/cc5sf0mf.ltrans3.ltrans.o
 .data          0x00000000        0x0 /tmp/cc5sf0mf.ltrans3.ltrans.o
 .bss           0x00000000        0x0 /tmp/cc5sf0mf.ltrans3.ltrans.o
 .data          0x00000000        0x0 /nfs/nfs5/home/research/hardware/arm2/gcc-arm-embedded/gcc-arm-none-eabi-4_8-2014q2/bin/../lib/gcc/arm-none-eabi/4.8.4/armv7e-m/libgcc.a(_arm_addsubdf3.o)
 .bss           0x00000000        0x0 /nfs/nfs5/home/research/hardware/arm2/gcc-arm-embedded/gcc-arm-none-eabi-4_8-2014q2/bin/../lib/gcc/arm-none-eabi/4.8.4/armv7e-m/libgcc.a(_arm_addsubdf3.o)
 .data          0x00000000        0x0 /nfs/nfs5/home/research/hardware/arm2/gcc-arm-embedded/gcc-arm-none-eabi-4_8-2014q2/bin/../lib/gcc/arm-none-eabi/4.8.4/armv7e-m/libgcc.a(_arm_muldivdf3.o)
 .bss           0x00000000        0x0 /nfs/nfs5/home/research/hardware/arm2/gcc-arm-embedded/gcc-arm-none-eabi-4_8-2014q2/bin/../lib/gcc/arm-none-eabi/4.8.4/armv7e-m/libgcc.a(_arm_muldivdf3.o)
 .data          0x00000000        0x0 /nfs/nfs5/home/research/hardware/arm2/gcc-arm-embedded/gcc-arm-none-eabi-4_8-2014q2/bin/../lib/gcc/arm-none-eabi/4.8.4/armv7e-m/libgcc.a(_arm_fixdfsi.o)
 .bss           0x00000000        0x0 /nfs/nfs5/home/research/hardware/arm2/gcc-arm-embedded/gcc-arm-none-eabi-4_8-2014q2/bin/../lib/gcc/arm-none-eabi/4.8.4/armv7e-m/libgcc.a(_arm_fixdfsi.o)
 .data          0x00000000        0x0 /nfs/nfs5/home/research/hardware/arm2/gcc-arm-embedded/gcc-arm-none-eabi-4_8-2014q2/bin/../lib/gcc/arm-none-eabi/4.8.4/armv7e-m/libgcc.a(_arm_truncdfsf2.o)
 .bss           0x00000000        0x0 /nfs/nfs5/home/research/hardware/arm2/gcc-arm-embedded/gcc-arm-none-eabi-4_8-2014q2/bin/../lib/gcc/arm-none-eabi/4.8.4/armv7e-m/libgcc.a(_arm_truncdfsf2.o)
[...]
Memory Configuration

Name             Origin             Length             Attributes
flash            0x08000000         0x00040000
ram0             0x20000000         0x0000a000
ram1             0x00000000         0x00000000
ram2             0x00000000         0x00000000
ram3             0x00000000         0x00000000
ram4             0x10000000         0x00002000
ram5             0x00000000         0x00000000
ram6             0x00000000         0x00000000
ram7             0x00000000         0x00000000
*default*        0x00000000         0xffffffff

Linker script and memory map

LOAD build/obj/crt0_v7m.o
LOAD build/obj/chcoreasm_v7m.o
LOAD build/obj/crt1.o
LOAD /tmp/cc5sf0mf.ltrans0.ltrans.o
LOAD /tmp/cc5sf0mf.ltrans1.ltrans.o
LOAD /tmp/cc5sf0mf.ltrans2.ltrans.o
LOAD /tmp/cc5sf0mf.ltrans3.ltrans.o
LOAD /nfs/nfs5/home/research/hardware/arm2/gcc-arm-embedded/gcc-arm-none-eabi-4_8-2014q2/bin/../lib/gcc/arm-none-eabi/4.8.4/armv7e-m/libgcc.a
LOAD /nfs/nfs5/home/research/hardware/arm2/gcc-arm-embedded/gcc-arm-none-eabi-4_8-2014q2/bin/../lib/gcc/arm-none-eabi/4.8.4/../../../../arm-none-eabi/lib/armv7e-m/libg.a
LOAD /nfs/nfs5/home/research/hardware/arm2/gcc-arm-embedded/gcc-arm-none-eabi-4_8-2014q2/bin/../lib/gcc/arm-none-eabi/4.8.4/../../../../arm-none-eabi/lib/armv7e-m/libc.a
LOAD build/obj/vectors.o
LOAD build/obj/chsys.o
LOAD build/obj/chdebug.o
LOAD build/obj/chvt.o
LOAD build/obj/chschd.o
LOAD build/obj/chthreads.o
LOAD build/obj/chtm.o
LOAD build/obj/chdynamic.o
LOAD build/obj/chregistry.o
LOAD build/obj/chsem.o
LOAD build/obj/chmtx.o
LOAD build/obj/chcond.o
LOAD build/obj/chevents.o
LOAD build/obj/chmsg.o
LOAD build/obj/chmboxes.o
LOAD build/obj/chqueues.o
LOAD build/obj/chmemcore.o
LOAD build/obj/chheap.o
LOAD build/obj/chmempools.o
LOAD build/obj/chcore.o
LOAD build/obj/chcore_v7m.o
LOAD build/obj/osal.o
LOAD build/obj/hal.o
LOAD build/obj/st.o
LOAD build/obj/hal_buffers.o
LOAD build/obj/hal_queues.o
LOAD build/obj/hal_mmcsd.o
LOAD build/obj/ext.o
LOAD build/obj/pal.o
LOAD build/obj/serial.o
LOAD build/obj/spi.o
LOAD build/obj/nvic.o
LOAD build/obj/hal_lld.o
LOAD build/obj/stm32_dma.o
LOAD build/obj/st_lld.o
LOAD build/obj/ext_lld.o
LOAD build/obj/ext_lld_isr.o
LOAD build/obj/pal_lld.o
LOAD build/obj/spi_lld.o
LOAD build/obj/serial_lld.o
LOAD build/obj/board.o
LOAD build/obj/test.o
LOAD build/obj/testthd.o
LOAD build/obj/testsem.o
LOAD build/obj/testmtx.o
LOAD build/obj/testmsg.o
LOAD build/obj/testmbox.o
LOAD build/obj/testevt.o
LOAD build/obj/testheap.o
LOAD build/obj/testpools.o
LOAD build/obj/testdyn.o
LOAD build/obj/testqueues.o
LOAD build/obj/testsys.o
LOAD build/obj/testbmk.o
LOAD build/obj/shell.o
LOAD build/obj/evtimer.o
LOAD build/obj/syscalls.o
LOAD build/obj/memstreams.o
LOAD build/obj/chprintf.o
LOAD build/obj/nrf24l01.o
LOAD build/obj/main.o
                0x20000000                __ram0_start__ = ORIGIN (ram0)
                0x0000a000                __ram0_size__ = 0xa000
                0x2000a000                __ram0_end__ = (__ram0_start__ + __ram0_size__)
                0x00000000                __ram1_start__ = ORIGIN (ram1)
                0x00000000                __ram1_size__ = 0x0
                0x00000000                __ram1_end__ = (__ram1_start__ + __ram1_size__)
                0x00000000                __ram2_start__ = ORIGIN (ram2)
                0x00000000                __ram2_size__ = 0x0
                0x00000000                __ram2_end__ = (__ram2_start__ + __ram2_size__)
                0x00000000                __ram3_start__ = ORIGIN (ram3)
                0x00000000                __ram3_size__ = 0x0
                0x00000000                __ram3_end__ = (__ram3_start__ + __ram3_size__)
                0x10000000                __ram4_start__ = ORIGIN (ram4)
                0x00002000                __ram4_size__ = 0x2000
                0x10002000                __ram4_end__ = (__ram4_start__ + __ram4_size__)
                0x00000000                __ram5_start__ = ORIGIN (ram5)
                0x00000000                __ram5_size__ = 0x0
                0x00000000                __ram5_end__ = (__ram5_start__ + __ram5_size__)
                0x00000000                __ram6_start__ = ORIGIN (ram6)
                0x00000000                __ram6_size__ = 0x0
                0x00000000                __ram6_end__ = (__ram6_start__ + __ram6_size__)
                0x00000000                __ram7_start__ = ORIGIN (ram7)
                0x00000000                __ram7_size__ = 0x0
                0x00000000                __ram7_end__ = (__ram7_start__ + __ram7_size__)
                0x00000000                . = 0x0
                0x00000000                _text = .

startup         0x08000000      0x200
 *(.vectors)
 .vectors       0x08000000      0x200 /tmp/cc5sf0mf.ltrans2.ltrans.o
                0x08000000                _vectors

constructors    0x08000200        0x0
                0x08000200                __init_array_start = .
 *(SORT(.init_array.*))
 *(.init_array)
                0x08000200                __init_array_end = .

destructors     0x08000200        0x0
                0x08000200                __fini_array_start = .
 *(.fini_array)
 *(SORT(.fini_array.*))
                0x08000200                __fini_array_end = .

.text           0x08000200     0x3c80
 *(.text)
 .text          0x08000200       0xd4 build/obj/crt0_v7m.o
                0x08000200                Reset_Handler
 *fill*         0x080002d4        0xc 
 .text          0x080002e0       0x28 build/obj/chcoreasm_v7m.o
                0x080002e0                _port_switch
                0x080002f0                _port_thread_start
                0x08000300                _port_switch_from_isr
                0x08000304                _port_exit_from_isr
 *fill*         0x08000308        0x8 
 .text          0x08000310      0x370 /nfs/nfs5/home/research/hardware/arm2/gcc-arm-embedded/gcc-arm-none-eabi-4_8-2014q2/bin/../lib/gcc/arm-none-eabi/4.8.4/armv7e-m/libgcc.a(_arm_addsubdf3.o)
                0x08000310                __aeabi_drsub
                0x08000318                __aeabi_dsub
                0x08000318                __subdf3
                0x0800031c                __adddf3
                0x0800031c                __aeabi_dadd
                0x08000594                __aeabi_ui2d
                0x08000594                __floatunsidf
                0x080005b4                __floatsidf
                0x080005b4                __aeabi_i2d
                0x080005d8                __extendsfdf2
                0x080005d8                __aeabi_f2d
                0x08000614                __aeabi_ul2d
                0x08000614                __floatundidf
                0x08000624                __floatdidf
                0x08000624                __aeabi_l2d
 .text          0x08000680      0x424 /nfs/nfs5/home/research/hardware/arm2/gcc-arm-embedded/gcc-arm-none-eabi-4_8-2014q2/bin/../lib/gcc/arm-none-eabi/4.8.4/armv7e-m/libgcc.a(_arm_muldivdf3.o)
                0x08000680                __aeabi_dmul
                0x08000680                __muldf3
                0x080008d4                __aeabi_ddiv
                0x080008d4                __divdf3
 *fill*         0x08000aa4        0xc 
 .text          0x08000ab0       0x50 /nfs/nfs5/home/research/hardware/arm2/gcc-arm-embedded/gcc-arm-none-eabi-4_8-2014q2/bin/../lib/gcc/arm-none-eabi/4.8.4/armv7e-m/libgcc.a(_arm_fixdfsi.o)
                0x08000ab0                __fixdfsi
                0x08000ab0                __aeabi_d2iz
 .text          0x08000b00       0xa0 /nfs/nfs5/home/research/hardware/arm2/gcc-arm-embedded/gcc-arm-none-eabi-4_8-2014q2/bin/../lib/gcc/arm-none-eabi/4.8.4/armv7e-m/libgcc.a(_arm_truncdfsf2.o)
                0x08000b00                __aeabi_d2f
                0x08000b00                __truncdfsf2
 .text          0x08000ba0       0xec /nfs/nfs5/home/research/hardware/arm2/gcc-arm-embedded/gcc-arm-none-eabi-4_8-2014q2/bin/../lib/gcc/arm-none-eabi/4.8.4/armv7e-m/libgcc.a(_arm_cmpsf2.o)
                0x08000ba0                __gtsf2
                0x08000ba0                __gesf2
                0x08000ba8                __lesf2
                0x08000ba8                __ltsf2
                0x08000bb0                __nesf2
                0x08000bb0                __eqsf2
                0x08000bb0                __cmpsf2
                0x08000c10                __aeabi_cfrcmple
                0x08000c18                __aeabi_cfcmple
                0x08000c18                __aeabi_cfcmpeq
                0x08000c28                __aeabi_fcmpeq
                0x08000c3c                __aeabi_fcmplt
                0x08000c50                __aeabi_fcmple
                0x08000c64                __aeabi_fcmpge
                0x08000c78                __aeabi_fcmpgt
 *fill*         0x08000c8c        0x4 
 .text          0x08000c90       0x4c /nfs/nfs5/home/research/hardware/arm2/gcc-arm-embedded/gcc-arm-none-eabi-4_8-2014q2/bin/../lib/gcc/arm-none-eabi/4.8.4/armv7e-m/libgcc.a(_arm_fixsfsi.o)
                0x08000c90                __fixsfsi
                0x08000c90                __aeabi_f2iz
 *fill*         0x08000cdc        0x4 
 .text          0x08000ce0      0x21c /nfs/nfs5/home/research/hardware/arm2/gcc-arm-embedded/gcc-arm-none-eabi-4_8-2014q2/bin/../lib/gcc/arm-none-eabi/4.8.4/../../../../arm-none-eabi/lib/armv7e-m/libg.a(lib_a-strcmp.o)
                0x08000ce0                strcmp
 *(.text.*)
 *fill*         0x08000efc        0x4 
 .text.dmaStreamAllocate.constprop.17.4335
                0x08000f00       0xc0 /tmp/cc5sf0mf.ltrans0.ltrans.o
 .text.long_to_string_with_divisor.12262.4416
                0x08000fc0       0x50 /tmp/cc5sf0mf.ltrans0.ltrans.o
 .text.notify1.9076
                0x08001010       0x10 /tmp/cc5sf0mf.ltrans0.ltrans.o
                0x08001010                notify1.9076
 .text.chSchWakeupS.constprop.37.4289
                0x08001020       0x60 /tmp/cc5sf0mf.ltrans0.ltrans.o
 .text.spi_lld_serve_rx_interrupt.8831.4305
                0x08001080       0x90 /tmp/cc5sf0mf.ltrans0.ltrans.o
 .text.Vector148
                0x08001110       0x30 /tmp/cc5sf0mf.ltrans0.ltrans.o
                0x08001110                Vector148
 .text.Vector144
                0x08001140       0x70 /tmp/cc5sf0mf.ltrans0.ltrans.o
                0x08001140                Vector144
 .text.Vector140
                0x080011b0       0x60 /tmp/cc5sf0mf.ltrans0.ltrans.o
                0x080011b0                Vector140
 .text.Vector4C
                0x08001210       0x30 /tmp/cc5sf0mf.ltrans0.ltrans.o
                0x08001210                Vector4C
 .text.Vector48
                0x08001240       0x30 /tmp/cc5sf0mf.ltrans0.ltrans.o
                0x08001240                Vector48
 .text.VectorE8
                0x08001270       0x30 /tmp/cc5sf0mf.ltrans0.ltrans.o
                0x08001270                VectorE8
 .text.VectorE4
                0x080012a0       0x30 /tmp/cc5sf0mf.ltrans0.ltrans.o
                0x080012a0                VectorE4
 .text.Vector44
                0x080012d0       0x30 /tmp/cc5sf0mf.ltrans0.ltrans.o
                0x080012d0                Vector44
 .text.chSchGoSleepTimeoutS
                0x08001300      0x110 /tmp/cc5sf0mf.ltrans0.ltrans.o
                0x08001300                chSchGoSleepTimeoutS
 .text.chThdEnqueueTimeoutS
                0x08001410       0x30 /tmp/cc5sf0mf.ltrans0.ltrans.o
                0x08001410                chThdEnqueueTimeoutS
 .text.chThdCreateFromHeap.constprop.27
                0x08001440      0x120 /tmp/cc5sf0mf.ltrans0.ltrans.o
                0x08001440                chThdCreateFromHeap.constprop.27
 .text.chThdCreateStatic.constprop.36
                0x08001560       0x80 /tmp/cc5sf0mf.ltrans0.ltrans.o
                0x08001560                chThdCreateStatic.constprop.36
 .text.chTMStartMeasurementX.constprop.34
                0x080015e0       0x10 /tmp/cc5sf0mf.ltrans0.ltrans.o
                0x080015e0                chTMStartMeasurementX.constprop.34
 .text.spi_lld_start
                0x080015f0       0xd0 /tmp/cc5sf0mf.ltrans0.ltrans.o
                0x080015f0                spi_lld_start
 .text.spiSelect.constprop.15
                0x080016c0       0x30 /tmp/cc5sf0mf.ltrans0.ltrans.o
                0x080016c0                spiSelect.constprop.15
 .text.spiUnselect.constprop.14
                0x080016f0       0x30 /tmp/cc5sf0mf.ltrans0.ltrans.o
                0x080016f0                spiUnselect.constprop.14
 .text.spiReceive.constprop.10
                0x08001720       0x60 /tmp/cc5sf0mf.ltrans0.ltrans.o
                0x08001720                spiReceive.constprop.10
 .text._strtok.11712.constprop.5
                0x08001780       0x40 /tmp/cc5sf0mf.ltrans0.ltrans.o
                0x08001780                _strtok.11712.constprop.5
 .text.chprintf
                0x080017c0      0x390 /tmp/cc5sf0mf.ltrans0.ltrans.o
                0x080017c0                chprintf
 .text.cmd_myecho.12979
                0x08001b50       0x30 /tmp/cc5sf0mf.ltrans0.ltrans.o
                0x08001b50                cmd_myecho.12979
 .text.cmd_systime.11720
                0x08001b80       0x30 /tmp/cc5sf0mf.ltrans0.ltrans.o
                0x08001b80                cmd_systime.11720
 .text.cmd_info.11728
                0x08001bb0       0xc0 /tmp/cc5sf0mf.ltrans0.ltrans.o
                0x08001bb0                cmd_info.11728
 .text._pal_lld_setgroupmode
                0x08001c70       0xd0 /tmp/cc5sf0mf.ltrans0.ltrans.o
                0x08001c70                _pal_lld_setgroupmode
 .text.shell_thread.11701
                0x08001d40      0x230 /tmp/cc5sf0mf.ltrans1.ltrans.o
                0x08001d40                shell_thread.11701
 .text.startup.main
                0x08001f70      0x720 /tmp/cc5sf0mf.ltrans1.ltrans.o
                0x08001f70                main
 .text.__early_init
                0x08002690       0xa0 /tmp/cc5sf0mf.ltrans1.ltrans.o
                0x08002690                __early_init
 .text.chThdExit
                0x08002730       0x10 /tmp/cc5sf0mf.ltrans1.ltrans.o
                0x08002730                chThdExit
 .text.chSchDoReschedule
                0x08002740       0x10 /tmp/cc5sf0mf.ltrans1.ltrans.o
                0x08002740                chSchDoReschedule
 .text.__init_ram_areas
                0x08002750       0x60 /tmp/cc5sf0mf.ltrans1.ltrans.o
                0x08002750                __init_ram_areas
 .text.__default_exit
                0x080027b0       0x10 /tmp/cc5sf0mf.ltrans1.ltrans.o
                0x080027b0                __default_exit
 .text.__late_init
                0x080027c0       0x10 /tmp/cc5sf0mf.ltrans1.ltrans.o
                0x080027c0                __late_init
 .text.__core_init
                0x080027d0       0x10 /tmp/cc5sf0mf.ltrans1.ltrans.o
                0x080027d0                __core_init
 .text.spi_lld_serve_tx_interrupt.8827
                0x080027e0       0x20 /tmp/cc5sf0mf.ltrans2.ltrans.o
                0x080027e0                spi_lld_serve_tx_interrupt.8827
 .text.VectorB0.4388
                0x08002800       0xa0 /tmp/cc5sf0mf.ltrans2.ltrans.o
 .text.VectorD4.4352
                0x080028a0      0x1a0 /tmp/cc5sf0mf.ltrans2.ltrans.o
 .text.chThdSleep.4404
                0x08002a40       0x20 /tmp/cc5sf0mf.ltrans2.ltrans.o
 .text.termination_handler.12984
                0x08002a60      0x140 /tmp/cc5sf0mf.ltrans2.ltrans.o
                0x08002a60                termination_handler.12984
 .text.counterThread.12976
                0x08002ba0       0x70 /tmp/cc5sf0mf.ltrans2.ltrans.o
                0x08002ba0                counterThread.12976
 .text.chIQGetTimeout.4414
                0x08002c10       0x50 /tmp/cc5sf0mf.ltrans2.ltrans.o
 .text.gett.7800
                0x08002c60       0x10 /tmp/cc5sf0mf.ltrans2.ltrans.o
                0x08002c60                gett.7800
 .text.get.7804
                0x08002c70       0x10 /tmp/cc5sf0mf.ltrans2.ltrans.o
                0x08002c70                get.7804
 .text.chIQReadTimeout.4432
                0x08002c80       0x80 /tmp/cc5sf0mf.ltrans2.ltrans.o
 .text.readt.7777
                0x08002d00       0x10 /tmp/cc5sf0mf.ltrans2.ltrans.o
                0x08002d00                readt.7777
 .text.read.7784
                0x08002d10       0x10 /tmp/cc5sf0mf.ltrans2.ltrans.o
                0x08002d10                read.7784
 .text.chOQPutTimeout.4447
                0x08002d20       0x60 /tmp/cc5sf0mf.ltrans2.ltrans.o
 .text.putt.7807
                0x08002d80       0x10 /tmp/cc5sf0mf.ltrans2.ltrans.o
                0x08002d80                putt.7807
 .text.put.7812
                0x08002d90       0x10 /tmp/cc5sf0mf.ltrans2.ltrans.o
                0x08002d90                put.7812
 .text.chOQWriteTimeout.4467
                0x08002da0       0x90 /tmp/cc5sf0mf.ltrans2.ltrans.o
 .text.writet.7789
                0x08002e30       0x10 /tmp/cc5sf0mf.ltrans2.ltrans.o
                0x08002e30                writet.7789
 .text.write.7795
                0x08002e40       0x10 /tmp/cc5sf0mf.ltrans2.ltrans.o
                0x08002e40                write.7795
 .text.spiSend.constprop.12
                0x08002e50       0x70 /tmp/cc5sf0mf.ltrans2.ltrans.o
                0x08002e50                spiSend.constprop.12
 .text.pressure_write_register
                0x08002ec0       0x60 /tmp/cc5sf0mf.ltrans2.ltrans.o
                0x08002ec0                pressure_write_register
 .text.pressure_read_register
                0x08002f20       0x60 /tmp/cc5sf0mf.ltrans2.ltrans.o
                0x08002f20                pressure_read_register
 .text.TimeThread.12973
                0x08002f80       0xe0 /tmp/cc5sf0mf.ltrans2.ltrans.o
                0x08002f80                TimeThread.12973
 .text.SVC_Handler
                0x08003060       0x20 /tmp/cc5sf0mf.ltrans3.ltrans.o
                0x08003060                SVC_Handler
 .text.chCoreAlloc
                0x08003080       0x40 /tmp/cc5sf0mf.ltrans3.ltrans.o
                0x08003080                chCoreAlloc
 .text.wakeup.4697
                0x080030c0       0x70 /tmp/cc5sf0mf.ltrans3.ltrans.o
                0x080030c0                wakeup.4697
 .text._idle_thread.4308
                0x08003130       0x10 /tmp/cc5sf0mf.ltrans3.ltrans.o
                0x08003130                _idle_thread.4308
 .text._port_irq_epilogue
                0x08003140       0x60 /tmp/cc5sf0mf.ltrans3.ltrans.o
                0x08003140                _port_irq_epilogue
 .text.VectorE0
                0x080031a0       0x80 /tmp/cc5sf0mf.ltrans3.ltrans.o
                0x080031a0                VectorE0
 .text.Vector9C
                0x08003220       0x70 /tmp/cc5sf0mf.ltrans3.ltrans.o
                0x08003220                Vector9C
 .text.Vector68
                0x08003290       0x30 /tmp/cc5sf0mf.ltrans3.ltrans.o
                0x08003290                Vector68
 .text.Vector64
                0x080032c0       0x30 /tmp/cc5sf0mf.ltrans3.ltrans.o
                0x080032c0                Vector64
 .text.Vector60
                0x080032f0       0x30 /tmp/cc5sf0mf.ltrans3.ltrans.o
                0x080032f0                Vector60
 .text.Vector5C
                0x08003320       0x30 /tmp/cc5sf0mf.ltrans3.ltrans.o
                0x08003320                Vector5C
 .text.Vector58
                0x08003350       0x30 /tmp/cc5sf0mf.ltrans3.ltrans.o
                0x08003350                Vector58
 .text.Vector130
                0x08003380       0x30 /tmp/cc5sf0mf.ltrans3.ltrans.o
                0x08003380                Vector130
 .text.Vector12C
                0x080033b0       0x30 /tmp/cc5sf0mf.ltrans3.ltrans.o
                0x080033b0                Vector12C
 .text.Vector128
                0x080033e0       0x30 /tmp/cc5sf0mf.ltrans3.ltrans.o
                0x080033e0                Vector128
 .text.Vector124
                0x08003410       0x30 /tmp/cc5sf0mf.ltrans3.ltrans.o
                0x08003410                Vector124
 .text.Vector120
                0x08003440       0x30 /tmp/cc5sf0mf.ltrans3.ltrans.o
                0x08003440                Vector120
 .text.Vector84
                0x08003470       0x30 /tmp/cc5sf0mf.ltrans3.ltrans.o
                0x08003470                Vector84
 .text.Vector80
                0x080034a0       0x30 /tmp/cc5sf0mf.ltrans3.ltrans.o
                0x080034a0                Vector80
 .text.Vector7C
                0x080034d0       0x30 /tmp/cc5sf0mf.ltrans3.ltrans.o
                0x080034d0                Vector7C
 .text.Vector78
                0x08003500       0x30 /tmp/cc5sf0mf.ltrans3.ltrans.o
                0x08003500                Vector78
 .text.Vector74
                0x08003530       0x30 /tmp/cc5sf0mf.ltrans3.ltrans.o
                0x08003530                Vector74
 .text.Vector70
                0x08003560       0x30 /tmp/cc5sf0mf.ltrans3.ltrans.o
                0x08003560                Vector70
 .text.Vector6C
                0x08003590       0x30 /tmp/cc5sf0mf.ltrans3.ltrans.o
                0x08003590                Vector6C
 .text.chTMStopMeasurementX
                0x080035c0       0x50 /tmp/cc5sf0mf.ltrans3.ltrans.o
                0x080035c0                chTMStopMeasurementX
 .text.chSchDoRescheduleAhead
                0x08003610       0x40 /tmp/cc5sf0mf.ltrans3.ltrans.o
                0x08003610                chSchDoRescheduleAhead
 .text.chSchGoSleepS
                0x08003650       0x30 /tmp/cc5sf0mf.ltrans3.ltrans.o
                0x08003650                chSchGoSleepS
 .text.chSchReadyI
                0x08003680       0x30 /tmp/cc5sf0mf.ltrans3.ltrans.o
                0x08003680                chSchReadyI
 .text.chEvtBroadcastFlagsI
                0x080036b0       0x60 /tmp/cc5sf0mf.ltrans3.ltrans.o
                0x080036b0                chEvtBroadcastFlagsI
 .text.chMtxUnlock
                0x08003710       0x70 /tmp/cc5sf0mf.ltrans3.ltrans.o
                0x08003710                chMtxUnlock
 .text.chMtxLock
                0x08003780       0xe0 /tmp/cc5sf0mf.ltrans3.ltrans.o
                0x08003780                chMtxLock
 .text.chThdExitS
                0x08003860       0x40 /tmp/cc5sf0mf.ltrans3.ltrans.o
                0x08003860                chThdExitS
 .text._unhandled_exception.4211
                0x080038a0       0x10 /tmp/cc5sf0mf.ltrans3.ltrans.o
                0x080038a0                VectorAC
                0x080038a0                DebugMon_Handler
                0x080038a0                Vector11C
                0x080038a0                HardFault_Handler
                0x080038a0                Vector19C
                0x080038a0                Vector8C
                0x080038a0                SysTick_Handler
                0x080038a0                VectorDC
                0x080038a0                PendSV_Handler
                0x080038a0                Vector168
                0x080038a0                NMI_Handler
                0x080038a0                Vector110
                0x080038a0                VectorC8
                0x080038a0                Vector94
                0x080038a0                VectorA8
                0x080038a0                VectorB4
                0x080038a0                Vector160
                0x080038a0                UsageFault_Handler
                0x080038a0                VectorEC
                0x080038a0                Vector40
                0x080038a0                VectorF8
                0x080038a0                Vector108
                0x080038a0                VectorBC
                0x080038a0                Vector190
                0x080038a0                Vector150
                0x080038a0                Vector188
                0x080038a0                Vector198
                0x080038a0                Vector118
                0x080038a0                VectorCC
                0x080038a0                Vector54
                0x080038a0                Vector98
                0x080038a0                VectorD8
                0x080038a0                Vector138
                0x080038a0                Vector24
                0x080038a0                Vector178
                0x080038a0                VectorD0
                0x080038a0                VectorC0
                0x080038a0                Vector158
                0x080038a0                Vector134
                0x080038a0                VectorF0
                0x080038a0                Vector13C
                0x080038a0                Vector100
                0x080038a0                VectorF4
                0x080038a0                MemManage_Handler
                0x080038a0                VectorA0
                0x080038a0                VectorC4
                0x080038a0                Vector180
                0x080038a0                Vector90
                0x080038a0                Vector114
                0x080038a0                Vector164
                0x080038a0                Vector1C
                0x080038a0                Vector17C
                0x080038a0                Vector16C
                0x080038a0                Vector15C
                0x080038a0                Vector170
                0x080038a0                Vector88
                0x080038a0                Vector104
                0x080038a0                Vector184
                0x080038a0                Vector10C
                0x080038a0                Vector14C
                0x080038a0                BusFault_Handler
                0x080038a0                Vector50
                0x080038a0                Vector194
                0x080038a0                Vector154
                0x080038a0                Vector28
                0x080038a0                VectorB8
                0x080038a0                VectorFC
                0x080038a0                Vector34
                0x080038a0                VectorA4
                0x080038a0                Vector20
                0x080038a0                Vector18C
                0x080038a0                Vector174
 .text.strpbrk  0x080038b0       0x50 /nfs/nfs5/home/research/hardware/arm2/gcc-arm-embedded/gcc-arm-none-eabi-4_8-2014q2/bin/../lib/gcc/arm-none-eabi/4.8.4/../../../../arm-none-eabi/lib/armv7e-m/libg.a(lib_a-strpbrk.o)
                0x080038b0                strpbrk
 .text.strspn   0x08003900       0x40 /nfs/nfs5/home/research/hardware/arm2/gcc-arm-embedded/gcc-arm-none-eabi-4_8-2014q2/bin/../lib/gcc/arm-none-eabi/4.8.4/../../../../arm-none-eabi/lib/armv7e-m/libg.a(lib_a-strspn.o)
                0x08003900                strspn
 *(.rodata)
 *(.rodata.*)
 .rodata.pow10.12317.4578
                0x08003940       0x24 /tmp/cc5sf0mf.ltrans0.ltrans.o
 *fill*         0x08003964        0xc 
 .rodata.str1.4
                0x08003970      0x1c5 /tmp/cc5sf0mf.ltrans0.ltrans.o
                                0x1c8 (size before relaxing)
 *fill*         0x08003b35        0xb 
 .rodata.dummytx.8890.4576
                0x08003b40        0x2 /tmp/cc5sf0mf.ltrans0.ltrans.o
 *fill*         0x08003b42        0xe 
 .rodata.ram_areas.4024.4801
                0x08003b50       0x80 /tmp/cc5sf0mf.ltrans1.ltrans.o
 .rodata._stm32_dma_streams
                0x08003bd0       0xf0 /tmp/cc5sf0mf.ltrans1.ltrans.o
 .rodata.ch_debug
                0x08003cc0       0x18 /tmp/cc5sf0mf.ltrans1.ltrans.o
 *fill*         0x08003cd8        0x8 
 .rodata.commands.13029
                0x08003ce0       0x10 /tmp/cc5sf0mf.ltrans1.ltrans.o
                0x08003ce0                commands.13029
 .rodata.vmt.7902.4800
                0x08003cf0       0x20 /tmp/cc5sf0mf.ltrans1.ltrans.o
 .rodata.shell_cfg1.13027
                0x08003d10        0x8 /tmp/cc5sf0mf.ltrans1.ltrans.o
                0x08003d10                shell_cfg1.13027
 *fill*         0x08003d18        0x8 
 .rodata.str1.4
                0x08003d20       0xe7 /tmp/cc5sf0mf.ltrans1.ltrans.o
                                0x108 (size before relaxing)
 *fill*         0x08003e07        0x9 
 .rodata.str1.4
                0x08003e10       0x48 /tmp/cc5sf0mf.ltrans2.ltrans.o
                                 0x54 (size before relaxing)
 *fill*         0x08003e58        0x8 
 .rodata.arrayLeds.4722
                0x08003e60       0x20 /tmp/cc5sf0mf.ltrans2.ltrans.o
 *(.glue_7t)
 .glue_7t       0x00000000        0x0 linker stubs
 *(.glue_7)
 .glue_7        0x00000000        0x0 linker stubs
 *(.gcc*)

.vfp11_veneer   0x08003e80        0x0
 .vfp11_veneer  0x00000000        0x0 linker stubs

.v4_bx          0x08003e80        0x0
 .v4_bx         0x00000000        0x0 linker stubs

.iplt           0x08003e80        0x0
 .iplt          0x00000000        0x0 build/obj/crt0_v7m.o

.rel.dyn        0x08003e80        0x0
 .rel.iplt      0x00000000        0x0 build/obj/crt0_v7m.o

.ARM.extab
 *(.ARM.extab* .gnu.linkonce.armextab.*)

.ARM.exidx      0x08003e80        0x0
                0x08003e80                __exidx_start = .
 *(.ARM.exidx* .gnu.linkonce.armexidx.*)
                0x08003e80                __exidx_end = .

.eh_frame_hdr
 *(.eh_frame_hdr)

.eh_frame
 *(.eh_frame)

.textalign      0x08003e80        0x0
                0x08003e80                . = ALIGN (0x8)
                0x08003e80                . = ALIGN (0x4)
                0x08003e80                PROVIDE (_etext, .)

.mstack         0x20000000      0x400
                0x20000000                . = ALIGN (0x8)
                0x20000000                __main_stack_base__ = .
                0x20000400                . = (. + __main_stack_size__)
 *fill*         0x20000000      0x400 
                0x20000400                . = ALIGN (0x8)
                0x20000400                __main_stack_end__ = .

.pstack         0x20000400      0x400
                0x20000400                __process_stack_base__ = .
                0x20000400                __main_thread_stack_base__ = .
                0x20000800                . = (. + __process_stack_size__)
 *fill*         0x20000400      0x400 
                0x20000800                . = ALIGN (0x8)
                0x20000800                __process_stack_end__ = .
                0x20000800                __main_thread_stack_end__ = .

.data           0x20000800       0x3c load address 0x08003e80
                0x20000800                . = ALIGN (0x4)
                0x08003e80                PROVIDE (_textdata, LOADADDR (.data))
                0x20000800                PROVIDE (_data, .)
                0x08003e80                _textdata_start = LOADADDR (.data)
                0x20000800                _data_start = .
 *(.data)
 *(.data.*)
 .data.gyro_cfg.13032.4753
                0x20000800       0x10 /tmp/cc5sf0mf.ltrans1.ltrans.o
 .data.local_commands.11768.4840
                0x20000810       0x18 /tmp/cc5sf0mf.ltrans1.ltrans.o
 .data.fhandlers.13033.4728
                0x20000828        0x4 /tmp/cc5sf0mf.ltrans1.ltrans.o
 .data.pressure_cfg.13031.4720
                0x2000082c       0x10 /tmp/cc5sf0mf.ltrans2.ltrans.o
 *(.ramtext)
                0x2000083c                . = ALIGN (0x4)
                0x2000083c                PROVIDE (_edata, .)
                0x2000083c                _data_end = .

.igot.plt       0x2000083c        0x0 load address 0x08003ebc
 .igot.plt      0x00000000        0x0 build/obj/crt0_v7m.o

.bss            0x20000840     0x4018 load address 0x08003ebc
                0x20000840                . = ALIGN (0x4)
                0x20000840                _bss_start = .
 *(.bss)
 *(.bss.*)
 .bss.nextmem.6954
                0x20000840        0x4 /tmp/cc5sf0mf.ltrans1.ltrans.o
                0x20000840                nextmem.6954
 *fill*         0x20000844        0x4 
 .bss.ch        0x20000848      0x150 /tmp/cc5sf0mf.ltrans1.ltrans.o
                0x20000848                ch
 .bss.SPID1     0x20000998       0x34 /tmp/cc5sf0mf.ltrans1.ltrans.o
                0x20000998                SPID1
 .bss.SD1       0x200009cc       0x7c /tmp/cc5sf0mf.ltrans1.ltrans.o
                0x200009cc                SD1
 .bss.SPID3     0x20000a48       0x34 /tmp/cc5sf0mf.ltrans1.ltrans.o
                0x20000a48                SPID3
 *fill*         0x20000a7c        0x4 
 .bss.waCounterThread.13035.4751
                0x20000a80      0x148 /tmp/cc5sf0mf.ltrans1.ltrans.o
 .bss.endmem.6956
                0x20000bc8        0x4 /tmp/cc5sf0mf.ltrans1.ltrans.o
                0x20000bc8                endmem.6956
 .bss.shelltp1.13037
                0x20000bcc        0x4 /tmp/cc5sf0mf.ltrans1.ltrans.o
                0x20000bcc                shelltp1.13037
 .bss.waTimeThread.13034.4752
                0x20000bd0      0x148 /tmp/cc5sf0mf.ltrans1.ltrans.o
 .bss._stm32_dma_isr_redir
                0x20000d18       0x60 /tmp/cc5sf0mf.ltrans1.ltrans.o
                0x20000d18                _stm32_dma_isr_redir
 .bss.EXTD1     0x20000d78        0x8 /tmp/cc5sf0mf.ltrans1.ltrans.o
                0x20000d78                EXTD1
 .bss.shell_terminated.4732
                0x20000d80        0x4 /tmp/cc5sf0mf.ltrans1.ltrans.o
 *fill*         0x20000d84        0x4 
 .bss.default_heap.7084
                0x20000d88       0x20 /tmp/cc5sf0mf.ltrans1.ltrans.o
                0x20000d88                default_heap.7084
 .bss.dma_streams_mask.8382
                0x20000da8        0x4 /tmp/cc5sf0mf.ltrans1.ltrans.o
                0x20000da8                dma_streams_mask.8382
 .bss.pressureArray.4676
                0x20000dac     0x3a98 /tmp/cc5sf0mf.ltrans2.ltrans.o
 .bss.buttonPressed.4677
                0x20004844        0x4 /tmp/cc5sf0mf.ltrans2.ltrans.o
 .bss.dummyrx.8889.4721
                0x20004848        0x2 /tmp/cc5sf0mf.ltrans2.ltrans.o
 .bss.xl.4674   0x2000484a        0x1 /tmp/cc5sf0mf.ltrans2.ltrans.o
 *fill*         0x2000484b        0x1 
 .bss.pressPos.4675
                0x2000484c        0x4 /tmp/cc5sf0mf.ltrans2.ltrans.o
 .bss.l.4673    0x20004850        0x1 /tmp/cc5sf0mf.ltrans2.ltrans.o
 .bss.h.4672    0x20004851        0x1 /tmp/cc5sf0mf.ltrans2.ltrans.o
 *fill*         0x20004852        0x2 
 .bss.startedCount.4671
                0x20004854        0x4 /tmp/cc5sf0mf.ltrans2.ltrans.o
 *(COMMON)
                0x20004858                . = ALIGN (0x4)
                0x20004858                _bss_end = .
                0x20004858                PROVIDE (end, .)

.ram0_init      0x20004858        0x0 load address 0x08003ebc
                0x20004858                . = ALIGN (0x4)
                0x08003ebc                __ram0_init_text__ = LOADADDR (.ram0_init)
                0x20004858                __ram0_init__ = .
 *(.ram0_init)
 *(.ram0_init.*)
                0x20004858                . = ALIGN (0x4)

.ram0           0x20004858        0x0 load address 0x08003ebc
                0x20004858                . = ALIGN (0x4)
                0x20004858                __ram0_clear__ = .
 *(.ram0_clear)
 *(.ram0_clear.*)
                0x20004858                . = ALIGN (0x4)
                0x20004858                __ram0_noinit__ = .
 *(.ram0)
 *(.ram0.*)
                0x20004858                . = ALIGN (0x4)
                0x20004858                __ram0_free__ = .

.ram1_init      0x00000000        0x0 load address 0x08003ebc
                0x00000000                . = ALIGN (0x4)
                0x08003ebc                __ram1_init_text__ = LOADADDR (.ram1_init)
                0x00000000                __ram1_init__ = .
 *(.ram1_init)
 *(.ram1_init.*)
                0x00000000                . = ALIGN (0x4)

.ram1           0x00000000        0x0 load address 0x08003ebc
                0x00000000                . = ALIGN (0x4)
                0x00000000                __ram1_clear__ = .
 *(.ram1_clear)
 *(.ram1_clear.*)
                0x00000000                . = ALIGN (0x4)
                0x00000000                __ram1_noinit__ = .
 *(.ram1)
 *(.ram1.*)
                0x00000000                . = ALIGN (0x4)
                0x00000000                __ram1_free__ = .

.ram2_init      0x00000000        0x0 load address 0x08003ebc
                0x00000000                . = ALIGN (0x4)
                0x08003ebc                __ram2_init_text__ = LOADADDR (.ram2_init)
                0x00000000                __ram2_init__ = .
 *(.ram2_init)
 *(.ram2_init.*)
                0x00000000                . = ALIGN (0x4)

.ram2           0x00000000        0x0 load address 0x08003ebc
                0x00000000                . = ALIGN (0x4)
                0x00000000                __ram2_clear__ = .
 *(.ram2_clear)
 *(.ram2_clear.*)
                0x00000000                . = ALIGN (0x4)
                0x00000000                __ram2_noinit__ = .
 *(.ram2)
 *(.ram2.*)
                0x00000000                . = ALIGN (0x4)
                0x00000000                __ram2_free__ = .

.ram3_init      0x00000000        0x0 load address 0x08003ebc
                0x00000000                . = ALIGN (0x4)
                0x08003ebc                __ram3_init_text__ = LOADADDR (.ram3_init)
                0x00000000                __ram3_init__ = .
 *(.ram3_init)
 *(.ram3_init.*)
                0x00000000                . = ALIGN (0x4)

.ram3           0x00000000        0x0 load address 0x08003ebc
                0x00000000                . = ALIGN (0x4)
                0x00000000                __ram3_clear__ = .
 *(.ram3_clear)
 *(.ram3_clear.*)
                0x00000000                . = ALIGN (0x4)
                0x00000000                __ram3_noinit__ = .
 *(.ram3)
 *(.ram3.*)
                0x00000000                . = ALIGN (0x4)
                0x00000000                __ram3_free__ = .

.ram4_init      0x10000000        0x0 load address 0x08003ebc
                0x10000000                . = ALIGN (0x4)
                0x08003ebc                __ram4_init_text__ = LOADADDR (.ram4_init)
                0x10000000                __ram4_init__ = .
 *(.ram4_init)
 *(.ram4_init.*)
                0x10000000                . = ALIGN (0x4)

.ram4           0x10000000        0x0 load address 0x08003ebc
                0x10000000                . = ALIGN (0x4)
                0x10000000                __ram4_clear__ = .
 *(.ram4_clear)
 *(.ram4_clear.*)
                0x10000000                . = ALIGN (0x4)
                0x10000000                __ram4_noinit__ = .
 *(.ram4)
 *(.ram4.*)
                0x10000000                . = ALIGN (0x4)
                0x10000000                __ram4_free__ = .

.ram5_init      0x00000000        0x0 load address 0x08003ebc
                0x00000000                . = ALIGN (0x4)
                0x08003ebc                __ram5_init_text__ = LOADADDR (.ram5_init)
                0x00000000                __ram5_init__ = .
 *(.ram5_init)
 *(.ram5_init.*)
                0x00000000                . = ALIGN (0x4)

.ram5           0x00000000        0x0 load address 0x08003ebc
                0x00000000                . = ALIGN (0x4)
                0x00000000                __ram5_clear__ = .
 *(.ram5_clear)
 *(.ram5_clear.*)
                0x00000000                . = ALIGN (0x4)
                0x00000000                __ram5_noinit__ = .
 *(.ram5)
 *(.ram5.*)
                0x00000000                . = ALIGN (0x4)
                0x00000000                __ram5_free__ = .

.ram6_init      0x00000000        0x0 load address 0x08003ebc
                0x00000000                . = ALIGN (0x4)
                0x08003ebc                __ram6_init_text__ = LOADADDR (.ram6_init)
                0x00000000                __ram6_init__ = .
 *(.ram6_init)
 *(.ram6_init.*)
                0x00000000                . = ALIGN (0x4)

.ram6           0x00000000        0x0 load address 0x08003ebc
                0x00000000                . = ALIGN (0x4)
                0x00000000                __ram6_clear__ = .
 *(.ram6_clear)
 *(.ram6_clear.*)
                0x00000000                . = ALIGN (0x4)
                0x00000000                __ram6_noinit__ = .
 *(.ram6)
 *(.ram6.*)
                0x00000000                . = ALIGN (0x4)
                0x00000000                __ram6_free__ = .

.ram7_init      0x00000000        0x0 load address 0x08003ebc
                0x00000000                . = ALIGN (0x4)
                0x08003ebc                __ram7_init_text__ = LOADADDR (.ram7_init)
                0x00000000                __ram7_init__ = .
 *(.ram7_init)
 *(.ram7_init.*)
                0x00000000                . = ALIGN (0x4)

.ram7           0x00000000        0x0 load address 0x08003ebc
                0x00000000                . = ALIGN (0x4)
                0x00000000                __ram7_clear__ = .
 *(.ram7_clear)
 *(.ram7_clear.*)
                0x00000000                . = ALIGN (0x4)
                0x00000000                __ram7_noinit__ = .
 *(.ram7)
 *(.ram7.*)
                0x00000000                . = ALIGN (0x4)
                0x00000000                __ram7_free__ = .

.heap           0x20004858     0x57a8
                0x20004858                . = ALIGN (0x8)
                0x20004858                __heap_base__ = .
                0x2000a000                . = (ORIGIN (HEAP_RAM) + 0xa000)
 *fill*         0x20004858     0x57a8 
                0x2000a000                __heap_end__ = .
                0x00000400                __process_stack_size__ = 0x400
                0x00000400                __main_stack_size__ = 0x400
START GROUP
LOAD /nfs/nfs5/home/research/hardware/arm2/gcc-arm-embedded/gcc-arm-none-eabi-4_8-2014q2/bin/../lib/gcc/arm-none-eabi/4.8.4/armv7e-m/libgcc.a
LOAD /nfs/nfs5/home/research/hardware/arm2/gcc-arm-embedded/gcc-arm-none-eabi-4_8-2014q2/bin/../lib/gcc/arm-none-eabi/4.8.4/../../../../arm-none-eabi/lib/armv7e-m/libg.a
LOAD /nfs/nfs5/home/research/hardware/arm2/gcc-arm-embedded/gcc-arm-none-eabi-4_8-2014q2/bin/../lib/gcc/arm-none-eabi/4.8.4/../../../../arm-none-eabi/lib/armv7e-m/libc.a
END GROUP
OUTPUT(build/lab1.elf elf32-littlearm)

.ARM.attributes
                0x00000000       0x2f
 .ARM.attributes
                0x00000000       0x21 build/obj/crt0_v7m.o
 .ARM.attributes
                0x00000021       0x21 build/obj/chcoreasm_v7m.o
 .ARM.attributes
                0x00000042       0x31 /tmp/cc5sf0mf.ltrans0.ltrans.o
 .ARM.attributes
                0x00000073       0x31 /tmp/cc5sf0mf.ltrans1.ltrans.o
 .ARM.attributes
                0x000000a4       0x31 /tmp/cc5sf0mf.ltrans2.ltrans.o
 .ARM.attributes
                0x000000d5       0x31 /tmp/cc5sf0mf.ltrans3.ltrans.o
 .ARM.attributes
                0x00000106       0x1e /nfs/nfs5/home/research/hardware/arm2/gcc-arm-embedded/gcc-arm-none-eabi-4_8-2014q2/bin/../lib/gcc/arm-none-eabi/4.8.4/armv7e-m/libgcc.a(_arm_addsubdf3.o)
 .ARM.attributes
                0x00000124       0x1e /nfs/nfs5/home/research/hardware/arm2/gcc-arm-embedded/gcc-arm-none-eabi-4_8-2014q2/bin/../lib/gcc/arm-none-eabi/4.8.4/armv7e-m/libgcc.a(_arm_muldivdf3.o)
 .ARM.attributes
                0x00000142       0x1e /nfs/nfs5/home/research/hardware/arm2/gcc-arm-embedded/gcc-arm-none-eabi-4_8-2014q2/bin/../lib/gcc/arm-none-eabi/4.8.4/armv7e-m/libgcc.a(_arm_fixdfsi.o)
 .ARM.attributes
                0x00000160       0x1e /nfs/nfs5/home/research/hardware/arm2/gcc-arm-embedded/gcc-arm-none-eabi-4_8-2014q2/bin/../lib/gcc/arm-none-eabi/4.8.4/armv7e-m/libgcc.a(_arm_truncdfsf2.o)
 .ARM.attributes
                0x0000017e       0x1e /nfs/nfs5/home/research/hardware/arm2/gcc-arm-embedded/gcc-arm-none-eabi-4_8-2014q2/bin/../lib/gcc/arm-none-eabi/4.8.4/armv7e-m/libgcc.a(_arm_cmpsf2.o)
 .ARM.attributes
                0x0000019c       0x1e /nfs/nfs5/home/research/hardware/arm2/gcc-arm-embedded/gcc-arm-none-eabi-4_8-2014q2/bin/../lib/gcc/arm-none-eabi/4.8.4/armv7e-m/libgcc.a(_arm_fixsfsi.o)
 .ARM.attributes
                0x000001ba       0x1c /nfs/nfs5/home/research/hardware/arm2/gcc-arm-embedded/gcc-arm-none-eabi-4_8-2014q2/bin/../lib/gcc/arm-none-eabi/4.8.4/../../../../arm-none-eabi/lib/armv7e-m/libg.a(lib_a-strcmp.o)
 .ARM.attributes
                0x000001d6       0x2e /nfs/nfs5/home/research/hardware/arm2/gcc-arm-embedded/gcc-arm-none-eabi-4_8-2014q2/bin/../lib/gcc/arm-none-eabi/4.8.4/../../../../arm-none-eabi/lib/armv7e-m/libg.a(lib_a-strpbrk.o)
 .ARM.attributes
                0x00000204       0x2e /nfs/nfs5/home/research/hardware/arm2/gcc-arm-embedded/gcc-arm-none-eabi-4_8-2014q2/bin/../lib/gcc/arm-none-eabi/4.8.4/../../../../arm-none-eabi/lib/armv7e-m/libg.a(lib_a-strspn.o)

.comment        0x00000000       0x70
 .comment       0x00000000       0x70 /tmp/cc5sf0mf.ltrans0.ltrans.o
                                 0x71 (size before relaxing)
 .comment       0x00000000       0x71 /tmp/cc5sf0mf.ltrans1.ltrans.o
 .comment       0x00000000       0x71 /tmp/cc5sf0mf.ltrans2.ltrans.o
 .comment       0x00000000       0x71 /tmp/cc5sf0mf.ltrans3.ltrans.o

.debug_info     0x00000000     0xc180
 .debug_info    0x00000000     0x2ecf /tmp/cc5sf0mf.ltrans0.ltrans.o
 .debug_info    0x00002ecf     0x3b75 /tmp/cc5sf0mf.ltrans1.ltrans.o
 .debug_info    0x00006a44     0x3c8d /tmp/cc5sf0mf.ltrans2.ltrans.o
 .debug_info    0x0000a6d1     0x1aaf /tmp/cc5sf0mf.ltrans3.ltrans.o

.debug_abbrev   0x00000000     0x1781
 .debug_abbrev  0x00000000      0x65c /tmp/cc5sf0mf.ltrans0.ltrans.o
 .debug_abbrev  0x0000065c      0x5b3 /tmp/cc5sf0mf.ltrans1.ltrans.o
 .debug_abbrev  0x00000c0f      0x672 /tmp/cc5sf0mf.ltrans2.ltrans.o
 .debug_abbrev  0x00001281      0x500 /tmp/cc5sf0mf.ltrans3.ltrans.o

.debug_loc      0x00000000     0x38a9
 .debug_loc     0x00000000     0x18e6 /tmp/cc5sf0mf.ltrans0.ltrans.o
 .debug_loc     0x000018e6      0x547 /tmp/cc5sf0mf.ltrans1.ltrans.o
 .debug_loc     0x00001e2d     0x1240 /tmp/cc5sf0mf.ltrans2.ltrans.o
 .debug_loc     0x0000306d      0x83c /tmp/cc5sf0mf.ltrans3.ltrans.o

.debug_aranges  0x00000000      0x340
 .debug_aranges
                0x00000000       0xf8 /tmp/cc5sf0mf.ltrans0.ltrans.o
 .debug_aranges
                0x000000f8       0x60 /tmp/cc5sf0mf.ltrans1.ltrans.o
 .debug_aranges
                0x00000158       0xc8 /tmp/cc5sf0mf.ltrans2.ltrans.o
 .debug_aranges
                0x00000220      0x120 /tmp/cc5sf0mf.ltrans3.ltrans.o

.debug_ranges   0x00000000     0x1600
 .debug_ranges  0x00000000      0x4c0 /tmp/cc5sf0mf.ltrans0.ltrans.o
 .debug_ranges  0x000004c0      0x960 /tmp/cc5sf0mf.ltrans1.ltrans.o
 .debug_ranges  0x00000e20      0x3b8 /tmp/cc5sf0mf.ltrans2.ltrans.o
 .debug_ranges  0x000011d8      0x428 /tmp/cc5sf0mf.ltrans3.ltrans.o

.debug_line     0x00000000     0x3102
 .debug_line    0x00000000      0xd49 /tmp/cc5sf0mf.ltrans0.ltrans.o
 .debug_line    0x00000d49      0xd91 /tmp/cc5sf0mf.ltrans1.ltrans.o
 .debug_line    0x00001ada      0xc89 /tmp/cc5sf0mf.ltrans2.ltrans.o
 .debug_line    0x00002763      0x99f /tmp/cc5sf0mf.ltrans3.ltrans.o

.debug_str      0x00000000     0x245e
 .debug_str     0x00000000      0xd51 /tmp/cc5sf0mf.ltrans0.ltrans.o
                                0xe41 (size before relaxing)
 .debug_str     0x00000d51      0xff5 /tmp/cc5sf0mf.ltrans1.ltrans.o
                               0x18bd (size before relaxing)
 .debug_str     0x00001d46      0x4b0 /tmp/cc5sf0mf.ltrans2.ltrans.o
                               0x10ea (size before relaxing)
 .debug_str     0x000021f6      0x268 /tmp/cc5sf0mf.ltrans3.ltrans.o
                                0x86a (size before relaxing)

.debug_frame    0x00000000      0x978
 .debug_frame   0x00000000      0x304 /tmp/cc5sf0mf.ltrans0.ltrans.o
 .debug_frame   0x00000304       0xd0 /tmp/cc5sf0mf.ltrans1.ltrans.o
 .debug_frame   0x000003d4      0x230 /tmp/cc5sf0mf.ltrans2.ltrans.o
 .debug_frame   0x00000604      0x31c /tmp/cc5sf0mf.ltrans3.ltrans.o
 .debug_frame   0x00000920       0x2c /nfs/nfs5/home/research/hardware/arm2/gcc-arm-embedded/gcc-arm-none-eabi-4_8-2014q2/bin/../lib/gcc/arm-none-eabi/4.8.4/../../../../arm-none-eabi/lib/armv7e-m/libg.a(lib_a-strpbrk.o)
 .debug_frame   0x0000094c       0x2c /nfs/nfs5/home/research/hardware/arm2/gcc-arm-embedded/gcc-arm-none-eabi-4_8-2014q2/bin/../lib/gcc/arm-none-eabi/4.8.4/../../../../arm-none-eabi/lib/armv7e-m/libg.a(lib_a-strspn.o)

Cross Reference Table

Symbol                                            File
BusFault_Handler                                  /tmp/cc5sf0mf.ltrans3.ltrans.o
                                                  /tmp/cc5sf0mf.ltrans2.ltrans.o
DebugMon_Handler                                  /tmp/cc5sf0mf.ltrans3.ltrans.o
                                                  /tmp/cc5sf0mf.ltrans2.ltrans.o
EXTD1                                             /tmp/cc5sf0mf.ltrans1.ltrans.o
                                                  /tmp/cc5sf0mf.ltrans3.ltrans.o
                                                  /tmp/cc5sf0mf.ltrans0.ltrans.o
HardFault_Handler                                 /tmp/cc5sf0mf.ltrans3.ltrans.o
                                                  /tmp/cc5sf0mf.ltrans2.ltrans.o
MemManage_Handler                                 /tmp/cc5sf0mf.ltrans3.ltrans.o
                                                  /tmp/cc5sf0mf.ltrans2.ltrans.o
NMI_Handler                                       /tmp/cc5sf0mf.ltrans3.ltrans.o
                                                  /tmp/cc5sf0mf.ltrans2.ltrans.o
PendSV_Handler                                    /tmp/cc5sf0mf.ltrans3.ltrans.o
                                                  /tmp/cc5sf0mf.ltrans2.ltrans.o
Reset_Handler                                     build/obj/crt0_v7m.o
                                                  /tmp/cc5sf0mf.ltrans2.ltrans.o
SD1                                               /tmp/cc5sf0mf.ltrans1.ltrans.o
                                                  /tmp/cc5sf0mf.ltrans2.ltrans.o
SPID1                                             /tmp/cc5sf0mf.ltrans1.ltrans.o
                                                  /tmp/cc5sf0mf.ltrans2.ltrans.o
                                                  /tmp/cc5sf0mf.ltrans0.ltrans.o
SPID3                                             /tmp/cc5sf0mf.ltrans1.ltrans.o
                                                  /tmp/cc5sf0mf.ltrans0.ltrans.o
SVC_Handler                                       /tmp/cc5sf0mf.ltrans3.ltrans.o
                                                  /tmp/cc5sf0mf.ltrans2.ltrans.o
SysTick_Handler                                   /tmp/cc5sf0mf.ltrans3.ltrans.o
                                                  /tmp/cc5sf0mf.ltrans2.ltrans.o
TimeThread.12973                                  /tmp/cc5sf0mf.ltrans2.ltrans.o
                                                  /tmp/cc5sf0mf.ltrans1.ltrans.o
UsageFault_Handler                                /tmp/cc5sf0mf.ltrans3.ltrans.o
                                                  /tmp/cc5sf0mf.ltrans2.ltrans.o
Vector100                                         /tmp/cc5sf0mf.ltrans3.ltrans.o
                                                  /tmp/cc5sf0mf.ltrans2.ltrans.o
Vector104                                         /tmp/cc5sf0mf.ltrans3.ltrans.o
                                                  /tmp/cc5sf0mf.ltrans2.ltrans.o
Vector108                                         /tmp/cc5sf0mf.ltrans3.ltrans.o
                                                  /tmp/cc5sf0mf.ltrans2.ltrans.o
Vector10C                                         /tmp/cc5sf0mf.ltrans3.ltrans.o
                                                  /tmp/cc5sf0mf.ltrans2.ltrans.o
Vector110                                         /tmp/cc5sf0mf.ltrans3.ltrans.o
                                                  /tmp/cc5sf0mf.ltrans2.ltrans.o
Vector114                                         /tmp/cc5sf0mf.ltrans3.ltrans.o
                                                  /tmp/cc5sf0mf.ltrans2.ltrans.o
Vector118                                         /tmp/cc5sf0mf.ltrans3.ltrans.o
                                                  /tmp/cc5sf0mf.ltrans2.ltrans.o
Vector11C                                         /tmp/cc5sf0mf.ltrans3.ltrans.o
                                                  /tmp/cc5sf0mf.ltrans2.ltrans.o
Vector120                                         /tmp/cc5sf0mf.ltrans3.ltrans.o
                                                  /tmp/cc5sf0mf.ltrans2.ltrans.o
Vector124                                         /tmp/cc5sf0mf.ltrans3.ltrans.o
                                                  /tmp/cc5sf0mf.ltrans2.ltrans.o
Vector128                                         /tmp/cc5sf0mf.ltrans3.ltrans.o
                                                  /tmp/cc5sf0mf.ltrans2.ltrans.o
Vector12C                                         /tmp/cc5sf0mf.ltrans3.ltrans.o
                                                  /tmp/cc5sf0mf.ltrans2.ltrans.o
Vector130                                         /tmp/cc5sf0mf.ltrans3.ltrans.o
                                                  /tmp/cc5sf0mf.ltrans2.ltrans.o
Vector134                                         /tmp/cc5sf0mf.ltrans3.ltrans.o
                                                  /tmp/cc5sf0mf.ltrans2.ltrans.o
Vector138                                         /tmp/cc5sf0mf.ltrans3.ltrans.o
                                                  /tmp/cc5sf0mf.ltrans2.ltrans.o
Vector13C                                         /tmp/cc5sf0mf.ltrans3.ltrans.o
                                                  /tmp/cc5sf0mf.ltrans2.ltrans.o
Vector140                                         /tmp/cc5sf0mf.ltrans0.ltrans.o
                                                  /tmp/cc5sf0mf.ltrans2.ltrans.o
Vector144                                         /tmp/cc5sf0mf.ltrans0.ltrans.o
                                                  /tmp/cc5sf0mf.ltrans2.ltrans.o
Vector148                                         /tmp/cc5sf0mf.ltrans0.ltrans.o
                                                  /tmp/cc5sf0mf.ltrans2.ltrans.o
Vector14C                                         /tmp/cc5sf0mf.ltrans3.ltrans.o
                                                  /tmp/cc5sf0mf.ltrans2.ltrans.o
Vector150                                         /tmp/cc5sf0mf.ltrans3.ltrans.o
                                                  /tmp/cc5sf0mf.ltrans2.ltrans.o
Vector154                                         /tmp/cc5sf0mf.ltrans3.ltrans.o
                                                  /tmp/cc5sf0mf.ltrans2.ltrans.o
Vector158                                         /tmp/cc5sf0mf.ltrans3.ltrans.o
                                                  /tmp/cc5sf0mf.ltrans2.ltrans.o
Vector15C                                         /tmp/cc5sf0mf.ltrans3.ltrans.o
                                                  /tmp/cc5sf0mf.ltrans2.ltrans.o
Vector160                                         /tmp/cc5sf0mf.ltrans3.ltrans.o
                                                  /tmp/cc5sf0mf.ltrans2.ltrans.o
Vector164                                         /tmp/cc5sf0mf.ltrans3.ltrans.o
                                                  /tmp/cc5sf0mf.ltrans2.ltrans.o
Vector168                                         /tmp/cc5sf0mf.ltrans3.ltrans.o
                                                  /tmp/cc5sf0mf.ltrans2.ltrans.o
Vector16C                                         /tmp/cc5sf0mf.ltrans3.ltrans.o
                                                  /tmp/cc5sf0mf.ltrans2.ltrans.o
Vector170                                         /tmp/cc5sf0mf.ltrans3.ltrans.o
                                                  /tmp/cc5sf0mf.ltrans2.ltrans.o
Vector174                                         /tmp/cc5sf0mf.ltrans3.ltrans.o
                                                  /tmp/cc5sf0mf.ltrans2.ltrans.o
Vector178                                         /tmp/cc5sf0mf.ltrans3.ltrans.o
                                                  /tmp/cc5sf0mf.ltrans2.ltrans.o
Vector17C                                         /tmp/cc5sf0mf.ltrans3.ltrans.o
                                                  /tmp/cc5sf0mf.ltrans2.ltrans.o
Vector180                                         /tmp/cc5sf0mf.ltrans3.ltrans.o
                                                  /tmp/cc5sf0mf.ltrans2.ltrans.o
Vector184                                         /tmp/cc5sf0mf.ltrans3.ltrans.o
                                                  /tmp/cc5sf0mf.ltrans2.ltrans.o
Vector188                                         /tmp/cc5sf0mf.ltrans3.ltrans.o
                                                  /tmp/cc5sf0mf.ltrans2.ltrans.o
Vector18C                                         /tmp/cc5sf0mf.ltrans3.ltrans.o
                                                  /tmp/cc5sf0mf.ltrans2.ltrans.o
Vector190                                         /tmp/cc5sf0mf.ltrans3.ltrans.o
                                                  /tmp/cc5sf0mf.ltrans2.ltrans.o
Vector194                                         /tmp/cc5sf0mf.ltrans3.ltrans.o
                                                  /tmp/cc5sf0mf.ltrans2.ltrans.o
Vector198                                         /tmp/cc5sf0mf.ltrans3.ltrans.o
                                                  /tmp/cc5sf0mf.ltrans2.ltrans.o
Vector19C                                         /tmp/cc5sf0mf.ltrans3.ltrans.o
                                                  /tmp/cc5sf0mf.ltrans2.ltrans.o
Vector1C                                          /tmp/cc5sf0mf.ltrans3.ltrans.o
                                                  /tmp/cc5sf0mf.ltrans2.ltrans.o
Vector20                                          /tmp/cc5sf0mf.ltrans3.ltrans.o
                                                  /tmp/cc5sf0mf.ltrans2.ltrans.o
Vector24                                          /tmp/cc5sf0mf.ltrans3.ltrans.o
                                                  /tmp/cc5sf0mf.ltrans2.ltrans.o
Vector28                                          /tmp/cc5sf0mf.ltrans3.ltrans.o
                                                  /tmp/cc5sf0mf.ltrans2.ltrans.o
Vector34                                          /tmp/cc5sf0mf.ltrans3.ltrans.o
                                                  /tmp/cc5sf0mf.ltrans2.ltrans.o
Vector40                                          /tmp/cc5sf0mf.ltrans3.ltrans.o
                                                  /tmp/cc5sf0mf.ltrans2.ltrans.o
Vector44                                          /tmp/cc5sf0mf.ltrans0.ltrans.o
                                                  /tmp/cc5sf0mf.ltrans2.ltrans.o
Vector48                                          /tmp/cc5sf0mf.ltrans0.ltrans.o
                                                  /tmp/cc5sf0mf.ltrans2.ltrans.o
Vector4C                                          /tmp/cc5sf0mf.ltrans0.ltrans.o
                                                  /tmp/cc5sf0mf.ltrans2.ltrans.o
Vector50                                          /tmp/cc5sf0mf.ltrans3.ltrans.o
                                                  /tmp/cc5sf0mf.ltrans2.ltrans.o
Vector54                                          /tmp/cc5sf0mf.ltrans3.ltrans.o
                                                  /tmp/cc5sf0mf.ltrans2.ltrans.o
Vector58                                          /tmp/cc5sf0mf.ltrans3.ltrans.o
                                                  /tmp/cc5sf0mf.ltrans2.ltrans.o
Vector5C                                          /tmp/cc5sf0mf.ltrans3.ltrans.o
                                                  /tmp/cc5sf0mf.ltrans2.ltrans.o
Vector60                                          /tmp/cc5sf0mf.ltrans3.ltrans.o
                                                  /tmp/cc5sf0mf.ltrans2.ltrans.o
Vector64                                          /tmp/cc5sf0mf.ltrans3.ltrans.o
                                                  /tmp/cc5sf0mf.ltrans2.ltrans.o
Vector68                                          /tmp/cc5sf0mf.ltrans3.ltrans.o
                                                  /tmp/cc5sf0mf.ltrans2.ltrans.o
Vector6C                                          /tmp/cc5sf0mf.ltrans3.ltrans.o
                                                  /tmp/cc5sf0mf.ltrans2.ltrans.o
Vector70                                          /tmp/cc5sf0mf.ltrans3.ltrans.o
                                                  /tmp/cc5sf0mf.ltrans2.ltrans.o
Vector74                                          /tmp/cc5sf0mf.ltrans3.ltrans.o
                                                  /tmp/cc5sf0mf.ltrans2.ltrans.o
Vector78                                          /tmp/cc5sf0mf.ltrans3.ltrans.o
                                                  /tmp/cc5sf0mf.ltrans2.ltrans.o
Vector7C                                          /tmp/cc5sf0mf.ltrans3.ltrans.o
                                                  /tmp/cc5sf0mf.ltrans2.ltrans.o
Vector80                                          /tmp/cc5sf0mf.ltrans3.ltrans.o
                                                  /tmp/cc5sf0mf.ltrans2.ltrans.o
Vector84                                          /tmp/cc5sf0mf.ltrans3.ltrans.o
                                                  /tmp/cc5sf0mf.ltrans2.ltrans.o
Vector88                                          /tmp/cc5sf0mf.ltrans3.ltrans.o
                                                  /tmp/cc5sf0mf.ltrans2.ltrans.o
Vector8C                                          /tmp/cc5sf0mf.ltrans3.ltrans.o
                                                  /tmp/cc5sf0mf.ltrans2.ltrans.o
Vector90                                          /tmp/cc5sf0mf.ltrans3.ltrans.o
                                                  /tmp/cc5sf0mf.ltrans2.ltrans.o
Vector94                                          /tmp/cc5sf0mf.ltrans3.ltrans.o
                                                  /tmp/cc5sf0mf.ltrans2.ltrans.o
Vector98                                          /tmp/cc5sf0mf.ltrans3.ltrans.o
                                                  /tmp/cc5sf0mf.ltrans2.ltrans.o
Vector9C                                          /tmp/cc5sf0mf.ltrans3.ltrans.o
                                                  /tmp/cc5sf0mf.ltrans2.ltrans.o
VectorA0                                          /tmp/cc5sf0mf.ltrans3.ltrans.o
                                                  /tmp/cc5sf0mf.ltrans2.ltrans.o
VectorA4                                          /tmp/cc5sf0mf.ltrans3.ltrans.o
                                                  /tmp/cc5sf0mf.ltrans2.ltrans.o
VectorA8                                          /tmp/cc5sf0mf.ltrans3.ltrans.o
                                                  /tmp/cc5sf0mf.ltrans2.ltrans.o
VectorAC                                          /tmp/cc5sf0mf.ltrans3.ltrans.o
                                                  /tmp/cc5sf0mf.ltrans2.ltrans.o
VectorB4                                          /tmp/cc5sf0mf.ltrans3.ltrans.o
                                                  /tmp/cc5sf0mf.ltrans2.ltrans.o
VectorB8                                          /tmp/cc5sf0mf.ltrans3.ltrans.o
                                                  /tmp/cc5sf0mf.ltrans2.ltrans.o
VectorBC                                          /tmp/cc5sf0mf.ltrans3.ltrans.o
                                                  /tmp/cc5sf0mf.ltrans2.ltrans.o
VectorC0                                          /tmp/cc5sf0mf.ltrans3.ltrans.o
                                                  /tmp/cc5sf0mf.ltrans2.ltrans.o
VectorC4                                          /tmp/cc5sf0mf.ltrans3.ltrans.o
                                                  /tmp/cc5sf0mf.ltrans2.ltrans.o
VectorC8                                          /tmp/cc5sf0mf.ltrans3.ltrans.o
                                                  /tmp/cc5sf0mf.ltrans2.ltrans.o
VectorCC                                          /tmp/cc5sf0mf.ltrans3.ltrans.o
                                                  /tmp/cc5sf0mf.ltrans2.ltrans.o
VectorD0                                          /tmp/cc5sf0mf.ltrans3.ltrans.o
                                                  /tmp/cc5sf0mf.ltrans2.ltrans.o
VectorD8                                          /tmp/cc5sf0mf.ltrans3.ltrans.o
                                                  /tmp/cc5sf0mf.ltrans2.ltrans.o
VectorDC                                          /tmp/cc5sf0mf.ltrans3.ltrans.o
                                                  /tmp/cc5sf0mf.ltrans2.ltrans.o
VectorE0                                          /tmp/cc5sf0mf.ltrans3.ltrans.o
                                                  /tmp/cc5sf0mf.ltrans2.ltrans.o
VectorE4                                          /tmp/cc5sf0mf.ltrans0.ltrans.o
                                                  /tmp/cc5sf0mf.ltrans2.ltrans.o
VectorE8                                          /tmp/cc5sf0mf.ltrans0.ltrans.o
                                                  /tmp/cc5sf0mf.ltrans2.ltrans.o
VectorEC                                          /tmp/cc5sf0mf.ltrans3.ltrans.o
                                                  /tmp/cc5sf0mf.ltrans2.ltrans.o
VectorF0                                          /tmp/cc5sf0mf.ltrans3.ltrans.o
                                                  /tmp/cc5sf0mf.ltrans2.ltrans.o
VectorF4                                          /tmp/cc5sf0mf.ltrans3.ltrans.o
                                                  /tmp/cc5sf0mf.ltrans2.ltrans.o
VectorF8                                          /tmp/cc5sf0mf.ltrans3.ltrans.o
                                                  /tmp/cc5sf0mf.ltrans2.ltrans.o
VectorFC                                          /tmp/cc5sf0mf.ltrans3.ltrans.o
                                                  /tmp/cc5sf0mf.ltrans2.ltrans.o
__adddf3                                          /nfs/nfs5/home/research/hardware/arm2/gcc-arm-embedded/gcc-arm-none-eabi-4_8-2014q2/bin/../lib/gcc/arm-none-eabi/4.8.4/armv7e-m/libgcc.a(_arm_addsubdf3.o)
__aeabi_cfcmpeq                                   /nfs/nfs5/home/research/hardware/arm2/gcc-arm-embedded/gcc-arm-none-eabi-4_8-2014q2/bin/../lib/gcc/arm-none-eabi/4.8.4/armv7e-m/libgcc.a(_arm_cmpsf2.o)
__aeabi_cfcmple                                   /nfs/nfs5/home/research/hardware/arm2/gcc-arm-embedded/gcc-arm-none-eabi-4_8-2014q2/bin/../lib/gcc/arm-none-eabi/4.8.4/armv7e-m/libgcc.a(_arm_cmpsf2.o)
__aeabi_cfrcmple                                  /nfs/nfs5/home/research/hardware/arm2/gcc-arm-embedded/gcc-arm-none-eabi-4_8-2014q2/bin/../lib/gcc/arm-none-eabi/4.8.4/armv7e-m/libgcc.a(_arm_cmpsf2.o)
__aeabi_d2f                                       /nfs/nfs5/home/research/hardware/arm2/gcc-arm-embedded/gcc-arm-none-eabi-4_8-2014q2/bin/../lib/gcc/arm-none-eabi/4.8.4/armv7e-m/libgcc.a(_arm_truncdfsf2.o)
                                                  /tmp/cc5sf0mf.ltrans0.ltrans.o
__aeabi_d2iz                                      /nfs/nfs5/home/research/hardware/arm2/gcc-arm-embedded/gcc-arm-none-eabi-4_8-2014q2/bin/../lib/gcc/arm-none-eabi/4.8.4/armv7e-m/libgcc.a(_arm_fixdfsi.o)
                                                  /tmp/cc5sf0mf.ltrans0.ltrans.o
__aeabi_dadd                                      /nfs/nfs5/home/research/hardware/arm2/gcc-arm-embedded/gcc-arm-none-eabi-4_8-2014q2/bin/../lib/gcc/arm-none-eabi/4.8.4/armv7e-m/libgcc.a(_arm_addsubdf3.o)
__aeabi_ddiv                                      /nfs/nfs5/home/research/hardware/arm2/gcc-arm-embedded/gcc-arm-none-eabi-4_8-2014q2/bin/../lib/gcc/arm-none-eabi/4.8.4/armv7e-m/libgcc.a(_arm_muldivdf3.o)
__aeabi_dmul                                      /nfs/nfs5/home/research/hardware/arm2/gcc-arm-embedded/gcc-arm-none-eabi-4_8-2014q2/bin/../lib/gcc/arm-none-eabi/4.8.4/armv7e-m/libgcc.a(_arm_muldivdf3.o)
                                                  /tmp/cc5sf0mf.ltrans0.ltrans.o
__aeabi_drsub                                     /nfs/nfs5/home/research/hardware/arm2/gcc-arm-embedded/gcc-arm-none-eabi-4_8-2014q2/bin/../lib/gcc/arm-none-eabi/4.8.4/armv7e-m/libgcc.a(_arm_addsubdf3.o)
__aeabi_dsub                                      /nfs/nfs5/home/research/hardware/arm2/gcc-arm-embedded/gcc-arm-none-eabi-4_8-2014q2/bin/../lib/gcc/arm-none-eabi/4.8.4/armv7e-m/libgcc.a(_arm_addsubdf3.o)
                                                  /tmp/cc5sf0mf.ltrans0.ltrans.o
__aeabi_f2d                                       /nfs/nfs5/home/research/hardware/arm2/gcc-arm-embedded/gcc-arm-none-eabi-4_8-2014q2/bin/../lib/gcc/arm-none-eabi/4.8.4/armv7e-m/libgcc.a(_arm_addsubdf3.o)
                                                  /tmp/cc5sf0mf.ltrans0.ltrans.o
__aeabi_f2iz                                      /nfs/nfs5/home/research/hardware/arm2/gcc-arm-embedded/gcc-arm-none-eabi-4_8-2014q2/bin/../lib/gcc/arm-none-eabi/4.8.4/armv7e-m/libgcc.a(_arm_fixsfsi.o)
                                                  /tmp/cc5sf0mf.ltrans0.ltrans.o
__aeabi_fcmpeq                                    /nfs/nfs5/home/research/hardware/arm2/gcc-arm-embedded/gcc-arm-none-eabi-4_8-2014q2/bin/../lib/gcc/arm-none-eabi/4.8.4/armv7e-m/libgcc.a(_arm_cmpsf2.o)
__aeabi_fcmpge                                    /nfs/nfs5/home/research/hardware/arm2/gcc-arm-embedded/gcc-arm-none-eabi-4_8-2014q2/bin/../lib/gcc/arm-none-eabi/4.8.4/armv7e-m/libgcc.a(_arm_cmpsf2.o)
__aeabi_fcmpgt                                    /nfs/nfs5/home/research/hardware/arm2/gcc-arm-embedded/gcc-arm-none-eabi-4_8-2014q2/bin/../lib/gcc/arm-none-eabi/4.8.4/armv7e-m/libgcc.a(_arm_cmpsf2.o)
__aeabi_fcmple                                    /nfs/nfs5/home/research/hardware/arm2/gcc-arm-embedded/gcc-arm-none-eabi-4_8-2014q2/bin/../lib/gcc/arm-none-eabi/4.8.4/armv7e-m/libgcc.a(_arm_cmpsf2.o)
__aeabi_fcmplt                                    /nfs/nfs5/home/research/hardware/arm2/gcc-arm-embedded/gcc-arm-none-eabi-4_8-2014q2/bin/../lib/gcc/arm-none-eabi/4.8.4/armv7e-m/libgcc.a(_arm_cmpsf2.o)
                                                  /tmp/cc5sf0mf.ltrans0.ltrans.o
__aeabi_i2d                                       /nfs/nfs5/home/research/hardware/arm2/gcc-arm-embedded/gcc-arm-none-eabi-4_8-2014q2/bin/../lib/gcc/arm-none-eabi/4.8.4/armv7e-m/libgcc.a(_arm_addsubdf3.o)
                                                  /tmp/cc5sf0mf.ltrans0.ltrans.o
__aeabi_l2d                                       /nfs/nfs5/home/research/hardware/arm2/gcc-arm-embedded/gcc-arm-none-eabi-4_8-2014q2/bin/../lib/gcc/arm-none-eabi/4.8.4/armv7e-m/libgcc.a(_arm_addsubdf3.o)
__aeabi_ui2d                                      /nfs/nfs5/home/research/hardware/arm2/gcc-arm-embedded/gcc-arm-none-eabi-4_8-2014q2/bin/../lib/gcc/arm-none-eabi/4.8.4/armv7e-m/libgcc.a(_arm_addsubdf3.o)
                                                  /tmp/cc5sf0mf.ltrans0.ltrans.o
__aeabi_ul2d                                      /nfs/nfs5/home/research/hardware/arm2/gcc-arm-embedded/gcc-arm-none-eabi-4_8-2014q2/bin/../lib/gcc/arm-none-eabi/4.8.4/armv7e-m/libgcc.a(_arm_addsubdf3.o)
__cmpsf2                                          /nfs/nfs5/home/research/hardware/arm2/gcc-arm-embedded/gcc-arm-none-eabi-4_8-2014q2/bin/../lib/gcc/arm-none-eabi/4.8.4/armv7e-m/libgcc.a(_arm_cmpsf2.o)
__core_init                                       /tmp/cc5sf0mf.ltrans1.ltrans.o
                                                  build/obj/crt0_v7m.o
__default_exit                                    /tmp/cc5sf0mf.ltrans1.ltrans.o
                                                  build/obj/crt0_v7m.o
__divdf3                                          /nfs/nfs5/home/research/hardware/arm2/gcc-arm-embedded/gcc-arm-none-eabi-4_8-2014q2/bin/../lib/gcc/arm-none-eabi/4.8.4/armv7e-m/libgcc.a(_arm_muldivdf3.o)
__early_init                                      /tmp/cc5sf0mf.ltrans1.ltrans.o
                                                  build/obj/crt0_v7m.o
__eqsf2                                           /nfs/nfs5/home/research/hardware/arm2/gcc-arm-embedded/gcc-arm-none-eabi-4_8-2014q2/bin/../lib/gcc/arm-none-eabi/4.8.4/armv7e-m/libgcc.a(_arm_cmpsf2.o)
__extendsfdf2                                     /nfs/nfs5/home/research/hardware/arm2/gcc-arm-embedded/gcc-arm-none-eabi-4_8-2014q2/bin/../lib/gcc/arm-none-eabi/4.8.4/armv7e-m/libgcc.a(_arm_addsubdf3.o)
__fini_array_end                                  build/obj/crt0_v7m.o
__fini_array_start                                build/obj/crt0_v7m.o
__fixdfsi                                         /nfs/nfs5/home/research/hardware/arm2/gcc-arm-embedded/gcc-arm-none-eabi-4_8-2014q2/bin/../lib/gcc/arm-none-eabi/4.8.4/armv7e-m/libgcc.a(_arm_fixdfsi.o)
__fixsfsi                                         /nfs/nfs5/home/research/hardware/arm2/gcc-arm-embedded/gcc-arm-none-eabi-4_8-2014q2/bin/../lib/gcc/arm-none-eabi/4.8.4/armv7e-m/libgcc.a(_arm_fixsfsi.o)
__floatdidf                                       /nfs/nfs5/home/research/hardware/arm2/gcc-arm-embedded/gcc-arm-none-eabi-4_8-2014q2/bin/../lib/gcc/arm-none-eabi/4.8.4/armv7e-m/libgcc.a(_arm_addsubdf3.o)
__floatsidf                                       /nfs/nfs5/home/research/hardware/arm2/gcc-arm-embedded/gcc-arm-none-eabi-4_8-2014q2/bin/../lib/gcc/arm-none-eabi/4.8.4/armv7e-m/libgcc.a(_arm_addsubdf3.o)
__floatundidf                                     /nfs/nfs5/home/research/hardware/arm2/gcc-arm-embedded/gcc-arm-none-eabi-4_8-2014q2/bin/../lib/gcc/arm-none-eabi/4.8.4/armv7e-m/libgcc.a(_arm_addsubdf3.o)
__floatunsidf                                     /nfs/nfs5/home/research/hardware/arm2/gcc-arm-embedded/gcc-arm-none-eabi-4_8-2014q2/bin/../lib/gcc/arm-none-eabi/4.8.4/armv7e-m/libgcc.a(_arm_addsubdf3.o)
__gesf2                                           /nfs/nfs5/home/research/hardware/arm2/gcc-arm-embedded/gcc-arm-none-eabi-4_8-2014q2/bin/../lib/gcc/arm-none-eabi/4.8.4/armv7e-m/libgcc.a(_arm_cmpsf2.o)
__gtsf2                                           /nfs/nfs5/home/research/hardware/arm2/gcc-arm-embedded/gcc-arm-none-eabi-4_8-2014q2/bin/../lib/gcc/arm-none-eabi/4.8.4/armv7e-m/libgcc.a(_arm_cmpsf2.o)
__heap_base__                                     /tmp/cc5sf0mf.ltrans1.ltrans.o
__heap_end__                                      /tmp/cc5sf0mf.ltrans1.ltrans.o
__init_array_end                                  build/obj/crt0_v7m.o
__init_array_start                                build/obj/crt0_v7m.o
__init_ram_areas                                  /tmp/cc5sf0mf.ltrans1.ltrans.o
                                                  build/obj/crt0_v7m.o
__late_init                                       /tmp/cc5sf0mf.ltrans1.ltrans.o
                                                  build/obj/crt0_v7m.o
__lesf2                                           /nfs/nfs5/home/research/hardware/arm2/gcc-arm-embedded/gcc-arm-none-eabi-4_8-2014q2/bin/../lib/gcc/arm-none-eabi/4.8.4/armv7e-m/libgcc.a(_arm_cmpsf2.o)
__ltsf2                                           /nfs/nfs5/home/research/hardware/arm2/gcc-arm-embedded/gcc-arm-none-eabi-4_8-2014q2/bin/../lib/gcc/arm-none-eabi/4.8.4/armv7e-m/libgcc.a(_arm_cmpsf2.o)
__main_stack_base__                               build/obj/crt0_v7m.o
__main_stack_end__                                /tmp/cc5sf0mf.ltrans2.ltrans.o
                                                  build/obj/crt0_v7m.o
__muldf3                                          /nfs/nfs5/home/research/hardware/arm2/gcc-arm-embedded/gcc-arm-none-eabi-4_8-2014q2/bin/../lib/gcc/arm-none-eabi/4.8.4/armv7e-m/libgcc.a(_arm_muldivdf3.o)
__nesf2                                           /nfs/nfs5/home/research/hardware/arm2/gcc-arm-embedded/gcc-arm-none-eabi-4_8-2014q2/bin/../lib/gcc/arm-none-eabi/4.8.4/armv7e-m/libgcc.a(_arm_cmpsf2.o)
__process_stack_base__                            build/obj/crt0_v7m.o
__process_stack_end__                             build/obj/crt0_v7m.o
__ram0_clear__                                    /tmp/cc5sf0mf.ltrans1.ltrans.o
__ram0_init__                                     /tmp/cc5sf0mf.ltrans1.ltrans.o
__ram0_init_text__                                /tmp/cc5sf0mf.ltrans1.ltrans.o
__ram0_noinit__                                   /tmp/cc5sf0mf.ltrans1.ltrans.o
__ram1_clear__                                    /tmp/cc5sf0mf.ltrans1.ltrans.o
__ram1_init__                                     /tmp/cc5sf0mf.ltrans1.ltrans.o
__ram1_init_text__                                /tmp/cc5sf0mf.ltrans1.ltrans.o
__ram1_noinit__                                   /tmp/cc5sf0mf.ltrans1.ltrans.o
__ram2_clear__                                    /tmp/cc5sf0mf.ltrans1.ltrans.o
__ram2_init__                                     /tmp/cc5sf0mf.ltrans1.ltrans.o
__ram2_init_text__                                /tmp/cc5sf0mf.ltrans1.ltrans.o
__ram2_noinit__                                   /tmp/cc5sf0mf.ltrans1.ltrans.o
__ram3_clear__                                    /tmp/cc5sf0mf.ltrans1.ltrans.o
__ram3_init__                                     /tmp/cc5sf0mf.ltrans1.ltrans.o
__ram3_init_text__                                /tmp/cc5sf0mf.ltrans1.ltrans.o
__ram3_noinit__                                   /tmp/cc5sf0mf.ltrans1.ltrans.o
__ram4_clear__                                    /tmp/cc5sf0mf.ltrans1.ltrans.o
__ram4_init__                                     /tmp/cc5sf0mf.ltrans1.ltrans.o
__ram4_init_text__                                /tmp/cc5sf0mf.ltrans1.ltrans.o
__ram4_noinit__                                   /tmp/cc5sf0mf.ltrans1.ltrans.o
__ram5_clear__                                    /tmp/cc5sf0mf.ltrans1.ltrans.o
__ram5_init__                                     /tmp/cc5sf0mf.ltrans1.ltrans.o
__ram5_init_text__                                /tmp/cc5sf0mf.ltrans1.ltrans.o
__ram5_noinit__                                   /tmp/cc5sf0mf.ltrans1.ltrans.o
__ram6_clear__                                    /tmp/cc5sf0mf.ltrans1.ltrans.o
__ram6_init__                                     /tmp/cc5sf0mf.ltrans1.ltrans.o
__ram6_init_text__                                /tmp/cc5sf0mf.ltrans1.ltrans.o
__ram6_noinit__                                   /tmp/cc5sf0mf.ltrans1.ltrans.o
__ram7_clear__                                    /tmp/cc5sf0mf.ltrans1.ltrans.o
__ram7_init__                                     /tmp/cc5sf0mf.ltrans1.ltrans.o
__ram7_init_text__                                /tmp/cc5sf0mf.ltrans1.ltrans.o
__ram7_noinit__                                   /tmp/cc5sf0mf.ltrans1.ltrans.o
__subdf3                                          /nfs/nfs5/home/research/hardware/arm2/gcc-arm-embedded/gcc-arm-none-eabi-4_8-2014q2/bin/../lib/gcc/arm-none-eabi/4.8.4/armv7e-m/libgcc.a(_arm_addsubdf3.o)
__truncdfsf2                                      /nfs/nfs5/home/research/hardware/arm2/gcc-arm-embedded/gcc-arm-none-eabi-4_8-2014q2/bin/../lib/gcc/arm-none-eabi/4.8.4/armv7e-m/libgcc.a(_arm_truncdfsf2.o)
_bss_end                                          build/obj/crt0_v7m.o
_bss_start                                        build/obj/crt0_v7m.o
_data_end                                         build/obj/crt0_v7m.o
_data_start                                       build/obj/crt0_v7m.o
_idle_thread.4308                                 /tmp/cc5sf0mf.ltrans3.ltrans.o
                                                  /tmp/cc5sf0mf.ltrans1.ltrans.o
_pal_lld_setgroupmode                             /tmp/cc5sf0mf.ltrans0.ltrans.o
                                                  /tmp/cc5sf0mf.ltrans1.ltrans.o
_port_exit_from_isr                               build/obj/chcoreasm_v7m.o
                                                  /tmp/cc5sf0mf.ltrans3.ltrans.o
_port_irq_epilogue                                /tmp/cc5sf0mf.ltrans3.ltrans.o
                                                  /tmp/cc5sf0mf.ltrans2.ltrans.o
                                                  /tmp/cc5sf0mf.ltrans0.ltrans.o
_port_switch                                      build/obj/chcoreasm_v7m.o
                                                  /tmp/cc5sf0mf.ltrans3.ltrans.o
                                                  /tmp/cc5sf0mf.ltrans0.ltrans.o
_port_switch_from_isr                             build/obj/chcoreasm_v7m.o
                                                  /tmp/cc5sf0mf.ltrans3.ltrans.o
_port_thread_start                                build/obj/chcoreasm_v7m.o
                                                  /tmp/cc5sf0mf.ltrans0.ltrans.o
_stm32_dma_isr_redir                              /tmp/cc5sf0mf.ltrans1.ltrans.o
                                                  /tmp/cc5sf0mf.ltrans3.ltrans.o
                                                  /tmp/cc5sf0mf.ltrans0.ltrans.o
_strtok.11712.constprop.5                         /tmp/cc5sf0mf.ltrans0.ltrans.o
                                                  /tmp/cc5sf0mf.ltrans1.ltrans.o
_textdata_start                                   build/obj/crt0_v7m.o
_vectors                                          /tmp/cc5sf0mf.ltrans2.ltrans.o
ch                                                /tmp/cc5sf0mf.ltrans1.ltrans.o
                                                  /tmp/cc5sf0mf.ltrans3.ltrans.o
                                                  /tmp/cc5sf0mf.ltrans2.ltrans.o
                                                  /tmp/cc5sf0mf.ltrans0.ltrans.o
chCoreAlloc                                       /tmp/cc5sf0mf.ltrans3.ltrans.o
                                                  /tmp/cc5sf0mf.ltrans1.ltrans.o
chEvtBroadcastFlagsI                              /tmp/cc5sf0mf.ltrans3.ltrans.o
                                                  /tmp/cc5sf0mf.ltrans2.ltrans.o
                                                  /tmp/cc5sf0mf.ltrans1.ltrans.o
chMtxLock                                         /tmp/cc5sf0mf.ltrans3.ltrans.o
                                                  /tmp/cc5sf0mf.ltrans2.ltrans.o
                                                  /tmp/cc5sf0mf.ltrans1.ltrans.o
                                                  /tmp/cc5sf0mf.ltrans0.ltrans.o
chMtxUnlock                                       /tmp/cc5sf0mf.ltrans3.ltrans.o
                                                  /tmp/cc5sf0mf.ltrans2.ltrans.o
                                                  /tmp/cc5sf0mf.ltrans1.ltrans.o
                                                  /tmp/cc5sf0mf.ltrans0.ltrans.o
chSchDoReschedule                                 /tmp/cc5sf0mf.ltrans1.ltrans.o
                                                  build/obj/chcoreasm_v7m.o
chSchDoRescheduleAhead                            /tmp/cc5sf0mf.ltrans3.ltrans.o
                                                  /tmp/cc5sf0mf.ltrans1.ltrans.o
chSchGoSleepS                                     /tmp/cc5sf0mf.ltrans3.ltrans.o
                                                  /tmp/cc5sf0mf.ltrans2.ltrans.o
                                                  /tmp/cc5sf0mf.ltrans1.ltrans.o
                                                  /tmp/cc5sf0mf.ltrans0.ltrans.o
chSchGoSleepTimeoutS                              /tmp/cc5sf0mf.ltrans0.ltrans.o
                                                  /tmp/cc5sf0mf.ltrans2.ltrans.o
chSchReadyI                                       /tmp/cc5sf0mf.ltrans3.ltrans.o
                                                  /tmp/cc5sf0mf.ltrans2.ltrans.o
                                                  /tmp/cc5sf0mf.ltrans0.ltrans.o
chTMStartMeasurementX.constprop.34                /tmp/cc5sf0mf.ltrans0.ltrans.o
                                                  /tmp/cc5sf0mf.ltrans1.ltrans.o
chTMStopMeasurementX                              /tmp/cc5sf0mf.ltrans3.ltrans.o
                                                  /tmp/cc5sf0mf.ltrans1.ltrans.o
chThdCreateFromHeap.constprop.27                  /tmp/cc5sf0mf.ltrans0.ltrans.o
                                                  /tmp/cc5sf0mf.ltrans2.ltrans.o
                                                  /tmp/cc5sf0mf.ltrans1.ltrans.o
chThdCreateStatic.constprop.36                    /tmp/cc5sf0mf.ltrans0.ltrans.o
                                                  /tmp/cc5sf0mf.ltrans1.ltrans.o
chThdEnqueueTimeoutS                              /tmp/cc5sf0mf.ltrans0.ltrans.o
                                                  /tmp/cc5sf0mf.ltrans2.ltrans.o
chThdExit                                         /tmp/cc5sf0mf.ltrans1.ltrans.o
                                                  build/obj/chcoreasm_v7m.o
chThdExitS                                        /tmp/cc5sf0mf.ltrans3.ltrans.o
                                                  /tmp/cc5sf0mf.ltrans1.ltrans.o
chprintf                                          /tmp/cc5sf0mf.ltrans0.ltrans.o
                                                  /tmp/cc5sf0mf.ltrans2.ltrans.o
                                                  /tmp/cc5sf0mf.ltrans1.ltrans.o
cmd_info.11728                                    /tmp/cc5sf0mf.ltrans0.ltrans.o
                                                  /tmp/cc5sf0mf.ltrans1.ltrans.o
cmd_myecho.12979                                  /tmp/cc5sf0mf.ltrans0.ltrans.o
                                                  /tmp/cc5sf0mf.ltrans1.ltrans.o
cmd_systime.11720                                 /tmp/cc5sf0mf.ltrans0.ltrans.o
                                                  /tmp/cc5sf0mf.ltrans1.ltrans.o
commands.13029                                    /tmp/cc5sf0mf.ltrans1.ltrans.o
counterThread.12976                               /tmp/cc5sf0mf.ltrans2.ltrans.o
                                                  /tmp/cc5sf0mf.ltrans1.ltrans.o
default_heap.7084                                 /tmp/cc5sf0mf.ltrans1.ltrans.o
                                                  /tmp/cc5sf0mf.ltrans0.ltrans.o
dma_streams_mask.8382                             /tmp/cc5sf0mf.ltrans1.ltrans.o
                                                  /tmp/cc5sf0mf.ltrans0.ltrans.o
endmem.6956                                       /tmp/cc5sf0mf.ltrans1.ltrans.o
                                                  /tmp/cc5sf0mf.ltrans3.ltrans.o
get.7804                                          /tmp/cc5sf0mf.ltrans2.ltrans.o
                                                  /tmp/cc5sf0mf.ltrans1.ltrans.o
gett.7800                                         /tmp/cc5sf0mf.ltrans2.ltrans.o
                                                  /tmp/cc5sf0mf.ltrans1.ltrans.o
main                                              /tmp/cc5sf0mf.ltrans1.ltrans.o
                                                  build/obj/crt0_v7m.o
nextmem.6954                                      /tmp/cc5sf0mf.ltrans1.ltrans.o
                                                  /tmp/cc5sf0mf.ltrans3.ltrans.o
notify1.9076                                      /tmp/cc5sf0mf.ltrans0.ltrans.o
                                                  /tmp/cc5sf0mf.ltrans1.ltrans.o
pressure_read_register                            /tmp/cc5sf0mf.ltrans2.ltrans.o
                                                  /tmp/cc5sf0mf.ltrans1.ltrans.o
pressure_write_register                           /tmp/cc5sf0mf.ltrans2.ltrans.o
                                                  /tmp/cc5sf0mf.ltrans1.ltrans.o
put.7812                                          /tmp/cc5sf0mf.ltrans2.ltrans.o
                                                  /tmp/cc5sf0mf.ltrans1.ltrans.o
putt.7807                                         /tmp/cc5sf0mf.ltrans2.ltrans.o
                                                  /tmp/cc5sf0mf.ltrans1.ltrans.o
read.7784                                         /tmp/cc5sf0mf.ltrans2.ltrans.o
                                                  /tmp/cc5sf0mf.ltrans1.ltrans.o
readt.7777                                        /tmp/cc5sf0mf.ltrans2.ltrans.o
                                                  /tmp/cc5sf0mf.ltrans1.ltrans.o
shell_cfg1.13027                                  /tmp/cc5sf0mf.ltrans1.ltrans.o
                                                  /tmp/cc5sf0mf.ltrans0.ltrans.o
shell_thread.11701                                /tmp/cc5sf0mf.ltrans1.ltrans.o
                                                  /tmp/cc5sf0mf.ltrans0.ltrans.o
shelltp1.13037                                    /tmp/cc5sf0mf.ltrans1.ltrans.o
                                                  /tmp/cc5sf0mf.ltrans2.ltrans.o
spiReceive.constprop.10                           /tmp/cc5sf0mf.ltrans0.ltrans.o
                                                  /tmp/cc5sf0mf.ltrans2.ltrans.o
                                                  /tmp/cc5sf0mf.ltrans1.ltrans.o
spiSelect.constprop.15                            /tmp/cc5sf0mf.ltrans0.ltrans.o
                                                  /tmp/cc5sf0mf.ltrans2.ltrans.o
                                                  /tmp/cc5sf0mf.ltrans1.ltrans.o
spiSend.constprop.12                              /tmp/cc5sf0mf.ltrans2.ltrans.o
                                                  /tmp/cc5sf0mf.ltrans1.ltrans.o
spiUnselect.constprop.14                          /tmp/cc5sf0mf.ltrans0.ltrans.o
                                                  /tmp/cc5sf0mf.ltrans2.ltrans.o
                                                  /tmp/cc5sf0mf.ltrans1.ltrans.o
spi_lld_serve_tx_interrupt.8827                   /tmp/cc5sf0mf.ltrans2.ltrans.o
                                                  /tmp/cc5sf0mf.ltrans0.ltrans.o
spi_lld_start                                     /tmp/cc5sf0mf.ltrans0.ltrans.o
                                                  /tmp/cc5sf0mf.ltrans2.ltrans.o
                                                  /tmp/cc5sf0mf.ltrans1.ltrans.o
strcmp                                            /nfs/nfs5/home/research/hardware/arm2/gcc-arm-embedded/gcc-arm-none-eabi-4_8-2014q2/bin/../lib/gcc/arm-none-eabi/4.8.4/../../../../arm-none-eabi/lib/armv7e-m/libg.a(lib_a-strcmp.o)
                                                  /tmp/cc5sf0mf.ltrans1.ltrans.o
strpbrk                                           /nfs/nfs5/home/research/hardware/arm2/gcc-arm-embedded/gcc-arm-none-eabi-4_8-2014q2/bin/../lib/gcc/arm-none-eabi/4.8.4/../../../../arm-none-eabi/lib/armv7e-m/libg.a(lib_a-strpbrk.o)
                                                  /tmp/cc5sf0mf.ltrans0.ltrans.o
strspn                                            /nfs/nfs5/home/research/hardware/arm2/gcc-arm-embedded/gcc-arm-none-eabi-4_8-2014q2/bin/../lib/gcc/arm-none-eabi/4.8.4/../../../../arm-none-eabi/lib/armv7e-m/libg.a(lib_a-strspn.o)
                                                  /tmp/cc5sf0mf.ltrans0.ltrans.o
termination_handler.12984                         /tmp/cc5sf0mf.ltrans2.ltrans.o
                                                  /tmp/cc5sf0mf.ltrans1.ltrans.o
wakeup.4697                                       /tmp/cc5sf0mf.ltrans3.ltrans.o
                                                  /tmp/cc5sf0mf.ltrans0.ltrans.o
write.7795                                        /tmp/cc5sf0mf.ltrans2.ltrans.o
                                                  /tmp/cc5sf0mf.ltrans1.ltrans.o
writet.7789                                       /tmp/cc5sf0mf.ltrans2.ltrans.o
                                                  /tmp/cc5sf0mf.ltrans1.ltrans.o
