Archive member included because of file (symbol)

/nfs/nfs5/home/research/hardware/arm2/gcc-arm-embedded/gcc-arm-none-eabi-4_8-2014q2/bin/../lib/gcc/arm-none-eabi/4.8.4/../../../../arm-none-eabi/lib/armv7e-m/libg.a(lib_a-memcpy.o)
                              /tmp/cc9tuNn6.ltrans1.ltrans.o (memcpy)
/nfs/nfs5/home/research/hardware/arm2/gcc-arm-embedded/gcc-arm-none-eabi-4_8-2014q2/bin/../lib/gcc/arm-none-eabi/4.8.4/../../../../arm-none-eabi/lib/armv7e-m/libg.a(lib_a-memset.o)
                              /tmp/cc9tuNn6.ltrans1.ltrans.o (memset)
/nfs/nfs5/home/research/hardware/arm2/gcc-arm-embedded/gcc-arm-none-eabi-4_8-2014q2/bin/../lib/gcc/arm-none-eabi/4.8.4/../../../../arm-none-eabi/lib/armv7e-m/libg.a(lib_a-strcmp.o)
                              /tmp/cc9tuNn6.ltrans0.ltrans.o (strcmp)
/nfs/nfs5/home/research/hardware/arm2/gcc-arm-embedded/gcc-arm-none-eabi-4_8-2014q2/bin/../lib/gcc/arm-none-eabi/4.8.4/../../../../arm-none-eabi/lib/armv7e-m/libg.a(lib_a-strpbrk.o)
                              /tmp/cc9tuNn6.ltrans2.ltrans.o (strpbrk)
/nfs/nfs5/home/research/hardware/arm2/gcc-arm-embedded/gcc-arm-none-eabi-4_8-2014q2/bin/../lib/gcc/arm-none-eabi/4.8.4/../../../../arm-none-eabi/lib/armv7e-m/libg.a(lib_a-strspn.o)
                              /tmp/cc9tuNn6.ltrans2.ltrans.o (strspn)

Discarded input sections

 .data          0x00000000        0x0 build/obj/crt0_v7m.o
 .bss           0x00000000        0x0 build/obj/crt0_v7m.o
 .data          0x00000000        0x0 build/obj/chcoreasm_v7m.o
 .bss           0x00000000        0x0 build/obj/chcoreasm_v7m.o
 .text          0x00000000        0x0 build/obj/crt1.o (symbol from plugin)
 .text          0x00000000        0x0 /tmp/cc9tuNn6.ltrans0.ltrans.o
 .data          0x00000000        0x0 /tmp/cc9tuNn6.ltrans0.ltrans.o
 .bss           0x00000000        0x0 /tmp/cc9tuNn6.ltrans0.ltrans.o
 .data.SystemCoreClock.5184
                0x00000000        0x4 /tmp/cc9tuNn6.ltrans0.ltrans.o
 .data.patterns.9797
                0x00000000       0x34 /tmp/cc9tuNn6.ltrans0.ltrans.o
 .bss.test_global_fail
                0x00000000        0x1 /tmp/cc9tuNn6.ltrans0.ltrans.o
 .bss.local_fail.9793
                0x00000000        0x1 /tmp/cc9tuNn6.ltrans0.ltrans.o
 .bss.failpoint.9794
                0x00000000        0x4 /tmp/cc9tuNn6.ltrans0.ltrans.o
 .bss.tokens_buffer.9791
                0x00000000       0x10 /tmp/cc9tuNn6.ltrans0.ltrans.o
 .bss.tokp.9790
                0x00000000        0x4 /tmp/cc9tuNn6.ltrans0.ltrans.o
 .bss.test      0x00000000      0x668 /tmp/cc9tuNn6.ltrans0.ltrans.o
 .bss.threads   0x00000000       0x14 /tmp/cc9tuNn6.ltrans0.ltrans.o
 .rodata.wa     0x00000000       0x14 /tmp/cc9tuNn6.ltrans0.ltrans.o
 .bss.chp.9780  0x00000000        0x4 /tmp/cc9tuNn6.ltrans0.ltrans.o
 .bss.test_timer_done
                0x00000000        0x1 /tmp/cc9tuNn6.ltrans0.ltrans.o
 .bss.vt.9796   0x00000000       0x14 /tmp/cc9tuNn6.ltrans0.ltrans.o
 .rodata.testthd1.5102
                0x00000000       0x10 /tmp/cc9tuNn6.ltrans0.ltrans.o
 .rodata.testthd2.5107
                0x00000000       0x10 /tmp/cc9tuNn6.ltrans0.ltrans.o
 .rodata.testthd3.5108
                0x00000000       0x10 /tmp/cc9tuNn6.ltrans0.ltrans.o
 .rodata.testthd4.5109
                0x00000000       0x10 /tmp/cc9tuNn6.ltrans0.ltrans.o
 .rodata.patternthd.5101
                0x00000000       0x14 /tmp/cc9tuNn6.ltrans0.ltrans.o
 .data.sem1.10279
                0x00000000        0xc /tmp/cc9tuNn6.ltrans0.ltrans.o
 .rodata.testsem1.5092
                0x00000000       0x10 /tmp/cc9tuNn6.ltrans0.ltrans.o
 .rodata.testsem2.5097
                0x00000000       0x10 /tmp/cc9tuNn6.ltrans0.ltrans.o
 .rodata.testsem3.5098
                0x00000000       0x10 /tmp/cc9tuNn6.ltrans0.ltrans.o
 .rodata.testsem4.5099
                0x00000000       0x10 /tmp/cc9tuNn6.ltrans0.ltrans.o
 .rodata.patternsem.5091
                0x00000000       0x14 /tmp/cc9tuNn6.ltrans0.ltrans.o
 .data.m1.10529
                0x00000000       0x10 /tmp/cc9tuNn6.ltrans0.ltrans.o
 .data.m2.10530
                0x00000000       0x10 /tmp/cc9tuNn6.ltrans0.ltrans.o
 .data.c1.10533
                0x00000000        0x8 /tmp/cc9tuNn6.ltrans0.ltrans.o
 .rodata.testmtx1.5074
                0x00000000       0x10 /tmp/cc9tuNn6.ltrans0.ltrans.o
 .rodata.testmtx4.5079
                0x00000000       0x10 /tmp/cc9tuNn6.ltrans0.ltrans.o
 .rodata.testmtx5.5080
                0x00000000       0x10 /tmp/cc9tuNn6.ltrans0.ltrans.o
 .rodata.testmtx6.5081
                0x00000000       0x10 /tmp/cc9tuNn6.ltrans0.ltrans.o
 .rodata.testmtx7.5082
                0x00000000       0x10 /tmp/cc9tuNn6.ltrans0.ltrans.o
 .rodata.testmtx8.5083
                0x00000000       0x10 /tmp/cc9tuNn6.ltrans0.ltrans.o
 .rodata.patternmtx.5073
                0x00000000       0x1c /tmp/cc9tuNn6.ltrans0.ltrans.o
 .rodata.testmsg1.5068
                0x00000000       0x10 /tmp/cc9tuNn6.ltrans0.ltrans.o
 .rodata.patternmsg.5067
[...]
Memory Configuration

Name             Origin             Length             Attributes
flash            0x08000000         0x00040000
ram0             0x20000000         0x0000a000
ram1             0x00000000         0x00000000
ram2             0x00000000         0x00000000
ram3             0x00000000         0x00000000
ram4             0x10000000         0x00002000
ram5             0x00000000         0x00000000
ram6             0x00000000         0x00000000
ram7             0x00000000         0x00000000
*default*        0x00000000         0xffffffff

Linker script and memory map

LOAD build/obj/crt0_v7m.o
LOAD build/obj/chcoreasm_v7m.o
LOAD build/obj/crt1.o
LOAD /tmp/cc9tuNn6.ltrans0.ltrans.o
LOAD /tmp/cc9tuNn6.ltrans1.ltrans.o
LOAD /tmp/cc9tuNn6.ltrans2.ltrans.o
LOAD /tmp/cc9tuNn6.ltrans3.ltrans.o
LOAD /tmp/cc9tuNn6.ltrans4.ltrans.o
LOAD /tmp/cc9tuNn6.ltrans5.ltrans.o
LOAD /tmp/cc9tuNn6.ltrans6.ltrans.o
LOAD /tmp/cc9tuNn6.ltrans7.ltrans.o
LOAD /tmp/cc9tuNn6.ltrans8.ltrans.o
LOAD /tmp/cc9tuNn6.ltrans9.ltrans.o
LOAD /tmp/cc9tuNn6.ltrans10.ltrans.o
LOAD /tmp/cc9tuNn6.ltrans11.ltrans.o
LOAD /tmp/cc9tuNn6.ltrans12.ltrans.o
LOAD /nfs/nfs5/home/research/hardware/arm2/gcc-arm-embedded/gcc-arm-none-eabi-4_8-2014q2/bin/../lib/gcc/arm-none-eabi/4.8.4/armv7e-m/libgcc.a
LOAD /nfs/nfs5/home/research/hardware/arm2/gcc-arm-embedded/gcc-arm-none-eabi-4_8-2014q2/bin/../lib/gcc/arm-none-eabi/4.8.4/../../../../arm-none-eabi/lib/armv7e-m/libg.a
LOAD /nfs/nfs5/home/research/hardware/arm2/gcc-arm-embedded/gcc-arm-none-eabi-4_8-2014q2/bin/../lib/gcc/arm-none-eabi/4.8.4/../../../../arm-none-eabi/lib/armv7e-m/libc.a
LOAD build/obj/vectors.o
LOAD build/obj/chsys.o
LOAD build/obj/chdebug.o
LOAD build/obj/chvt.o
LOAD build/obj/chschd.o
LOAD build/obj/chthreads.o
LOAD build/obj/chtm.o
LOAD build/obj/chdynamic.o
LOAD build/obj/chregistry.o
LOAD build/obj/chsem.o
LOAD build/obj/chmtx.o
LOAD build/obj/chcond.o
LOAD build/obj/chevents.o
LOAD build/obj/chmsg.o
LOAD build/obj/chmboxes.o
LOAD build/obj/chqueues.o
LOAD build/obj/chmemcore.o
LOAD build/obj/chheap.o
LOAD build/obj/chmempools.o
LOAD build/obj/chcore.o
LOAD build/obj/chcore_v7m.o
LOAD build/obj/osal.o
LOAD build/obj/hal.o
LOAD build/obj/st.o
LOAD build/obj/hal_buffers.o
LOAD build/obj/hal_queues.o
LOAD build/obj/hal_mmcsd.o
LOAD build/obj/ext.o
LOAD build/obj/pal.o
LOAD build/obj/serial.o
LOAD build/obj/spi.o
LOAD build/obj/nvic.o
LOAD build/obj/hal_lld.o
LOAD build/obj/stm32_dma.o
LOAD build/obj/st_lld.o
LOAD build/obj/ext_lld.o
LOAD build/obj/ext_lld_isr.o
LOAD build/obj/pal_lld.o
LOAD build/obj/spi_lld.o
LOAD build/obj/serial_lld.o
LOAD build/obj/board.o
LOAD build/obj/test.o
LOAD build/obj/testthd.o
LOAD build/obj/testsem.o
LOAD build/obj/testmtx.o
LOAD build/obj/testmsg.o
LOAD build/obj/testmbox.o
LOAD build/obj/testevt.o
LOAD build/obj/testheap.o
LOAD build/obj/testpools.o
LOAD build/obj/testdyn.o
LOAD build/obj/testqueues.o
LOAD build/obj/testsys.o
LOAD build/obj/testbmk.o
LOAD build/obj/shell.o
LOAD build/obj/evtimer.o
LOAD build/obj/syscalls.o
LOAD build/obj/memstreams.o
LOAD build/obj/chprintf.o
LOAD build/obj/nrf24l01.o
LOAD build/obj/main.o
                0x20000000                __ram0_start__ = ORIGIN (ram0)
                0x0000a000                __ram0_size__ = 0xa000
                0x2000a000                __ram0_end__ = (__ram0_start__ + __ram0_size__)
                0x00000000                __ram1_start__ = ORIGIN (ram1)
                0x00000000                __ram1_size__ = 0x0
                0x00000000                __ram1_end__ = (__ram1_start__ + __ram1_size__)
                0x00000000                __ram2_start__ = ORIGIN (ram2)
                0x00000000                __ram2_size__ = 0x0
                0x00000000                __ram2_end__ = (__ram2_start__ + __ram2_size__)
                0x00000000                __ram3_start__ = ORIGIN (ram3)
                0x00000000                __ram3_size__ = 0x0
                0x00000000                __ram3_end__ = (__ram3_start__ + __ram3_size__)
                0x10000000                __ram4_start__ = ORIGIN (ram4)
                0x00002000                __ram4_size__ = 0x2000
                0x10002000                __ram4_end__ = (__ram4_start__ + __ram4_size__)
                0x00000000                __ram5_start__ = ORIGIN (ram5)
                0x00000000                __ram5_size__ = 0x0
                0x00000000                __ram5_end__ = (__ram5_start__ + __ram5_size__)
                0x00000000                __ram6_start__ = ORIGIN (ram6)
                0x00000000                __ram6_size__ = 0x0
                0x00000000                __ram6_end__ = (__ram6_start__ + __ram6_size__)
                0x00000000                __ram7_start__ = ORIGIN (ram7)
                0x00000000                __ram7_size__ = 0x0
                0x00000000                __ram7_end__ = (__ram7_start__ + __ram7_size__)
                0x00000000                . = 0x0
                0x00000000                _text = .

startup         0x08000000      0x200
 *(.vectors)
 .vectors       0x08000000      0x200 /tmp/cc9tuNn6.ltrans0.ltrans.o
                0x08000000                _vectors

constructors    0x08000200        0x0
                0x08000200                __init_array_start = .
 *(SORT(.init_array.*))
 *(.init_array)
                0x08000200                __init_array_end = .

destructors     0x08000200        0x0
                0x08000200                __fini_array_start = .
 *(.fini_array)
 *(SORT(.fini_array.*))
                0x08000200                __fini_array_end = .

.text           0x08000200     0x68c8
 *(.text)
 .text          0x08000200       0xd4 build/obj/crt0_v7m.o
                0x08000200                Reset_Handler
 *fill*         0x080002d4        0xc 
 .text          0x080002e0       0x28 build/obj/chcoreasm_v7m.o
                0x080002e0                _port_switch
                0x080002f0                _port_thread_start
                0x08000300                _port_switch_from_isr
                0x08000304                _port_exit_from_isr
 *fill*         0x08000308        0x8 
 .text          0x08000310      0x21c /nfs/nfs5/home/research/hardware/arm2/gcc-arm-embedded/gcc-arm-none-eabi-4_8-2014q2/bin/../lib/gcc/arm-none-eabi/4.8.4/../../../../arm-none-eabi/lib/armv7e-m/libg.a(lib_a-strcmp.o)
                0x08000310                strcmp
 *(.text.*)
 *fill*         0x0800052c        0x4 
 .text.chThdTerminatedX.13354.4157
                0x08000530       0x20 /tmp/cc9tuNn6.ltrans0.ltrans.o
 .text.chEvtRegisterMask.13455.4152
                0x08000550       0x20 /tmp/cc9tuNn6.ltrans0.ltrans.o
 .text.chEvtRegister.13471.4068
                0x08000570       0x30 /tmp/cc9tuNn6.ltrans0.ltrans.o
 .text.WriteReadWrapper.4061
                0x080005a0       0xf0 /tmp/cc9tuNn6.ltrans0.ltrans.o
 .text.WriteRead.4056
                0x08000690      0x310 /tmp/cc9tuNn6.ltrans0.ltrans.o
 .text.counterThread.13434.4019
                0x080009a0       0x30 /tmp/cc9tuNn6.ltrans0.ltrans.o
 .text.bigDataThread.13485.4016
                0x080009d0      0x110 /tmp/cc9tuNn6.ltrans0.ltrans.o
 .text.cmd_bluefruit.13488.4051
                0x08000ae0      0x210 /tmp/cc9tuNn6.ltrans0.ltrans.o
 .text.cmd_myecho.13437.4030
                0x08000cf0       0x40 /tmp/cc9tuNn6.ltrans0.ltrans.o
 .text.termination_handler.13451.4022
                0x08000d30       0x70 /tmp/cc9tuNn6.ltrans0.ltrans.o
 .text.main     0x08000da0      0x170 /tmp/cc9tuNn6.ltrans0.ltrans.o
                0x08000da0                main
 .text.long_to_string_with_divisor.12885.4368
                0x08000f10       0xa0 /tmp/cc9tuNn6.ltrans1.ltrans.o
 .text.ch_ltoa.12893.4363
                0x08000fb0       0x20 /tmp/cc9tuNn6.ltrans1.ltrans.o
 .text.chvprintf.4355
                0x08000fd0      0x450 /tmp/cc9tuNn6.ltrans1.ltrans.o
 .text.chprintf
                0x08001420       0x30 /tmp/cc9tuNn6.ltrans1.ltrans.o
                0x08001420                chprintf
 .text.port_lock.12183.4235
                0x08001450       0x10 /tmp/cc9tuNn6.ltrans2.ltrans.o
 .text.port_unlock.12186.4233
                0x08001460       0x10 /tmp/cc9tuNn6.ltrans2.ltrans.o
 .text.st_lld_get_counter.12188.4231
                0x08001470       0x10 /tmp/cc9tuNn6.ltrans2.ltrans.o
 .text.port_timer_get_time.12193.4229
                0x08001480       0x10 /tmp/cc9tuNn6.ltrans2.ltrans.o
 .text.chSysLock.12195.4227
                0x08001490       0x10 /tmp/cc9tuNn6.ltrans2.ltrans.o
 .text.chSysUnlock.12197.4225
                0x080014a0       0x10 /tmp/cc9tuNn6.ltrans2.ltrans.o
 .text.chVTGetSystemTimeX.12199.4223
                0x080014b0       0x10 /tmp/cc9tuNn6.ltrans2.ltrans.o
 .text.chVTGetSystemTime.12201.4221
                0x080014c0       0x20 /tmp/cc9tuNn6.ltrans2.ltrans.o
 .text.chRegSetThreadName.12203.4218
                0x080014e0       0x20 /tmp/cc9tuNn6.ltrans2.ltrans.o
 .text.chEvtObjectInit.12207.4215
                0x08001500       0x10 /tmp/cc9tuNn6.ltrans2.ltrans.o
 .text.chEvtBroadcastI.12293.4200
                0x08001510       0x20 /tmp/cc9tuNn6.ltrans2.ltrans.o
 .text._strtok.12296.4195
                0x08001530       0x70 /tmp/cc9tuNn6.ltrans2.ltrans.o
 .text.usage.12301.4191
                0x080015a0       0x20 /tmp/cc9tuNn6.ltrans2.ltrans.o
 .text.list_commands.12324.4187
                0x080015c0       0x30 /tmp/cc9tuNn6.ltrans2.ltrans.o
 .text.cmd_info.12314
                0x080015f0       0xd0 /tmp/cc9tuNn6.ltrans2.ltrans.o
                0x080015f0                cmd_info.12314
 .text.cmd_systime.12319
                0x080016c0       0x40 /tmp/cc9tuNn6.ltrans2.ltrans.o
                0x080016c0                cmd_systime.12319
 .text.cmdexec.12333.4170
                0x08001700       0x50 /tmp/cc9tuNn6.ltrans2.ltrans.o
 .text.shell_thread.12355.4157
                0x08001750      0x1a0 /tmp/cc9tuNn6.ltrans2.ltrans.o
 .text.shellInit
                0x080018f0       0x10 /tmp/cc9tuNn6.ltrans2.ltrans.o
                0x080018f0                shellInit
 .text.shellExit.4165
                0x08001900       0x20 /tmp/cc9tuNn6.ltrans2.ltrans.o
 .text.shellCreate
                0x08001920       0x30 /tmp/cc9tuNn6.ltrans2.ltrans.o
                0x08001920                shellCreate
 .text.shellGetLine.4050
                0x08001950       0xf0 /tmp/cc9tuNn6.ltrans2.ltrans.o
 .text._pal_lld_init
                0x08001a40       0x80 /tmp/cc9tuNn6.ltrans7.ltrans.o
                0x08001a40                _pal_lld_init
 .text._pal_lld_setgroupmode
                0x08001ac0      0x120 /tmp/cc9tuNn6.ltrans7.ltrans.o
                0x08001ac0                _pal_lld_setgroupmode
 .text.port_lock.9083.4500
                0x08001be0       0x10 /tmp/cc9tuNn6.ltrans7.ltrans.o
 .text.port_unlock.9086.4498
                0x08001bf0       0x10 /tmp/cc9tuNn6.ltrans7.ltrans.o
 .text.port_lock_from_isr.9088.4496
                0x08001c00       0x10 /tmp/cc9tuNn6.ltrans7.ltrans.o
 .text.port_unlock_from_isr.9090.4494
                0x08001c10       0x10 /tmp/cc9tuNn6.ltrans7.ltrans.o
 .text.chSysLockFromISR.9092.4492
                0x08001c20       0x10 /tmp/cc9tuNn6.ltrans7.ltrans.o
 .text.chSysUnlockFromISR.9094.4490
                0x08001c30       0x10 /tmp/cc9tuNn6.ltrans7.ltrans.o
 .text.osalSysHalt.9100.4487
                0x08001c40       0x20 /tmp/cc9tuNn6.ltrans7.ltrans.o
 .text.osalSysLockFromISR.9096.4485
                0x08001c60       0x10 /tmp/cc9tuNn6.ltrans7.ltrans.o
 .text.osalSysUnlockFromISR.9098.4483
                0x08001c70       0x10 /tmp/cc9tuNn6.ltrans7.ltrans.o
 .text.osalThreadResumeI.9257.4479
                0x08001c80       0x20 /tmp/cc9tuNn6.ltrans7.ltrans.o
 .text.spi_lld_serve_rx_interrupt.9261.4469
                0x08001ca0       0xc0 /tmp/cc9tuNn6.ltrans7.ltrans.o
 .text.spi_lld_serve_tx_interrupt.9104.4473
                0x08001d60       0x30 /tmp/cc9tuNn6.ltrans7.ltrans.o
 .text.spi_lld_init
                0x08001d90       0x80 /tmp/cc9tuNn6.ltrans7.ltrans.o
                0x08001d90                spi_lld_init
 .text.spi_lld_start
                0x08001e10      0x170 /tmp/cc9tuNn6.ltrans7.ltrans.o
                0x08001e10                spi_lld_start
 .text.spi_lld_select
                0x08001f80       0x20 /tmp/cc9tuNn6.ltrans7.ltrans.o
                0x08001f80                spi_lld_select
 .text.spi_lld_unselect
                0x08001fa0       0x20 /tmp/cc9tuNn6.ltrans7.ltrans.o
                0x08001fa0                spi_lld_unselect
 .text.spi_lld_exchange
                0x08001fc0       0x80 /tmp/cc9tuNn6.ltrans7.ltrans.o
                0x08001fc0                spi_lld_exchange
 .text.spi_lld_send
                0x08002040       0x80 /tmp/cc9tuNn6.ltrans7.ltrans.o
                0x08002040                spi_lld_send
 .text.spi_lld_receive
                0x080020c0       0x80 /tmp/cc9tuNn6.ltrans7.ltrans.o
                0x080020c0                spi_lld_receive
 .text.port_lock.9335.4356
                0x08002140       0x10 /tmp/cc9tuNn6.ltrans7.ltrans.o
 .text.port_unlock.9338.4354
                0x08002150       0x10 /tmp/cc9tuNn6.ltrans7.ltrans.o
 .text.port_lock_from_isr.9340.4352
                0x08002160       0x10 /tmp/cc9tuNn6.ltrans7.ltrans.o
 .text.port_unlock_from_isr.9342.4350
                0x08002170       0x10 /tmp/cc9tuNn6.ltrans7.ltrans.o
 .text.chSysLockFromISR.9344.4348
                0x08002180       0x10 /tmp/cc9tuNn6.ltrans7.ltrans.o
 .text.chSysUnlockFromISR.9346.4346
                0x08002190       0x10 /tmp/cc9tuNn6.ltrans7.ltrans.o
 .text.chOQIsEmptyI.9348.4343
                0x080021a0       0x30 /tmp/cc9tuNn6.ltrans7.ltrans.o
 .text.osalSysLockFromISR.9440.4341
                0x080021d0       0x10 /tmp/cc9tuNn6.ltrans7.ltrans.o
 .text.osalSysUnlockFromISR.9442.4339
                0x080021e0       0x10 /tmp/cc9tuNn6.ltrans7.ltrans.o
 .text.osalEventBroadcastFlagsI.9447.4335
                0x080021f0       0x20 /tmp/cc9tuNn6.ltrans7.ltrans.o
 .text.usart_init.9462.4331
                0x08002210       0x50 /tmp/cc9tuNn6.ltrans7.ltrans.o
 .text.set_error.9516.4324
                0x08002260       0x70 /tmp/cc9tuNn6.ltrans7.ltrans.o
 .text.serve_interrupt.9520.4321
                0x080022d0      0x110 /tmp/cc9tuNn6.ltrans7.ltrans.o
 .text.notify1.9444.4316
                0x080023e0       0x20 /tmp/cc9tuNn6.ltrans7.ltrans.o
 .text.VectorD4
                0x08002400       0x20 /tmp/cc9tuNn6.ltrans7.ltrans.o
                0x08002400                VectorD4
 .text.sd_lld_init
                0x08002420       0x40 /tmp/cc9tuNn6.ltrans7.ltrans.o
                0x08002420                sd_lld_init
 .text.sd_lld_start
                0x08002460       0x50 /tmp/cc9tuNn6.ltrans7.ltrans.o
                0x08002460                sd_lld_start
 .text.__early_init
                0x080024b0       0x10 /tmp/cc9tuNn6.ltrans7.ltrans.o
                0x080024b0                __early_init
 .text.boardInit
                0x080024c0       0x10 /tmp/cc9tuNn6.ltrans7.ltrans.o
                0x080024c0                boardInit
 .text.stm32_clock_init
                0x080024d0       0xe0 /tmp/cc9tuNn6.ltrans8.ltrans.o
                0x080024d0                stm32_clock_init
 .text.Vector6C
                0x080025b0       0x70 /tmp/cc9tuNn6.ltrans8.ltrans.o
                0x080025b0                Vector6C
 .text.Vector70
                0x08002620       0x70 /tmp/cc9tuNn6.ltrans8.ltrans.o
                0x08002620                Vector70
 .text.Vector74
                0x08002690       0x70 /tmp/cc9tuNn6.ltrans8.ltrans.o
                0x08002690                Vector74
 .text.Vector78
                0x08002700       0x70 /tmp/cc9tuNn6.ltrans8.ltrans.o
                0x08002700                Vector78
 .text.Vector7C
                0x08002770       0x70 /tmp/cc9tuNn6.ltrans8.ltrans.o
                0x08002770                Vector7C
 .text.Vector80
                0x080027e0       0x70 /tmp/cc9tuNn6.ltrans8.ltrans.o
                0x080027e0                Vector80
 .text.Vector84
                0x08002850       0x70 /tmp/cc9tuNn6.ltrans8.ltrans.o
                0x08002850                Vector84
 .text.Vector120
                0x080028c0       0x70 /tmp/cc9tuNn6.ltrans8.ltrans.o
                0x080028c0                Vector120
 .text.Vector124
                0x08002930       0x70 /tmp/cc9tuNn6.ltrans8.ltrans.o
                0x08002930                Vector124
 .text.Vector128
                0x080029a0       0x70 /tmp/cc9tuNn6.ltrans8.ltrans.o
                0x080029a0                Vector128
 .text.Vector12C
                0x08002a10       0x70 /tmp/cc9tuNn6.ltrans8.ltrans.o
                0x08002a10                Vector12C
 .text.Vector130
                0x08002a80       0x70 /tmp/cc9tuNn6.ltrans8.ltrans.o
                0x08002a80                Vector130
 .text.dmaInit  0x08002af0       0x60 /tmp/cc9tuNn6.ltrans8.ltrans.o
                0x08002af0                dmaInit
 .text.dmaStreamAllocate
                0x08002b50       0xe0 /tmp/cc9tuNn6.ltrans8.ltrans.o
                0x08002b50                dmaStreamAllocate
 .text.port_lock.8803.4145
                0x08002c30       0x10 /tmp/cc9tuNn6.ltrans8.ltrans.o
 .text.port_unlock.8806.4143
                0x08002c40       0x10 /tmp/cc9tuNn6.ltrans8.ltrans.o
 .text.port_lock_from_isr.8808.4141
                0x08002c50       0x10 /tmp/cc9tuNn6.ltrans8.ltrans.o
 .text.port_unlock_from_isr.8810.4139
                0x08002c60       0x10 /tmp/cc9tuNn6.ltrans8.ltrans.o
 .text.chSysLockFromISR.8812.4137
                0x08002c70       0x10 /tmp/cc9tuNn6.ltrans8.ltrans.o
 .text.chSysUnlockFromISR.8814.4135
                0x08002c80       0x10 /tmp/cc9tuNn6.ltrans8.ltrans.o
 .text.osalSysLockFromISR.8816.4133
                0x08002c90       0x10 /tmp/cc9tuNn6.ltrans8.ltrans.o
 .text.osalSysUnlockFromISR.8818.4131
                0x08002ca0       0x10 /tmp/cc9tuNn6.ltrans8.ltrans.o
 .text.osalOsTimerHandlerI.8820.4129
                0x08002cb0       0x10 /tmp/cc9tuNn6.ltrans8.ltrans.o
 .text.VectorB0
                0x08002cc0       0x30 /tmp/cc9tuNn6.ltrans8.ltrans.o
                0x08002cc0                VectorB0
 .text.st_lld_init
                0x08002cf0       0x70 /tmp/cc9tuNn6.ltrans8.ltrans.o
                0x08002cf0                st_lld_init
 .text.ext_lld_init
                0x08002d60       0x10 /tmp/cc9tuNn6.ltrans8.ltrans.o
                0x08002d60                ext_lld_init
 .text.Vector58
                0x08002d70       0x50 /tmp/cc9tuNn6.ltrans8.ltrans.o
                0x08002d70                Vector58
 .text.Vector5C
                0x08002dc0       0x50 /tmp/cc9tuNn6.ltrans8.ltrans.o
                0x08002dc0                Vector5C
 .text.Vector60
                0x08002e10       0x50 /tmp/cc9tuNn6.ltrans8.ltrans.o
                0x08002e10                Vector60
 .text.Vector64
                0x08002e60       0x50 /tmp/cc9tuNn6.ltrans8.ltrans.o
                0x08002e60                Vector64
 .text.Vector68
                0x08002eb0       0x50 /tmp/cc9tuNn6.ltrans8.ltrans.o
                0x08002eb0                Vector68
 .text.Vector9C
                0x08002f00       0xa0 /tmp/cc9tuNn6.ltrans8.ltrans.o
                0x08002f00                Vector9C
 .text.VectorE0
                0x08002fa0       0xb0 /tmp/cc9tuNn6.ltrans8.ltrans.o
                0x08002fa0                VectorE0
 .text.Vector44
                0x08003050       0x50 /tmp/cc9tuNn6.ltrans8.ltrans.o
                0x08003050                Vector44
 .text.VectorE4
                0x080030a0       0x50 /tmp/cc9tuNn6.ltrans8.ltrans.o
                0x080030a0                VectorE4
 .text.VectorE8
                0x080030f0       0x50 /tmp/cc9tuNn6.ltrans8.ltrans.o
                0x080030f0                VectorE8
 .text.Vector48
                0x08003140       0x50 /tmp/cc9tuNn6.ltrans8.ltrans.o
                0x08003140                Vector48
 .text.Vector4C
                0x08003190       0x50 /tmp/cc9tuNn6.ltrans8.ltrans.o
                0x08003190                Vector4C
 .text.Vector140
                0x080031e0       0x80 /tmp/cc9tuNn6.ltrans8.ltrans.o
                0x080031e0                Vector140
 .text.Vector144
                0x08003260       0x90 /tmp/cc9tuNn6.ltrans8.ltrans.o
                0x08003260                Vector144
 .text.Vector148
                0x080032f0       0x50 /tmp/cc9tuNn6.ltrans8.ltrans.o
                0x080032f0                Vector148
 .text.initgpio.9011
                0x08003340       0x50 /tmp/cc9tuNn6.ltrans8.ltrans.o
                0x08003340                initgpio.9011
 .text.extInit  0x08003390       0x10 /tmp/cc9tuNn6.ltrans9.ltrans.o
                0x08003390                extInit
 .text.extObjectInit
                0x080033a0       0x20 /tmp/cc9tuNn6.ltrans9.ltrans.o
                0x080033a0                extObjectInit
 .text.port_lock.8056.4445
                0x080033c0       0x10 /tmp/cc9tuNn6.ltrans9.ltrans.o
 .text.port_unlock.8059.4443
                0x080033d0       0x10 /tmp/cc9tuNn6.ltrans9.ltrans.o
 .text.chSysLock.8061.4441
                0x080033e0       0x10 /tmp/cc9tuNn6.ltrans9.ltrans.o
 .text.chSysUnlock.8063.4439
                0x080033f0       0x10 /tmp/cc9tuNn6.ltrans9.ltrans.o
 .text.chEvtObjectInit.8065.4436
                0x08003400       0x10 /tmp/cc9tuNn6.ltrans9.ltrans.o
 .text.chIQIsEmptyI.8154.4433
                0x08003410       0x20 /tmp/cc9tuNn6.ltrans9.ltrans.o
 .text.osalSysLock.8175.4428
                0x08003430       0x10 /tmp/cc9tuNn6.ltrans9.ltrans.o
 .text.osalSysUnlock.8177.4426
                0x08003440       0x10 /tmp/cc9tuNn6.ltrans9.ltrans.o
 .text.osalEventObjectInit.8179.4421
                0x08003450       0x20 /tmp/cc9tuNn6.ltrans9.ltrans.o
 .text.osalEventBroadcastFlagsI.8223.4417
                0x08003470       0x20 /tmp/cc9tuNn6.ltrans9.ltrans.o
 .text.write.8182
                0x08003490       0x30 /tmp/cc9tuNn6.ltrans9.ltrans.o
                0x08003490                write.8182
 .text.read.8194
                0x080034c0       0x30 /tmp/cc9tuNn6.ltrans9.ltrans.o
                0x080034c0                read.8194
 .text.put.8205
                0x080034f0       0x30 /tmp/cc9tuNn6.ltrans9.ltrans.o
                0x080034f0                put.8205
 .text.get.8214
                0x08003520       0x20 /tmp/cc9tuNn6.ltrans9.ltrans.o
                0x08003520                get.8214
 .text.putt.8209
                0x08003540       0x30 /tmp/cc9tuNn6.ltrans9.ltrans.o
                0x08003540                putt.8209
 .text.gett.8217
                0x08003570       0x20 /tmp/cc9tuNn6.ltrans9.ltrans.o
                0x08003570                gett.8217
 .text.writet.8187
                0x08003590       0x30 /tmp/cc9tuNn6.ltrans9.ltrans.o
                0x08003590                writet.8187
 .text.readt.8199
                0x080035c0       0x30 /tmp/cc9tuNn6.ltrans9.ltrans.o
                0x080035c0                readt.8199
 .text.sdInit   0x080035f0       0x10 /tmp/cc9tuNn6.ltrans9.ltrans.o
                0x080035f0                sdInit
 .text.sdObjectInit
                0x08003600       0x60 /tmp/cc9tuNn6.ltrans9.ltrans.o
                0x08003600                sdObjectInit
 .text.sdStart  0x08003660       0x30 /tmp/cc9tuNn6.ltrans9.ltrans.o
                0x08003660                sdStart
 .text.sdIncomingDataI
                0x08003690       0x60 /tmp/cc9tuNn6.ltrans9.ltrans.o
                0x08003690                sdIncomingDataI
 .text.port_lock.8336.4275
                0x080036f0       0x10 /tmp/cc9tuNn6.ltrans9.ltrans.o
 .text.port_unlock.8339.4273
                0x08003700       0x10 /tmp/cc9tuNn6.ltrans9.ltrans.o
 .text.chSysLock.8341.4271
                0x08003710       0x10 /tmp/cc9tuNn6.ltrans9.ltrans.o
 .text.chSysUnlock.8343.4269
                0x08003720       0x10 /tmp/cc9tuNn6.ltrans9.ltrans.o
 .text.osalSysLock.8345.4267
                0x08003730       0x10 /tmp/cc9tuNn6.ltrans9.ltrans.o
 .text.osalSysUnlock.8347.4265
                0x08003740       0x10 /tmp/cc9tuNn6.ltrans9.ltrans.o
 .text.osalThreadSuspendS.8427.4262
                0x08003750       0x20 /tmp/cc9tuNn6.ltrans9.ltrans.o
 .text.osalMutexObjectInit.8349.4259
                0x08003770       0x20 /tmp/cc9tuNn6.ltrans9.ltrans.o
 .text.osalMutexLock.8430.4256
                0x08003790       0x20 /tmp/cc9tuNn6.ltrans9.ltrans.o
 .text.osalMutexUnlock.8433.4253
                0x080037b0       0x20 /tmp/cc9tuNn6.ltrans9.ltrans.o
 .text.spiInit  0x080037d0       0x10 /tmp/cc9tuNn6.ltrans9.ltrans.o
                0x080037d0                spiInit
 .text.spiObjectInit
                0x080037e0       0x30 /tmp/cc9tuNn6.ltrans9.ltrans.o
                0x080037e0                spiObjectInit
 .text.spiStart
                0x08003810       0x30 /tmp/cc9tuNn6.ltrans9.ltrans.o
                0x08003810                spiStart
 .text.spiSelect
                0x08003840       0x20 /tmp/cc9tuNn6.ltrans9.ltrans.o
                0x08003840                spiSelect
 .text.spiUnselect
                0x08003860       0x20 /tmp/cc9tuNn6.ltrans9.ltrans.o
                0x08003860                spiUnselect
 .text.spiExchange
                0x08003880       0x40 /tmp/cc9tuNn6.ltrans9.ltrans.o
                0x08003880                spiExchange
 .text.spiSend  0x080038c0       0x40 /tmp/cc9tuNn6.ltrans9.ltrans.o
                0x080038c0                spiSend
 .text.spiReceive
                0x08003900       0x40 /tmp/cc9tuNn6.ltrans9.ltrans.o
                0x08003900                spiReceive
 .text.spiAcquireBus
                0x08003940       0x20 /tmp/cc9tuNn6.ltrans9.ltrans.o
                0x08003940                spiAcquireBus
 .text.spiReleaseBus
                0x08003960       0x20 /tmp/cc9tuNn6.ltrans9.ltrans.o
                0x08003960                spiReleaseBus
 .text.nvicEnableVector
                0x08003980       0x50 /tmp/cc9tuNn6.ltrans9.ltrans.o
                0x08003980                nvicEnableVector
 .text.hal_lld_backup_domain_init.8666.4016
                0x080039d0       0x60 /tmp/cc9tuNn6.ltrans9.ltrans.o
 .text.hal_lld_init
                0x08003a30       0x70 /tmp/cc9tuNn6.ltrans9.ltrans.o
                0x08003a30                hal_lld_init
 .text.port_lock.6884.4413
                0x08003aa0       0x10 /tmp/cc9tuNn6.ltrans10.ltrans.o
 .text.port_unlock.6887.4411
                0x08003ab0       0x10 /tmp/cc9tuNn6.ltrans10.ltrans.o
 .text.queue_init.6889.4408
                0x08003ac0       0x20 /tmp/cc9tuNn6.ltrans10.ltrans.o
 .text.chSysLock.6967.4406
                0x08003ae0       0x10 /tmp/cc9tuNn6.ltrans10.ltrans.o
 .text.chSysUnlock.6969.4404
                0x08003af0       0x10 /tmp/cc9tuNn6.ltrans10.ltrans.o
 .text.chThdQueueObjectInit.6971.4401
                0x08003b00       0x20 /tmp/cc9tuNn6.ltrans10.ltrans.o
 .text.chIQIsEmptyI.6974.4398
                0x08003b20       0x20 /tmp/cc9tuNn6.ltrans10.ltrans.o
 .text.chIQIsFullI.6991.4395
                0x08003b40       0x30 /tmp/cc9tuNn6.ltrans10.ltrans.o
 .text.chOQIsEmptyI.6994.4392
                0x08003b70       0x30 /tmp/cc9tuNn6.ltrans10.ltrans.o
 .text.chOQIsFullI.6998.4388
                0x08003ba0       0x20 /tmp/cc9tuNn6.ltrans10.ltrans.o
 .text.chIQObjectInit
                0x08003bc0       0x50 /tmp/cc9tuNn6.ltrans10.ltrans.o
                0x08003bc0                chIQObjectInit
 .text.chIQPutI
                0x08003c10       0x60 /tmp/cc9tuNn6.ltrans10.ltrans.o
                0x08003c10                chIQPutI
 .text.chIQGetTimeout
                0x08003c70       0x90 /tmp/cc9tuNn6.ltrans10.ltrans.o
                0x08003c70                chIQGetTimeout
 .text.chIQReadTimeout
                0x08003d00       0xb0 /tmp/cc9tuNn6.ltrans10.ltrans.o
                0x08003d00                chIQReadTimeout
 .text.chOQObjectInit
                0x08003db0       0x50 /tmp/cc9tuNn6.ltrans10.ltrans.o
                0x08003db0                chOQObjectInit
 .text.chOQPutTimeout
                0x08003e00       0x90 /tmp/cc9tuNn6.ltrans10.ltrans.o
                0x08003e00                chOQPutTimeout
 .text.chOQGetI
                0x08003e90       0x60 /tmp/cc9tuNn6.ltrans10.ltrans.o
                0x08003e90                chOQGetI
 .text.chOQWriteTimeout
                0x08003ef0       0xb0 /tmp/cc9tuNn6.ltrans10.ltrans.o
                0x08003ef0                chOQWriteTimeout
 .text.port_lock.7069.4324
                0x08003fa0       0x10 /tmp/cc9tuNn6.ltrans10.ltrans.o
 .text.port_unlock.7072.4322
                0x08003fb0       0x10 /tmp/cc9tuNn6.ltrans10.ltrans.o
 .text.chSysLock.7074.4320
                0x08003fc0       0x10 /tmp/cc9tuNn6.ltrans10.ltrans.o
 .text.chSysUnlock.7076.4318
                0x08003fd0       0x10 /tmp/cc9tuNn6.ltrans10.ltrans.o
 .text._core_init
                0x08003fe0       0x30 /tmp/cc9tuNn6.ltrans10.ltrans.o
                0x08003fe0                _core_init
 .text.chCoreAlloc
                0x08004010       0x20 /tmp/cc9tuNn6.ltrans10.ltrans.o
                0x08004010                chCoreAlloc
 .text.chCoreAllocI.4313
                0x08004030       0x50 /tmp/cc9tuNn6.ltrans10.ltrans.o
 .text._heap_init
                0x08004080       0x30 /tmp/cc9tuNn6.ltrans10.ltrans.o
                0x08004080                _heap_init
 .text.chHeapAlloc
                0x080040b0       0xf0 /tmp/cc9tuNn6.ltrans10.ltrans.o
                0x080040b0                chHeapAlloc
 .text.chHeapFree
                0x080041a0       0xd0 /tmp/cc9tuNn6.ltrans10.ltrans.o
                0x080041a0                chHeapFree
 .text.port_lock.7295.4272
                0x08004270       0x10 /tmp/cc9tuNn6.ltrans10.ltrans.o
 .text.port_unlock.7298.4270
                0x08004280       0x10 /tmp/cc9tuNn6.ltrans10.ltrans.o
 .text.chSysLock.7300.4268
                0x08004290       0x10 /tmp/cc9tuNn6.ltrans10.ltrans.o
 .text.chSysUnlock.7302.4266
                0x080042a0       0x10 /tmp/cc9tuNn6.ltrans10.ltrans.o
 .text.chPoolFreeI.4242
                0x080042b0       0x20 /tmp/cc9tuNn6.ltrans10.ltrans.o
 .text.chPoolFree
                0x080042d0       0x20 /tmp/cc9tuNn6.ltrans10.ltrans.o
                0x080042d0                chPoolFree
 .text.port_lock.7426.4226
                0x080042f0       0x10 /tmp/cc9tuNn6.ltrans10.ltrans.o
 .text.port_unlock.7429.4224
                0x08004300       0x10 /tmp/cc9tuNn6.ltrans10.ltrans.o
 .text.port_lock_from_isr.7431.4222
                0x08004310       0x10 /tmp/cc9tuNn6.ltrans10.ltrans.o
 .text.port_unlock_from_isr.7433.4220
                0x08004320       0x10 /tmp/cc9tuNn6.ltrans10.ltrans.o
 .text.SVC_Handler
                0x08004330       0x30 /tmp/cc9tuNn6.ltrans10.ltrans.o
                0x08004330                SVC_Handler
 .text._port_irq_epilogue
                0x08004360       0x70 /tmp/cc9tuNn6.ltrans10.ltrans.o
                0x08004360                _port_irq_epilogue
 .text.osalInit.7492.4211
                0x080043d0       0x10 /tmp/cc9tuNn6.ltrans10.ltrans.o
 .text.halInit  0x080043e0       0x30 /tmp/cc9tuNn6.ltrans10.ltrans.o
                0x080043e0                halInit
 .text.st_lld_start_alarm.7524.4205
                0x08004410       0x20 /tmp/cc9tuNn6.ltrans10.ltrans.o
 .text.st_lld_stop_alarm.7531.4203
                0x08004430       0x10 /tmp/cc9tuNn6.ltrans10.ltrans.o
 .text.st_lld_set_alarm.7533.4200
                0x08004440       0x10 /tmp/cc9tuNn6.ltrans10.ltrans.o
 .text.stInit.4196
                0x08004450       0x10 /tmp/cc9tuNn6.ltrans10.ltrans.o
 .text.stStartAlarm
                0x08004460       0x20 /tmp/cc9tuNn6.ltrans10.ltrans.o
                0x08004460                stStartAlarm
 .text.stStopAlarm
                0x08004480       0x10 /tmp/cc9tuNn6.ltrans10.ltrans.o
                0x08004480                stStopAlarm
 .text.stSetAlarm
                0x08004490       0x20 /tmp/cc9tuNn6.ltrans10.ltrans.o
                0x08004490                stSetAlarm
 .text.chTMObjectInit
                0x080044b0       0x30 /tmp/cc9tuNn6.ltrans11.ltrans.o
                0x080044b0                chTMObjectInit
 .text.chTMStartMeasurementX
                0x080044e0       0x20 /tmp/cc9tuNn6.ltrans11.ltrans.o
                0x080044e0                chTMStartMeasurementX
 .text.chTMStopMeasurementX
                0x08004500       0x30 /tmp/cc9tuNn6.ltrans11.ltrans.o
                0x08004500                chTMStopMeasurementX
 .text.port_lock.5427.4441
                0x08004530       0x10 /tmp/cc9tuNn6.ltrans11.ltrans.o
 .text.port_unlock.5430.4439
                0x08004540       0x10 /tmp/cc9tuNn6.ltrans11.ltrans.o
 .text.chSysLock.5432.4437
                0x08004550       0x10 /tmp/cc9tuNn6.ltrans11.ltrans.o
 .text.chSysUnlock.5434.4435
                0x08004560       0x10 /tmp/cc9tuNn6.ltrans11.ltrans.o
 .text.chThdRelease
                0x08004570       0x90 /tmp/cc9tuNn6.ltrans11.ltrans.o
                0x08004570                chThdRelease
 .text.chThdCreateFromHeap
                0x08004600       0x60 /tmp/cc9tuNn6.ltrans11.ltrans.o
                0x08004600                chThdCreateFromHeap
 .text.port_lock.5934.4310
                0x08004660       0x10 /tmp/cc9tuNn6.ltrans11.ltrans.o
 .text.port_unlock.5937.4308
                0x08004670       0x10 /tmp/cc9tuNn6.ltrans11.ltrans.o
 .text.queue_init.5939.4305
                0x08004680       0x20 /tmp/cc9tuNn6.ltrans11.ltrans.o
 .text.queue_notempty.6017.4302
                0x080046a0       0x20 /tmp/cc9tuNn6.ltrans11.ltrans.o
 .text.queue_prio_insert.6021.4298
                0x080046c0       0x50 /tmp/cc9tuNn6.ltrans11.ltrans.o
 .text.queue_fifo_remove.6025.4295
                0x08004710       0x30 /tmp/cc9tuNn6.ltrans11.ltrans.o
 .text.queue_dequeue.6028.4292
                0x08004740       0x20 /tmp/cc9tuNn6.ltrans11.ltrans.o
 .text.chSysLock.6031.4290
                0x08004760       0x10 /tmp/cc9tuNn6.ltrans11.ltrans.o
 .text.chSysUnlock.6033.4288
                0x08004770       0x10 /tmp/cc9tuNn6.ltrans11.ltrans.o
 .text.chMtxQueueNotEmptyS.6035.4285
                0x08004780       0x20 /tmp/cc9tuNn6.ltrans11.ltrans.o
 .text.chMtxObjectInit
                0x080047a0       0x20 /tmp/cc9tuNn6.ltrans11.ltrans.o
                0x080047a0                chMtxObjectInit
 .text.chMtxLock
                0x080047c0       0x20 /tmp/cc9tuNn6.ltrans11.ltrans.o
                0x080047c0                chMtxLock
 .text.chMtxLockS.4276
                0x080047e0       0xc0 /tmp/cc9tuNn6.ltrans11.ltrans.o
 .text.chMtxUnlock
                0x080048a0       0xb0 /tmp/cc9tuNn6.ltrans11.ltrans.o
                0x080048a0                chMtxUnlock
 .text.port_lock.6320.4199
                0x08004950       0x10 /tmp/cc9tuNn6.ltrans11.ltrans.o
 .text.port_unlock.6323.4197
                0x08004960       0x10 /tmp/cc9tuNn6.ltrans11.ltrans.o
 .text.chSysLock.6325.4195
                0x08004970       0x10 /tmp/cc9tuNn6.ltrans11.ltrans.o
 .text.chSysUnlock.6327.4193
                0x08004980       0x10 /tmp/cc9tuNn6.ltrans11.ltrans.o
 .text.chEvtRegisterMaskWithFlags
                0x08004990       0x50 /tmp/cc9tuNn6.ltrans11.ltrans.o
                0x08004990                chEvtRegisterMaskWithFlags
 .text.chEvtBroadcastFlagsI
                0x080049e0       0x60 /tmp/cc9tuNn6.ltrans11.ltrans.o
                0x080049e0                chEvtBroadcastFlagsI
 .text.chEvtSignalI.4162
                0x08004a40       0x60 /tmp/cc9tuNn6.ltrans11.ltrans.o
 .text.chEvtDispatch
                0x08004aa0       0x50 /tmp/cc9tuNn6.ltrans11.ltrans.o
                0x08004aa0                chEvtDispatch
 .text.chEvtWaitOne
                0x08004af0       0x60 /tmp/cc9tuNn6.ltrans11.ltrans.o
                0x08004af0                chEvtWaitOne
 .text.__core_init
                0x08004b50       0x10 /tmp/cc9tuNn6.ltrans12.ltrans.o
                0x08004b50                __core_init
 .text.__late_init
                0x08004b60       0x10 /tmp/cc9tuNn6.ltrans12.ltrans.o
                0x08004b60                __late_init
 .text.__default_exit
                0x08004b70       0x10 /tmp/cc9tuNn6.ltrans12.ltrans.o
                0x08004b70                __default_exit
 .text.__init_ram_areas
                0x08004b80       0x70 /tmp/cc9tuNn6.ltrans12.ltrans.o
                0x08004b80                __init_ram_areas
 .text._unhandled_exception.4444
                0x08004bf0       0x10 /tmp/cc9tuNn6.ltrans12.ltrans.o
                0x08004bf0                VectorAC
                0x08004bf0                DebugMon_Handler
                0x08004bf0                Vector11C
                0x08004bf0                HardFault_Handler
                0x08004bf0                Vector19C
                0x08004bf0                Vector8C
                0x08004bf0                SysTick_Handler
                0x08004bf0                VectorDC
                0x08004bf0                PendSV_Handler
                0x08004bf0                Vector168
                0x08004bf0                NMI_Handler
                0x08004bf0                Vector110
                0x08004bf0                VectorC8
                0x08004bf0                Vector94
                0x08004bf0                VectorA8
                0x08004bf0                VectorB4
                0x08004bf0                Vector160
                0x08004bf0                UsageFault_Handler
                0x08004bf0                VectorEC
                0x08004bf0                Vector40
                0x08004bf0                VectorF8
                0x08004bf0                Vector108
                0x08004bf0                VectorBC
                0x08004bf0                Vector190
                0x08004bf0                Vector150
                0x08004bf0                Vector188
                0x08004bf0                Vector198
                0x08004bf0                Vector118
                0x08004bf0                VectorCC
                0x08004bf0                Vector54
                0x08004bf0                Vector98
                0x08004bf0                VectorD8
                0x08004bf0                Vector138
                0x08004bf0                Vector24
                0x08004bf0                Vector178
                0x08004bf0                VectorD0
                0x08004bf0                VectorC0
                0x08004bf0                Vector158
                0x08004bf0                Vector134
                0x08004bf0                VectorF0
                0x08004bf0                Vector13C
                0x08004bf0                Vector100
                0x08004bf0                VectorF4
                0x08004bf0                MemManage_Handler
                0x08004bf0                VectorA0
                0x08004bf0                VectorC4
                0x08004bf0                Vector180
                0x08004bf0                Vector90
                0x08004bf0                Vector114
                0x08004bf0                Vector164
                0x08004bf0                Vector1C
                0x08004bf0                Vector17C
                0x08004bf0                Vector16C
                0x08004bf0                Vector15C
                0x08004bf0                Vector170
                0x08004bf0                Vector88
                0x08004bf0                Vector104
                0x08004bf0                Vector184
                0x08004bf0                Vector10C
                0x08004bf0                Vector14C
                0x08004bf0                BusFault_Handler
                0x08004bf0                Vector50
                0x08004bf0                Vector194
                0x08004bf0                Vector154
                0x08004bf0                Vector28
                0x08004bf0                VectorB8
                0x08004bf0                VectorFC
                0x08004bf0                Vector34
                0x08004bf0                VectorA4
                0x08004bf0                Vector20
                0x08004bf0                Vector18C
                0x08004bf0                Vector174
 .text.NVIC_SetPriorityGrouping.4196.4441
                0x08004c00       0x40 /tmp/cc9tuNn6.ltrans12.ltrans.o
 .text.NVIC_SetPriority.4202.4435
                0x08004c40       0x50 /tmp/cc9tuNn6.ltrans12.ltrans.o
 .text.port_init.4208.4433
                0x08004c90       0x50 /tmp/cc9tuNn6.ltrans12.ltrans.o
 .text.port_lock.4219.4424
                0x08004ce0       0x10 /tmp/cc9tuNn6.ltrans12.ltrans.o
 .text.port_unlock.4221.4422
                0x08004cf0       0x10 /tmp/cc9tuNn6.ltrans12.ltrans.o
 .text.port_lock_from_isr.4223.4420
                0x08004d00       0x10 /tmp/cc9tuNn6.ltrans12.ltrans.o
 .text.port_unlock_from_isr.4225.4418
                0x08004d10       0x10 /tmp/cc9tuNn6.ltrans12.ltrans.o
 .text.port_disable.4227.4416
                0x08004d20       0x10 /tmp/cc9tuNn6.ltrans12.ltrans.o
 .text.port_enable.4229.4414
                0x08004d30       0x20 /tmp/cc9tuNn6.ltrans12.ltrans.o
 .text.port_wait_for_interrupt.4231.4412
                0x08004d50       0x10 /tmp/cc9tuNn6.ltrans12.ltrans.o
 .text.st_lld_get_counter.4236.4408
                0x08004d60       0x10 /tmp/cc9tuNn6.ltrans12.ltrans.o
 .text.port_timer_stop_alarm.4336.4406
                0x08004d70       0x10 /tmp/cc9tuNn6.ltrans12.ltrans.o
 .text.port_timer_set_alarm.4338.4403
                0x08004d80       0x20 /tmp/cc9tuNn6.ltrans12.ltrans.o
 .text.port_timer_get_time.4239.4401
                0x08004da0       0x10 /tmp/cc9tuNn6.ltrans12.ltrans.o
 .text.chSysEnable.4241.4399
                0x08004db0       0x10 /tmp/cc9tuNn6.ltrans12.ltrans.o
 .text.chSysLockFromISR.4247.4393
                0x08004dc0       0x10 /tmp/cc9tuNn6.ltrans12.ltrans.o
 .text.chSysUnlockFromISR.4249.4391
                0x08004dd0       0x10 /tmp/cc9tuNn6.ltrans12.ltrans.o
 .text.chVTGetSystemTimeX.4251.4389
                0x08004de0       0x10 /tmp/cc9tuNn6.ltrans12.ltrans.o
 .text.chVTDoTickI.4341.4387
                0x08004df0       0xc0 /tmp/cc9tuNn6.ltrans12.ltrans.o
 .text.chRegSetThreadName.4253.4384
                0x08004eb0       0x20 /tmp/cc9tuNn6.ltrans12.ltrans.o
 .text.chRegSetThreadNameX.4257.4380
                0x08004ed0       0x10 /tmp/cc9tuNn6.ltrans12.ltrans.o
 .text._idle_thread.4333.4377
                0x08004ee0       0x10 /tmp/cc9tuNn6.ltrans12.ltrans.o
 .text.chSysInit
                0x08004ef0       0x90 /tmp/cc9tuNn6.ltrans12.ltrans.o
                0x08004ef0                chSysInit
 .text.chSysHalt
                0x08004f80       0x20 /tmp/cc9tuNn6.ltrans12.ltrans.o
                0x08004f80                chSysHalt
 .text.chSysTimerHandlerI
                0x08004fa0       0x10 /tmp/cc9tuNn6.ltrans12.ltrans.o
                0x08004fa0                chSysTimerHandlerI
 .text.st_lld_get_counter.4556.4351
                0x08004fb0       0x10 /tmp/cc9tuNn6.ltrans12.ltrans.o
 .text.port_timer_start_alarm.4566.4348
                0x08004fc0       0x20 /tmp/cc9tuNn6.ltrans12.ltrans.o
 .text.port_timer_stop_alarm.4572.4346
                0x08004fe0       0x10 /tmp/cc9tuNn6.ltrans12.ltrans.o
 .text.port_timer_set_alarm.4569.4343
                0x08004ff0       0x20 /tmp/cc9tuNn6.ltrans12.ltrans.o
 .text.port_timer_get_time.4562.4341
                0x08005010       0x10 /tmp/cc9tuNn6.ltrans12.ltrans.o
 .text.chVTGetSystemTimeX.4564.4339
                0x08005020       0x10 /tmp/cc9tuNn6.ltrans12.ltrans.o
 .text._vt_init.4337
                0x08005030       0x30 /tmp/cc9tuNn6.ltrans12.ltrans.o
 .text.chVTDoSetI
                0x08005060      0x100 /tmp/cc9tuNn6.ltrans12.ltrans.o
                0x08005060                chVTDoSetI
 .text.chVTDoResetI
                0x08005160       0xd0 /tmp/cc9tuNn6.ltrans12.ltrans.o
                0x08005160                chVTDoResetI
 .text.port_lock.4728.4325
                0x08005230       0x10 /tmp/cc9tuNn6.ltrans12.ltrans.o
 .text.port_unlock.4731.4323
                0x08005240       0x10 /tmp/cc9tuNn6.ltrans12.ltrans.o
 .text.port_lock_from_isr.4733.4321
                0x08005250       0x10 /tmp/cc9tuNn6.ltrans12.ltrans.o
 .text.port_unlock_from_isr.4735.4319
                0x08005260       0x10 /tmp/cc9tuNn6.ltrans12.ltrans.o
 .text.queue_init.4737.4316
                0x08005270       0x20 /tmp/cc9tuNn6.ltrans12.ltrans.o
 .text.queue_fifo_remove.4815.4313
                0x08005290       0x30 /tmp/cc9tuNn6.ltrans12.ltrans.o
 .text.queue_dequeue.4818.4310
                0x080052c0       0x20 /tmp/cc9tuNn6.ltrans12.ltrans.o
 .text.chSchIsRescRequiredI.4821.4308
                0x080052e0       0x20 /tmp/cc9tuNn6.ltrans12.ltrans.o
 .text.chSysLockFromISR.4824.4306
                0x08005300       0x10 /tmp/cc9tuNn6.ltrans12.ltrans.o
 .text.chSysUnlockFromISR.4826.4304
                0x08005310       0x10 /tmp/cc9tuNn6.ltrans12.ltrans.o
 .text.chVTIsArmedI.4828.4293
                0x08005320       0x20 /tmp/cc9tuNn6.ltrans12.ltrans.o
 .text.chSemFastSignalI.4840.4288
                0x08005340       0x20 /tmp/cc9tuNn6.ltrans12.ltrans.o
 .text._scheduler_init.4286
                0x08005360       0x20 /tmp/cc9tuNn6.ltrans12.ltrans.o
 .text.chSchReadyI
                0x08005380       0x50 /tmp/cc9tuNn6.ltrans12.ltrans.o
                0x08005380                chSchReadyI
 .text.chSchGoSleepS
                0x080053d0       0x70 /tmp/cc9tuNn6.ltrans12.ltrans.o
                0x080053d0                chSchGoSleepS
 .text.wakeup.4849.4277
                0x08005440       0x80 /tmp/cc9tuNn6.ltrans12.ltrans.o
 .text.chSchGoSleepTimeoutS
                0x080054c0       0x70 /tmp/cc9tuNn6.ltrans12.ltrans.o
                0x080054c0                chSchGoSleepTimeoutS
 .text.chSchWakeupS
                0x08005530       0x70 /tmp/cc9tuNn6.ltrans12.ltrans.o
                0x08005530                chSchWakeupS
 .text.chSchRescheduleS
                0x080055a0       0x20 /tmp/cc9tuNn6.ltrans12.ltrans.o
                0x080055a0                chSchRescheduleS
 .text.chSchIsPreemptionRequired
                0x080055c0       0x30 /tmp/cc9tuNn6.ltrans12.ltrans.o
                0x080055c0                chSchIsPreemptionRequired
 .text.chSchDoRescheduleAhead.4261
                0x080055f0       0x90 /tmp/cc9tuNn6.ltrans12.ltrans.o
 .text.chSchDoReschedule
                0x08005680       0x10 /tmp/cc9tuNn6.ltrans12.ltrans.o
                0x08005680                chSchDoReschedule
 .text.port_lock.4931.4256
                0x08005690       0x10 /tmp/cc9tuNn6.ltrans12.ltrans.o
 .text.port_unlock.4934.4254
                0x080056a0       0x10 /tmp/cc9tuNn6.ltrans12.ltrans.o
 .text.list_init.4943.4247
                0x080056b0       0x10 /tmp/cc9tuNn6.ltrans12.ltrans.o
 .text.list_notempty.5019.4244
                0x080056c0       0x20 /tmp/cc9tuNn6.ltrans12.ltrans.o
 .text.queue_init.5023.4241
                0x080056e0       0x20 /tmp/cc9tuNn6.ltrans12.ltrans.o
 .text.queue_notempty.5026.4237
                0x08005700       0x20 /tmp/cc9tuNn6.ltrans12.ltrans.o
 .text.list_insert.5029.4233
                0x08005720       0x20 /tmp/cc9tuNn6.ltrans12.ltrans.o
 .text.list_remove.5033.4230
                0x08005740       0x20 /tmp/cc9tuNn6.ltrans12.ltrans.o
 .text.queue_insert.5036.4226
                0x08005760       0x30 /tmp/cc9tuNn6.ltrans12.ltrans.o
 .text.queue_fifo_remove.5040.4223
                0x08005790       0x30 /tmp/cc9tuNn6.ltrans12.ltrans.o
 .text.chSysLock.5045.4217
                0x080057c0       0x10 /tmp/cc9tuNn6.ltrans12.ltrans.o
 .text.chSysUnlock.5047.4215
                0x080057d0       0x10 /tmp/cc9tuNn6.ltrans12.ltrans.o
 .text.chThdGetSelfX.5056.4205
                0x080057e0       0x10 /tmp/cc9tuNn6.ltrans12.ltrans.o
 .text.chThdSleepS.5065.4199
                0x080057f0       0x20 /tmp/cc9tuNn6.ltrans12.ltrans.o
 .text.chThdDoDequeueNextI.5061.4195
                0x08005810       0x30 /tmp/cc9tuNn6.ltrans12.ltrans.o
 .text._thread_init.4191
                0x08005840       0x90 /tmp/cc9tuNn6.ltrans12.ltrans.o
 .text.chThdCreateI
                0x080058d0       0x50 /tmp/cc9tuNn6.ltrans12.ltrans.o
                0x080058d0                chThdCreateI
 .text.chThdCreateStatic
                0x08005920       0x40 /tmp/cc9tuNn6.ltrans12.ltrans.o
                0x08005920                chThdCreateStatic
 .text.chThdSleep
                0x08005960       0x20 /tmp/cc9tuNn6.ltrans12.ltrans.o
                0x08005960                chThdSleep
 .text.chThdExit
                0x08005980       0x20 /tmp/cc9tuNn6.ltrans12.ltrans.o
                0x08005980                chThdExit
 .text.chThdExitS
                0x080059a0       0x70 /tmp/cc9tuNn6.ltrans12.ltrans.o
                0x080059a0                chThdExitS
 .text.chThdWait
                0x08005a10       0x50 /tmp/cc9tuNn6.ltrans12.ltrans.o
                0x08005a10                chThdWait
 .text.chThdSuspendS
                0x08005a60       0x30 /tmp/cc9tuNn6.ltrans12.ltrans.o
                0x08005a60                chThdSuspendS
 .text.chThdResumeI
                0x08005a90       0x30 /tmp/cc9tuNn6.ltrans12.ltrans.o
                0x08005a90                chThdResumeI
 .text.chThdEnqueueTimeoutS
                0x08005ac0       0x40 /tmp/cc9tuNn6.ltrans12.ltrans.o
                0x08005ac0                chThdEnqueueTimeoutS
 .text.chThdDequeueNextI
                0x08005b00       0x30 /tmp/cc9tuNn6.ltrans12.ltrans.o
                0x08005b00                chThdDequeueNextI
 .text.port_rt_get_counter_value.5255
                0x08005b30       0x10 /tmp/cc9tuNn6.ltrans12.ltrans.o
                0x08005b30                port_rt_get_counter_value.5255
 .text.tm_stop.5261
                0x08005b40       0x70 /tmp/cc9tuNn6.ltrans12.ltrans.o
                0x08005b40                tm_stop.5261
 .text._tm_init.4013
                0x08005bb0       0x40 /tmp/cc9tuNn6.ltrans12.ltrans.o
 .text.strpbrk  0x08005bf0       0x50 /nfs/nfs5/home/research/hardware/arm2/gcc-arm-embedded/gcc-arm-none-eabi-4_8-2014q2/bin/../lib/gcc/arm-none-eabi/4.8.4/../../../../arm-none-eabi/lib/armv7e-m/libg.a(lib_a-strpbrk.o)
                0x08005bf0                strpbrk
 .text.strspn   0x08005c40       0x40 /nfs/nfs5/home/research/hardware/arm2/gcc-arm-embedded/gcc-arm-none-eabi-4_8-2014q2/bin/../lib/gcc/arm-none-eabi/4.8.4/../../../../arm-none-eabi/lib/armv7e-m/libg.a(lib_a-strspn.o)
                0x08005c40                strspn
 *(.rodata)
 .rodata        0x08005c80      0x5e8 /tmp/cc9tuNn6.ltrans0.ltrans.o
 *fill*         0x08006268        0x8 
 .rodata        0x08006270        0x8 /tmp/cc9tuNn6.ltrans1.ltrans.o
 *fill*         0x08006278        0x8 
 .rodata        0x08006280      0x360 /tmp/cc9tuNn6.ltrans2.ltrans.o
 .rodata        0x080065e0      0x220 /tmp/cc9tuNn6.ltrans7.ltrans.o
 .rodata        0x08006800       0x18 /tmp/cc9tuNn6.ltrans12.ltrans.o
 *(.rodata.*)
 *fill*         0x08006818        0x8 
 .rodata.ram_areas.4024
                0x08006820       0x80 /tmp/cc9tuNn6.ltrans0.ltrans.o
                0x08006820                ram_areas.4024
 .rodata.ch_debug
                0x080068a0       0x18 /tmp/cc9tuNn6.ltrans0.ltrans.o
                0x080068a0                ch_debug
 *fill*         0x080068b8        0x8 
 .rodata.vmt.8314
                0x080068c0       0x20 /tmp/cc9tuNn6.ltrans0.ltrans.o
                0x080068c0                vmt.8314
 .rodata._stm32_dma_streams
                0x080068e0       0xf0 /tmp/cc9tuNn6.ltrans0.ltrans.o
                0x080068e0                _stm32_dma_streams
 .rodata.dummytx.9314
                0x080069d0        0x2 /tmp/cc9tuNn6.ltrans0.ltrans.o
                0x080069d0                dummytx.9314
 *fill*         0x080069d2        0xe 
 .rodata.default_config.9541
                0x080069e0       0x10 /tmp/cc9tuNn6.ltrans0.ltrans.o
                0x080069e0                default_config.9541
 .rodata.pal_default_config
                0x080069f0       0xa8 /tmp/cc9tuNn6.ltrans0.ltrans.o
                0x080069f0                pal_default_config
 *fill*         0x08006a98        0x8 
 .rodata.commands.13664.4893
                0x08006aa0       0x18 /tmp/cc9tuNn6.ltrans0.ltrans.o
 *fill*         0x08006ab8        0x8 
 .rodata.shell_cfg1.13663.4892
                0x08006ac0        0x8 /tmp/cc9tuNn6.ltrans0.ltrans.o
 *(.glue_7t)
 .glue_7t       0x00000000        0x0 linker stubs
 *(.glue_7)
 .glue_7        0x00000000        0x0 linker stubs
 *(.gcc*)

.vfp11_veneer   0x08006ac8        0x0
 .vfp11_veneer  0x00000000        0x0 linker stubs

.v4_bx          0x08006ac8        0x0
 .v4_bx         0x00000000        0x0 linker stubs

.iplt           0x08006ac8        0x0
 .iplt          0x00000000        0x0 build/obj/crt0_v7m.o

.rel.dyn        0x08006ac8        0x0
 .rel.iplt      0x00000000        0x0 build/obj/crt0_v7m.o

.ARM.extab
 *(.ARM.extab* .gnu.linkonce.armextab.*)

.ARM.exidx      0x08006ac8        0x0
                0x08006ac8                __exidx_start = .
 *(.ARM.exidx* .gnu.linkonce.armexidx.*)
                0x08006ac8                __exidx_end = .

.eh_frame_hdr
 *(.eh_frame_hdr)

.eh_frame
 *(.eh_frame)

.textalign      0x08006ac8        0x0
                0x08006ac8                . = ALIGN (0x8)
                0x08006ac8                . = ALIGN (0x4)
                0x08006ac8                PROVIDE (_etext, .)

.mstack         0x20000000      0x400
                0x20000000                . = ALIGN (0x8)
                0x20000000                __main_stack_base__ = .
                0x20000400                . = (. + __main_stack_size__)
 *fill*         0x20000000      0x400 
                0x20000400                . = ALIGN (0x8)
                0x20000400                __main_stack_end__ = .

.pstack         0x20000400      0x400
                0x20000400                __process_stack_base__ = .
                0x20000400                __main_thread_stack_base__ = .
                0x20000800                . = (. + __process_stack_size__)
 *fill*         0x20000400      0x400 
                0x20000800                . = ALIGN (0x8)
                0x20000800                __process_stack_end__ = .
                0x20000800                __main_thread_stack_end__ = .

.data           0x20000800      0x154 load address 0x08006ac8
                0x20000800                . = ALIGN (0x4)
                0x08006ac8                PROVIDE (_textdata, LOADADDR (.data))
                0x20000800                PROVIDE (_data, .)
                0x08006ac8                _textdata_start = LOADADDR (.data)
                0x20000800                _data_start = .
 *(.data)
 *(.data.*)
 .data.local_commands.12432
                0x20000800       0x18 /tmp/cc9tuNn6.ltrans0.ltrans.o
                0x20000800                local_commands.12432
 .data.header.13676.4899
                0x20000818        0x4 /tmp/cc9tuNn6.ltrans0.ltrans.o
 .data.headerSize.13675.4898
                0x2000081c        0x1 /tmp/cc9tuNn6.ltrans0.ltrans.o
 *fill*         0x2000081d        0x3 
 .data.tx_advstart.13669.4900
                0x20000820       0x14 /tmp/cc9tuNn6.ltrans0.ltrans.o
 .data.tx_advstop.13672.4903
                0x20000834       0x14 /tmp/cc9tuNn6.ltrans0.ltrans.o
 .data.tx_getconn.13670.4901
                0x20000848       0x14 /tmp/cc9tuNn6.ltrans0.ltrans.o
 .data.tx_disconnect.13674.4904
                0x2000085c       0x14 /tmp/cc9tuNn6.ltrans0.ltrans.o
 .data.tx_data_plus.4908
                0x20000870       0xd0 /tmp/cc9tuNn6.ltrans0.ltrans.o
 .data.bluefruit_config.13666.4907
                0x20000940       0x10 /tmp/cc9tuNn6.ltrans0.ltrans.o
 .data.fhandlers.13680.4897
                0x20000950        0x4 /tmp/cc9tuNn6.ltrans0.ltrans.o
 *(.ramtext)
                0x20000954                . = ALIGN (0x4)
                0x20000954                PROVIDE (_edata, .)
                0x20000954                _data_end = .

.igot.plt       0x20000954        0x0 load address 0x08006c1c
 .igot.plt      0x00000000        0x0 build/obj/crt0_v7m.o

.bss            0x20000958     0x1d00 load address 0x08006c1c
                0x20000958                . = ALIGN (0x4)
                0x20000958                _bss_start = .
 *(.bss)
 *(.bss.*)
 .bss.ch        0x20000958      0x150 /tmp/cc9tuNn6.ltrans0.ltrans.o
                0x20000958                ch
 .bss.nextmem.7092
                0x20000aa8        0x4 /tmp/cc9tuNn6.ltrans0.ltrans.o
                0x20000aa8                nextmem.7092
 .bss.endmem.7094
                0x20000aac        0x4 /tmp/cc9tuNn6.ltrans0.ltrans.o
                0x20000aac                endmem.7094
 .bss.default_heap.7289
                0x20000ab0       0x20 /tmp/cc9tuNn6.ltrans0.ltrans.o
                0x20000ab0                default_heap.7289
 .bss._stm32_dma_isr_redir
                0x20000ad0       0x60 /tmp/cc9tuNn6.ltrans0.ltrans.o
                0x20000ad0                _stm32_dma_isr_redir
 .bss.dma_streams_mask.8782
                0x20000b30        0x4 /tmp/cc9tuNn6.ltrans0.ltrans.o
                0x20000b30                dma_streams_mask.8782
 .bss.EXTD1     0x20000b34        0x8 /tmp/cc9tuNn6.ltrans0.ltrans.o
                0x20000b34                EXTD1
 .bss.SPID1     0x20000b3c       0x34 /tmp/cc9tuNn6.ltrans0.ltrans.o
                0x20000b3c                SPID1
 .bss.SPID3     0x20000b70       0x34 /tmp/cc9tuNn6.ltrans0.ltrans.o
                0x20000b70                SPID3
 .bss.dummyrx.9313
                0x20000ba4        0x2 /tmp/cc9tuNn6.ltrans0.ltrans.o
                0x20000ba4                dummyrx.9313
 *fill*         0x20000ba6        0x2 
 .bss.SD1       0x20000ba8       0x7c /tmp/cc9tuNn6.ltrans0.ltrans.o
                0x20000ba8                SD1
 .bss.shell_terminated
                0x20000c24        0x4 /tmp/cc9tuNn6.ltrans0.ltrans.o
                0x20000c24                shell_terminated
 .bss.shelltp1.13662.4894
                0x20000c28        0x4 /tmp/cc9tuNn6.ltrans0.ltrans.o
 .bss.rdata.4909
                0x20000c2c       0x14 /tmp/cc9tuNn6.ltrans0.ltrans.o
 .bss.bigData.4890
                0x20000c40     0x1000 /tmp/cc9tuNn6.ltrans0.ltrans.o
 .bss.connectedFLAG.4902
                0x20001c40        0x4 /tmp/cc9tuNn6.ltrans0.ltrans.o
 *fill*         0x20001c44        0x4 
 .bss.waCounterThread.13679.4896
                0x20001c48      0x148 /tmp/cc9tuNn6.ltrans0.ltrans.o
 .bss.waBigDataThread.13678.4895
                0x20001d90      0x8c8 /tmp/cc9tuNn6.ltrans0.ltrans.o
 *(COMMON)
                0x20002658                . = ALIGN (0x4)
                0x20002658                _bss_end = .
                0x20002658                PROVIDE (end, .)

.ram0_init      0x20002658        0x0 load address 0x08006c1c
                0x20002658                . = ALIGN (0x4)
                0x08006c1c                __ram0_init_text__ = LOADADDR (.ram0_init)
                0x20002658                __ram0_init__ = .
 *(.ram0_init)
 *(.ram0_init.*)
                0x20002658                . = ALIGN (0x4)

.ram0           0x20002658        0x0 load address 0x08006c1c
                0x20002658                . = ALIGN (0x4)
                0x20002658                __ram0_clear__ = .
 *(.ram0_clear)
 *(.ram0_clear.*)
                0x20002658                . = ALIGN (0x4)
                0x20002658                __ram0_noinit__ = .
 *(.ram0)
 *(.ram0.*)
                0x20002658                . = ALIGN (0x4)
                0x20002658                __ram0_free__ = .

.ram1_init      0x00000000        0x0 load address 0x08006c1c
                0x00000000                . = ALIGN (0x4)
                0x08006c1c                __ram1_init_text__ = LOADADDR (.ram1_init)
                0x00000000                __ram1_init__ = .
 *(.ram1_init)
 *(.ram1_init.*)
                0x00000000                . = ALIGN (0x4)

.ram1           0x00000000        0x0 load address 0x08006c1c
                0x00000000                . = ALIGN (0x4)
                0x00000000                __ram1_clear__ = .
 *(.ram1_clear)
 *(.ram1_clear.*)
                0x00000000                . = ALIGN (0x4)
                0x00000000                __ram1_noinit__ = .
 *(.ram1)
 *(.ram1.*)
                0x00000000                . = ALIGN (0x4)
                0x00000000                __ram1_free__ = .

.ram2_init      0x00000000        0x0 load address 0x08006c1c
                0x00000000                . = ALIGN (0x4)
                0x08006c1c                __ram2_init_text__ = LOADADDR (.ram2_init)
                0x00000000                __ram2_init__ = .
 *(.ram2_init)
 *(.ram2_init.*)
                0x00000000                . = ALIGN (0x4)

.ram2           0x00000000        0x0 load address 0x08006c1c
                0x00000000                . = ALIGN (0x4)
                0x00000000                __ram2_clear__ = .
 *(.ram2_clear)
 *(.ram2_clear.*)
                0x00000000                . = ALIGN (0x4)
                0x00000000                __ram2_noinit__ = .
 *(.ram2)
 *(.ram2.*)
                0x00000000                . = ALIGN (0x4)
                0x00000000                __ram2_free__ = .

.ram3_init      0x00000000        0x0 load address 0x08006c1c
                0x00000000                . = ALIGN (0x4)
                0x08006c1c                __ram3_init_text__ = LOADADDR (.ram3_init)
                0x00000000                __ram3_init__ = .
 *(.ram3_init)
 *(.ram3_init.*)
                0x00000000                . = ALIGN (0x4)

.ram3           0x00000000        0x0 load address 0x08006c1c
                0x00000000                . = ALIGN (0x4)
                0x00000000                __ram3_clear__ = .
 *(.ram3_clear)
 *(.ram3_clear.*)
                0x00000000                . = ALIGN (0x4)
                0x00000000                __ram3_noinit__ = .
 *(.ram3)
 *(.ram3.*)
                0x00000000                . = ALIGN (0x4)
                0x00000000                __ram3_free__ = .

.ram4_init      0x10000000        0x0 load address 0x08006c1c
                0x10000000                . = ALIGN (0x4)
                0x08006c1c                __ram4_init_text__ = LOADADDR (.ram4_init)
                0x10000000                __ram4_init__ = .
 *(.ram4_init)
 *(.ram4_init.*)
                0x10000000                . = ALIGN (0x4)

.ram4           0x10000000        0x0 load address 0x08006c1c
                0x10000000                . = ALIGN (0x4)
                0x10000000                __ram4_clear__ = .
 *(.ram4_clear)
 *(.ram4_clear.*)
                0x10000000                . = ALIGN (0x4)
                0x10000000                __ram4_noinit__ = .
 *(.ram4)
 *(.ram4.*)
                0x10000000                . = ALIGN (0x4)
                0x10000000                __ram4_free__ = .

.ram5_init      0x00000000        0x0 load address 0x08006c1c
                0x00000000                . = ALIGN (0x4)
                0x08006c1c                __ram5_init_text__ = LOADADDR (.ram5_init)
                0x00000000                __ram5_init__ = .
 *(.ram5_init)
 *(.ram5_init.*)
                0x00000000                . = ALIGN (0x4)

.ram5           0x00000000        0x0 load address 0x08006c1c
                0x00000000                . = ALIGN (0x4)
                0x00000000                __ram5_clear__ = .
 *(.ram5_clear)
 *(.ram5_clear.*)
                0x00000000                . = ALIGN (0x4)
                0x00000000                __ram5_noinit__ = .
 *(.ram5)
 *(.ram5.*)
                0x00000000                . = ALIGN (0x4)
                0x00000000                __ram5_free__ = .

.ram6_init      0x00000000        0x0 load address 0x08006c1c
                0x00000000                . = ALIGN (0x4)
                0x08006c1c                __ram6_init_text__ = LOADADDR (.ram6_init)
                0x00000000                __ram6_init__ = .
 *(.ram6_init)
 *(.ram6_init.*)
                0x00000000                . = ALIGN (0x4)

.ram6           0x00000000        0x0 load address 0x08006c1c
                0x00000000                . = ALIGN (0x4)
                0x00000000                __ram6_clear__ = .
 *(.ram6_clear)
 *(.ram6_clear.*)
                0x00000000                . = ALIGN (0x4)
                0x00000000                __ram6_noinit__ = .
 *(.ram6)
 *(.ram6.*)
                0x00000000                . = ALIGN (0x4)
                0x00000000                __ram6_free__ = .

.ram7_init      0x00000000        0x0 load address 0x08006c1c
                0x00000000                . = ALIGN (0x4)
                0x08006c1c                __ram7_init_text__ = LOADADDR (.ram7_init)
                0x00000000                __ram7_init__ = .
 *(.ram7_init)
 *(.ram7_init.*)
                0x00000000                . = ALIGN (0x4)

.ram7           0x00000000        0x0 load address 0x08006c1c
                0x00000000                . = ALIGN (0x4)
                0x00000000                __ram7_clear__ = .
 *(.ram7_clear)
 *(.ram7_clear.*)
                0x00000000                . = ALIGN (0x4)
                0x00000000                __ram7_noinit__ = .
 *(.ram7)
 *(.ram7.*)
                0x00000000                . = ALIGN (0x4)
                0x00000000                __ram7_free__ = .

.heap           0x20002658     0x79a8
                0x20002658                . = ALIGN (0x8)
                0x20002658                __heap_base__ = .
                0x2000a000                . = (ORIGIN (HEAP_RAM) + 0xa000)
 *fill*         0x20002658     0x79a8 
                0x2000a000                __heap_end__ = .
                0x00000400                __process_stack_size__ = 0x400
                0x00000400                __main_stack_size__ = 0x400
START GROUP
LOAD /nfs/nfs5/home/research/hardware/arm2/gcc-arm-embedded/gcc-arm-none-eabi-4_8-2014q2/bin/../lib/gcc/arm-none-eabi/4.8.4/armv7e-m/libgcc.a
LOAD /nfs/nfs5/home/research/hardware/arm2/gcc-arm-embedded/gcc-arm-none-eabi-4_8-2014q2/bin/../lib/gcc/arm-none-eabi/4.8.4/../../../../arm-none-eabi/lib/armv7e-m/libg.a
LOAD /nfs/nfs5/home/research/hardware/arm2/gcc-arm-embedded/gcc-arm-none-eabi-4_8-2014q2/bin/../lib/gcc/arm-none-eabi/4.8.4/../../../../arm-none-eabi/lib/armv7e-m/libc.a
END GROUP
OUTPUT(build/lab1.elf elf32-littlearm)

.ARM.attributes
                0x00000000       0x2f
 .ARM.attributes
                0x00000000       0x21 build/obj/crt0_v7m.o
 .ARM.attributes
                0x00000021       0x21 build/obj/chcoreasm_v7m.o
 .ARM.attributes
                0x00000042       0x31 /tmp/cc9tuNn6.ltrans0.ltrans.o
 .ARM.attributes
                0x00000073       0x31 /tmp/cc9tuNn6.ltrans1.ltrans.o
 .ARM.attributes
                0x000000a4       0x31 /tmp/cc9tuNn6.ltrans2.ltrans.o
 .ARM.attributes
                0x000000d5       0x31 /tmp/cc9tuNn6.ltrans7.ltrans.o
 .ARM.attributes
                0x00000106       0x31 /tmp/cc9tuNn6.ltrans8.ltrans.o
 .ARM.attributes
                0x00000137       0x31 /tmp/cc9tuNn6.ltrans9.ltrans.o
 .ARM.attributes
                0x00000168       0x31 /tmp/cc9tuNn6.ltrans10.ltrans.o
 .ARM.attributes
                0x00000199       0x31 /tmp/cc9tuNn6.ltrans11.ltrans.o
 .ARM.attributes
                0x000001ca       0x31 /tmp/cc9tuNn6.ltrans12.ltrans.o
 .ARM.attributes
                0x000001fb       0x1c /nfs/nfs5/home/research/hardware/arm2/gcc-arm-embedded/gcc-arm-none-eabi-4_8-2014q2/bin/../lib/gcc/arm-none-eabi/4.8.4/../../../../arm-none-eabi/lib/armv7e-m/libg.a(lib_a-strcmp.o)
 .ARM.attributes
                0x00000217       0x2e /nfs/nfs5/home/research/hardware/arm2/gcc-arm-embedded/gcc-arm-none-eabi-4_8-2014q2/bin/../lib/gcc/arm-none-eabi/4.8.4/../../../../arm-none-eabi/lib/armv7e-m/libg.a(lib_a-strpbrk.o)
 .ARM.attributes
                0x00000245       0x2e /nfs/nfs5/home/research/hardware/arm2/gcc-arm-embedded/gcc-arm-none-eabi-4_8-2014q2/bin/../lib/gcc/arm-none-eabi/4.8.4/../../../../arm-none-eabi/lib/armv7e-m/libg.a(lib_a-strspn.o)

.comment        0x00000000       0x70
 .comment       0x00000000       0x70 /tmp/cc9tuNn6.ltrans0.ltrans.o
                                 0x71 (size before relaxing)
 .comment       0x00000000       0x71 /tmp/cc9tuNn6.ltrans1.ltrans.o
 .comment       0x00000000       0x71 /tmp/cc9tuNn6.ltrans2.ltrans.o
 .comment       0x00000000       0x71 /tmp/cc9tuNn6.ltrans7.ltrans.o
 .comment       0x00000000       0x71 /tmp/cc9tuNn6.ltrans8.ltrans.o
 .comment       0x00000000       0x71 /tmp/cc9tuNn6.ltrans9.ltrans.o
 .comment       0x00000000       0x71 /tmp/cc9tuNn6.ltrans10.ltrans.o
 .comment       0x00000000       0x71 /tmp/cc9tuNn6.ltrans11.ltrans.o
 .comment       0x00000000       0x71 /tmp/cc9tuNn6.ltrans12.ltrans.o

.debug_info     0x00000000    0x110ff
 .debug_info    0x00000000     0x2bbe /tmp/cc9tuNn6.ltrans0.ltrans.o
 .debug_info    0x00002bbe     0x270c /tmp/cc9tuNn6.ltrans1.ltrans.o
 .debug_info    0x000052ca     0x1229 /tmp/cc9tuNn6.ltrans2.ltrans.o
 .debug_info    0x000064f3     0x1e29 /tmp/cc9tuNn6.ltrans7.ltrans.o
 .debug_info    0x0000831c      0xca3 /tmp/cc9tuNn6.ltrans8.ltrans.o
 .debug_info    0x00008fbf     0x23e0 /tmp/cc9tuNn6.ltrans9.ltrans.o
 .debug_info    0x0000b39f     0x1fb6 /tmp/cc9tuNn6.ltrans10.ltrans.o
 .debug_info    0x0000d355     0x1ee6 /tmp/cc9tuNn6.ltrans11.ltrans.o
 .debug_info    0x0000f23b     0x1ec4 /tmp/cc9tuNn6.ltrans12.ltrans.o

.debug_abbrev   0x00000000     0x235a
 .debug_abbrev  0x00000000      0x39d /tmp/cc9tuNn6.ltrans0.ltrans.o
 .debug_abbrev  0x0000039d      0x420 /tmp/cc9tuNn6.ltrans1.ltrans.o
 .debug_abbrev  0x000007bd      0x37f /tmp/cc9tuNn6.ltrans2.ltrans.o
 .debug_abbrev  0x00000b3c      0x4be /tmp/cc9tuNn6.ltrans7.ltrans.o
 .debug_abbrev  0x00000ffa      0x2d7 /tmp/cc9tuNn6.ltrans8.ltrans.o
 .debug_abbrev  0x000012d1      0x396 /tmp/cc9tuNn6.ltrans9.ltrans.o
 .debug_abbrev  0x00001667      0x48a /tmp/cc9tuNn6.ltrans10.ltrans.o
 .debug_abbrev  0x00001af1      0x3ce /tmp/cc9tuNn6.ltrans11.ltrans.o
 .debug_abbrev  0x00001ebf      0x49b /tmp/cc9tuNn6.ltrans12.ltrans.o

.debug_aranges  0x00000000     0x1688
 .debug_aranges
                0x00000000       0xe0 /tmp/cc9tuNn6.ltrans0.ltrans.o
 .debug_aranges
                0x000000e0      0x1e8 /tmp/cc9tuNn6.ltrans1.ltrans.o
 .debug_aranges
                0x000002c8      0x1d8 /tmp/cc9tuNn6.ltrans2.ltrans.o
 .debug_aranges
                0x000004a0      0x2d0 /tmp/cc9tuNn6.ltrans7.ltrans.o
 .debug_aranges
                0x00000770      0x1a8 /tmp/cc9tuNn6.ltrans8.ltrans.o
 .debug_aranges
                0x00000918      0x2e8 /tmp/cc9tuNn6.ltrans9.ltrans.o
 .debug_aranges
                0x00000c00      0x368 /tmp/cc9tuNn6.ltrans10.ltrans.o
 .debug_aranges
                0x00000f68      0x350 /tmp/cc9tuNn6.ltrans11.ltrans.o
 .debug_aranges
                0x000012b8      0x3d0 /tmp/cc9tuNn6.ltrans12.ltrans.o

.debug_ranges   0x00000000     0x15f8
 .debug_ranges  0x00000000       0xd0 /tmp/cc9tuNn6.ltrans0.ltrans.o
 .debug_ranges  0x000000d0      0x1d8 /tmp/cc9tuNn6.ltrans1.ltrans.o
 .debug_ranges  0x000002a8      0x1c8 /tmp/cc9tuNn6.ltrans2.ltrans.o
 .debug_ranges  0x00000470      0x2c0 /tmp/cc9tuNn6.ltrans7.ltrans.o
 .debug_ranges  0x00000730      0x198 /tmp/cc9tuNn6.ltrans8.ltrans.o
 .debug_ranges  0x000008c8      0x2d8 /tmp/cc9tuNn6.ltrans9.ltrans.o
 .debug_ranges  0x00000ba0      0x358 /tmp/cc9tuNn6.ltrans10.ltrans.o
 .debug_ranges  0x00000ef8      0x340 /tmp/cc9tuNn6.ltrans11.ltrans.o
 .debug_ranges  0x00001238      0x3c0 /tmp/cc9tuNn6.ltrans12.ltrans.o

.debug_line     0x00000000     0x6c5f
 .debug_line    0x00000000      0xa28 /tmp/cc9tuNn6.ltrans0.ltrans.o
 .debug_line    0x00000a28      0xaea /tmp/cc9tuNn6.ltrans1.ltrans.o
 .debug_line    0x00001512      0x90f /tmp/cc9tuNn6.ltrans2.ltrans.o
 .debug_line    0x00001e21      0xd5c /tmp/cc9tuNn6.ltrans7.ltrans.o
 .debug_line    0x00002b7d      0x86d /tmp/cc9tuNn6.ltrans8.ltrans.o
 .debug_line    0x000033ea      0xd40 /tmp/cc9tuNn6.ltrans9.ltrans.o
 .debug_line    0x0000412a      0xe7f /tmp/cc9tuNn6.ltrans10.ltrans.o
 .debug_line    0x00004fa9      0xda0 /tmp/cc9tuNn6.ltrans11.ltrans.o
 .debug_line    0x00005d49      0xf16 /tmp/cc9tuNn6.ltrans12.ltrans.o

.debug_str      0x00000000     0x4244
 .debug_str     0x00000000     0x161e /tmp/cc9tuNn6.ltrans0.ltrans.o
                               0x1784 (size before relaxing)
 .debug_str     0x0000161e      0x90c /tmp/cc9tuNn6.ltrans1.ltrans.o
                               0x1121 (size before relaxing)
 .debug_str     0x00001f2a      0x3d0 /tmp/cc9tuNn6.ltrans2.ltrans.o
                                0xacf (size before relaxing)
 .debug_str     0x000022fa      0x409 /tmp/cc9tuNn6.ltrans7.ltrans.o
                                0xda9 (size before relaxing)
 .debug_str     0x00002703      0x232 /tmp/cc9tuNn6.ltrans8.ltrans.o
                                0x633 (size before relaxing)
 .debug_str     0x00002935      0x4f2 /tmp/cc9tuNn6.ltrans9.ltrans.o
                                0xdbd (size before relaxing)
 .debug_str     0x00002e27      0x53d /tmp/cc9tuNn6.ltrans10.ltrans.o
                                0xc3e (size before relaxing)
 .debug_str     0x00003364      0x4ef /tmp/cc9tuNn6.ltrans11.ltrans.o
                                0xaef (size before relaxing)
 .debug_str     0x00003853      0x9f1 /tmp/cc9tuNn6.ltrans12.ltrans.o
                               0x1099 (size before relaxing)

.debug_frame    0x00000000     0x3edc
 .debug_frame   0x00000000      0x284 /tmp/cc9tuNn6.ltrans0.ltrans.o
 .debug_frame   0x00000284      0x55c /tmp/cc9tuNn6.ltrans1.ltrans.o
 .debug_frame   0x000007e0      0x540 /tmp/cc9tuNn6.ltrans2.ltrans.o
 .debug_frame   0x00000d20      0x7b0 /tmp/cc9tuNn6.ltrans7.ltrans.o
 .debug_frame   0x000014d0      0x4a0 /tmp/cc9tuNn6.ltrans8.ltrans.o
 .debug_frame   0x00001970      0x830 /tmp/cc9tuNn6.ltrans9.ltrans.o
 .debug_frame   0x000021a0      0x970 /tmp/cc9tuNn6.ltrans10.ltrans.o
 .debug_frame   0x00002b10      0x92c /tmp/cc9tuNn6.ltrans11.ltrans.o
 .debug_frame   0x0000343c      0xa48 /tmp/cc9tuNn6.ltrans12.ltrans.o
 .debug_frame   0x00003e84       0x2c /nfs/nfs5/home/research/hardware/arm2/gcc-arm-embedded/gcc-arm-none-eabi-4_8-2014q2/bin/../lib/gcc/arm-none-eabi/4.8.4/../../../../arm-none-eabi/lib/armv7e-m/libg.a(lib_a-strpbrk.o)
 .debug_frame   0x00003eb0       0x2c /nfs/nfs5/home/research/hardware/arm2/gcc-arm-embedded/gcc-arm-none-eabi-4_8-2014q2/bin/../lib/gcc/arm-none-eabi/4.8.4/../../../../arm-none-eabi/lib/armv7e-m/libg.a(lib_a-strspn.o)

Cross Reference Table

Symbol                                            File
BusFault_Handler                                  /tmp/cc9tuNn6.ltrans12.ltrans.o
                                                  /tmp/cc9tuNn6.ltrans0.ltrans.o
DebugMon_Handler                                  /tmp/cc9tuNn6.ltrans12.ltrans.o
                                                  /tmp/cc9tuNn6.ltrans0.ltrans.o
EXTD1                                             /tmp/cc9tuNn6.ltrans0.ltrans.o
                                                  /tmp/cc9tuNn6.ltrans8.ltrans.o
HardFault_Handler                                 /tmp/cc9tuNn6.ltrans12.ltrans.o
                                                  /tmp/cc9tuNn6.ltrans0.ltrans.o
MemManage_Handler                                 /tmp/cc9tuNn6.ltrans12.ltrans.o
                                                  /tmp/cc9tuNn6.ltrans0.ltrans.o
NMI_Handler                                       /tmp/cc9tuNn6.ltrans12.ltrans.o
                                                  /tmp/cc9tuNn6.ltrans0.ltrans.o
PendSV_Handler                                    /tmp/cc9tuNn6.ltrans12.ltrans.o
                                                  /tmp/cc9tuNn6.ltrans0.ltrans.o
Reset_Handler                                     build/obj/crt0_v7m.o
                                                  /tmp/cc9tuNn6.ltrans0.ltrans.o
SD1                                               /tmp/cc9tuNn6.ltrans0.ltrans.o
                                                  /tmp/cc9tuNn6.ltrans7.ltrans.o
SPID1                                             /tmp/cc9tuNn6.ltrans0.ltrans.o
                                                  /tmp/cc9tuNn6.ltrans7.ltrans.o
SPID3                                             /tmp/cc9tuNn6.ltrans0.ltrans.o
                                                  /tmp/cc9tuNn6.ltrans7.ltrans.o
SVC_Handler                                       /tmp/cc9tuNn6.ltrans10.ltrans.o
                                                  /tmp/cc9tuNn6.ltrans0.ltrans.o
SysTick_Handler                                   /tmp/cc9tuNn6.ltrans12.ltrans.o
                                                  /tmp/cc9tuNn6.ltrans0.ltrans.o
UsageFault_Handler                                /tmp/cc9tuNn6.ltrans12.ltrans.o
                                                  /tmp/cc9tuNn6.ltrans0.ltrans.o
Vector100                                         /tmp/cc9tuNn6.ltrans12.ltrans.o
                                                  /tmp/cc9tuNn6.ltrans0.ltrans.o
Vector104                                         /tmp/cc9tuNn6.ltrans12.ltrans.o
                                                  /tmp/cc9tuNn6.ltrans0.ltrans.o
Vector108                                         /tmp/cc9tuNn6.ltrans12.ltrans.o
                                                  /tmp/cc9tuNn6.ltrans0.ltrans.o
Vector10C                                         /tmp/cc9tuNn6.ltrans12.ltrans.o
                                                  /tmp/cc9tuNn6.ltrans0.ltrans.o
Vector110                                         /tmp/cc9tuNn6.ltrans12.ltrans.o
                                                  /tmp/cc9tuNn6.ltrans0.ltrans.o
Vector114                                         /tmp/cc9tuNn6.ltrans12.ltrans.o
                                                  /tmp/cc9tuNn6.ltrans0.ltrans.o
Vector118                                         /tmp/cc9tuNn6.ltrans12.ltrans.o
                                                  /tmp/cc9tuNn6.ltrans0.ltrans.o
Vector11C                                         /tmp/cc9tuNn6.ltrans12.ltrans.o
                                                  /tmp/cc9tuNn6.ltrans0.ltrans.o
Vector120                                         /tmp/cc9tuNn6.ltrans8.ltrans.o
                                                  /tmp/cc9tuNn6.ltrans0.ltrans.o
Vector124                                         /tmp/cc9tuNn6.ltrans8.ltrans.o
                                                  /tmp/cc9tuNn6.ltrans0.ltrans.o
Vector128                                         /tmp/cc9tuNn6.ltrans8.ltrans.o
                                                  /tmp/cc9tuNn6.ltrans0.ltrans.o
Vector12C                                         /tmp/cc9tuNn6.ltrans8.ltrans.o
                                                  /tmp/cc9tuNn6.ltrans0.ltrans.o
Vector130                                         /tmp/cc9tuNn6.ltrans8.ltrans.o
                                                  /tmp/cc9tuNn6.ltrans0.ltrans.o
Vector134                                         /tmp/cc9tuNn6.ltrans12.ltrans.o
                                                  /tmp/cc9tuNn6.ltrans0.ltrans.o
Vector138                                         /tmp/cc9tuNn6.ltrans12.ltrans.o
                                                  /tmp/cc9tuNn6.ltrans0.ltrans.o
Vector13C                                         /tmp/cc9tuNn6.ltrans12.ltrans.o
                                                  /tmp/cc9tuNn6.ltrans0.ltrans.o
Vector140                                         /tmp/cc9tuNn6.ltrans8.ltrans.o
                                                  /tmp/cc9tuNn6.ltrans0.ltrans.o
Vector144                                         /tmp/cc9tuNn6.ltrans8.ltrans.o
                                                  /tmp/cc9tuNn6.ltrans0.ltrans.o
Vector148                                         /tmp/cc9tuNn6.ltrans8.ltrans.o
                                                  /tmp/cc9tuNn6.ltrans0.ltrans.o
Vector14C                                         /tmp/cc9tuNn6.ltrans12.ltrans.o
                                                  /tmp/cc9tuNn6.ltrans0.ltrans.o
Vector150                                         /tmp/cc9tuNn6.ltrans12.ltrans.o
                                                  /tmp/cc9tuNn6.ltrans0.ltrans.o
Vector154                                         /tmp/cc9tuNn6.ltrans12.ltrans.o
                                                  /tmp/cc9tuNn6.ltrans0.ltrans.o
Vector158                                         /tmp/cc9tuNn6.ltrans12.ltrans.o
                                                  /tmp/cc9tuNn6.ltrans0.ltrans.o
Vector15C                                         /tmp/cc9tuNn6.ltrans12.ltrans.o
                                                  /tmp/cc9tuNn6.ltrans0.ltrans.o
Vector160                                         /tmp/cc9tuNn6.ltrans12.ltrans.o
                                                  /tmp/cc9tuNn6.ltrans0.ltrans.o
Vector164                                         /tmp/cc9tuNn6.ltrans12.ltrans.o
                                                  /tmp/cc9tuNn6.ltrans0.ltrans.o
Vector168                                         /tmp/cc9tuNn6.ltrans12.ltrans.o
                                                  /tmp/cc9tuNn6.ltrans0.ltrans.o
Vector16C                                         /tmp/cc9tuNn6.ltrans12.ltrans.o
                                                  /tmp/cc9tuNn6.ltrans0.ltrans.o
Vector170                                         /tmp/cc9tuNn6.ltrans12.ltrans.o
                                                  /tmp/cc9tuNn6.ltrans0.ltrans.o
Vector174                                         /tmp/cc9tuNn6.ltrans12.ltrans.o
                                                  /tmp/cc9tuNn6.ltrans0.ltrans.o
Vector178                                         /tmp/cc9tuNn6.ltrans12.ltrans.o
                                                  /tmp/cc9tuNn6.ltrans0.ltrans.o
Vector17C                                         /tmp/cc9tuNn6.ltrans12.ltrans.o
                                                  /tmp/cc9tuNn6.ltrans0.ltrans.o
Vector180                                         /tmp/cc9tuNn6.ltrans12.ltrans.o
                                                  /tmp/cc9tuNn6.ltrans0.ltrans.o
Vector184                                         /tmp/cc9tuNn6.ltrans12.ltrans.o
                                                  /tmp/cc9tuNn6.ltrans0.ltrans.o
Vector188                                         /tmp/cc9tuNn6.ltrans12.ltrans.o
                                                  /tmp/cc9tuNn6.ltrans0.ltrans.o
Vector18C                                         /tmp/cc9tuNn6.ltrans12.ltrans.o
                                                  /tmp/cc9tuNn6.ltrans0.ltrans.o
Vector190                                         /tmp/cc9tuNn6.ltrans12.ltrans.o
                                                  /tmp/cc9tuNn6.ltrans0.ltrans.o
Vector194                                         /tmp/cc9tuNn6.ltrans12.ltrans.o
                                                  /tmp/cc9tuNn6.ltrans0.ltrans.o
Vector198                                         /tmp/cc9tuNn6.ltrans12.ltrans.o
                                                  /tmp/cc9tuNn6.ltrans0.ltrans.o
Vector19C                                         /tmp/cc9tuNn6.ltrans12.ltrans.o
                                                  /tmp/cc9tuNn6.ltrans0.ltrans.o
Vector1C                                          /tmp/cc9tuNn6.ltrans12.ltrans.o
                                                  /tmp/cc9tuNn6.ltrans0.ltrans.o
Vector20                                          /tmp/cc9tuNn6.ltrans12.ltrans.o
                                                  /tmp/cc9tuNn6.ltrans0.ltrans.o
Vector24                                          /tmp/cc9tuNn6.ltrans12.ltrans.o
                                                  /tmp/cc9tuNn6.ltrans0.ltrans.o
Vector28                                          /tmp/cc9tuNn6.ltrans12.ltrans.o
                                                  /tmp/cc9tuNn6.ltrans0.ltrans.o
Vector34                                          /tmp/cc9tuNn6.ltrans12.ltrans.o
                                                  /tmp/cc9tuNn6.ltrans0.ltrans.o
Vector40                                          /tmp/cc9tuNn6.ltrans12.ltrans.o
                                                  /tmp/cc9tuNn6.ltrans0.ltrans.o
Vector44                                          /tmp/cc9tuNn6.ltrans8.ltrans.o
                                                  /tmp/cc9tuNn6.ltrans0.ltrans.o
Vector48                                          /tmp/cc9tuNn6.ltrans8.ltrans.o
                                                  /tmp/cc9tuNn6.ltrans0.ltrans.o
Vector4C                                          /tmp/cc9tuNn6.ltrans8.ltrans.o
                                                  /tmp/cc9tuNn6.ltrans0.ltrans.o
Vector50                                          /tmp/cc9tuNn6.ltrans12.ltrans.o
                                                  /tmp/cc9tuNn6.ltrans0.ltrans.o
Vector54                                          /tmp/cc9tuNn6.ltrans12.ltrans.o
                                                  /tmp/cc9tuNn6.ltrans0.ltrans.o
Vector58                                          /tmp/cc9tuNn6.ltrans8.ltrans.o
                                                  /tmp/cc9tuNn6.ltrans0.ltrans.o
Vector5C                                          /tmp/cc9tuNn6.ltrans8.ltrans.o
                                                  /tmp/cc9tuNn6.ltrans0.ltrans.o
Vector60                                          /tmp/cc9tuNn6.ltrans8.ltrans.o
                                                  /tmp/cc9tuNn6.ltrans0.ltrans.o
Vector64                                          /tmp/cc9tuNn6.ltrans8.ltrans.o
                                                  /tmp/cc9tuNn6.ltrans0.ltrans.o
Vector68                                          /tmp/cc9tuNn6.ltrans8.ltrans.o
                                                  /tmp/cc9tuNn6.ltrans0.ltrans.o
Vector6C                                          /tmp/cc9tuNn6.ltrans8.ltrans.o
                                                  /tmp/cc9tuNn6.ltrans0.ltrans.o
Vector70                                          /tmp/cc9tuNn6.ltrans8.ltrans.o
                                                  /tmp/cc9tuNn6.ltrans0.ltrans.o
Vector74                                          /tmp/cc9tuNn6.ltrans8.ltrans.o
                                                  /tmp/cc9tuNn6.ltrans0.ltrans.o
Vector78                                          /tmp/cc9tuNn6.ltrans8.ltrans.o
                                                  /tmp/cc9tuNn6.ltrans0.ltrans.o
Vector7C                                          /tmp/cc9tuNn6.ltrans8.ltrans.o
                                                  /tmp/cc9tuNn6.ltrans0.ltrans.o
Vector80                                          /tmp/cc9tuNn6.ltrans8.ltrans.o
                                                  /tmp/cc9tuNn6.ltrans0.ltrans.o
Vector84                                          /tmp/cc9tuNn6.ltrans8.ltrans.o
                                                  /tmp/cc9tuNn6.ltrans0.ltrans.o
Vector88                                          /tmp/cc9tuNn6.ltrans12.ltrans.o
                                                  /tmp/cc9tuNn6.ltrans0.ltrans.o
Vector8C                                          /tmp/cc9tuNn6.ltrans12.ltrans.o
                                                  /tmp/cc9tuNn6.ltrans0.ltrans.o
Vector90                                          /tmp/cc9tuNn6.ltrans12.ltrans.o
                                                  /tmp/cc9tuNn6.ltrans0.ltrans.o
Vector94                                          /tmp/cc9tuNn6.ltrans12.ltrans.o
                                                  /tmp/cc9tuNn6.ltrans0.ltrans.o
Vector98                                          /tmp/cc9tuNn6.ltrans12.ltrans.o
                                                  /tmp/cc9tuNn6.ltrans0.ltrans.o
Vector9C                                          /tmp/cc9tuNn6.ltrans8.ltrans.o
                                                  /tmp/cc9tuNn6.ltrans0.ltrans.o
VectorA0                                          /tmp/cc9tuNn6.ltrans12.ltrans.o
                                                  /tmp/cc9tuNn6.ltrans0.ltrans.o
VectorA4                                          /tmp/cc9tuNn6.ltrans12.ltrans.o
                                                  /tmp/cc9tuNn6.ltrans0.ltrans.o
VectorA8                                          /tmp/cc9tuNn6.ltrans12.ltrans.o
                                                  /tmp/cc9tuNn6.ltrans0.ltrans.o
VectorAC                                          /tmp/cc9tuNn6.ltrans12.ltrans.o
                                                  /tmp/cc9tuNn6.ltrans0.ltrans.o
VectorB0                                          /tmp/cc9tuNn6.ltrans8.ltrans.o
                                                  /tmp/cc9tuNn6.ltrans0.ltrans.o
VectorB4                                          /tmp/cc9tuNn6.ltrans12.ltrans.o
                                                  /tmp/cc9tuNn6.ltrans0.ltrans.o
VectorB8                                          /tmp/cc9tuNn6.ltrans12.ltrans.o
                                                  /tmp/cc9tuNn6.ltrans0.ltrans.o
VectorBC                                          /tmp/cc9tuNn6.ltrans12.ltrans.o
                                                  /tmp/cc9tuNn6.ltrans0.ltrans.o
VectorC0                                          /tmp/cc9tuNn6.ltrans12.ltrans.o
                                                  /tmp/cc9tuNn6.ltrans0.ltrans.o
VectorC4                                          /tmp/cc9tuNn6.ltrans12.ltrans.o
                                                  /tmp/cc9tuNn6.ltrans0.ltrans.o
VectorC8                                          /tmp/cc9tuNn6.ltrans12.ltrans.o
                                                  /tmp/cc9tuNn6.ltrans0.ltrans.o
VectorCC                                          /tmp/cc9tuNn6.ltrans12.ltrans.o
                                                  /tmp/cc9tuNn6.ltrans0.ltrans.o
VectorD0                                          /tmp/cc9tuNn6.ltrans12.ltrans.o
                                                  /tmp/cc9tuNn6.ltrans0.ltrans.o
VectorD4                                          /tmp/cc9tuNn6.ltrans7.ltrans.o
                                                  /tmp/cc9tuNn6.ltrans0.ltrans.o
VectorD8                                          /tmp/cc9tuNn6.ltrans12.ltrans.o
                                                  /tmp/cc9tuNn6.ltrans0.ltrans.o
VectorDC                                          /tmp/cc9tuNn6.ltrans12.ltrans.o
                                                  /tmp/cc9tuNn6.ltrans0.ltrans.o
VectorE0                                          /tmp/cc9tuNn6.ltrans8.ltrans.o
                                                  /tmp/cc9tuNn6.ltrans0.ltrans.o
VectorE4                                          /tmp/cc9tuNn6.ltrans8.ltrans.o
                                                  /tmp/cc9tuNn6.ltrans0.ltrans.o
VectorE8                                          /tmp/cc9tuNn6.ltrans8.ltrans.o
                                                  /tmp/cc9tuNn6.ltrans0.ltrans.o
VectorEC                                          /tmp/cc9tuNn6.ltrans12.ltrans.o
                                                  /tmp/cc9tuNn6.ltrans0.ltrans.o
VectorF0                                          /tmp/cc9tuNn6.ltrans12.ltrans.o
                                                  /tmp/cc9tuNn6.ltrans0.ltrans.o
VectorF4                                          /tmp/cc9tuNn6.ltrans12.ltrans.o
                                                  /tmp/cc9tuNn6.ltrans0.ltrans.o
VectorF8                                          /tmp/cc9tuNn6.ltrans12.ltrans.o
                                                  /tmp/cc9tuNn6.ltrans0.ltrans.o
VectorFC                                          /tmp/cc9tuNn6.ltrans12.ltrans.o
                                                  /tmp/cc9tuNn6.ltrans0.ltrans.o
__core_init                                       /tmp/cc9tuNn6.ltrans12.ltrans.o
                                                  build/obj/crt0_v7m.o
__default_exit                                    /tmp/cc9tuNn6.ltrans12.ltrans.o
                                                  build/obj/crt0_v7m.o
__early_init                                      /tmp/cc9tuNn6.ltrans7.ltrans.o
                                                  build/obj/crt0_v7m.o
__fini_array_end                                  build/obj/crt0_v7m.o
__fini_array_start                                build/obj/crt0_v7m.o
__heap_base__                                     /tmp/cc9tuNn6.ltrans10.ltrans.o
__heap_end__                                      /tmp/cc9tuNn6.ltrans10.ltrans.o
__init_array_end                                  build/obj/crt0_v7m.o
__init_array_start                                build/obj/crt0_v7m.o
__init_ram_areas                                  /tmp/cc9tuNn6.ltrans12.ltrans.o
                                                  build/obj/crt0_v7m.o
__late_init                                       /tmp/cc9tuNn6.ltrans12.ltrans.o
                                                  build/obj/crt0_v7m.o
__main_stack_base__                               build/obj/crt0_v7m.o
__main_stack_end__                                /tmp/cc9tuNn6.ltrans0.ltrans.o
                                                  build/obj/crt0_v7m.o
__main_thread_stack_base__                        /tmp/cc9tuNn6.ltrans12.ltrans.o
__process_stack_base__                            build/obj/crt0_v7m.o
__process_stack_end__                             build/obj/crt0_v7m.o
__ram0_clear__                                    /tmp/cc9tuNn6.ltrans0.ltrans.o
__ram0_init__                                     /tmp/cc9tuNn6.ltrans0.ltrans.o
__ram0_init_text__                                /tmp/cc9tuNn6.ltrans0.ltrans.o
__ram0_noinit__                                   /tmp/cc9tuNn6.ltrans0.ltrans.o
__ram1_clear__                                    /tmp/cc9tuNn6.ltrans0.ltrans.o
__ram1_init__                                     /tmp/cc9tuNn6.ltrans0.ltrans.o
__ram1_init_text__                                /tmp/cc9tuNn6.ltrans0.ltrans.o
__ram1_noinit__                                   /tmp/cc9tuNn6.ltrans0.ltrans.o
__ram2_clear__                                    /tmp/cc9tuNn6.ltrans0.ltrans.o
__ram2_init__                                     /tmp/cc9tuNn6.ltrans0.ltrans.o