Archive member included because of file (symbol)

/usr/local/Cellar/arm-none-eabi-gcc/20150921/bin/../lib/gcc/arm-none-eabi/4.9.3/../../../../arm-none-eabi/lib/armv7e-m/libg.a(lib_a-memset.o)
                              /var/folders/nx/qt6_p4ls4xzbnqkz75ny5wl40000gp/T//ccE9tot1.ltrans3.ltrans.o (memset)
/usr/local/Cellar/arm-none-eabi-gcc/20150921/bin/../lib/gcc/arm-none-eabi/4.9.3/../../../../arm-none-eabi/lib/armv7e-m/libg.a(lib_a-strcmp.o)
                              /var/folders/nx/qt6_p4ls4xzbnqkz75ny5wl40000gp/T//ccE9tot1.ltrans0.ltrans.o (strcmp)
/usr/local/Cellar/arm-none-eabi-gcc/20150921/bin/../lib/gcc/arm-none-eabi/4.9.3/../../../../arm-none-eabi/lib/armv7e-m/libg.a(lib_a-strpbrk.o)
                              /var/folders/nx/qt6_p4ls4xzbnqkz75ny5wl40000gp/T//ccE9tot1.ltrans4.ltrans.o (strpbrk)
/usr/local/Cellar/arm-none-eabi-gcc/20150921/bin/../lib/gcc/arm-none-eabi/4.9.3/../../../../arm-none-eabi/lib/armv7e-m/libg.a(lib_a-strspn.o)
                              /var/folders/nx/qt6_p4ls4xzbnqkz75ny5wl40000gp/T//ccE9tot1.ltrans4.ltrans.o (strspn)

Discarded input sections

 .data          0x0000000000000000        0x0 build/obj/crt0_v7m.o
 .bss           0x0000000000000000        0x0 build/obj/crt0_v7m.o
 .data          0x0000000000000000        0x0 build/obj/chcoreasm_v7m.o
 .bss           0x0000000000000000        0x0 build/obj/chcoreasm_v7m.o
 .text          0x0000000000000000        0x0 build/obj/crt1.o (symbol from plugin)
 .text          0x0000000000000000        0x0 /var/folders/nx/qt6_p4ls4xzbnqkz75ny5wl40000gp/T//ccE9tot1.ltrans0.ltrans.o
 .data          0x0000000000000000        0x0 /var/folders/nx/qt6_p4ls4xzbnqkz75ny5wl40000gp/T//ccE9tot1.ltrans0.ltrans.o
 .bss           0x0000000000000000        0x0 /var/folders/nx/qt6_p4ls4xzbnqkz75ny5wl40000gp/T//ccE9tot1.ltrans0.ltrans.o
 .text          0x0000000000000000        0x0 /var/folders/nx/qt6_p4ls4xzbnqkz75ny5wl40000gp/T//ccE9tot1.ltrans1.ltrans.o
 .data          0x0000000000000000        0x0 /var/folders/nx/qt6_p4ls4xzbnqkz75ny5wl40000gp/T//ccE9tot1.ltrans1.ltrans.o
 .bss           0x0000000000000000        0x0 /var/folders/nx/qt6_p4ls4xzbnqkz75ny5wl40000gp/T//ccE9tot1.ltrans1.ltrans.o
 .text          0x0000000000000000        0x0 /var/folders/nx/qt6_p4ls4xzbnqkz75ny5wl40000gp/T//ccE9tot1.ltrans2.ltrans.o
 .data          0x0000000000000000        0x0 /var/folders/nx/qt6_p4ls4xzbnqkz75ny5wl40000gp/T//ccE9tot1.ltrans2.ltrans.o
 .bss           0x0000000000000000        0x0 /var/folders/nx/qt6_p4ls4xzbnqkz75ny5wl40000gp/T//ccE9tot1.ltrans2.ltrans.o
 .text          0x0000000000000000        0x0 /var/folders/nx/qt6_p4ls4xzbnqkz75ny5wl40000gp/T//ccE9tot1.ltrans3.ltrans.o
 .data          0x0000000000000000        0x0 /var/folders/nx/qt6_p4ls4xzbnqkz75ny5wl40000gp/T//ccE9tot1.ltrans3.ltrans.o
 .bss           0x0000000000000000        0x0 /var/folders/nx/qt6_p4ls4xzbnqkz75ny5wl40000gp/T//ccE9tot1.ltrans3.ltrans.o
 .text          0x0000000000000000        0x0 /var/folders/nx/qt6_p4ls4xzbnqkz75ny5wl40000gp/T//ccE9tot1.ltrans4.ltrans.o
 .data          0x0000000000000000        0x0 /var/folders/nx/qt6_p4ls4xzbnqkz75ny5wl40000gp/T//ccE9tot1.ltrans4.ltrans.o
 .bss           0x0000000000000000        0x0 /var/folders/nx/qt6_p4ls4xzbnqkz75ny5wl40000gp/T//ccE9tot1.ltrans4.ltrans.o
 .text          0x0000000000000000        0x0 /usr/local/Cellar/arm-none-eabi-gcc/20150921/bin/../lib/gcc/arm-none-eabi/4.9.3/../../../../arm-none-eabi/lib/armv7e-m/libg.a(lib_a-memset.o)
 .data          0x0000000000000000        0x0 /usr/local/Cellar/arm-none-eabi-gcc/20150921/bin/../lib/gcc/arm-none-eabi/4.9.3/../../../../arm-none-eabi/lib/armv7e-m/libg.a(lib_a-memset.o)
 .bss           0x0000000000000000        0x0 /usr/local/Cellar/arm-none-eabi-gcc/20150921/bin/../lib/gcc/arm-none-eabi/4.9.3/../../../../arm-none-eabi/lib/armv7e-m/libg.a(lib_a-memset.o)
 .data          0x0000000000000000        0x0 /usr/local/Cellar/arm-none-eabi-gcc/20150921/bin/../lib/gcc/arm-none-eabi/4.9.3/../../../../arm-none-eabi/lib/armv7e-m/libg.a(lib_a-strcmp.o)
 .bss           0x0000000000000000        0x0 /usr/local/Cellar/arm-none-eabi-gcc/20150921/bin/../lib/gcc/arm-none-eabi/4.9.3/../../../../arm-none-eabi/lib/armv7e-m/libg.a(lib_a-strcmp.o)
 .eh_frame      0x0000000000000000       0x70 /usr/local/Cellar/arm-none-eabi-gcc/20150921/bin/../lib/gcc/arm-none-eabi/4.9.3/../../../../arm-none-eabi/lib/armv7e-m/libg.a(lib_a-strcmp.o)
 .text          0x0000000000000000        0x0 /usr/local/Cellar/arm-none-eabi-gcc/20150921/bin/../lib/gcc/arm-none-eabi/4.9.3/../../../../arm-none-eabi/lib/armv7e-m/libg.a(lib_a-strpbrk.o)
 .data          0x0000000000000000        0x0 /usr/local/Cellar/arm-none-eabi-gcc/20150921/bin/../lib/gcc/arm-none-eabi/4.9.3/../../../../arm-none-eabi/lib/armv7e-m/libg.a(lib_a-strpbrk.o)
 .bss           0x0000000000000000        0x0 /usr/local/Cellar/arm-none-eabi-gcc/20150921/bin/../lib/gcc/arm-none-eabi/4.9.3/../../../../arm-none-eabi/lib/armv7e-m/libg.a(lib_a-strpbrk.o)
[...]
Memory Configuration

Name             Origin             Length             Attributes
flash            0x0000000008000000 0x0000000000040000
ram0             0x0000000020000000 0x000000000000a000
ram1             0x0000000000000000 0x0000000000000000
ram2             0x0000000000000000 0x0000000000000000
ram3             0x0000000000000000 0x0000000000000000
ram4             0x0000000010000000 0x0000000000002000
ram5             0x0000000000000000 0x0000000000000000
ram6             0x0000000000000000 0x0000000000000000
ram7             0x0000000000000000 0x0000000000000000
*default*        0x0000000000000000 0xffffffffffffffff

Linker script and memory map

LOAD build/obj/crt0_v7m.o
LOAD build/obj/chcoreasm_v7m.o
LOAD build/obj/crt1.o
LOAD /var/folders/nx/qt6_p4ls4xzbnqkz75ny5wl40000gp/T//ccE9tot1.ltrans0.ltrans.o
LOAD /var/folders/nx/qt6_p4ls4xzbnqkz75ny5wl40000gp/T//ccE9tot1.ltrans1.ltrans.o
LOAD /var/folders/nx/qt6_p4ls4xzbnqkz75ny5wl40000gp/T//ccE9tot1.ltrans2.ltrans.o
LOAD /var/folders/nx/qt6_p4ls4xzbnqkz75ny5wl40000gp/T//ccE9tot1.ltrans3.ltrans.o
LOAD /var/folders/nx/qt6_p4ls4xzbnqkz75ny5wl40000gp/T//ccE9tot1.ltrans4.ltrans.o
LOAD /usr/local/Cellar/arm-none-eabi-gcc/20150921/bin/../lib/gcc/arm-none-eabi/4.9.3/armv7e-m/libgcc.a
LOAD /usr/local/Cellar/arm-none-eabi-gcc/20150921/bin/../lib/gcc/arm-none-eabi/4.9.3/../../../../arm-none-eabi/lib/armv7e-m/libg.a
LOAD /usr/local/Cellar/arm-none-eabi-gcc/20150921/bin/../lib/gcc/arm-none-eabi/4.9.3/../../../../arm-none-eabi/lib/armv7e-m/libc.a
LOAD build/obj/vectors.o
LOAD build/obj/chsys.o
LOAD build/obj/chdebug.o
LOAD build/obj/chvt.o
LOAD build/obj/chschd.o
LOAD build/obj/chthreads.o
LOAD build/obj/chtm.o
LOAD build/obj/chdynamic.o
LOAD build/obj/chregistry.o
LOAD build/obj/chsem.o
LOAD build/obj/chmtx.o
LOAD build/obj/chcond.o
LOAD build/obj/chevents.o
LOAD build/obj/chmsg.o
LOAD build/obj/chmboxes.o
LOAD build/obj/chqueues.o
LOAD build/obj/chmemcore.o
LOAD build/obj/chheap.o
LOAD build/obj/chmempools.o
LOAD build/obj/chcore.o
LOAD build/obj/chcore_v7m.o
LOAD build/obj/osal.o
LOAD build/obj/hal.o
LOAD build/obj/st.o
LOAD build/obj/hal_buffers.o
LOAD build/obj/hal_queues.o
LOAD build/obj/hal_mmcsd.o
LOAD build/obj/ext.o
LOAD build/obj/pal.o
LOAD build/obj/serial.o
LOAD build/obj/spi.o
LOAD build/obj/nvic.o
LOAD build/obj/hal_lld.o
LOAD build/obj/stm32_dma.o
LOAD build/obj/st_lld.o
LOAD build/obj/ext_lld.o
LOAD build/obj/ext_lld_isr.o
LOAD build/obj/pal_lld.o
LOAD build/obj/spi_lld.o
LOAD build/obj/serial_lld.o
LOAD build/obj/board.o
LOAD build/obj/test.o
LOAD build/obj/testthd.o
LOAD build/obj/testsem.o
LOAD build/obj/testmtx.o
LOAD build/obj/testmsg.o
LOAD build/obj/testmbox.o
LOAD build/obj/testevt.o
LOAD build/obj/testheap.o
LOAD build/obj/testpools.o
LOAD build/obj/testdyn.o
LOAD build/obj/testqueues.o
LOAD build/obj/testsys.o
LOAD build/obj/testbmk.o
LOAD build/obj/shell.o
LOAD build/obj/evtimer.o
LOAD build/obj/syscalls.o
LOAD build/obj/memstreams.o
LOAD build/obj/chprintf.o
LOAD build/obj/nrf24l01.o
LOAD build/obj/main.o
                0x0000000020000000                __ram0_start__ = ORIGIN (ram0)
                0x000000000000a000                __ram0_size__ = 0xa000
                0x000000002000a000                __ram0_end__ = (__ram0_start__ + __ram0_size__)
                0x0000000000000000                __ram1_start__ = ORIGIN (ram1)
                0x0000000000000000                __ram1_size__ = 0x0
                0x0000000000000000                __ram1_end__ = (__ram1_start__ + __ram1_size__)
                0x0000000000000000                __ram2_start__ = ORIGIN (ram2)
                0x0000000000000000                __ram2_size__ = 0x0
                0x0000000000000000                __ram2_end__ = (__ram2_start__ + __ram2_size__)
                0x0000000000000000                __ram3_start__ = ORIGIN (ram3)
                0x0000000000000000                __ram3_size__ = 0x0
                0x0000000000000000                __ram3_end__ = (__ram3_start__ + __ram3_size__)
                0x0000000010000000                __ram4_start__ = ORIGIN (ram4)
                0x0000000000002000                __ram4_size__ = 0x2000
                0x0000000010002000                __ram4_end__ = (__ram4_start__ + __ram4_size__)
                0x0000000000000000                __ram5_start__ = ORIGIN (ram5)
                0x0000000000000000                __ram5_size__ = 0x0
                0x0000000000000000                __ram5_end__ = (__ram5_start__ + __ram5_size__)
                0x0000000000000000                __ram6_start__ = ORIGIN (ram6)
                0x0000000000000000                __ram6_size__ = 0x0
                0x0000000000000000                __ram6_end__ = (__ram6_start__ + __ram6_size__)
                0x0000000000000000                __ram7_start__ = ORIGIN (ram7)
                0x0000000000000000                __ram7_size__ = 0x0
                0x0000000000000000                __ram7_end__ = (__ram7_start__ + __ram7_size__)
                0x0000000000000000                . = 0x0
                0x0000000000000000                _text = .

startup         0x0000000008000000      0x1a0
 *(.vectors)
 .vectors       0x0000000008000000      0x1a0 /var/folders/nx/qt6_p4ls4xzbnqkz75ny5wl40000gp/T//ccE9tot1.ltrans0.ltrans.o
                0x0000000008000000                _vectors

constructors    0x00000000080001a0        0x0
                0x00000000080001a0                __init_array_start = .
 *(SORT(.init_array.*))
 *(.init_array)
                0x00000000080001a0                __init_array_end = .

destructors     0x00000000080001a0        0x0
                0x00000000080001a0                __fini_array_start = .
 *(.fini_array)
 *(SORT(.fini_array.*))
                0x00000000080001a0                __fini_array_end = .

.text           0x00000000080001a0     0x3728
 *(.text)
 .text          0x00000000080001a0       0xd4 build/obj/crt0_v7m.o
                0x00000000080001a0                Reset_Handler
 *fill*         0x0000000008000274        0xc 
 .text          0x0000000008000280       0x28 build/obj/chcoreasm_v7m.o
                0x0000000008000280                _port_switch
                0x0000000008000290                _port_thread_start
                0x00000000080002a0                _port_switch_from_isr
                0x00000000080002a4                _port_exit_from_isr
 *fill*         0x00000000080002a8        0x8 
 .text          0x00000000080002b0      0x2dc /usr/local/Cellar/arm-none-eabi-gcc/20150921/bin/../lib/gcc/arm-none-eabi/4.9.3/../../../../arm-none-eabi/lib/armv7e-m/libg.a(lib_a-strcmp.o)
                0x00000000080002b8                strcmp
 *(.text.*)
 *fill*         0x000000000800058c        0x4 
 .text.notify1.lto_priv.54
                0x0000000008000590       0x10 /var/folders/nx/qt6_p4ls4xzbnqkz75ny5wl40000gp/T//ccE9tot1.ltrans0.ltrans.o
                0x0000000008000590                notify1.lto_priv.54
 .text.spi_lld_serve_tx_interrupt.lto_priv.66
                0x00000000080005a0       0x18 /var/folders/nx/qt6_p4ls4xzbnqkz75ny5wl40000gp/T//ccE9tot1.ltrans0.ltrans.o
                0x00000000080005a0                spi_lld_serve_tx_interrupt.lto_priv.66
 *fill*         0x00000000080005b8        0x8 
 .text.cmd_systime
                0x00000000080005c0       0x30 /var/folders/nx/qt6_p4ls4xzbnqkz75ny5wl40000gp/T//ccE9tot1.ltrans0.ltrans.o
 .text.cmd_info
                0x00000000080005f0       0xbc /var/folders/nx/qt6_p4ls4xzbnqkz75ny5wl40000gp/T//ccE9tot1.ltrans0.ltrans.o
 *fill*         0x00000000080006ac        0x4 
 .text.shell_thread.lto_priv.48
                0x00000000080006b0      0x230 /var/folders/nx/qt6_p4ls4xzbnqkz75ny5wl40000gp/T//ccE9tot1.ltrans0.ltrans.o
                0x00000000080006b0                shell_thread.lto_priv.48
 .text.Vector148
                0x00000000080008e0       0x30 /var/folders/nx/qt6_p4ls4xzbnqkz75ny5wl40000gp/T//ccE9tot1.ltrans0.ltrans.o
 .text.Vector144
                0x0000000008000910       0x64 /var/folders/nx/qt6_p4ls4xzbnqkz75ny5wl40000gp/T//ccE9tot1.ltrans0.ltrans.o
 *fill*         0x0000000008000974        0xc 
 .text.Vector140
                0x0000000008000980       0x58 /var/folders/nx/qt6_p4ls4xzbnqkz75ny5wl40000gp/T//ccE9tot1.ltrans0.ltrans.o
 *fill*         0x00000000080009d8        0x8 
 .text.Vector4C
                0x00000000080009e0       0x30 /var/folders/nx/qt6_p4ls4xzbnqkz75ny5wl40000gp/T//ccE9tot1.ltrans0.ltrans.o
 .text.Vector48
                0x0000000008000a10       0x30 /var/folders/nx/qt6_p4ls4xzbnqkz75ny5wl40000gp/T//ccE9tot1.ltrans0.ltrans.o
 .text.VectorE8
                0x0000000008000a40       0x30 /var/folders/nx/qt6_p4ls4xzbnqkz75ny5wl40000gp/T//ccE9tot1.ltrans0.ltrans.o
 .text.VectorE4
                0x0000000008000a70       0x30 /var/folders/nx/qt6_p4ls4xzbnqkz75ny5wl40000gp/T//ccE9tot1.ltrans0.ltrans.o
 .text.Vector44
                0x0000000008000aa0       0x30 /var/folders/nx/qt6_p4ls4xzbnqkz75ny5wl40000gp/T//ccE9tot1.ltrans0.ltrans.o
 .text.VectorE0
                0x0000000008000ad0       0x80 /var/folders/nx/qt6_p4ls4xzbnqkz75ny5wl40000gp/T//ccE9tot1.ltrans0.ltrans.o
 .text.Vector9C
                0x0000000008000b50       0x70 /var/folders/nx/qt6_p4ls4xzbnqkz75ny5wl40000gp/T//ccE9tot1.ltrans0.ltrans.o
 .text.Vector68
                0x0000000008000bc0       0x2c /var/folders/nx/qt6_p4ls4xzbnqkz75ny5wl40000gp/T//ccE9tot1.ltrans0.ltrans.o
 *fill*         0x0000000008000bec        0x4 
 .text.Vector64
                0x0000000008000bf0       0x2c /var/folders/nx/qt6_p4ls4xzbnqkz75ny5wl40000gp/T//ccE9tot1.ltrans0.ltrans.o
 *fill*         0x0000000008000c1c        0x4 
 .text.Vector60
                0x0000000008000c20       0x2c /var/folders/nx/qt6_p4ls4xzbnqkz75ny5wl40000gp/T//ccE9tot1.ltrans0.ltrans.o
 *fill*         0x0000000008000c4c        0x4 
 .text.Vector5C
                0x0000000008000c50       0x2c /var/folders/nx/qt6_p4ls4xzbnqkz75ny5wl40000gp/T//ccE9tot1.ltrans0.ltrans.o
 *fill*         0x0000000008000c7c        0x4 
 .text.Vector58
                0x0000000008000c80       0x2c /var/folders/nx/qt6_p4ls4xzbnqkz75ny5wl40000gp/T//ccE9tot1.ltrans0.ltrans.o
 *fill*         0x0000000008000cac        0x4 
 .text.VectorB0
                0x0000000008000cb0       0xa0 /var/folders/nx/qt6_p4ls4xzbnqkz75ny5wl40000gp/T//ccE9tot1.ltrans0.ltrans.o
 .text.Vector130
                0x0000000008000d50       0x30 /var/folders/nx/qt6_p4ls4xzbnqkz75ny5wl40000gp/T//ccE9tot1.ltrans0.ltrans.o
 .text.Vector12C
                0x0000000008000d80       0x30 /var/folders/nx/qt6_p4ls4xzbnqkz75ny5wl40000gp/T//ccE9tot1.ltrans0.ltrans.o
 .text.Vector128
                0x0000000008000db0       0x30 /var/folders/nx/qt6_p4ls4xzbnqkz75ny5wl40000gp/T//ccE9tot1.ltrans0.ltrans.o
 .text.VectorD4
                0x0000000008000de0      0x19c /var/folders/nx/qt6_p4ls4xzbnqkz75ny5wl40000gp/T//ccE9tot1.ltrans0.ltrans.o
 *fill*         0x0000000008000f7c        0x4 
 .text.spi_lld_serve_rx_interrupt.lto_priv.65
                0x0000000008000f80       0x84 /var/folders/nx/qt6_p4ls4xzbnqkz75ny5wl40000gp/T//ccE9tot1.ltrans0.ltrans.o
                0x0000000008000f80                spi_lld_serve_rx_interrupt.lto_priv.65
 *fill*         0x0000000008001004        0xc 
 .text.__early_init
                0x0000000008001010       0xa0 /var/folders/nx/qt6_p4ls4xzbnqkz75ny5wl40000gp/T//ccE9tot1.ltrans0.ltrans.o
                0x0000000008001010                __early_init
 .text._pal_lld_setgroupmode
                0x00000000080010b0       0xac /var/folders/nx/qt6_p4ls4xzbnqkz75ny5wl40000gp/T//ccE9tot1.ltrans0.ltrans.o
                0x00000000080010b0                _pal_lld_setgroupmode
 *fill*         0x000000000800115c        0x4 
 .text.cmd_myecho.lto_priv.49
                0x0000000008001160       0x28 /var/folders/nx/qt6_p4ls4xzbnqkz75ny5wl40000gp/T//ccE9tot1.ltrans1.ltrans.o
                0x0000000008001160                cmd_myecho.lto_priv.49
 *fill*         0x0000000008001188        0x8 
 .text.termination_handler
                0x0000000008001190      0x140 /var/folders/nx/qt6_p4ls4xzbnqkz75ny5wl40000gp/T//ccE9tot1.ltrans1.ltrans.o
 .text.cmd_bluefruit.lto_priv.50
                0x00000000080012d0      0x138 /var/folders/nx/qt6_p4ls4xzbnqkz75ny5wl40000gp/T//ccE9tot1.ltrans1.ltrans.o
                0x00000000080012d0                cmd_bluefruit.lto_priv.50
 *fill*         0x0000000008001408        0x8 
 .text.bigDataThread
                0x0000000008001410      0x1c8 /var/folders/nx/qt6_p4ls4xzbnqkz75ny5wl40000gp/T//ccE9tot1.ltrans1.ltrans.o
 *fill*         0x00000000080015d8        0x8 
 .text.startup.main
                0x00000000080015e0      0x6f8 /var/folders/nx/qt6_p4ls4xzbnqkz75ny5wl40000gp/T//ccE9tot1.ltrans1.ltrans.o
                0x00000000080015e0                main
 *fill*         0x0000000008001cd8        0x8 
 .text.SVC_Handler
                0x0000000008001ce0       0x14 /var/folders/nx/qt6_p4ls4xzbnqkz75ny5wl40000gp/T//ccE9tot1.ltrans2.ltrans.o
                0x0000000008001ce0                SVC_Handler
 *fill*         0x0000000008001cf4        0xc 
 .text.chCoreAlloc
                0x0000000008001d00       0x38 /var/folders/nx/qt6_p4ls4xzbnqkz75ny5wl40000gp/T//ccE9tot1.ltrans2.ltrans.o
                0x0000000008001d00                chCoreAlloc
 *fill*         0x0000000008001d38        0x8 
 .text.wakeup   0x0000000008001d40       0x70 /var/folders/nx/qt6_p4ls4xzbnqkz75ny5wl40000gp/T//ccE9tot1.ltrans2.ltrans.o
 .text._idle_thread.lto_priv.52
                0x0000000008001db0        0x4 /var/folders/nx/qt6_p4ls4xzbnqkz75ny5wl40000gp/T//ccE9tot1.ltrans2.ltrans.o
                0x0000000008001db0                _idle_thread.lto_priv.52
 *fill*         0x0000000008001db4        0xc 
 .text.chSchDoRescheduleAhead
                0x0000000008001dc0       0x3c /var/folders/nx/qt6_p4ls4xzbnqkz75ny5wl40000gp/T//ccE9tot1.ltrans2.ltrans.o
 *fill*         0x0000000008001dfc        0x4 
 .text._port_irq_epilogue
                0x0000000008001e00       0x54 /var/folders/nx/qt6_p4ls4xzbnqkz75ny5wl40000gp/T//ccE9tot1.ltrans2.ltrans.o
                0x0000000008001e00                _port_irq_epilogue
 *fill*         0x0000000008001e54        0xc 
 .text.Vector124
                0x0000000008001e60       0x30 /var/folders/nx/qt6_p4ls4xzbnqkz75ny5wl40000gp/T//ccE9tot1.ltrans2.ltrans.o
                0x0000000008001e60                Vector124
 .text.Vector120
                0x0000000008001e90       0x28 /var/folders/nx/qt6_p4ls4xzbnqkz75ny5wl40000gp/T//ccE9tot1.ltrans2.ltrans.o
                0x0000000008001e90                Vector120
 *fill*         0x0000000008001eb8        0x8 
 .text.Vector84
                0x0000000008001ec0       0x30 /var/folders/nx/qt6_p4ls4xzbnqkz75ny5wl40000gp/T//ccE9tot1.ltrans2.ltrans.o
                0x0000000008001ec0                Vector84
 .text.Vector80
                0x0000000008001ef0       0x30 /var/folders/nx/qt6_p4ls4xzbnqkz75ny5wl40000gp/T//ccE9tot1.ltrans2.ltrans.o
                0x0000000008001ef0                Vector80
 .text.Vector7C
                0x0000000008001f20       0x30 /var/folders/nx/qt6_p4ls4xzbnqkz75ny5wl40000gp/T//ccE9tot1.ltrans2.ltrans.o
                0x0000000008001f20                Vector7C
 .text.Vector78
                0x0000000008001f50       0x30 /var/folders/nx/qt6_p4ls4xzbnqkz75ny5wl40000gp/T//ccE9tot1.ltrans2.ltrans.o
                0x0000000008001f50                Vector78
 .text.Vector74
                0x0000000008001f80       0x30 /var/folders/nx/qt6_p4ls4xzbnqkz75ny5wl40000gp/T//ccE9tot1.ltrans2.ltrans.o
                0x0000000008001f80                Vector74
 .text.Vector70
                0x0000000008001fb0       0x30 /var/folders/nx/qt6_p4ls4xzbnqkz75ny5wl40000gp/T//ccE9tot1.ltrans2.ltrans.o
                0x0000000008001fb0                Vector70
 .text.Vector6C
                0x0000000008001fe0       0x28 /var/folders/nx/qt6_p4ls4xzbnqkz75ny5wl40000gp/T//ccE9tot1.ltrans2.ltrans.o
                0x0000000008001fe0                Vector6C
 *fill*         0x0000000008002008        0x8 
 .text.chTMStopMeasurementX
                0x0000000008002010       0x44 /var/folders/nx/qt6_p4ls4xzbnqkz75ny5wl40000gp/T//ccE9tot1.ltrans2.ltrans.o
                0x0000000008002010                chTMStopMeasurementX
 *fill*         0x0000000008002054        0xc 
 .text.chSchDoReschedule
                0x0000000008002060        0x4 /var/folders/nx/qt6_p4ls4xzbnqkz75ny5wl40000gp/T//ccE9tot1.ltrans2.ltrans.o
                0x0000000008002060                chSchDoReschedule
 *fill*         0x0000000008002064        0xc 
 .text.chSchGoSleepS
                0x0000000008002070       0x24 /var/folders/nx/qt6_p4ls4xzbnqkz75ny5wl40000gp/T//ccE9tot1.ltrans2.ltrans.o
                0x0000000008002070                chSchGoSleepS
 *fill*         0x0000000008002094        0xc 
 .text.chThdSuspendS
                0x00000000080020a0       0x1c /var/folders/nx/qt6_p4ls4xzbnqkz75ny5wl40000gp/T//ccE9tot1.ltrans2.ltrans.o
                0x00000000080020a0                chThdSuspendS
 *fill*         0x00000000080020bc        0x4 
 .text.chSchGoSleepTimeoutS
                0x00000000080020c0      0x10c /var/folders/nx/qt6_p4ls4xzbnqkz75ny5wl40000gp/T//ccE9tot1.ltrans2.ltrans.o
 *fill*         0x00000000080021cc        0x4 
 .text.chThdEnqueueTimeoutS
                0x00000000080021d0       0x28 /var/folders/nx/qt6_p4ls4xzbnqkz75ny5wl40000gp/T//ccE9tot1.ltrans2.ltrans.o
 *fill*         0x00000000080021f8        0x8 
 .text.chOQWriteTimeout
                0x0000000008002200       0x84 /var/folders/nx/qt6_p4ls4xzbnqkz75ny5wl40000gp/T//ccE9tot1.ltrans2.ltrans.o
 *fill*         0x0000000008002284        0xc 
 .text.writet.lto_priv.62
                0x0000000008002290        0x8 /var/folders/nx/qt6_p4ls4xzbnqkz75ny5wl40000gp/T//ccE9tot1.ltrans2.ltrans.o
                0x0000000008002290                writet.lto_priv.62
 *fill*         0x0000000008002298        0x8 
 .text.write.lto_priv.56
                0x00000000080022a0        0xc /var/folders/nx/qt6_p4ls4xzbnqkz75ny5wl40000gp/T//ccE9tot1.ltrans2.ltrans.o
                0x00000000080022a0                write.lto_priv.56
 *fill*         0x00000000080022ac        0x4 
 .text.chOQPutTimeout
                0x00000000080022b0       0x54 /var/folders/nx/qt6_p4ls4xzbnqkz75ny5wl40000gp/T//ccE9tot1.ltrans2.ltrans.o
 *fill*         0x0000000008002304        0xc 
 .text.putt.lto_priv.60
                0x0000000008002310        0x8 /var/folders/nx/qt6_p4ls4xzbnqkz75ny5wl40000gp/T//ccE9tot1.ltrans2.ltrans.o
                0x0000000008002310                putt.lto_priv.60
 *fill*         0x0000000008002318        0x8 
 .text.put.lto_priv.58
                0x0000000008002320        0xc /var/folders/nx/qt6_p4ls4xzbnqkz75ny5wl40000gp/T//ccE9tot1.ltrans2.ltrans.o
                0x0000000008002320                put.lto_priv.58
 *fill*         0x000000000800232c        0x4 
 .text.chIQReadTimeout
                0x0000000008002330       0x78 /var/folders/nx/qt6_p4ls4xzbnqkz75ny5wl40000gp/T//ccE9tot1.ltrans2.ltrans.o
 *fill*         0x00000000080023a8        0x8 
 .text.readt.lto_priv.63
                0x00000000080023b0        0x8 /var/folders/nx/qt6_p4ls4xzbnqkz75ny5wl40000gp/T//ccE9tot1.ltrans2.ltrans.o
                0x00000000080023b0                readt.lto_priv.63
 *fill*         0x00000000080023b8        0x8 
 .text.read.lto_priv.57
                0x00000000080023c0        0xc /var/folders/nx/qt6_p4ls4xzbnqkz75ny5wl40000gp/T//ccE9tot1.ltrans2.ltrans.o
                0x00000000080023c0                read.lto_priv.57
 *fill*         0x00000000080023cc        0x4 
 .text.chIQGetTimeout
                0x00000000080023d0       0x50 /var/folders/nx/qt6_p4ls4xzbnqkz75ny5wl40000gp/T//ccE9tot1.ltrans2.ltrans.o
 .text.gett.lto_priv.61
                0x0000000008002420        0x8 /var/folders/nx/qt6_p4ls4xzbnqkz75ny5wl40000gp/T//ccE9tot1.ltrans2.ltrans.o
                0x0000000008002420                gett.lto_priv.61
 *fill*         0x0000000008002428        0x8 
 .text.get.lto_priv.59
                0x0000000008002430        0xc /var/folders/nx/qt6_p4ls4xzbnqkz75ny5wl40000gp/T//ccE9tot1.ltrans2.ltrans.o
                0x0000000008002430                get.lto_priv.59
 *fill*         0x000000000800243c        0x4 
 .text.chThdSleep
                0x0000000008002440       0x18 /var/folders/nx/qt6_p4ls4xzbnqkz75ny5wl40000gp/T//ccE9tot1.ltrans2.ltrans.o
                0x0000000008002440                chThdSleep
 *fill*         0x0000000008002458        0x8 
 .text.chSchReadyI
                0x0000000008002460       0x2c /var/folders/nx/qt6_p4ls4xzbnqkz75ny5wl40000gp/T//ccE9tot1.ltrans2.ltrans.o
                0x0000000008002460                chSchReadyI
 *fill*         0x000000000800248c        0x4 
 .text.chEvtBroadcastFlagsI
                0x0000000008002490       0x5c /var/folders/nx/qt6_p4ls4xzbnqkz75ny5wl40000gp/T//ccE9tot1.ltrans2.ltrans.o
                0x0000000008002490                chEvtBroadcastFlagsI
 *fill*         0x00000000080024ec        0x4 
 .text.chMtxUnlock
                0x00000000080024f0       0x70 /var/folders/nx/qt6_p4ls4xzbnqkz75ny5wl40000gp/T//ccE9tot1.ltrans2.ltrans.o
                0x00000000080024f0                chMtxUnlock
 .text.chMtxLockS
                0x0000000008002560       0xc8 /var/folders/nx/qt6_p4ls4xzbnqkz75ny5wl40000gp/T//ccE9tot1.ltrans2.ltrans.o
                0x0000000008002560                chMtxLockS
 *fill*         0x0000000008002628        0x8 
 .text.chThdExitS
                0x0000000008002630       0x40 /var/folders/nx/qt6_p4ls4xzbnqkz75ny5wl40000gp/T//ccE9tot1.ltrans2.ltrans.o
                0x0000000008002630                chThdExitS
 .text.chThdExit
                0x0000000008002670        0xc /var/folders/nx/qt6_p4ls4xzbnqkz75ny5wl40000gp/T//ccE9tot1.ltrans2.ltrans.o
                0x0000000008002670                chThdExit
 *fill*         0x000000000800267c        0x4 
 .text._unhandled_exception
                0x0000000008002680        0x4 /var/folders/nx/qt6_p4ls4xzbnqkz75ny5wl40000gp/T//ccE9tot1.ltrans2.ltrans.o
                0x0000000008002680                Vector174
                0x0000000008002680                DebugMon_Handler
                0x0000000008002680                Vector11C
                0x0000000008002680                HardFault_Handler
                0x0000000008002680                Vector19C
                0x0000000008002680                Vector8C
                0x0000000008002680                SysTick_Handler
                0x0000000008002680                VectorDC
                0x0000000008002680                PendSV_Handler
                0x0000000008002680                Vector168
                0x0000000008002680                NMI_Handler
                0x0000000008002680                Vector110
                0x0000000008002680                VectorC8
                0x0000000008002680                Vector94
                0x0000000008002680                VectorA8
                0x0000000008002680                VectorB4
                0x0000000008002680                Vector160
                0x0000000008002680                UsageFault_Handler
                0x0000000008002680                VectorEC
                0x0000000008002680                Vector40
                0x0000000008002680                VectorF8
                0x0000000008002680                Vector108
                0x0000000008002680                VectorBC
                0x0000000008002680                Vector190
                0x0000000008002680                Vector150
                0x0000000008002680                Vector188
                0x0000000008002680                Vector198
                0x0000000008002680                Vector118
                0x0000000008002680                VectorCC
                0x0000000008002680                Vector54
                0x0000000008002680                Vector98
                0x0000000008002680                VectorD8
                0x0000000008002680                Vector138
                0x0000000008002680                Vector24
                0x0000000008002680                Vector178
                0x0000000008002680                VectorD0
                0x0000000008002680                VectorC0
                0x0000000008002680                Vector158
                0x0000000008002680                Vector134
                0x0000000008002680                VectorF0
                0x0000000008002680                Vector13C
                0x0000000008002680                Vector100
                0x0000000008002680                VectorF4
                0x0000000008002680                MemManage_Handler
                0x0000000008002680                VectorA0
                0x0000000008002680                VectorC4
                0x0000000008002680                Vector180
                0x0000000008002680                Vector90
                0x0000000008002680                Vector114
                0x0000000008002680                Vector164
                0x0000000008002680                Vector1C
                0x0000000008002680                Vector17C
                0x0000000008002680                Vector16C
                0x0000000008002680                Vector15C
                0x0000000008002680                Vector170
                0x0000000008002680                Vector88
                0x0000000008002680                Vector104
                0x0000000008002680                Vector184
                0x0000000008002680                Vector10C
                0x0000000008002680                Vector14C
                0x0000000008002680                BusFault_Handler
                0x0000000008002680                Vector50
                0x0000000008002680                Vector194
                0x0000000008002680                Vector154
                0x0000000008002680                Vector28
                0x0000000008002680                VectorB8
                0x0000000008002680                VectorFC
                0x0000000008002680                Vector34
                0x0000000008002680                VectorA4
                0x0000000008002680                Vector20
                0x0000000008002680                Vector18C
                0x0000000008002680                VectorAC
 *fill*         0x0000000008002684        0xc 
 .text.__init_ram_areas
                0x0000000008002690       0x4c /var/folders/nx/qt6_p4ls4xzbnqkz75ny5wl40000gp/T//ccE9tot1.ltrans2.ltrans.o
                0x0000000008002690                __init_ram_areas
 *fill*         0x00000000080026dc        0x4 
 .text.__default_exit
                0x00000000080026e0        0x4 /var/folders/nx/qt6_p4ls4xzbnqkz75ny5wl40000gp/T//ccE9tot1.ltrans2.ltrans.o
                0x00000000080026e0                __default_exit
 *fill*         0x00000000080026e4        0xc 
 .text.__late_init
                0x00000000080026f0        0x4 /var/folders/nx/qt6_p4ls4xzbnqkz75ny5wl40000gp/T//ccE9tot1.ltrans2.ltrans.o
                0x00000000080026f0                __late_init
 *fill*         0x00000000080026f4        0xc 
 .text.__core_init
                0x0000000008002700        0x4 /var/folders/nx/qt6_p4ls4xzbnqkz75ny5wl40000gp/T//ccE9tot1.ltrans2.ltrans.o
                0x0000000008002700                __core_init
 *fill*         0x0000000008002704        0xc 
 .text.WriteRead
                0x0000000008002710      0x298 /var/folders/nx/qt6_p4ls4xzbnqkz75ny5wl40000gp/T//ccE9tot1.ltrans3.ltrans.o
                0x0000000008002710                WriteRead
 *fill*         0x00000000080029a8        0x8 
 .text.WriteReadWrapper
                0x00000000080029b0      0x108 /var/folders/nx/qt6_p4ls4xzbnqkz75ny5wl40000gp/T//ccE9tot1.ltrans3.ltrans.o
                0x00000000080029b0                WriteReadWrapper
 *fill*         0x0000000008002ab8        0x8 
 .text.chprintf
                0x0000000008002ac0      0x314 /var/folders/nx/qt6_p4ls4xzbnqkz75ny5wl40000gp/T//ccE9tot1.ltrans3.ltrans.o
                0x0000000008002ac0                chprintf
 *fill*         0x0000000008002dd4        0xc 
 .text.chSchWakeupS.constprop.47
                0x0000000008002de0       0x58 /var/folders/nx/qt6_p4ls4xzbnqkz75ny5wl40000gp/T//ccE9tot1.ltrans4.ltrans.o
                0x0000000008002de0                chSchWakeupS.constprop.47
 *fill*         0x0000000008002e38        0x8 
 .text.chTMStartMeasurementX.constprop.44
                0x0000000008002e40        0xc /var/folders/nx/qt6_p4ls4xzbnqkz75ny5wl40000gp/T//ccE9tot1.ltrans4.ltrans.o
                0x0000000008002e40                chTMStartMeasurementX.constprop.44
 *fill*         0x0000000008002e4c        0x4 
 .text.chThdCreateFromHeap.constprop.37
                0x0000000008002e50      0x120 /var/folders/nx/qt6_p4ls4xzbnqkz75ny5wl40000gp/T//ccE9tot1.ltrans4.ltrans.o
                0x0000000008002e50                chThdCreateFromHeap.constprop.37
 .text.dmaStreamAllocate.constprop.23
                0x0000000008002f70       0xb4 /var/folders/nx/qt6_p4ls4xzbnqkz75ny5wl40000gp/T//ccE9tot1.ltrans4.ltrans.o
                0x0000000008002f70                dmaStreamAllocate.constprop.23
 *fill*         0x0000000008003024        0xc 
 .text.spiSelect.constprop.19
                0x0000000008003030       0x24 /var/folders/nx/qt6_p4ls4xzbnqkz75ny5wl40000gp/T//ccE9tot1.ltrans4.ltrans.o
                0x0000000008003030                spiSelect.constprop.19
 *fill*         0x0000000008003054        0xc 
 .text.spiUnselect.constprop.17
                0x0000000008003060       0x24 /var/folders/nx/qt6_p4ls4xzbnqkz75ny5wl40000gp/T//ccE9tot1.ltrans4.ltrans.o
                0x0000000008003060                spiUnselect.constprop.17
 *fill*         0x0000000008003084        0xc 
 .text.spiExchange.constprop.15
                0x0000000008003090       0x54 /var/folders/nx/qt6_p4ls4xzbnqkz75ny5wl40000gp/T//ccE9tot1.ltrans4.ltrans.o
                0x0000000008003090                spiExchange.constprop.15
 *fill*         0x00000000080030e4        0xc 
 .text.spiSend.constprop.13
                0x00000000080030f0       0x54 /var/folders/nx/qt6_p4ls4xzbnqkz75ny5wl40000gp/T//ccE9tot1.ltrans4.ltrans.o
                0x00000000080030f0                spiSend.constprop.13
 *fill*         0x0000000008003144        0xc 
 .text.spiReceive.constprop.11
                0x0000000008003150       0x58 /var/folders/nx/qt6_p4ls4xzbnqkz75ny5wl40000gp/T//ccE9tot1.ltrans4.ltrans.o
                0x0000000008003150                spiReceive.constprop.11
 *fill*         0x00000000080031a8        0x8 
 .text._strtok.constprop.6
                0x00000000080031b0       0x40 /var/folders/nx/qt6_p4ls4xzbnqkz75ny5wl40000gp/T//ccE9tot1.ltrans4.ltrans.o
                0x00000000080031b0                _strtok.constprop.6
 .text.long_to_string_with_divisor.constprop.5
                0x00000000080031f0       0x44 /var/folders/nx/qt6_p4ls4xzbnqkz75ny5wl40000gp/T//ccE9tot1.ltrans4.ltrans.o
                0x00000000080031f0                long_to_string_with_divisor.constprop.5
 *fill*         0x0000000008003234        0xc 
 .text.memset   0x0000000008003240       0x9c /usr/local/Cellar/arm-none-eabi-gcc/20150921/bin/../lib/gcc/arm-none-eabi/4.9.3/../../../../arm-none-eabi/lib/armv7e-m/libg.a(lib_a-memset.o)
                0x0000000008003240                memset
 *fill*         0x00000000080032dc        0x4 
 .text.strpbrk  0x00000000080032e0       0x48 /usr/local/Cellar/arm-none-eabi-gcc/20150921/bin/../lib/gcc/arm-none-eabi/4.9.3/../../../../arm-none-eabi/lib/armv7e-m/libg.a(lib_a-strpbrk.o)
                0x00000000080032e0                strpbrk
 *fill*         0x0000000008003328        0x8 
 .text.strspn   0x0000000008003330       0x34 /usr/local/Cellar/arm-none-eabi-gcc/20150921/bin/../lib/gcc/arm-none-eabi/4.9.3/../../../../arm-none-eabi/lib/armv7e-m/libg.a(lib_a-strspn.o)
                0x0000000008003330                strspn
 *(.rodata)
 *(.rodata.*)
 *fill*         0x0000000008003364        0xc 
 .rodata.str1.4
                0x0000000008003370      0x239 /var/folders/nx/qt6_p4ls4xzbnqkz75ny5wl40000gp/T//ccE9tot1.ltrans0.ltrans.o
                                        0x23d (size before relaxing)
 *fill*         0x00000000080035a9        0x7 
 .rodata.ch_debug
                0x00000000080035b0       0x16 /var/folders/nx/qt6_p4ls4xzbnqkz75ny5wl40000gp/T//ccE9tot1.ltrans1.ltrans.o
 *fill*         0x00000000080035c6        0xa 
 .rodata.str1.4
                0x00000000080035d0      0x10f /var/folders/nx/qt6_p4ls4xzbnqkz75ny5wl40000gp/T//ccE9tot1.ltrans1.ltrans.o
                                        0x113 (size before relaxing)
 *fill*         0x00000000080036df        0x1 
 .rodata.vmt    0x00000000080036e0       0x20 /var/folders/nx/qt6_p4ls4xzbnqkz75ny5wl40000gp/T//ccE9tot1.ltrans1.ltrans.o
 .rodata._stm32_dma_streams
                0x0000000008003700       0xf0 /var/folders/nx/qt6_p4ls4xzbnqkz75ny5wl40000gp/T//ccE9tot1.ltrans1.ltrans.o
 .rodata.ram_areas
                0x00000000080037f0       0x80 /var/folders/nx/qt6_p4ls4xzbnqkz75ny5wl40000gp/T//ccE9tot1.ltrans2.ltrans.o
 .rodata.str1.4
                0x0000000008003870        0x7 /var/folders/nx/qt6_p4ls4xzbnqkz75ny5wl40000gp/T//ccE9tot1.ltrans3.ltrans.o
 *fill*         0x0000000008003877        0x9 
 .rodata.commands.lto_priv.64
                0x0000000008003880       0x18 /var/folders/nx/qt6_p4ls4xzbnqkz75ny5wl40000gp/T//ccE9tot1.ltrans4.ltrans.o
                0x0000000008003880                commands.lto_priv.64
 *fill*         0x0000000008003898        0x8 
 .rodata.dummytx
                0x00000000080038a0        0x2 /var/folders/nx/qt6_p4ls4xzbnqkz75ny5wl40000gp/T//ccE9tot1.ltrans4.ltrans.o
 *fill*         0x00000000080038a2        0xe 
 .rodata.str1.4
                0x00000000080038b0       0x10 /var/folders/nx/qt6_p4ls4xzbnqkz75ny5wl40000gp/T//ccE9tot1.ltrans4.ltrans.o
                                          0xf (size before relaxing)
 .rodata.shell_cfg1.lto_priv.51
                0x00000000080038c0        0x8 /var/folders/nx/qt6_p4ls4xzbnqkz75ny5wl40000gp/T//ccE9tot1.ltrans4.ltrans.o
                0x00000000080038c0                shell_cfg1.lto_priv.51
 *(.glue_7t)
 .glue_7t       0x0000000000000000        0x0 linker stubs
 *(.glue_7)
 .glue_7        0x0000000000000000        0x0 linker stubs
 *(.gcc*)

.vfp11_veneer   0x00000000080038c8        0x0
 .vfp11_veneer  0x0000000000000000        0x0 linker stubs

.v4_bx          0x00000000080038c8        0x0
 .v4_bx         0x0000000000000000        0x0 linker stubs

.iplt           0x00000000080038c8        0x0
 .iplt          0x0000000000000000        0x0 build/obj/crt0_v7m.o

.rel.dyn        0x00000000080038c8        0x0
 .rel.iplt      0x0000000000000000        0x0 build/obj/crt0_v7m.o

.ARM.extab
 *(.ARM.extab* .gnu.linkonce.armextab.*)

.ARM.exidx      0x00000000080038c8        0x0
                0x00000000080038c8                __exidx_start = .
 *(.ARM.exidx* .gnu.linkonce.armexidx.*)
                0x00000000080038c8                __exidx_end = .

.eh_frame_hdr
 *(.eh_frame_hdr)

.eh_frame
 *(.eh_frame)

.textalign      0x00000000080038c8        0x0
                0x00000000080038c8                . = ALIGN (0x8)
                0x00000000080038c8                . = ALIGN (0x4)
                0x00000000080038c8                PROVIDE (_etext, .)

.mstack         0x0000000020000000      0x400
                0x0000000020000000                . = ALIGN (0x8)
                0x0000000020000000                __main_stack_base__ = .
                0x0000000020000400                . = (. + __main_stack_size__)
 *fill*         0x0000000020000000      0x400 
                0x0000000020000400                . = ALIGN (0x8)
                0x0000000020000400                __main_stack_end__ = .

.pstack         0x0000000020000400      0x400
                0x0000000020000400                __process_stack_base__ = .
                0x0000000020000400                __main_thread_stack_base__ = .
                0x0000000020000800                . = (. + __process_stack_size__)
 *fill*         0x0000000020000400      0x400 
                0x0000000020000800                . = ALIGN (0x8)
                0x0000000020000800                __process_stack_end__ = .
                0x0000000020000800                __main_thread_stack_end__ = .

.data           0x0000000020000800       0x80 load address 0x00000000080038c8
                0x0000000020000800                . = ALIGN (0x4)
                0x00000000080038c8                PROVIDE (_textdata, LOADADDR (.data))
                0x0000000020000800                PROVIDE (_data, .)
                0x00000000080038c8                _textdata_start = LOADADDR (.data)
                0x0000000020000800                _data_start = .
 *(.data)
 *(.data.*)
 .data.local_commands
                0x0000000020000800       0x18 /var/folders/nx/qt6_p4ls4xzbnqkz75ny5wl40000gp/T//ccE9tot1.ltrans0.ltrans.o
 .data.fhandlers
                0x0000000020000818        0x4 /var/folders/nx/qt6_p4ls4xzbnqkz75ny5wl40000gp/T//ccE9tot1.ltrans1.ltrans.o
 .data.tx_getconn
                0x000000002000081c       0x11 /var/folders/nx/qt6_p4ls4xzbnqkz75ny5wl40000gp/T//ccE9tot1.ltrans1.ltrans.o
 *fill*         0x000000002000082d        0x3 
 .data.tx_data_preamble
                0x0000000020000830       0x16 /var/folders/nx/qt6_p4ls4xzbnqkz75ny5wl40000gp/T//ccE9tot1.ltrans1.ltrans.o
 *fill*         0x0000000020000846        0x2 
 .data.tx_advstart
                0x0000000020000848       0x12 /var/folders/nx/qt6_p4ls4xzbnqkz75ny5wl40000gp/T//ccE9tot1.ltrans1.ltrans.o
 *fill*         0x000000002000085a        0x2 
 .data.tx_advstop
                0x000000002000085c       0x11 /var/folders/nx/qt6_p4ls4xzbnqkz75ny5wl40000gp/T//ccE9tot1.ltrans1.ltrans.o
 *fill*         0x000000002000086d        0x3 
 .data.bluefruit_config
                0x0000000020000870       0x10 /var/folders/nx/qt6_p4ls4xzbnqkz75ny5wl40000gp/T//ccE9tot1.ltrans3.ltrans.o
 *(.ramtext)
                0x0000000020000880                . = ALIGN (0x4)
                0x0000000020000880                PROVIDE (_edata, .)
                0x0000000020000880                _data_end = .

.igot.plt       0x0000000020000880        0x0 load address 0x0000000008003948
 .igot.plt      0x0000000000000000        0x0 build/obj/crt0_v7m.o

.bss            0x0000000020000880     0x6378 load address 0x0000000008003948
                0x0000000020000880                . = ALIGN (0x4)
                0x0000000020000880                _bss_start = .
 *(.bss)
 *(.bss.*)
 .bss.bigData   0x0000000020000880     0x5dc0 /var/folders/nx/qt6_p4ls4xzbnqkz75ny5wl40000gp/T//ccE9tot1.ltrans1.ltrans.o
 .bss.connectedFLAG
                0x0000000020006640        0x4 /var/folders/nx/qt6_p4ls4xzbnqkz75ny5wl40000gp/T//ccE9tot1.ltrans1.ltrans.o
 .bss.endmem.lto_priv.67
                0x0000000020006644        0x4 /var/folders/nx/qt6_p4ls4xzbnqkz75ny5wl40000gp/T//ccE9tot1.ltrans1.ltrans.o
                0x0000000020006644                endmem.lto_priv.67
 .bss.EXTD1     0x0000000020006648        0x8 /var/folders/nx/qt6_p4ls4xzbnqkz75ny5wl40000gp/T//ccE9tot1.ltrans1.ltrans.o
                0x0000000020006648                EXTD1
 .bss.SPID3     0x0000000020006650       0x34 /var/folders/nx/qt6_p4ls4xzbnqkz75ny5wl40000gp/T//ccE9tot1.ltrans1.ltrans.o
                0x0000000020006650                SPID3
 .bss.rdata     0x0000000020006684       0x14 /var/folders/nx/qt6_p4ls4xzbnqkz75ny5wl40000gp/T//ccE9tot1.ltrans1.ltrans.o
                0x0000000020006684                rdata
 .bss.waBigDataThread
                0x0000000020006698      0x2c8 /var/folders/nx/qt6_p4ls4xzbnqkz75ny5wl40000gp/T//ccE9tot1.ltrans1.ltrans.o
 .bss.shell_terminated
                0x0000000020006960        0x4 /var/folders/nx/qt6_p4ls4xzbnqkz75ny5wl40000gp/T//ccE9tot1.ltrans1.ltrans.o
                0x0000000020006960                shell_terminated
 .bss.nextmem.lto_priv.68
                0x0000000020006964        0x4 /var/folders/nx/qt6_p4ls4xzbnqkz75ny5wl40000gp/T//ccE9tot1.ltrans1.ltrans.o
                0x0000000020006964                nextmem.lto_priv.68
 .bss.shelltp1  0x0000000020006968        0x4 /var/folders/nx/qt6_p4ls4xzbnqkz75ny5wl40000gp/T//ccE9tot1.ltrans1.ltrans.o
 .bss._stm32_dma_isr_redir
                0x000000002000696c       0x60 /var/folders/nx/qt6_p4ls4xzbnqkz75ny5wl40000gp/T//ccE9tot1.ltrans4.ltrans.o
                0x000000002000696c                _stm32_dma_isr_redir
 *fill*         0x00000000200069cc        0x4 
 .bss.ch        0x00000000200069d0      0x150 /var/folders/nx/qt6_p4ls4xzbnqkz75ny5wl40000gp/T//ccE9tot1.ltrans4.ltrans.o
                0x00000000200069d0                ch
 .bss.SPID1     0x0000000020006b20       0x34 /var/folders/nx/qt6_p4ls4xzbnqkz75ny5wl40000gp/T//ccE9tot1.ltrans4.ltrans.o
                0x0000000020006b20                SPID1
 .bss.dma_streams_mask.lto_priv.55
                0x0000000020006b54        0x4 /var/folders/nx/qt6_p4ls4xzbnqkz75ny5wl40000gp/T//ccE9tot1.ltrans4.ltrans.o
                0x0000000020006b54                dma_streams_mask.lto_priv.55
 .bss.default_heap.lto_priv.53
                0x0000000020006b58       0x20 /var/folders/nx/qt6_p4ls4xzbnqkz75ny5wl40000gp/T//ccE9tot1.ltrans4.ltrans.o
                0x0000000020006b58                default_heap.lto_priv.53
 .bss.SD1       0x0000000020006b78       0x7c /var/folders/nx/qt6_p4ls4xzbnqkz75ny5wl40000gp/T//ccE9tot1.ltrans4.ltrans.o
                0x0000000020006b78                SD1
 .bss.dummyrx   0x0000000020006bf4        0x2 /var/folders/nx/qt6_p4ls4xzbnqkz75ny5wl40000gp/T//ccE9tot1.ltrans4.ltrans.o
 *(COMMON)
                0x0000000020006bf8                . = ALIGN (0x4)
 *fill*         0x0000000020006bf6        0x2 
                0x0000000020006bf8                _bss_end = .
                0x0000000020006bf8                PROVIDE (end, .)

.ram0_init      0x0000000020006bf8        0x0 load address 0x0000000008003948
                0x0000000020006bf8                . = ALIGN (0x4)
                0x0000000008003948                __ram0_init_text__ = LOADADDR (.ram0_init)
                0x0000000020006bf8                __ram0_init__ = .
 *(.ram0_init)
 *(.ram0_init.*)
                0x0000000020006bf8                . = ALIGN (0x4)

.ram0           0x0000000020006bf8        0x0 load address 0x0000000008003948
                0x0000000020006bf8                . = ALIGN (0x4)
                0x0000000020006bf8                __ram0_clear__ = .
 *(.ram0_clear)
 *(.ram0_clear.*)
                0x0000000020006bf8                . = ALIGN (0x4)
                0x0000000020006bf8                __ram0_noinit__ = .
 *(.ram0)
 *(.ram0.*)
                0x0000000020006bf8                . = ALIGN (0x4)
                0x0000000020006bf8                __ram0_free__ = .

.ram1_init      0x0000000000000000        0x0 load address 0x0000000008003948
                0x0000000000000000                . = ALIGN (0x4)
                0x0000000008003948                __ram1_init_text__ = LOADADDR (.ram1_init)
                0x0000000000000000                __ram1_init__ = .
 *(.ram1_init)
 *(.ram1_init.*)
                0x0000000000000000                . = ALIGN (0x4)

.ram1           0x0000000000000000        0x0 load address 0x0000000008003948
                0x0000000000000000                . = ALIGN (0x4)
                0x0000000000000000                __ram1_clear__ = .
 *(.ram1_clear)
 *(.ram1_clear.*)
                0x0000000000000000                . = ALIGN (0x4)
                0x0000000000000000                __ram1_noinit__ = .
 *(.ram1)
 *(.ram1.*)
                0x0000000000000000                . = ALIGN (0x4)
                0x0000000000000000                __ram1_free__ = .

.ram2_init      0x0000000000000000        0x0 load address 0x0000000008003948
                0x0000000000000000                . = ALIGN (0x4)
                0x0000000008003948                __ram2_init_text__ = LOADADDR (.ram2_init)
                0x0000000000000000                __ram2_init__ = .
 *(.ram2_init)
 *(.ram2_init.*)
                0x0000000000000000                . = ALIGN (0x4)

.ram2           0x0000000000000000        0x0 load address 0x0000000008003948
                0x0000000000000000                . = ALIGN (0x4)
                0x0000000000000000                __ram2_clear__ = .
 *(.ram2_clear)
 *(.ram2_clear.*)
                0x0000000000000000                . = ALIGN (0x4)
                0x0000000000000000                __ram2_noinit__ = .
 *(.ram2)
 *(.ram2.*)
                0x0000000000000000                . = ALIGN (0x4)
                0x0000000000000000                __ram2_free__ = .

.ram3_init      0x0000000000000000        0x0 load address 0x0000000008003948
                0x0000000000000000                . = ALIGN (0x4)
                0x0000000008003948                __ram3_init_text__ = LOADADDR (.ram3_init)
                0x0000000000000000                __ram3_init__ = .
 *(.ram3_init)
 *(.ram3_init.*)
                0x0000000000000000                . = ALIGN (0x4)

.ram3           0x0000000000000000        0x0 load address 0x0000000008003948
                0x0000000000000000                . = ALIGN (0x4)
                0x0000000000000000                __ram3_clear__ = .
 *(.ram3_clear)
 *(.ram3_clear.*)
                0x0000000000000000                . = ALIGN (0x4)
                0x0000000000000000                __ram3_noinit__ = .
 *(.ram3)
 *(.ram3.*)
                0x0000000000000000                . = ALIGN (0x4)
                0x0000000000000000                __ram3_free__ = .

.ram4_init      0x0000000010000000        0x0 load address 0x0000000008003948
                0x0000000010000000                . = ALIGN (0x4)
                0x0000000008003948                __ram4_init_text__ = LOADADDR (.ram4_init)
                0x0000000010000000                __ram4_init__ = .
 *(.ram4_init)
 *(.ram4_init.*)
                0x0000000010000000                . = ALIGN (0x4)

.ram4           0x0000000010000000        0x0 load address 0x0000000008003948
                0x0000000010000000                . = ALIGN (0x4)
                0x0000000010000000                __ram4_clear__ = .
 *(.ram4_clear)
 *(.ram4_clear.*)
                0x0000000010000000                . = ALIGN (0x4)
                0x0000000010000000                __ram4_noinit__ = .
 *(.ram4)
 *(.ram4.*)
                0x0000000010000000                . = ALIGN (0x4)
                0x0000000010000000                __ram4_free__ = .

.ram5_init      0x0000000000000000        0x0 load address 0x0000000008003948
                0x0000000000000000                . = ALIGN (0x4)
                0x0000000008003948                __ram5_init_text__ = LOADADDR (.ram5_init)
                0x0000000000000000                __ram5_init__ = .
 *(.ram5_init)
 *(.ram5_init.*)
                0x0000000000000000                . = ALIGN (0x4)

.ram5           0x0000000000000000        0x0 load address 0x0000000008003948
                0x0000000000000000                . = ALIGN (0x4)
                0x0000000000000000                __ram5_clear__ = .
 *(.ram5_clear)
 *(.ram5_clear.*)
                0x0000000000000000                . = ALIGN (0x4)
                0x0000000000000000                __ram5_noinit__ = .
 *(.ram5)
 *(.ram5.*)
                0x0000000000000000                . = ALIGN (0x4)
                0x0000000000000000                __ram5_free__ = .

.ram6_init      0x0000000000000000        0x0 load address 0x0000000008003948
                0x0000000000000000                . = ALIGN (0x4)
                0x0000000008003948                __ram6_init_text__ = LOADADDR (.ram6_init)
                0x0000000000000000                __ram6_init__ = .
 *(.ram6_init)
 *(.ram6_init.*)
                0x0000000000000000                . = ALIGN (0x4)

.ram6           0x0000000000000000        0x0 load address 0x0000000008003948
                0x0000000000000000                . = ALIGN (0x4)
                0x0000000000000000                __ram6_clear__ = .
 *(.ram6_clear)
 *(.ram6_clear.*)
                0x0000000000000000                . = ALIGN (0x4)
                0x0000000000000000                __ram6_noinit__ = .
 *(.ram6)
 *(.ram6.*)
                0x0000000000000000                . = ALIGN (0x4)
                0x0000000000000000                __ram6_free__ = .

.ram7_init      0x0000000000000000        0x0 load address 0x0000000008003948
                0x0000000000000000                . = ALIGN (0x4)
                0x0000000008003948                __ram7_init_text__ = LOADADDR (.ram7_init)
                0x0000000000000000                __ram7_init__ = .
 *(.ram7_init)
 *(.ram7_init.*)
                0x0000000000000000                . = ALIGN (0x4)

.ram7           0x0000000000000000        0x0 load address 0x0000000008003948
                0x0000000000000000                . = ALIGN (0x4)
                0x0000000000000000                __ram7_clear__ = .
 *(.ram7_clear)
 *(.ram7_clear.*)
                0x0000000000000000                . = ALIGN (0x4)
                0x0000000000000000                __ram7_noinit__ = .
 *(.ram7)
 *(.ram7.*)
                0x0000000000000000                . = ALIGN (0x4)
                0x0000000000000000                __ram7_free__ = .

.heap           0x0000000020006bf8     0x3408
                0x0000000020006bf8                . = ALIGN (0x8)
                0x0000000020006bf8                __heap_base__ = .
                0x000000002000a000                . = (ORIGIN (HEAP_RAM) + 0xa000)
 *fill*         0x0000000020006bf8     0x3408 
                0x000000002000a000                __heap_end__ = .
                0x0000000000000400                __process_stack_size__ = 0x400
                0x0000000000000400                __main_stack_size__ = 0x400
START GROUP
LOAD /usr/local/Cellar/arm-none-eabi-gcc/20150921/bin/../lib/gcc/arm-none-eabi/4.9.3/armv7e-m/libgcc.a
LOAD /usr/local/Cellar/arm-none-eabi-gcc/20150921/bin/../lib/gcc/arm-none-eabi/4.9.3/../../../../arm-none-eabi/lib/armv7e-m/libg.a
LOAD /usr/local/Cellar/arm-none-eabi-gcc/20150921/bin/../lib/gcc/arm-none-eabi/4.9.3/../../../../arm-none-eabi/lib/armv7e-m/libc.a
END GROUP
OUTPUT(build/lab1.elf elf32-littlearm)

.ARM.attributes
                0x0000000000000000       0x2f
 .ARM.attributes
                0x0000000000000000       0x21 build/obj/crt0_v7m.o
 .ARM.attributes
                0x0000000000000021       0x21 build/obj/chcoreasm_v7m.o
 .ARM.attributes
                0x0000000000000042       0x31 /var/folders/nx/qt6_p4ls4xzbnqkz75ny5wl40000gp/T//ccE9tot1.ltrans0.ltrans.o
 .ARM.attributes
                0x0000000000000073       0x31 /var/folders/nx/qt6_p4ls4xzbnqkz75ny5wl40000gp/T//ccE9tot1.ltrans1.ltrans.o
 .ARM.attributes
                0x00000000000000a4       0x31 /var/folders/nx/qt6_p4ls4xzbnqkz75ny5wl40000gp/T//ccE9tot1.ltrans2.ltrans.o
 .ARM.attributes
                0x00000000000000d5       0x31 /var/folders/nx/qt6_p4ls4xzbnqkz75ny5wl40000gp/T//ccE9tot1.ltrans3.ltrans.o
 .ARM.attributes
                0x0000000000000106       0x31 /var/folders/nx/qt6_p4ls4xzbnqkz75ny5wl40000gp/T//ccE9tot1.ltrans4.ltrans.o
 .ARM.attributes
                0x0000000000000137       0x2e /usr/local/Cellar/arm-none-eabi-gcc/20150921/bin/../lib/gcc/arm-none-eabi/4.9.3/../../../../arm-none-eabi/lib/armv7e-m/libg.a(lib_a-memset.o)
 .ARM.attributes
                0x0000000000000165       0x1c /usr/local/Cellar/arm-none-eabi-gcc/20150921/bin/../lib/gcc/arm-none-eabi/4.9.3/../../../../arm-none-eabi/lib/armv7e-m/libg.a(lib_a-strcmp.o)
 .ARM.attributes
                0x0000000000000181       0x2e /usr/local/Cellar/arm-none-eabi-gcc/20150921/bin/../lib/gcc/arm-none-eabi/4.9.3/../../../../arm-none-eabi/lib/armv7e-m/libg.a(lib_a-strpbrk.o)
 .ARM.attributes
                0x00000000000001af       0x2e /usr/local/Cellar/arm-none-eabi-gcc/20150921/bin/../lib/gcc/arm-none-eabi/4.9.3/../../../../arm-none-eabi/lib/armv7e-m/libg.a(lib_a-strspn.o)

.comment        0x0000000000000000       0x70
 .comment       0x0000000000000000       0x70 /var/folders/nx/qt6_p4ls4xzbnqkz75ny5wl40000gp/T//ccE9tot1.ltrans0.ltrans.o
                                         0x71 (size before relaxing)
 .comment       0x0000000000000000       0x71 /var/folders/nx/qt6_p4ls4xzbnqkz75ny5wl40000gp/T//ccE9tot1.ltrans1.ltrans.o
 .comment       0x0000000000000000       0x71 /var/folders/nx/qt6_p4ls4xzbnqkz75ny5wl40000gp/T//ccE9tot1.ltrans2.ltrans.o
 .comment       0x0000000000000000       0x71 /var/folders/nx/qt6_p4ls4xzbnqkz75ny5wl40000gp/T//ccE9tot1.ltrans3.ltrans.o
 .comment       0x0000000000000000       0x71 /var/folders/nx/qt6_p4ls4xzbnqkz75ny5wl40000gp/T//ccE9tot1.ltrans4.ltrans.o

.debug_info     0x0000000000000000     0xc732
 .debug_info    0x0000000000000000     0x31d7 /var/folders/nx/qt6_p4ls4xzbnqkz75ny5wl40000gp/T//ccE9tot1.ltrans0.ltrans.o
 .debug_info    0x00000000000031d7     0x34e4 /var/folders/nx/qt6_p4ls4xzbnqkz75ny5wl40000gp/T//ccE9tot1.ltrans1.ltrans.o
 .debug_info    0x00000000000066bb     0x2ab1 /var/folders/nx/qt6_p4ls4xzbnqkz75ny5wl40000gp/T//ccE9tot1.ltrans2.ltrans.o
 .debug_info    0x000000000000916c     0x1427 /var/folders/nx/qt6_p4ls4xzbnqkz75ny5wl40000gp/T//ccE9tot1.ltrans3.ltrans.o
 .debug_info    0x000000000000a593     0x219f /var/folders/nx/qt6_p4ls4xzbnqkz75ny5wl40000gp/T//ccE9tot1.ltrans4.ltrans.o

.debug_abbrev   0x0000000000000000     0x1ad1
 .debug_abbrev  0x0000000000000000      0x5e7 /var/folders/nx/qt6_p4ls4xzbnqkz75ny5wl40000gp/T//ccE9tot1.ltrans0.ltrans.o
 .debug_abbrev  0x00000000000005e7      0x5d7 /var/folders/nx/qt6_p4ls4xzbnqkz75ny5wl40000gp/T//ccE9tot1.ltrans1.ltrans.o
 .debug_abbrev  0x0000000000000bbe      0x649 /var/folders/nx/qt6_p4ls4xzbnqkz75ny5wl40000gp/T//ccE9tot1.ltrans2.ltrans.o
 .debug_abbrev  0x0000000000001207      0x478 /var/folders/nx/qt6_p4ls4xzbnqkz75ny5wl40000gp/T//ccE9tot1.ltrans3.ltrans.o
 .debug_abbrev  0x000000000000167f      0x452 /var/folders/nx/qt6_p4ls4xzbnqkz75ny5wl40000gp/T//ccE9tot1.ltrans4.ltrans.o

.debug_loc      0x0000000000000000     0x3c11
 .debug_loc     0x0000000000000000      0xd6f /var/folders/nx/qt6_p4ls4xzbnqkz75ny5wl40000gp/T//ccE9tot1.ltrans0.ltrans.o
 .debug_loc     0x0000000000000d6f      0x83e /var/folders/nx/qt6_p4ls4xzbnqkz75ny5wl40000gp/T//ccE9tot1.ltrans1.ltrans.o
 .debug_loc     0x00000000000015ad     0x1497 /var/folders/nx/qt6_p4ls4xzbnqkz75ny5wl40000gp/T//ccE9tot1.ltrans2.ltrans.o
 .debug_loc     0x0000000000002a44      0xc48 /var/folders/nx/qt6_p4ls4xzbnqkz75ny5wl40000gp/T//ccE9tot1.ltrans3.ltrans.o
 .debug_loc     0x000000000000368c      0x585 /var/folders/nx/qt6_p4ls4xzbnqkz75ny5wl40000gp/T//ccE9tot1.ltrans4.ltrans.o

.debug_aranges  0x0000000000000000      0x358
 .debug_aranges
                0x0000000000000000       0xf8 /var/folders/nx/qt6_p4ls4xzbnqkz75ny5wl40000gp/T//ccE9tot1.ltrans0.ltrans.o
 .debug_aranges
                0x00000000000000f8       0x40 /var/folders/nx/qt6_p4ls4xzbnqkz75ny5wl40000gp/T//ccE9tot1.ltrans1.ltrans.o
 .debug_aranges
                0x0000000000000138      0x180 /var/folders/nx/qt6_p4ls4xzbnqkz75ny5wl40000gp/T//ccE9tot1.ltrans2.ltrans.o
 .debug_aranges
                0x00000000000002b8       0x30 /var/folders/nx/qt6_p4ls4xzbnqkz75ny5wl40000gp/T//ccE9tot1.ltrans3.ltrans.o
 .debug_aranges
                0x00000000000002e8       0x70 /var/folders/nx/qt6_p4ls4xzbnqkz75ny5wl40000gp/T//ccE9tot1.ltrans4.ltrans.o

.debug_ranges   0x0000000000000000     0x1580
 .debug_ranges  0x0000000000000000      0x368 /var/folders/nx/qt6_p4ls4xzbnqkz75ny5wl40000gp/T//ccE9tot1.ltrans0.ltrans.o
 .debug_ranges  0x0000000000000368      0x970 /var/folders/nx/qt6_p4ls4xzbnqkz75ny5wl40000gp/T//ccE9tot1.ltrans1.ltrans.o
 .debug_ranges  0x0000000000000cd8      0x5a0 /var/folders/nx/qt6_p4ls4xzbnqkz75ny5wl40000gp/T//ccE9tot1.ltrans2.ltrans.o
 .debug_ranges  0x0000000000001278      0x118 /var/folders/nx/qt6_p4ls4xzbnqkz75ny5wl40000gp/T//ccE9tot1.ltrans3.ltrans.o
 .debug_ranges  0x0000000000001390      0x1f0 /var/folders/nx/qt6_p4ls4xzbnqkz75ny5wl40000gp/T//ccE9tot1.ltrans4.ltrans.o

.debug_line     0x0000000000000000     0x34a9
 .debug_line    0x0000000000000000      0xbf6 /var/folders/nx/qt6_p4ls4xzbnqkz75ny5wl40000gp/T//ccE9tot1.ltrans0.ltrans.o
 .debug_line    0x0000000000000bf6      0xda1 /var/folders/nx/qt6_p4ls4xzbnqkz75ny5wl40000gp/T//ccE9tot1.ltrans1.ltrans.o
 .debug_line    0x0000000000001997      0xc4e /var/folders/nx/qt6_p4ls4xzbnqkz75ny5wl40000gp/T//ccE9tot1.ltrans2.ltrans.o
 .debug_line    0x00000000000025e5      0x62b /var/folders/nx/qt6_p4ls4xzbnqkz75ny5wl40000gp/T//ccE9tot1.ltrans3.ltrans.o
 .debug_line    0x0000000000002c10      0x899 /var/folders/nx/qt6_p4ls4xzbnqkz75ny5wl40000gp/T//ccE9tot1.ltrans4.ltrans.o

.debug_str      0x0000000000000000     0x2211
 .debug_str     0x0000000000000000      0xe1d /var/folders/nx/qt6_p4ls4xzbnqkz75ny5wl40000gp/T//ccE9tot1.ltrans0.ltrans.o
                                        0xebc (size before relaxing)
 .debug_str     0x0000000000000e1d      0x973 /var/folders/nx/qt6_p4ls4xzbnqkz75ny5wl40000gp/T//ccE9tot1.ltrans1.ltrans.o
                                       0x11ff (size before relaxing)
 .debug_str     0x0000000000001790      0x4ab /var/folders/nx/qt6_p4ls4xzbnqkz75ny5wl40000gp/T//ccE9tot1.ltrans2.ltrans.o
                                        0xc47 (size before relaxing)
 .debug_str     0x0000000000001c3b      0x2af /var/folders/nx/qt6_p4ls4xzbnqkz75ny5wl40000gp/T//ccE9tot1.ltrans3.ltrans.o
                                        0x908 (size before relaxing)
 .debug_str     0x0000000000001eea      0x327 /var/folders/nx/qt6_p4ls4xzbnqkz75ny5wl40000gp/T//ccE9tot1.ltrans4.ltrans.o
                                        0xe37 (size before relaxing)

.debug_frame    0x0000000000000000      0xb64
 .debug_frame   0x0000000000000000      0x35c /var/folders/nx/qt6_p4ls4xzbnqkz75ny5wl40000gp/T//ccE9tot1.ltrans0.ltrans.o
 .debug_frame   0x000000000000035c       0xc8 /var/folders/nx/qt6_p4ls4xzbnqkz75ny5wl40000gp/T//ccE9tot1.ltrans1.ltrans.o
 .debug_frame   0x0000000000000424      0x494 /var/folders/nx/qt6_p4ls4xzbnqkz75ny5wl40000gp/T//ccE9tot1.ltrans2.ltrans.o
 .debug_frame   0x00000000000008b8       0xc4 /var/folders/nx/qt6_p4ls4xzbnqkz75ny5wl40000gp/T//ccE9tot1.ltrans3.ltrans.o
 .debug_frame   0x000000000000097c      0x14c /var/folders/nx/qt6_p4ls4xzbnqkz75ny5wl40000gp/T//ccE9tot1.ltrans4.ltrans.o
 .debug_frame   0x0000000000000ac8       0x34 /usr/local/Cellar/arm-none-eabi-gcc/20150921/bin/../lib/gcc/arm-none-eabi/4.9.3/../../../../arm-none-eabi/lib/armv7e-m/libg.a(lib_a-memset.o)
 .debug_frame   0x0000000000000afc       0x34 /usr/local/Cellar/arm-none-eabi-gcc/20150921/bin/../lib/gcc/arm-none-eabi/4.9.3/../../../../arm-none-eabi/lib/armv7e-m/libg.a(lib_a-strpbrk.o)
 .debug_frame   0x0000000000000b30       0x34 /usr/local/Cellar/arm-none-eabi-gcc/20150921/bin/../lib/gcc/arm-none-eabi/4.9.3/../../../../arm-none-eabi/lib/armv7e-m/libg.a(lib_a-strspn.o)

Cross Reference Table

Symbol                                            File
BusFault_Handler                                  /var/folders/nx/qt6_p4ls4xzbnqkz75ny5wl40000gp/T//ccE9tot1.ltrans2.ltrans.o
                                                  build/obj/vectors.o (symbol from plugin)
                                                  /var/folders/nx/qt6_p4ls4xzbnqkz75ny5wl40000gp/T//ccE9tot1.ltrans0.ltrans.o
DebugMon_Handler                                  /var/folders/nx/qt6_p4ls4xzbnqkz75ny5wl40000gp/T//ccE9tot1.ltrans2.ltrans.o
                                                  build/obj/vectors.o (symbol from plugin)
                                                  /var/folders/nx/qt6_p4ls4xzbnqkz75ny5wl40000gp/T//ccE9tot1.ltrans0.ltrans.o
EXTD1                                             /var/folders/nx/qt6_p4ls4xzbnqkz75ny5wl40000gp/T//ccE9tot1.ltrans1.ltrans.o
                                                  build/obj/ext_lld.o (symbol from plugin)
                                                  /var/folders/nx/qt6_p4ls4xzbnqkz75ny5wl40000gp/T//ccE9tot1.ltrans0.ltrans.o
                                                  build/obj/ext_lld_isr.o (symbol from plugin)
HardFault_Handler                                 /var/folders/nx/qt6_p4ls4xzbnqkz75ny5wl40000gp/T//ccE9tot1.ltrans2.ltrans.o
                                                  build/obj/vectors.o (symbol from plugin)
                                                  /var/folders/nx/qt6_p4ls4xzbnqkz75ny5wl40000gp/T//ccE9tot1.ltrans0.ltrans.o
MainWrapper                                       build/obj/main.o (symbol from plugin)
MemManage_Handler                                 /var/folders/nx/qt6_p4ls4xzbnqkz75ny5wl40000gp/T//ccE9tot1.ltrans2.ltrans.o
                                                  build/obj/vectors.o (symbol from plugin)
                                                  /var/folders/nx/qt6_p4ls4xzbnqkz75ny5wl40000gp/T//ccE9tot1.ltrans0.ltrans.o
NMI_Handler                                       /var/folders/nx/qt6_p4ls4xzbnqkz75ny5wl40000gp/T//ccE9tot1.ltrans2.ltrans.o
                                                  build/obj/vectors.o (symbol from plugin)
                                                  /var/folders/nx/qt6_p4ls4xzbnqkz75ny5wl40000gp/T//ccE9tot1.ltrans0.ltrans.o
PendSV_Handler                                    /var/folders/nx/qt6_p4ls4xzbnqkz75ny5wl40000gp/T//ccE9tot1.ltrans2.ltrans.o
                                                  build/obj/vectors.o (symbol from plugin)
                                                  /var/folders/nx/qt6_p4ls4xzbnqkz75ny5wl40000gp/T//ccE9tot1.ltrans0.ltrans.o
Reset_Handler                                     build/obj/crt0_v7m.o
                                                  /var/folders/nx/qt6_p4ls4xzbnqkz75ny5wl40000gp/T//ccE9tot1.ltrans0.ltrans.o
SD1                                               /var/folders/nx/qt6_p4ls4xzbnqkz75ny5wl40000gp/T//ccE9tot1.ltrans4.ltrans.o
                                                  build/obj/serial_lld.o (symbol from plugin)
                                                  /var/folders/nx/qt6_p4ls4xzbnqkz75ny5wl40000gp/T//ccE9tot1.ltrans1.ltrans.o
                                                  /var/folders/nx/qt6_p4ls4xzbnqkz75ny5wl40000gp/T//ccE9tot1.ltrans0.ltrans.o
                                                  build/obj/main.o (symbol from plugin)
SPID1                                             /var/folders/nx/qt6_p4ls4xzbnqkz75ny5wl40000gp/T//ccE9tot1.ltrans4.ltrans.o
                                                  build/obj/spi_lld.o (symbol from plugin)
                                                  /var/folders/nx/qt6_p4ls4xzbnqkz75ny5wl40000gp/T//ccE9tot1.ltrans3.ltrans.o
                                                  /var/folders/nx/qt6_p4ls4xzbnqkz75ny5wl40000gp/T//ccE9tot1.ltrans1.ltrans.o
                                                  build/obj/main.o (symbol from plugin)
SPID3                                             /var/folders/nx/qt6_p4ls4xzbnqkz75ny5wl40000gp/T//ccE9tot1.ltrans1.ltrans.o
                                                  build/obj/spi_lld.o (symbol from plugin)
SVC_Handler                                       /var/folders/nx/qt6_p4ls4xzbnqkz75ny5wl40000gp/T//ccE9tot1.ltrans2.ltrans.o
                                                  build/obj/chcore_v7m.o (symbol from plugin)
                                                  build/obj/vectors.o (symbol from plugin)
                                                  /var/folders/nx/qt6_p4ls4xzbnqkz75ny5wl40000gp/T//ccE9tot1.ltrans0.ltrans.o
SysTick_Handler                                   /var/folders/nx/qt6_p4ls4xzbnqkz75ny5wl40000gp/T//ccE9tot1.ltrans2.ltrans.o
                                                  build/obj/vectors.o (symbol from plugin)
                                                  /var/folders/nx/qt6_p4ls4xzbnqkz75ny5wl40000gp/T//ccE9tot1.ltrans0.ltrans.o
SystemCoreClock                                   build/obj/hal_lld.o (symbol from plugin)
TestThread                                        build/obj/test.o (symbol from plugin)
UsageFault_Handler                                /var/folders/nx/qt6_p4ls4xzbnqkz75ny5wl40000gp/T//ccE9tot1.ltrans2.ltrans.o
                                                  build/obj/vectors.o (symbol from plugin)
                                                  /var/folders/nx/qt6_p4ls4xzbnqkz75ny5wl40000gp/T//ccE9tot1.ltrans0.ltrans.o
Vector100                                         /var/folders/nx/qt6_p4ls4xzbnqkz75ny5wl40000gp/T//ccE9tot1.ltrans2.ltrans.o
                                                  build/obj/vectors.o (symbol from plugin)
                                                  /var/folders/nx/qt6_p4ls4xzbnqkz75ny5wl40000gp/T//ccE9tot1.ltrans0.ltrans.o
Vector104                                         /var/folders/nx/qt6_p4ls4xzbnqkz75ny5wl40000gp/T//ccE9tot1.ltrans2.ltrans.o
                                                  build/obj/vectors.o (symbol from plugin)
                                                  /var/folders/nx/qt6_p4ls4xzbnqkz75ny5wl40000gp/T//ccE9tot1.ltrans0.ltrans.o
Vector108                                         /var/folders/nx/qt6_p4ls4xzbnqkz75ny5wl40000gp/T//ccE9tot1.ltrans2.ltrans.o
                                                  build/obj/vectors.o (symbol from plugin)
                                                  /var/folders/nx/qt6_p4ls4xzbnqkz75ny5wl40000gp/T//ccE9tot1.ltrans0.ltrans.o
Vector10C                                         /var/folders/nx/qt6_p4ls4xzbnqkz75ny5wl40000gp/T//ccE9tot1.ltrans2.ltrans.o
                                                  build/obj/vectors.o (symbol from plugin)
                                                  /var/folders/nx/qt6_p4ls4xzbnqkz75ny5wl40000gp/T//ccE9tot1.ltrans0.ltrans.o
Vector110                                         /var/folders/nx/qt6_p4ls4xzbnqkz75ny5wl40000gp/T//ccE9tot1.ltrans2.ltrans.o
                                                  build/obj/vectors.o (symbol from plugin)
                                                  /var/folders/nx/qt6_p4ls4xzbnqkz75ny5wl40000gp/T//ccE9tot1.ltrans0.ltrans.o
Vector114                                         /var/folders/nx/qt6_p4ls4xzbnqkz75ny5wl40000gp/T//ccE9tot1.ltrans2.ltrans.o
                                                  build/obj/vectors.o (symbol from plugin)
                                                  /var/folders/nx/qt6_p4ls4xzbnqkz75ny5wl40000gp/T//ccE9tot1.ltrans0.ltrans.o
Vector118                                         /var/folders/nx/qt6_p4ls4xzbnqkz75ny5wl40000gp/T//ccE9tot1.ltrans2.ltrans.o
                                                  build/obj/vectors.o (symbol from plugin)
                                                  /var/folders/nx/qt6_p4ls4xzbnqkz75ny5wl40000gp/T//ccE9tot1.ltrans0.ltrans.o
Vector11C                                         /var/folders/nx/qt6_p4ls4xzbnqkz75ny5wl40000gp/T//ccE9tot1.ltrans2.ltrans.o
                                                  build/obj/vectors.o (symbol from plugin)
                                                  /var/folders/nx/qt6_p4ls4xzbnqkz75ny5wl40000gp/T//ccE9tot1.ltrans0.ltrans.o
Vector120                                         /var/folders/nx/qt6_p4ls4xzbnqkz75ny5wl40000gp/T//ccE9tot1.ltrans2.ltrans.o
                                                  build/obj/stm32_dma.o (symbol from plugin)
                                                  build/obj/vectors.o (symbol from plugin)
                                                  /var/folders/nx/qt6_p4ls4xzbnqkz75ny5wl40000gp/T//ccE9tot1.ltrans0.ltrans.o
Vector124                                         /var/folders/nx/qt6_p4ls4xzbnqkz75ny5wl40000gp/T//ccE9tot1.ltrans2.ltrans.o
                                                  build/obj/stm32_dma.o (symbol from plugin)
                                                  build/obj/vectors.o (symbol from plugin)
                                                  /var/folders/nx/qt6_p4ls4xzbnqkz75ny5wl40000gp/T//ccE9tot1.ltrans0.ltrans.o
Vector128                                         build/obj/stm32_dma.o (symbol from plugin)
                                                  build/obj/vectors.o (symbol from plugin)
Vector12C                                         build/obj/stm32_dma.o (symbol from plugin)
                                                  build/obj/vectors.o (symbol from plugin)
Vector130                                         build/obj/stm32_dma.o (symbol from plugin)
                                                  build/obj/vectors.o (symbol from plugin)
Vector134                                         /var/folders/nx/qt6_p4ls4xzbnqkz75ny5wl40000gp/T//ccE9tot1.ltrans2.ltrans.o
                                                  build/obj/vectors.o (symbol from plugin)
                                                  /var/folders/nx/qt6_p4ls4xzbnqkz75ny5wl40000gp/T//ccE9tot1.ltrans0.ltrans.o
Vector138                                         /var/folders/nx/qt6_p4ls4xzbnqkz75ny5wl40000gp/T//ccE9tot1.ltrans2.ltrans.o
                                                  build/obj/vectors.o (symbol from plugin)
                                                  /var/folders/nx/qt6_p4ls4xzbnqkz75ny5wl40000gp/T//ccE9tot1.ltrans0.ltrans.o
Vector13C                                         /var/folders/nx/qt6_p4ls4xzbnqkz75ny5wl40000gp/T//ccE9tot1.ltrans2.ltrans.o
                                                  build/obj/vectors.o (symbol from plugin)
                                                  /var/folders/nx/qt6_p4ls4xzbnqkz75ny5wl40000gp/T//ccE9tot1.ltrans0.ltrans.o
Vector140                                         build/obj/ext_lld_isr.o (symbol from plugin)
                                                  build/obj/vectors.o (symbol from plugin)
Vector144                                         build/obj/ext_lld_isr.o (symbol from plugin)
                                                  build/obj/vectors.o (symbol from plugin)
Vector148                                         build/obj/ext_lld_isr.o (symbol from plugin)
                                                  build/obj/vectors.o (symbol from plugin)
Vector14C                                         /var/folders/nx/qt6_p4ls4xzbnqkz75ny5wl40000gp/T//ccE9tot1.ltrans2.ltrans.o
                                                  build/obj/vectors.o (symbol from plugin)
                                                  /var/folders/nx/qt6_p4ls4xzbnqkz75ny5wl40000gp/T//ccE9tot1.ltrans0.ltrans.o
Vector150                                         /var/folders/nx/qt6_p4ls4xzbnqkz75ny5wl40000gp/T//ccE9tot1.ltrans2.ltrans.o
                                                  build/obj/vectors.o (symbol from plugin)
                                                  /var/folders/nx/qt6_p4ls4xzbnqkz75ny5wl40000gp/T//ccE9tot1.ltrans0.ltrans.o
Vector154                                         /var/folders/nx/qt6_p4ls4xzbnqkz75ny5wl40000gp/T//ccE9tot1.ltrans2.ltrans.o
                                                  build/obj/vectors.o (symbol from plugin)
                                                  /var/folders/nx/qt6_p4ls4xzbnqkz75ny5wl40000gp/T//ccE9tot1.ltrans0.ltrans.o
Vector158                                         /var/folders/nx/qt6_p4ls4xzbnqkz75ny5wl40000gp/T//ccE9tot1.ltrans2.ltrans.o
                                                  build/obj/vectors.o (symbol from plugin)
                                                  /var/folders/nx/qt6_p4ls4xzbnqkz75ny5wl40000gp/T//ccE9tot1.ltrans0.ltrans.o
Vector15C                                         /var/folders/nx/qt6_p4ls4xzbnqkz75ny5wl40000gp/T//ccE9tot1.ltrans2.ltrans.o
                                                  build/obj/vectors.o (symbol from plugin)
                                                  /var/folders/nx/qt6_p4ls4xzbnqkz75ny5wl40000gp/T//ccE9tot1.ltrans0.ltrans.o
Vector160                                         /var/folders/nx/qt6_p4ls4xzbnqkz75ny5wl40000gp/T//ccE9tot1.ltrans2.ltrans.o
                                                  build/obj/vectors.o (symbol from plugin)
                                                  /var/folders/nx/qt6_p4ls4xzbnqkz75ny5wl40000gp/T//ccE9tot1.ltrans0.ltrans.o
Vector164                                         /var/folders/nx/qt6_p4ls4xzbnqkz75ny5wl40000gp/T//ccE9tot1.ltrans2.ltrans.o
                                                  build/obj/vectors.o (symbol from plugin)
                                                  /var/folders/nx/qt6_p4ls4xzbnqkz75ny5wl40000gp/T//ccE9tot1.ltrans0.ltrans.o
Vector168                                         /var/folders/nx/qt6_p4ls4xzbnqkz75ny5wl40000gp/T//ccE9tot1.ltrans2.ltrans.o
                                                  build/obj/vectors.o (symbol from plugin)
                                                  /var/folders/nx/qt6_p4ls4xzbnqkz75ny5wl40000gp/T//ccE9tot1.ltrans0.ltrans.o
Vector16C                                         /var/folders/nx/qt6_p4ls4xzbnqkz75ny5wl40000gp/T//ccE9tot1.ltrans2.ltrans.o
                                                  build/obj/vectors.o (symbol from plugin)
                                                  /var/folders/nx/qt6_p4ls4xzbnqkz75ny5wl40000gp/T//ccE9tot1.ltrans0.ltrans.o
Vector170                                         /var/folders/nx/qt6_p4ls4xzbnqkz75ny5wl40000gp/T//ccE9tot1.ltrans2.ltrans.o
                                                  build/obj/vectors.o (symbol from plugin)
                                                  /var/folders/nx/qt6_p4ls4xzbnqkz75ny5wl40000gp/T//ccE9tot1.ltrans0.ltrans.o
Vector174                                         /var/folders/nx/qt6_p4ls4xzbnqkz75ny5wl40000gp/T//ccE9tot1.ltrans2.ltrans.o
                                                  build/obj/vectors.o (symbol from plugin)
                                                  /var/folders/nx/qt6_p4ls4xzbnqkz75ny5wl40000gp/T//ccE9tot1.ltrans0.ltrans.o
Vector178                                         /var/folders/nx/qt6_p4ls4xzbnqkz75ny5wl40000gp/T//ccE9tot1.ltrans2.ltrans.o
                                                  build/obj/vectors.o (symbol from plugin)
                                                  /var/folders/nx/qt6_p4ls4xzbnqkz75ny5wl40000gp/T//ccE9tot1.ltrans0.ltrans.o
Vector17C                                         /var/folders/nx/qt6_p4ls4xzbnqkz75ny5wl40000gp/T//ccE9tot1.ltrans2.ltrans.o
                                                  build/obj/vectors.o (symbol from plugin)
                                                  /var/folders/nx/qt6_p4ls4xzbnqkz75ny5wl40000gp/T//ccE9tot1.ltrans0.ltrans.o
Vector180                                         /var/folders/nx/qt6_p4ls4xzbnqkz75ny5wl40000gp/T//ccE9tot1.ltrans2.ltrans.o
                                                  build/obj/vectors.o (symbol from plugin)
                                                  /var/folders/nx/qt6_p4ls4xzbnqkz75ny5wl40000gp/T//ccE9tot1.ltrans0.ltrans.o
Vector184                                         /var/folders/nx/qt6_p4ls4xzbnqkz75ny5wl40000gp/T//ccE9tot1.ltrans2.ltrans.o
                                                  build/obj/vectors.o (symbol from plugin)
                                                  /var/folders/nx/qt6_p4ls4xzbnqkz75ny5wl40000gp/T//ccE9tot1.ltrans0.ltrans.o
Vector188                                         /var/folders/nx/qt6_p4ls4xzbnqkz75ny5wl40000gp/T//ccE9tot1.ltrans2.ltrans.o
                                                  build/obj/vectors.o (symbol from plugin)
                                                  /var/folders/nx/qt6_p4ls4xzbnqkz75ny5wl40000gp/T//ccE9tot1.ltrans0.ltrans.o
Vector18C                                         /var/folders/nx/qt6_p4ls4xzbnqkz75ny5wl40000gp/T//ccE9tot1.ltrans2.ltrans.o
                                                  build/obj/vectors.o (symbol from plugin)
                                                  /var/folders/nx/qt6_p4ls4xzbnqkz75ny5wl40000gp/T//ccE9tot1.ltrans0.ltrans.o
Vector190                                         /var/folders/nx/qt6_p4ls4xzbnqkz75ny5wl40000gp/T//ccE9tot1.ltrans2.ltrans.o
                                                  build/obj/vectors.o (symbol from plugin)
                                                  /var/folders/nx/qt6_p4ls4xzbnqkz75ny5wl40000gp/T//ccE9tot1.ltrans0.ltrans.o
Vector194                                         /var/folders/nx/qt6_p4ls4xzbnqkz75ny5wl40000gp/T//ccE9tot1.ltrans2.ltrans.o
                                                  build/obj/vectors.o (symbol from plugin)
                                                  /var/folders/nx/qt6_p4ls4xzbnqkz75ny5wl40000gp/T//ccE9tot1.ltrans0.ltrans.o
Vector198                                         /var/folders/nx/qt6_p4ls4xzbnqkz75ny5wl40000gp/T//ccE9tot1.ltrans2.ltrans.o
                                                  build/obj/vectors.o (symbol from plugin)
                                                  /var/folders/nx/qt6_p4ls4xzbnqkz75ny5wl40000gp/T//ccE9tot1.ltrans0.ltrans.o
Vector19C                                         /var/folders/nx/qt6_p4ls4xzbnqkz75ny5wl40000gp/T//ccE9tot1.ltrans2.ltrans.o
                                                  build/obj/vectors.o (symbol from plugin)
                                                  /var/folders/nx/qt6_p4ls4xzbnqkz75ny5wl40000gp/T//ccE9tot1.ltrans0.ltrans.o
Vector1C                                          /var/folders/nx/qt6_p4ls4xzbnqkz75ny5wl40000gp/T//ccE9tot1.ltrans2.ltrans.o
                                                  build/obj/vectors.o (symbol from plugin)
                                                  /var/folders/nx/qt6_p4ls4xzbnqkz75ny5wl40000gp/T//ccE9tot1.ltrans0.ltrans.o
Vector20                                          /var/folders/nx/qt6_p4ls4xzbnqkz75ny5wl40000gp/T//ccE9tot1.ltrans2.ltrans.o
                                                  build/obj/vectors.o (symbol from plugin)
                                                  /var/folders/nx/qt6_p4ls4xzbnqkz75ny5wl40000gp/T//ccE9tot1.ltrans0.ltrans.o
Vector24                                          /var/folders/nx/qt6_p4ls4xzbnqkz75ny5wl40000gp/T//ccE9tot1.ltrans2.ltrans.o
                                                  build/obj/vectors.o (symbol from plugin)
                                                  /var/folders/nx/qt6_p4ls4xzbnqkz75ny5wl40000gp/T//ccE9tot1.ltrans0.ltrans.o
Vector28                                          /var/folders/nx/qt6_p4ls4xzbnqkz75ny5wl40000gp/T//ccE9tot1.ltrans2.ltrans.o
                                                  build/obj/vectors.o (symbol from plugin)
                                                  /var/folders/nx/qt6_p4ls4xzbnqkz75ny5wl40000gp/T//ccE9tot1.ltrans0.ltrans.o
Vector34                                          /var/folders/nx/qt6_p4ls4xzbnqkz75ny5wl40000gp/T//ccE9tot1.ltrans2.ltrans.o
                                                  build/obj/vectors.o (symbol from plugin)
                                                  /var/folders/nx/qt6_p4ls4xzbnqkz75ny5wl40000gp/T//ccE9tot1.ltrans0.ltrans.o
Vector40                                          /var/folders/nx/qt6_p4ls4xzbnqkz75ny5wl40000gp/T//ccE9tot1.ltrans2.ltrans.o
                                                  build/obj/vectors.o (symbol from plugin)
                                                  /var/folders/nx/qt6_p4ls4xzbnqkz75ny5wl40000gp/T//ccE9tot1.ltrans0.ltrans.o
Vector44                                          build/obj/ext_lld_isr.o (symbol from plugin)
                                                  build/obj/vectors.o (symbol from plugin)
Vector48                                          build/obj/ext_lld_isr.o (symbol from plugin)
                                                  build/obj/vectors.o (symbol from plugin)
Vector4C                                          build/obj/ext_lld_isr.o (symbol from plugin)
                                                  build/obj/vectors.o (symbol from plugin)
Vector50                                          /var/folders/nx/qt6_p4ls4xzbnqkz75ny5wl40000gp/T//ccE9tot1.ltrans2.ltrans.o
                                                  build/obj/vectors.o (symbol from plugin)
                                                  /var/folders/nx/qt6_p4ls4xzbnqkz75ny5wl40000gp/T//ccE9tot1.ltrans0.ltrans.o
Vector54                                          /var/folders/nx/qt6_p4ls4xzbnqkz75ny5wl40000gp/T//ccE9tot1.ltrans2.ltrans.o
                                                  build/obj/vectors.o (symbol from plugin)
                                                  /var/folders/nx/qt6_p4ls4xzbnqkz75ny5wl40000gp/T//ccE9tot1.ltrans0.ltrans.o
Vector58                                          build/obj/ext_lld_isr.o (symbol from plugin)
                                                  build/obj/vectors.o (symbol from plugin)
Vector5C                                          build/obj/ext_lld_isr.o (symbol from plugin)
                                                  build/obj/vectors.o (symbol from plugin)
Vector60                                          build/obj/ext_lld_isr.o (symbol from plugin)
                                                  build/obj/vectors.o (symbol from plugin)
Vector64                                          build/obj/ext_lld_isr.o (symbol from plugin)
                                                  build/obj/vectors.o (symbol from plugin)
Vector68                                          build/obj/ext_lld_isr.o (symbol from plugin)
                                                  build/obj/vectors.o (symbol from plugin)
Vector6C                                          /var/folders/nx/qt6_p4ls4xzbnqkz75ny5wl40000gp/T//ccE9tot1.ltrans2.ltrans.o
                                                  build/obj/stm32_dma.o (symbol from plugin)
                                                  build/obj/vectors.o (symbol from plugin)
                                                  /var/folders/nx/qt6_p4ls4xzbnqkz75ny5wl40000gp/T//ccE9tot1.ltrans0.ltrans.o
Vector70                                          /var/folders/nx/qt6_p4ls4xzbnqkz75ny5wl40000gp/T//ccE9tot1.ltrans2.ltrans.o
                                                  build/obj/stm32_dma.o (symbol from plugin)
                                                  build/obj/vectors.o (symbol from plugin)
                                                  /var/folders/nx/qt6_p4ls4xzbnqkz75ny5wl40000gp/T//ccE9tot1.ltrans0.ltrans.o
Vector74                                          /var/folders/nx/qt6_p4ls4xzbnqkz75ny5wl40000gp/T//ccE9tot1.ltrans2.ltrans.o
                                                  build/obj/stm32_dma.o (symbol from plugin)
                                                  build/obj/vectors.o (symbol from plugin)
                                                  /var/folders/nx/qt6_p4ls4xzbnqkz75ny5wl40000gp/T//ccE9tot1.ltrans0.ltrans.o
Vector78                                          /var/folders/nx/qt6_p4ls4xzbnqkz75ny5wl40000gp/T//ccE9tot1.ltrans2.ltrans.o
                                                  build/obj/stm32_dma.o (symbol from plugin)
                                                  build/obj/vectors.o (symbol from plugin)
                                                  /var/folders/nx/qt6_p4ls4xzbnqkz75ny5wl40000gp/T//ccE9tot1.ltrans0.ltrans.o
Vector7C                                          /var/folders/nx/qt6_p4ls4xzbnqkz75ny5wl40000gp/T//ccE9tot1.ltrans2.ltrans.o
                                                  build/obj/stm32_dma.o (symbol from plugin)
                                                  build/obj/vectors.o (symbol from plugin)
                                                  /var/folders/nx/qt6_p4ls4xzbnqkz75ny5wl40000gp/T//ccE9tot1.ltrans0.ltrans.o
Vector80                                          /var/folders/nx/qt6_p4ls4xzbnqkz75ny5wl40000gp/T//ccE9tot1.ltrans2.ltrans.o
                                                  build/obj/stm32_dma.o (symbol from plugin)
                                                  build/obj/vectors.o (symbol from plugin)
                                                  /var/folders/nx/qt6_p4ls4xzbnqkz75ny5wl40000gp/T//ccE9tot1.ltrans0.ltrans.o
Vector84                                          /var/folders/nx/qt6_p4ls4xzbnqkz75ny5wl40000gp/T//ccE9tot1.ltrans2.ltrans.o
                                                  build/obj/stm32_dma.o (symbol from plugin)
                                                  build/obj/vectors.o (symbol from plugin)
                                                  /var/folders/nx/qt6_p4ls4xzbnqkz75ny5wl40000gp/T//ccE9tot1.ltrans0.ltrans.o
Vector88                                          /var/folders/nx/qt6_p4ls4xzbnqkz75ny5wl40000gp/T//ccE9tot1.ltrans2.ltrans.o
                                                  build/obj/vectors.o (symbol from plugin)
                                                  /var/folders/nx/qt6_p4ls4xzbnqkz75ny5wl40000gp/T//ccE9tot1.ltrans0.ltrans.o
Vector8C                                          /var/folders/nx/qt6_p4ls4xzbnqkz75ny5wl40000gp/T//ccE9tot1.ltrans2.ltrans.o
                                                  build/obj/vectors.o (symbol from plugin)
                                                  /var/folders/nx/qt6_p4ls4xzbnqkz75ny5wl40000gp/T//ccE9tot1.ltrans0.ltrans.o
Vector90                                          /var/folders/nx/qt6_p4ls4xzbnqkz75ny5wl40000gp/T//ccE9tot1.ltrans2.ltrans.o
                                                  build/obj/vectors.o (symbol from plugin)
                                                  /var/folders/nx/qt6_p4ls4xzbnqkz75ny5wl40000gp/T//ccE9tot1.ltrans0.ltrans.o
Vector94                                          /var/folders/nx/qt6_p4ls4xzbnqkz75ny5wl40000gp/T//ccE9tot1.ltrans2.ltrans.o
                                                  build/obj/vectors.o (symbol from plugin)
                                                  /var/folders/nx/qt6_p4ls4xzbnqkz75ny5wl40000gp/T//ccE9tot1.ltrans0.ltrans.o
Vector98                                          /var/folders/nx/qt6_p4ls4xzbnqkz75ny5wl40000gp/T//ccE9tot1.ltrans2.ltrans.o
                                                  build/obj/vectors.o (symbol from plugin)
                                                  /var/folders/nx/qt6_p4ls4xzbnqkz75ny5wl40000gp/T//ccE9tot1.ltrans0.ltrans.o
Vector9C                                          build/obj/ext_lld_isr.o (symbol from plugin)
                                                  build/obj/vectors.o (symbol from plugin)
VectorA0                                          /var/folders/nx/qt6_p4ls4xzbnqkz75ny5wl40000gp/T//ccE9tot1.ltrans2.ltrans.o
                                                  build/obj/vectors.o (symbol from plugin)
                                                  /var/folders/nx/qt6_p4ls4xzbnqkz75ny5wl40000gp/T//ccE9tot1.ltrans0.ltrans.o
VectorA4                                          /var/folders/nx/qt6_p4ls4xzbnqkz75ny5wl40000gp/T//ccE9tot1.ltrans2.ltrans.o
                                                  build/obj/vectors.o (symbol from plugin)
                                                  /var/folders/nx/qt6_p4ls4xzbnqkz75ny5wl40000gp/T//ccE9tot1.ltrans0.ltrans.o
VectorA8                                          /var/folders/nx/qt6_p4ls4xzbnqkz75ny5wl40000gp/T//ccE9tot1.ltrans2.ltrans.o
                                                  build/obj/vectors.o (symbol from plugin)
                                                  /var/folders/nx/qt6_p4ls4xzbnqkz75ny5wl40000gp/T//ccE9tot1.ltrans0.ltrans.o
VectorAC                                          /var/folders/nx/qt6_p4ls4xzbnqkz75ny5wl40000gp/T//ccE9tot1.ltrans2.ltrans.o
                                                  build/obj/vectors.o (symbol from plugin)
                                                  /var/folders/nx/qt6_p4ls4xzbnqkz75ny5wl40000gp/T//ccE9tot1.ltrans0.ltrans.o
VectorB0                                          build/obj/st_lld.o (symbol from plugin)
                                                  build/obj/vectors.o (symbol from plugin)
VectorB4                                          /var/folders/nx/qt6_p4ls4xzbnqkz75ny5wl40000gp/T//ccE9tot1.ltrans2.ltrans.o
                                                  build/obj/vectors.o (symbol from plugin)
                                                  /var/folders/nx/qt6_p4ls4xzbnqkz75ny5wl40000gp/T//ccE9tot1.ltrans0.ltrans.o
VectorB8                                          /var/folders/nx/qt6_p4ls4xzbnqkz75ny5wl40000gp/T//ccE9tot1.ltrans2.ltrans.o
                                                  build/obj/vectors.o (symbol from plugin)
                                                  /var/folders/nx/qt6_p4ls4xzbnqkz75ny5wl40000gp/T//ccE9tot1.ltrans0.ltrans.o
VectorBC                                          /var/folders/nx/qt6_p4ls4xzbnqkz75ny5wl40000gp/T//ccE9tot1.ltrans2.ltrans.o
                                                  build/obj/vectors.o (symbol from plugin)
                                                  /var/folders/nx/qt6_p4ls4xzbnqkz75ny5wl40000gp/T//ccE9tot1.ltrans0.ltrans.o
VectorC0                                          /var/folders/nx/qt6_p4ls4xzbnqkz75ny5wl40000gp/T//ccE9tot1.ltrans2.ltrans.o
                                                  build/obj/vectors.o (symbol from plugin)
                                                  /var/folders/nx/qt6_p4ls4xzbnqkz75ny5wl40000gp/T//ccE9tot1.ltrans0.ltrans.o
VectorC4                                          /var/folders/nx/qt6_p4ls4xzbnqkz75ny5wl40000gp/T//ccE9tot1.ltrans2.ltrans.o
                                                  build/obj/vectors.o (symbol from plugin)
                                                  /var/folders/nx/qt6_p4ls4xzbnqkz75ny5wl40000gp/T//ccE9tot1.ltrans0.ltrans.o
VectorC8                                          /var/folders/nx/qt6_p4ls4xzbnqkz75ny5wl40000gp/T//ccE9tot1.ltrans2.ltrans.o
                                                  build/obj/vectors.o (symbol from plugin)
                                                  /var/folders/nx/qt6_p4ls4xzbnqkz75ny5wl40000gp/T//ccE9tot1.ltrans0.ltrans.o
VectorCC                                          /var/folders/nx/qt6_p4ls4xzbnqkz75ny5wl40000gp/T//ccE9tot1.ltrans2.ltrans.o
                                                  build/obj/vectors.o (symbol from plugin)
                                                  /var/folders/nx/qt6_p4ls4xzbnqkz75ny5wl40000gp/T//ccE9tot1.ltrans0.ltrans.o
VectorD0                                          /var/folders/nx/qt6_p4ls4xzbnqkz75ny5wl40000gp/T//ccE9tot1.ltrans2.ltrans.o
                                                  build/obj/vectors.o (symbol from plugin)
                                                  /var/folders/nx/qt6_p4ls4xzbnqkz75ny5wl40000gp/T//ccE9tot1.ltrans0.ltrans.o
VectorD4                                          build/obj/serial_lld.o (symbol from plugin)
                                                  build/obj/vectors.o (symbol from plugin)
VectorD8                                          /var/folders/nx/qt6_p4ls4xzbnqkz75ny5wl40000gp/T//ccE9tot1.ltrans2.ltrans.o
                                                  build/obj/vectors.o (symbol from plugin)
                                                  /var/folders/nx/qt6_p4ls4xzbnqkz75ny5wl40000gp/T//ccE9tot1.ltrans0.ltrans.o
VectorDC                                          /var/folders/nx/qt6_p4ls4xzbnqkz75ny5wl40000gp/T//ccE9tot1.ltrans2.ltrans.o
                                                  build/obj/vectors.o (symbol from plugin)
                                                  /var/folders/nx/qt6_p4ls4xzbnqkz75ny5wl40000gp/T//ccE9tot1.ltrans0.ltrans.o
VectorE0                                          build/obj/ext_lld_isr.o (symbol from plugin)
                                                  build/obj/vectors.o (symbol from plugin)
VectorE4                                          build/obj/ext_lld_isr.o (symbol from plugin)
                                                  build/obj/vectors.o (symbol from plugin)
VectorE8                                          build/obj/ext_lld_isr.o (symbol from plugin)
                                                  build/obj/vectors.o (symbol from plugin)
VectorEC                                          /var/folders/nx/qt6_p4ls4xzbnqkz75ny5wl40000gp/T//ccE9tot1.ltrans2.ltrans.o
                                                  build/obj/vectors.o (symbol from plugin)
                                                  /var/folders/nx/qt6_p4ls4xzbnqkz75ny5wl40000gp/T//ccE9tot1.ltrans0.ltrans.o
VectorF0                                          /var/folders/nx/qt6_p4ls4xzbnqkz75ny5wl40000gp/T//ccE9tot1.ltrans2.ltrans.o
                                                  build/obj/vectors.o (symbol from plugin)
                                                  /var/folders/nx/qt6_p4ls4xzbnqkz75ny5wl40000gp/T//ccE9tot1.ltrans0.ltrans.o
VectorF4                                          /var/folders/nx/qt6_p4ls4xzbnqkz75ny5wl40000gp/T//ccE9tot1.ltrans2.ltrans.o
                                                  build/obj/vectors.o (symbol from plugin)
                                                  /var/folders/nx/qt6_p4ls4xzbnqkz75ny5wl40000gp/T//ccE9tot1.ltrans0.ltrans.o
VectorF8                                          /var/folders/nx/qt6_p4ls4xzbnqkz75ny5wl40000gp/T//ccE9tot1.ltrans2.ltrans.o
                                                  build/obj/vectors.o (symbol from plugin)
                                                  /var/folders/nx/qt6_p4ls4xzbnqkz75ny5wl40000gp/T//ccE9tot1.ltrans0.ltrans.o
VectorFC                                          /var/folders/nx/qt6_p4ls4xzbnqkz75ny5wl40000gp/T//ccE9tot1.ltrans2.ltrans.o
                                                  build/obj/vectors.o (symbol from plugin)
                                                  /var/folders/nx/qt6_p4ls4xzbnqkz75ny5wl40000gp/T//ccE9tot1.ltrans0.ltrans.o
WriteRead                                         /var/folders/nx/qt6_p4ls4xzbnqkz75ny5wl40000gp/T//ccE9tot1.ltrans3.ltrans.o
                                                  build/obj/main.o (symbol from plugin)
                                                  /var/folders/nx/qt6_p4ls4xzbnqkz75ny5wl40000gp/T//ccE9tot1.ltrans1.ltrans.o