Archive member included because of file (symbol)

/nfs/nfs5/home/research/hardware/arm2/gcc-arm-embedded/gcc-arm-none-eabi-4_8-2014q2/bin/../lib/gcc/arm-none-eabi/4.8.4/../../../../arm-none-eabi/lib/armv7e-m/libg.a(lib_a-memset.o)
                              /tmp/ccDG07tX.ltrans2.ltrans.o (memset)
/nfs/nfs5/home/research/hardware/arm2/gcc-arm-embedded/gcc-arm-none-eabi-4_8-2014q2/bin/../lib/gcc/arm-none-eabi/4.8.4/../../../../arm-none-eabi/lib/armv7e-m/libg.a(lib_a-strcmp.o)
                              /tmp/ccDG07tX.ltrans1.ltrans.o (strcmp)
/nfs/nfs5/home/research/hardware/arm2/gcc-arm-embedded/gcc-arm-none-eabi-4_8-2014q2/bin/../lib/gcc/arm-none-eabi/4.8.4/../../../../arm-none-eabi/lib/armv7e-m/libg.a(lib_a-strpbrk.o)
                              /tmp/ccDG07tX.ltrans0.ltrans.o (strpbrk)
/nfs/nfs5/home/research/hardware/arm2/gcc-arm-embedded/gcc-arm-none-eabi-4_8-2014q2/bin/../lib/gcc/arm-none-eabi/4.8.4/../../../../arm-none-eabi/lib/armv7e-m/libg.a(lib_a-strspn.o)
                              /tmp/ccDG07tX.ltrans0.ltrans.o (strspn)

Discarded input sections

 .data          0x00000000        0x0 build/obj/crt0_v7m.o
 .bss           0x00000000        0x0 build/obj/crt0_v7m.o
 .data          0x00000000        0x0 build/obj/chcoreasm_v7m.o
 .bss           0x00000000        0x0 build/obj/chcoreasm_v7m.o
 .text          0x00000000        0x0 build/obj/crt1.o (symbol from plugin)
 .text          0x00000000        0x0 /tmp/ccDG07tX.ltrans0.ltrans.o
 .data          0x00000000        0x0 /tmp/ccDG07tX.ltrans0.ltrans.o
 .bss           0x00000000        0x0 /tmp/ccDG07tX.ltrans0.ltrans.o
 .text          0x00000000        0x0 /tmp/ccDG07tX.ltrans1.ltrans.o
 .data          0x00000000        0x0 /tmp/ccDG07tX.ltrans1.ltrans.o
 .bss           0x00000000        0x0 /tmp/ccDG07tX.ltrans1.ltrans.o
 .text          0x00000000        0x0 /tmp/ccDG07tX.ltrans2.ltrans.o
 .data          0x00000000        0x0 /tmp/ccDG07tX.ltrans2.ltrans.o
 .bss           0x00000000        0x0 /tmp/ccDG07tX.ltrans2.ltrans.o
 .text          0x00000000        0x0 /tmp/ccDG07tX.ltrans3.ltrans.o
 .data          0x00000000        0x0 /tmp/ccDG07tX.ltrans3.ltrans.o
 .bss           0x00000000        0x0 /tmp/ccDG07tX.ltrans3.ltrans.o
 .text          0x00000000        0x0 /nfs/nfs5/home/research/hardware/arm2/gcc-arm-embedded/gcc-arm-none-eabi-4_8-2014q2/bin/../lib/gcc/arm-none-eabi/4.8.4/../../../../arm-none-eabi/lib/armv7e-m/libg.a(lib_a-memset.o)
 .data          0x00000000        0x0 /nfs/nfs5/home/research/hardware/arm2/gcc-arm-embedded/gcc-arm-none-eabi-4_8-2014q2/bin/../lib/gcc/arm-none-eabi/4.8.4/../../../../arm-none-eabi/lib/armv7e-m/libg.a(lib_a-memset.o)
 .bss           0x00000000        0x0 /nfs/nfs5/home/research/hardware/arm2/gcc-arm-embedded/gcc-arm-none-eabi-4_8-2014q2/bin/../lib/gcc/arm-none-eabi/4.8.4/../../../../arm-none-eabi/lib/armv7e-m/libg.a(lib_a-memset.o)
 .data          0x00000000        0x0 /nfs/nfs5/home/research/hardware/arm2/gcc-arm-embedded/gcc-arm-none-eabi-4_8-2014q2/bin/../lib/gcc/arm-none-eabi/4.8.4/../../../../arm-none-eabi/lib/armv7e-m/libg.a(lib_a-strcmp.o)
 .bss           0x00000000        0x0 /nfs/nfs5/home/research/hardware/arm2/gcc-arm-embedded/gcc-arm-none-eabi-4_8-2014q2/bin/../lib/gcc/arm-none-eabi/4.8.4/../../../../arm-none-eabi/lib/armv7e-m/libg.a(lib_a-strcmp.o)
 .text          0x00000000        0x0 /nfs/nfs5/home/research/hardware/arm2/gcc-arm-embedded/gcc-arm-none-eabi-4_8-2014q2/bin/../lib/gcc/arm-none-eabi/4.8.4/../../../../arm-none-eabi/lib/armv7e-m/libg.a(lib_a-strpbrk.o)
 .data          0x00000000        0x0 /nfs/nfs5/home/research/hardware/arm2/gcc-arm-embedded/gcc-arm-none-eabi-4_8-2014q2/bin/../lib/gcc/arm-none-eabi/4.8.4/../../../../arm-none-eabi/lib/armv7e-m/libg.a(lib_a-strpbrk.o)
 .bss           0x00000000        0x0 /nfs/nfs5/home/research/hardware/arm2/gcc-arm-embedded/gcc-arm-none-eabi-4_8-2014q2/bin/../lib/gcc/arm-none-eabi/4.8.4/../../../../arm-none-eabi/lib/armv7e-m/libg.a(lib_a-strpbrk.o)
 .text          0x00000000        0x0 /nfs/nfs5/home/research/hardware/arm2/gcc-arm-embedded/gcc-arm-none-eabi-4_8-2014q2/bin/../lib/gcc/arm-none-eabi/4.8.4/../../../../arm-none-eabi/lib/armv7e-m/libg.a(lib_a-strspn.o)
 .data          0x00000000        0x0 /nfs/nfs5/home/research/hardware/arm2/gcc-arm-embedded/gcc-arm-none-eabi-4_8-2014q2/bin/../lib/gcc/arm-none-eabi/4.8.4/../../../../arm-none-eabi/lib/armv7e-m/libg.a(lib_a-strspn.o)
 .bss           0x00000000        0x0 /nfs/nfs5/home/research/hardware/arm2/gcc-arm-embedded/gcc-arm-none-eabi-4_8-2014q2/bin/../lib/gcc/arm-none-eabi/4.8.4/../../../../arm-none-eabi/lib/armv7e-m/libg.a(lib_a-strspn.o)
 .text          0x00000000        0x0 build/obj/vectors.o (symbol from plugin)
 .text          0x00000000        0x0 build/obj/chsys.o (symbol from plugin)
 .text          0x00000000        0x0 build/obj/chdebug.o (symbol from plugin)
 .text          0x00000000        0x0 build/obj/chvt.o (symbol from plugin)
 .text          0x00000000        0x0 build/obj/chschd.o (symbol from plugin)
 .text          0x00000000        0x0 build/obj/chthreads.o (symbol from plugin)
 .text          0x00000000        0x0 build/obj/chtm.o (symbol from plugin)
 .text          0x00000000        0x0 build/obj/chdynamic.o (symbol from plugin)
 .text          0x00000000        0x0 build/obj/chregistry.o (symbol from plugin)
 .text          0x00000000        0x0 build/obj/chsem.o (symbol from plugin)
 .text          0x00000000        0x0 build/obj/chmtx.o (symbol from plugin)
 .text          0x00000000        0x0 build/obj/chcond.o (symbol from plugin)
 .text          0x00000000        0x0 build/obj/chevents.o (symbol from plugin)
 .text          0x00000000        0x0 build/obj/chmsg.o (symbol from plugin)
 .text          0x00000000        0x0 build/obj/chmboxes.o (symbol from plugin)
 .text          0x00000000        0x0 build/obj/chqueues.o (symbol from plugin)
 .text          0x00000000        0x0 build/obj/chmemcore.o (symbol from plugin)
 .text          0x00000000        0x0 build/obj/chheap.o (symbol from plugin)
 .text          0x00000000        0x0 build/obj/chmempools.o (symbol from plugin)
 .text          0x00000000        0x0 build/obj/chcore.o (symbol from plugin)
 .text          0x00000000        0x0 build/obj/chcore_v7m.o (symbol from plugin)
 .text          0x00000000        0x0 build/obj/osal.o (symbol from plugin)
 .text          0x00000000        0x0 build/obj/hal.o (symbol from plugin)
 .text          0x00000000        0x0 build/obj/st.o (symbol from plugin)
 .text          0x00000000        0x0 build/obj/hal_buffers.o (symbol from plugin)
 .text          0x00000000        0x0 build/obj/hal_queues.o (symbol from plugin)
 .text          0x00000000        0x0 build/obj/hal_mmcsd.o (symbol from plugin)
 .text          0x00000000        0x0 build/obj/ext.o (symbol from plugin)
 .text          0x00000000        0x0 build/obj/pal.o (symbol from plugin)
 .text          0x00000000        0x0 build/obj/serial.o (symbol from plugin)
 .text          0x00000000        0x0 build/obj/spi.o (symbol from plugin)
 .text          0x00000000        0x0 build/obj/nvic.o (symbol from plugin)
 .text          0x00000000        0x0 build/obj/hal_lld.o (symbol from plugin)
 .text          0x00000000        0x0 build/obj/stm32_dma.o (symbol from plugin)
 .text          0x00000000        0x0 build/obj/st_lld.o (symbol from plugin)
 .text          0x00000000        0x0 build/obj/ext_lld.o (symbol from plugin)
 .text          0x00000000        0x0 build/obj/ext_lld_isr.o (symbol from plugin)
 .text          0x00000000        0x0 build/obj/pal_lld.o (symbol from plugin)
 .text          0x00000000        0x0 build/obj/spi_lld.o (symbol from plugin)
 .text          0x00000000        0x0 build/obj/serial_lld.o (symbol from plugin)
 .text          0x00000000        0x0 build/obj/board.o (symbol from plugin)
 .text          0x00000000        0x0 build/obj/test.o (symbol from plugin)
 .text          0x00000000        0x0 build/obj/testthd.o (symbol from plugin)
 .text          0x00000000        0x0 build/obj/testsem.o (symbol from plugin)
 .text          0x00000000        0x0 build/obj/testmtx.o (symbol from plugin)
 .text          0x00000000        0x0 build/obj/testmsg.o (symbol from plugin)
 .text          0x00000000        0x0 build/obj/testmbox.o (symbol from plugin)
 .text          0x00000000        0x0 build/obj/testevt.o (symbol from plugin)
 .text          0x00000000        0x0 build/obj/testheap.o (symbol from plugin)
 .text          0x00000000        0x0 build/obj/testpools.o (symbol from plugin)
 .text          0x00000000        0x0 build/obj/testdyn.o (symbol from plugin)
 .text          0x00000000        0x0 build/obj/testqueues.o (symbol from plugin)
 .text          0x00000000        0x0 build/obj/testsys.o (symbol from plugin)
 .text          0x00000000        0x0 build/obj/testbmk.o (symbol from plugin)
 .text          0x00000000        0x0 build/obj/shell.o (symbol from plugin)
 .text          0x00000000        0x0 build/obj/evtimer.o (symbol from plugin)
 .text          0x00000000        0x0 build/obj/syscalls.o (symbol from plugin)
 .text          0x00000000        0x0 build/obj/memstreams.o (symbol from plugin)
 .text          0x00000000        0x0 build/obj/chprintf.o (symbol from plugin)
 .text          0x00000000        0x0 build/obj/nrf24l01.o (symbol from plugin)
 .text          0x00000000        0x0 build/obj/main.o (symbol from plugin)

Memory Configuration

Name             Origin             Length             Attributes
flash            0x08000000         0x00040000
ram0             0x20000000         0x0000a000
ram1             0x00000000         0x00000000
ram2             0x00000000         0x00000000
ram3             0x00000000         0x00000000
ram4             0x10000000         0x00002000
ram5             0x00000000         0x00000000
ram6             0x00000000         0x00000000
ram7             0x00000000         0x00000000
*default*        0x00000000         0xffffffff

Linker script and memory map

LOAD build/obj/crt0_v7m.o
LOAD build/obj/chcoreasm_v7m.o
LOAD build/obj/crt1.o
LOAD /tmp/ccDG07tX.ltrans0.ltrans.o
LOAD /tmp/ccDG07tX.ltrans1.ltrans.o
LOAD /tmp/ccDG07tX.ltrans2.ltrans.o
LOAD /tmp/ccDG07tX.ltrans3.ltrans.o
LOAD /nfs/nfs5/home/research/hardware/arm2/gcc-arm-embedded/gcc-arm-none-eabi-4_8-2014q2/bin/../lib/gcc/arm-none-eabi/4.8.4/armv7e-m/libgcc.a
LOAD /nfs/nfs5/home/research/hardware/arm2/gcc-arm-embedded/gcc-arm-none-eabi-4_8-2014q2/bin/../lib/gcc/arm-none-eabi/4.8.4/../../../../arm-none-eabi/lib/armv7e-m/libg.a
LOAD /nfs/nfs5/home/research/hardware/arm2/gcc-arm-embedded/gcc-arm-none-eabi-4_8-2014q2/bin/../lib/gcc/arm-none-eabi/4.8.4/../../../../arm-none-eabi/lib/armv7e-m/libc.a
LOAD build/obj/vectors.o
LOAD build/obj/chsys.o
LOAD build/obj/chdebug.o
LOAD build/obj/chvt.o
LOAD build/obj/chschd.o
LOAD build/obj/chthreads.o
LOAD build/obj/chtm.o
LOAD build/obj/chdynamic.o
LOAD build/obj/chregistry.o
LOAD build/obj/chsem.o
LOAD build/obj/chmtx.o
LOAD build/obj/chcond.o
LOAD build/obj/chevents.o
LOAD build/obj/chmsg.o
LOAD build/obj/chmboxes.o
LOAD build/obj/chqueues.o
LOAD build/obj/chmemcore.o
LOAD build/obj/chheap.o
LOAD build/obj/chmempools.o
LOAD build/obj/chcore.o
LOAD build/obj/chcore_v7m.o
LOAD build/obj/osal.o
LOAD build/obj/hal.o
LOAD build/obj/st.o
LOAD build/obj/hal_buffers.o
LOAD build/obj/hal_queues.o
LOAD build/obj/hal_mmcsd.o
LOAD build/obj/ext.o
LOAD build/obj/pal.o
LOAD build/obj/serial.o
LOAD build/obj/spi.o
LOAD build/obj/nvic.o
LOAD build/obj/hal_lld.o
LOAD build/obj/stm32_dma.o
LOAD build/obj/st_lld.o
LOAD build/obj/ext_lld.o
LOAD build/obj/ext_lld_isr.o
LOAD build/obj/pal_lld.o
LOAD build/obj/spi_lld.o
LOAD build/obj/serial_lld.o
LOAD build/obj/board.o
LOAD build/obj/test.o
LOAD build/obj/testthd.o
LOAD build/obj/testsem.o
LOAD build/obj/testmtx.o
LOAD build/obj/testmsg.o
LOAD build/obj/testmbox.o
LOAD build/obj/testevt.o
LOAD build/obj/testheap.o
LOAD build/obj/testpools.o
LOAD build/obj/testdyn.o
LOAD build/obj/testqueues.o
LOAD build/obj/testsys.o
LOAD build/obj/testbmk.o
LOAD build/obj/shell.o
LOAD build/obj/evtimer.o
LOAD build/obj/syscalls.o
LOAD build/obj/memstreams.o
LOAD build/obj/chprintf.o
LOAD build/obj/nrf24l01.o
LOAD build/obj/main.o
                0x20000000                __ram0_start__ = ORIGIN (ram0)
                0x0000a000                __ram0_size__ = 0xa000
                0x2000a000                __ram0_end__ = (__ram0_start__ + __ram0_size__)
                0x00000000                __ram1_start__ = ORIGIN (ram1)
                0x00000000                __ram1_size__ = 0x0
                0x00000000                __ram1_end__ = (__ram1_start__ + __ram1_size__)
                0x00000000                __ram2_start__ = ORIGIN (ram2)
                0x00000000                __ram2_size__ = 0x0
                0x00000000                __ram2_end__ = (__ram2_start__ + __ram2_size__)
                0x00000000                __ram3_start__ = ORIGIN (ram3)
                0x00000000                __ram3_size__ = 0x0
                0x00000000                __ram3_end__ = (__ram3_start__ + __ram3_size__)
                0x10000000                __ram4_start__ = ORIGIN (ram4)
                0x00002000                __ram4_size__ = 0x2000
                0x10002000                __ram4_end__ = (__ram4_start__ + __ram4_size__)
                0x00000000                __ram5_start__ = ORIGIN (ram5)
                0x00000000                __ram5_size__ = 0x0
                0x00000000                __ram5_end__ = (__ram5_start__ + __ram5_size__)
                0x00000000                __ram6_start__ = ORIGIN (ram6)
                0x00000000                __ram6_size__ = 0x0
                0x00000000                __ram6_end__ = (__ram6_start__ + __ram6_size__)
                0x00000000                __ram7_start__ = ORIGIN (ram7)
                0x00000000                __ram7_size__ = 0x0
                0x00000000                __ram7_end__ = (__ram7_start__ + __ram7_size__)
                0x00000000                . = 0x0
                0x00000000                _text = .

startup         0x08000000      0x200
 *(.vectors)
 .vectors       0x08000000      0x200 /tmp/ccDG07tX.ltrans3.ltrans.o
                0x08000000                _vectors

constructors    0x08000200        0x0
                0x08000200                __init_array_start = .
 *(SORT(.init_array.*))
 *(.init_array)
                0x08000200                __init_array_end = .

destructors     0x08000200        0x0
                0x08000200                __fini_array_start = .
 *(.fini_array)
 *(SORT(.fini_array.*))
                0x08000200                __fini_array_end = .

.text           0x08000200     0x35bc
 *(.text)
 .text          0x08000200       0xd4 build/obj/crt0_v7m.o
                0x08000200                Reset_Handler
 *fill*         0x080002d4        0xc 
 .text          0x080002e0       0x28 build/obj/chcoreasm_v7m.o
                0x080002e0                _port_switch
                0x080002f0                _port_thread_start
                0x08000300                _port_switch_from_isr
                0x08000304                _port_exit_from_isr
 *fill*         0x08000308        0x8 
 .text          0x08000310      0x21c /nfs/nfs5/home/research/hardware/arm2/gcc-arm-embedded/gcc-arm-none-eabi-4_8-2014q2/bin/../lib/gcc/arm-none-eabi/4.8.4/../../../../arm-none-eabi/lib/armv7e-m/libg.a(lib_a-strcmp.o)
                0x08000310                strcmp
 *(.text.*)
 *fill*         0x0800052c        0x4 
 .text.long_to_string_with_divisor.12262.constprop.5.4292
                0x08000530       0x50 /tmp/ccDG07tX.ltrans0.ltrans.o
 .text.notify1.9076
                0x08000580       0x10 /tmp/ccDG07tX.ltrans0.ltrans.o
                0x08000580                notify1.9076
 .text.SVC_Handler
                0x08000590       0x20 /tmp/ccDG07tX.ltrans0.ltrans.o
                0x08000590                SVC_Handler
 .text.chCoreAlloc
                0x080005b0       0x40 /tmp/ccDG07tX.ltrans0.ltrans.o
                0x080005b0                chCoreAlloc
 .text.wakeup.4697
                0x080005f0       0x70 /tmp/ccDG07tX.ltrans0.ltrans.o
                0x080005f0                wakeup.4697
 .text._idle_thread.4308
                0x08000660       0x10 /tmp/ccDG07tX.ltrans0.ltrans.o
                0x08000660                _idle_thread.4308
 .text.dmaStreamAllocate.constprop.20
                0x08000670       0xc0 /tmp/ccDG07tX.ltrans0.ltrans.o
                0x08000670                dmaStreamAllocate.constprop.20
 .text.spiSelect.constprop.18
                0x08000730       0x30 /tmp/ccDG07tX.ltrans0.ltrans.o
                0x08000730                spiSelect.constprop.18
 .text.spiUnselect.constprop.17
                0x08000760       0x30 /tmp/ccDG07tX.ltrans0.ltrans.o
                0x08000760                spiUnselect.constprop.17
 .text._strtok.11712.constprop.6
                0x08000790       0x40 /tmp/ccDG07tX.ltrans0.ltrans.o
                0x08000790                _strtok.11712.constprop.6
 .text.chprintf
                0x080007d0      0x280 /tmp/ccDG07tX.ltrans0.ltrans.o
                0x080007d0                chprintf
 .text.cmd_myecho.12968
                0x08000a50       0x30 /tmp/ccDG07tX.ltrans0.ltrans.o
                0x08000a50                cmd_myecho.12968
 .text.cmd_systime.11720
                0x08000a80       0x30 /tmp/ccDG07tX.ltrans0.ltrans.o
                0x08000a80                cmd_systime.11720
 .text.cmd_info.11728
                0x08000ab0       0xc0 /tmp/ccDG07tX.ltrans0.ltrans.o
                0x08000ab0                cmd_info.11728
 .text._pal_lld_setgroupmode
                0x08000b70       0xd0 /tmp/ccDG07tX.ltrans0.ltrans.o
                0x08000b70                _pal_lld_setgroupmode
 .text._port_irq_epilogue
                0x08000c40       0x60 /tmp/ccDG07tX.ltrans0.ltrans.o
                0x08000c40                _port_irq_epilogue
 .text.Vector148
                0x08000ca0       0x30 /tmp/ccDG07tX.ltrans0.ltrans.o
                0x08000ca0                Vector148
 .text.Vector144
                0x08000cd0       0x70 /tmp/ccDG07tX.ltrans0.ltrans.o
                0x08000cd0                Vector144
 .text.Vector140
                0x08000d40       0x60 /tmp/ccDG07tX.ltrans0.ltrans.o
                0x08000d40                Vector140
 .text.Vector4C
                0x08000da0       0x30 /tmp/ccDG07tX.ltrans0.ltrans.o
                0x08000da0                Vector4C
 .text.Vector48
                0x08000dd0       0x30 /tmp/ccDG07tX.ltrans0.ltrans.o
                0x08000dd0                Vector48
 .text.VectorE8
                0x08000e00       0x30 /tmp/ccDG07tX.ltrans0.ltrans.o
                0x08000e00                VectorE8
 .text.VectorE4
                0x08000e30       0x30 /tmp/ccDG07tX.ltrans0.ltrans.o
                0x08000e30                VectorE4
 .text.Vector44
                0x08000e60       0x30 /tmp/ccDG07tX.ltrans0.ltrans.o
                0x08000e60                Vector44
 .text.VectorE0
                0x08000e90       0x80 /tmp/ccDG07tX.ltrans0.ltrans.o
                0x08000e90                VectorE0
 .text.Vector9C
                0x08000f10       0x70 /tmp/ccDG07tX.ltrans0.ltrans.o
                0x08000f10                Vector9C
 .text.Vector68
                0x08000f80       0x30 /tmp/ccDG07tX.ltrans0.ltrans.o
                0x08000f80                Vector68
 .text.Vector64
                0x08000fb0       0x30 /tmp/ccDG07tX.ltrans0.ltrans.o
                0x08000fb0                Vector64
 .text.Vector60
                0x08000fe0       0x30 /tmp/ccDG07tX.ltrans0.ltrans.o
                0x08000fe0                Vector60
 .text.Vector5C
                0x08001010       0x30 /tmp/ccDG07tX.ltrans0.ltrans.o
                0x08001010                Vector5C
 .text.Vector58
                0x08001040       0x30 /tmp/ccDG07tX.ltrans0.ltrans.o
                0x08001040                Vector58
 .text.Vector130
                0x08001070       0x30 /tmp/ccDG07tX.ltrans0.ltrans.o
                0x08001070                Vector130
 .text.Vector12C
                0x080010a0       0x30 /tmp/ccDG07tX.ltrans0.ltrans.o
                0x080010a0                Vector12C
 .text.Vector128
                0x080010d0       0x30 /tmp/ccDG07tX.ltrans0.ltrans.o
                0x080010d0                Vector128
 .text.Vector124
                0x08001100       0x30 /tmp/ccDG07tX.ltrans0.ltrans.o
                0x08001100                Vector124
 .text.Vector120
                0x08001130       0x30 /tmp/ccDG07tX.ltrans0.ltrans.o
                0x08001130                Vector120
 .text.Vector84
                0x08001160       0x30 /tmp/ccDG07tX.ltrans0.ltrans.o
                0x08001160                Vector84
 .text.Vector80
                0x08001190       0x30 /tmp/ccDG07tX.ltrans0.ltrans.o
                0x08001190                Vector80
 .text.Vector7C
                0x080011c0       0x30 /tmp/ccDG07tX.ltrans0.ltrans.o
                0x080011c0                Vector7C
 .text.Vector78
                0x080011f0       0x30 /tmp/ccDG07tX.ltrans0.ltrans.o
                0x080011f0                Vector78
 .text.Vector74
                0x08001220       0x30 /tmp/ccDG07tX.ltrans0.ltrans.o
                0x08001220                Vector74
 .text.Vector70
                0x08001250       0x30 /tmp/ccDG07tX.ltrans0.ltrans.o
                0x08001250                Vector70
 .text.Vector6C
                0x08001280       0x30 /tmp/ccDG07tX.ltrans0.ltrans.o
                0x08001280                Vector6C
 .text.chTMStopMeasurementX
                0x080012b0       0x50 /tmp/ccDG07tX.ltrans0.ltrans.o
                0x080012b0                chTMStopMeasurementX
 .text.chSchDoRescheduleAhead
                0x08001300       0x40 /tmp/ccDG07tX.ltrans0.ltrans.o
                0x08001300                chSchDoRescheduleAhead
 .text.chSchGoSleepS
                0x08001340       0x30 /tmp/ccDG07tX.ltrans0.ltrans.o
                0x08001340                chSchGoSleepS
 .text.chThdSuspendS.4433
                0x08001370       0x20 /tmp/ccDG07tX.ltrans0.ltrans.o
 .text.spiExchange.constprop.15
                0x08001390       0x60 /tmp/ccDG07tX.ltrans0.ltrans.o
                0x08001390                spiExchange.constprop.15
 .text.spiSend.constprop.13
                0x080013f0       0x60 /tmp/ccDG07tX.ltrans0.ltrans.o
                0x080013f0                spiSend.constprop.13
 .text.spiReceive.constprop.11
                0x08001450       0x60 /tmp/ccDG07tX.ltrans0.ltrans.o
                0x08001450                spiReceive.constprop.11
 .text.chSchReadyI
                0x080014b0       0x30 /tmp/ccDG07tX.ltrans0.ltrans.o
                0x080014b0                chSchReadyI
 .text.chEvtBroadcastFlagsI
                0x080014e0       0x60 /tmp/ccDG07tX.ltrans0.ltrans.o
                0x080014e0                chEvtBroadcastFlagsI
 .text.chMtxUnlock
                0x08001540       0x70 /tmp/ccDG07tX.ltrans0.ltrans.o
                0x08001540                chMtxUnlock
 .text.chMtxLockS
                0x080015b0       0xd0 /tmp/ccDG07tX.ltrans0.ltrans.o
                0x080015b0                chMtxLockS
 .text.chThdExitS
                0x08001680       0x40 /tmp/ccDG07tX.ltrans0.ltrans.o
                0x08001680                chThdExitS
 .text._unhandled_exception.4454
                0x080016c0       0x10 /tmp/ccDG07tX.ltrans0.ltrans.o
                0x080016c0                VectorAC
                0x080016c0                DebugMon_Handler
                0x080016c0                Vector11C
                0x080016c0                HardFault_Handler
                0x080016c0                Vector19C
                0x080016c0                Vector8C
                0x080016c0                SysTick_Handler
                0x080016c0                VectorDC
                0x080016c0                PendSV_Handler
                0x080016c0                Vector168
                0x080016c0                NMI_Handler
                0x080016c0                Vector110
                0x080016c0                VectorC8
                0x080016c0                Vector94
                0x080016c0                VectorA8
                0x080016c0                VectorB4
                0x080016c0                Vector160
                0x080016c0                UsageFault_Handler
                0x080016c0                VectorEC
                0x080016c0                Vector40
                0x080016c0                VectorF8
                0x080016c0                Vector108
                0x080016c0                VectorBC
                0x080016c0                Vector190
                0x080016c0                Vector150
                0x080016c0                Vector188
                0x080016c0                Vector198
                0x080016c0                Vector118
                0x080016c0                VectorCC
                0x080016c0                Vector54
                0x080016c0                Vector98
                0x080016c0                VectorD8
                0x080016c0                Vector138
                0x080016c0                Vector24
                0x080016c0                Vector178
                0x080016c0                VectorD0
                0x080016c0                VectorC0
                0x080016c0                Vector158
                0x080016c0                Vector134
                0x080016c0                VectorF0
                0x080016c0                Vector13C
                0x080016c0                Vector100
                0x080016c0                VectorF4
                0x080016c0                MemManage_Handler
                0x080016c0                VectorA0
                0x080016c0                VectorC4
                0x080016c0                Vector180
                0x080016c0                Vector90
                0x080016c0                Vector114
                0x080016c0                Vector164
                0x080016c0                Vector1C
                0x080016c0                Vector17C
                0x080016c0                Vector16C
                0x080016c0                Vector15C
                0x080016c0                Vector170
                0x080016c0                Vector88
                0x080016c0                Vector104
                0x080016c0                Vector184
                0x080016c0                Vector10C
                0x080016c0                Vector14C
                0x080016c0                BusFault_Handler
                0x080016c0                Vector50
                0x080016c0                Vector194
                0x080016c0                Vector154
                0x080016c0                Vector28
                0x080016c0                VectorB8
                0x080016c0                VectorFC
                0x080016c0                Vector34
                0x080016c0                VectorA4
                0x080016c0                Vector20
                0x080016c0                Vector18C
                0x080016c0                Vector174
 .text.shell_thread.11701
                0x080016d0      0x230 /tmp/ccDG07tX.ltrans1.ltrans.o
                0x080016d0                shell_thread.11701
 .text.startup.main
                0x08001900      0x6e0 /tmp/ccDG07tX.ltrans1.ltrans.o
                0x08001900                main
 .text.__early_init
                0x08001fe0       0xa0 /tmp/ccDG07tX.ltrans1.ltrans.o
                0x08001fe0                __early_init
 .text.chThdExit
                0x08002080       0x10 /tmp/ccDG07tX.ltrans1.ltrans.o
                0x08002080                chThdExit
 .text.chSchDoReschedule
                0x08002090       0x10 /tmp/ccDG07tX.ltrans1.ltrans.o
                0x08002090                chSchDoReschedule
 .text.__init_ram_areas
                0x080020a0       0x60 /tmp/ccDG07tX.ltrans1.ltrans.o
                0x080020a0                __init_ram_areas
 .text.__default_exit
                0x08002100       0x10 /tmp/ccDG07tX.ltrans1.ltrans.o
                0x08002100                __default_exit
 .text.__late_init
                0x08002110       0x10 /tmp/ccDG07tX.ltrans1.ltrans.o
                0x08002110                __late_init
 .text.__core_init
                0x08002120       0x10 /tmp/ccDG07tX.ltrans1.ltrans.o
                0x08002120                __core_init
 .text.chSchGoSleepTimeoutS.4300
                0x08002130      0x110 /tmp/ccDG07tX.ltrans2.ltrans.o
 .text.chThdEnqueueTimeoutS.4296
                0x08002240       0x30 /tmp/ccDG07tX.ltrans2.ltrans.o
 .text.chIQGetTimeout.4221
                0x08002270       0x50 /tmp/ccDG07tX.ltrans2.ltrans.o
 .text.gett.7800
                0x080022c0       0x10 /tmp/ccDG07tX.ltrans2.ltrans.o
                0x080022c0                gett.7800
 .text.get.7804
                0x080022d0       0x10 /tmp/ccDG07tX.ltrans2.ltrans.o
                0x080022d0                get.7804
 .text.chIQReadTimeout.4253
                0x080022e0       0x80 /tmp/ccDG07tX.ltrans2.ltrans.o
 .text.readt.7777
                0x08002360       0x10 /tmp/ccDG07tX.ltrans2.ltrans.o
                0x08002360                readt.7777
 .text.read.7784
                0x08002370       0x10 /tmp/ccDG07tX.ltrans2.ltrans.o
                0x08002370                read.7784
 .text.chOQPutTimeout.4268
                0x08002380       0x60 /tmp/ccDG07tX.ltrans2.ltrans.o
 .text.putt.7807
                0x080023e0       0x10 /tmp/ccDG07tX.ltrans2.ltrans.o
                0x080023e0                putt.7807
 .text.put.7812
                0x080023f0       0x10 /tmp/ccDG07tX.ltrans2.ltrans.o
                0x080023f0                put.7812
 .text.chOQWriteTimeout.4290
                0x08002400       0x90 /tmp/ccDG07tX.ltrans2.ltrans.o
 .text.writet.7789
                0x08002490       0x10 /tmp/ccDG07tX.ltrans2.ltrans.o
                0x08002490                writet.7789
 .text.write.7795
                0x080024a0       0x10 /tmp/ccDG07tX.ltrans2.ltrans.o
                0x080024a0                write.7795
 .text.spi_lld_serve_rx_interrupt.8831.4192
                0x080024b0       0x90 /tmp/ccDG07tX.ltrans2.ltrans.o
 .text.chThdSleep
                0x08002540       0x20 /tmp/ccDG07tX.ltrans2.ltrans.o
                0x08002540                chThdSleep
 .text.WriteRead
                0x08002560      0x2a0 /tmp/ccDG07tX.ltrans2.ltrans.o
                0x08002560                WriteRead
 .text.WriteReadWrapper
                0x08002800      0x110 /tmp/ccDG07tX.ltrans2.ltrans.o
                0x08002800                WriteReadWrapper
 .text.chSchWakeupS.constprop.40
                0x08002910       0x60 /tmp/ccDG07tX.ltrans2.ltrans.o
                0x08002910                chSchWakeupS.constprop.40
 .text.chTMStartMeasurementX.constprop.37
                0x08002970       0x10 /tmp/ccDG07tX.ltrans2.ltrans.o
                0x08002970                chTMStartMeasurementX.constprop.37
 .text.spi_lld_serve_tx_interrupt.8827
                0x08002980       0x20 /tmp/ccDG07tX.ltrans3.ltrans.o
                0x08002980                spi_lld_serve_tx_interrupt.8827
 .text.VectorB0.4375
                0x080029a0       0xa0 /tmp/ccDG07tX.ltrans3.ltrans.o
 .text.VectorD4.4264
                0x08002a40      0x1a0 /tmp/ccDG07tX.ltrans3.ltrans.o
 .text.bigDataThread.12965
                0x08002be0      0x1c0 /tmp/ccDG07tX.ltrans3.ltrans.o
                0x08002be0                bigDataThread.12965
 .text.cmd_bluefruit.12997
                0x08002da0      0x120 /tmp/ccDG07tX.ltrans3.ltrans.o
                0x08002da0                cmd_bluefruit.12997
 .text.chThdCreateFromHeap.constprop.30
                0x08002ec0      0x120 /tmp/ccDG07tX.ltrans3.ltrans.o
                0x08002ec0                chThdCreateFromHeap.constprop.30
 .text.termination_handler.12973
                0x08002fe0      0x150 /tmp/ccDG07tX.ltrans3.ltrans.o
                0x08002fe0                termination_handler.12973
 .text.memset   0x08003130       0x94 /nfs/nfs5/home/research/hardware/arm2/gcc-arm-embedded/gcc-arm-none-eabi-4_8-2014q2/bin/../lib/gcc/arm-none-eabi/4.8.4/../../../../arm-none-eabi/lib/armv7e-m/libg.a(lib_a-memset.o)
                0x08003130                memset
 *fill*         0x080031c4        0xc 
 .text.strpbrk  0x080031d0       0x50 /nfs/nfs5/home/research/hardware/arm2/gcc-arm-embedded/gcc-arm-none-eabi-4_8-2014q2/bin/../lib/gcc/arm-none-eabi/4.8.4/../../../../arm-none-eabi/lib/armv7e-m/libg.a(lib_a-strpbrk.o)
                0x080031d0                strpbrk
 .text.strspn   0x08003220       0x40 /nfs/nfs5/home/research/hardware/arm2/gcc-arm-embedded/gcc-arm-none-eabi-4_8-2014q2/bin/../lib/gcc/arm-none-eabi/4.8.4/../../../../arm-none-eabi/lib/armv7e-m/libg.a(lib_a-strspn.o)
                0x08003220                strspn
 *(.rodata)
 *(.rodata.*)
 .rodata.dummytx.8890.4543
                0x08003260        0x2 /tmp/ccDG07tX.ltrans0.ltrans.o
 *fill*         0x08003262        0xe 
 .rodata.str1.4
                0x08003270      0x1b9 /tmp/ccDG07tX.ltrans0.ltrans.o
                                0x1bc (size before relaxing)
 *fill*         0x08003429        0x7 
 .rodata.ram_areas.4024.4750
                0x08003430       0x80 /tmp/ccDG07tX.ltrans1.ltrans.o
 .rodata.vmt.7902.4749
                0x080034b0       0x20 /tmp/ccDG07tX.ltrans1.ltrans.o
 .rodata._stm32_dma_streams
                0x080034d0       0xf0 /tmp/ccDG07tX.ltrans1.ltrans.o
 .rodata.commands.13030
                0x080035c0       0x18 /tmp/ccDG07tX.ltrans1.ltrans.o
                0x080035c0                commands.13030
 *fill*         0x080035d8        0x8 
 .rodata.ch_debug
                0x080035e0       0x18 /tmp/ccDG07tX.ltrans1.ltrans.o
 *fill*         0x080035f8        0x8 
 .rodata.shell_cfg1.13028
                0x08003600        0x8 /tmp/ccDG07tX.ltrans1.ltrans.o
                0x08003600                shell_cfg1.13028
 *fill*         0x08003608        0x8 
 .rodata.str1.4
                0x08003610       0xaf /tmp/ccDG07tX.ltrans1.ltrans.o
                                 0xd0 (size before relaxing)
 *fill*         0x080036bf        0x1 
 .rodata.str1.4
                0x080036c0        0xc /tmp/ccDG07tX.ltrans2.ltrans.o
 *fill*         0x080036cc        0x4 
 .rodata.str1.4
                0x080036d0       0xec /tmp/ccDG07tX.ltrans3.ltrans.o
                                 0xfc (size before relaxing)
 *(.glue_7t)
 .glue_7t       0x00000000        0x0 linker stubs
 *(.glue_7)
 .glue_7        0x00000000        0x0 linker stubs
 *(.gcc*)

.vfp11_veneer   0x080037bc        0x0
 .vfp11_veneer  0x00000000        0x0 linker stubs

.v4_bx          0x080037bc        0x0
 .v4_bx         0x00000000        0x0 linker stubs

.iplt           0x080037bc        0x0
 .iplt          0x00000000        0x0 build/obj/crt0_v7m.o

.rel.dyn        0x080037bc        0x0
 .rel.iplt      0x00000000        0x0 build/obj/crt0_v7m.o

.ARM.extab
 *(.ARM.extab* .gnu.linkonce.armextab.*)

.ARM.exidx      0x080037bc        0x0
                0x080037bc                __exidx_start = .
 *(.ARM.exidx* .gnu.linkonce.armexidx.*)
                0x080037bc                __exidx_end = .

.eh_frame_hdr
 *(.eh_frame_hdr)

.eh_frame
 *(.eh_frame)

.textalign      0x080037bc        0x4
                0x080037c0                . = ALIGN (0x8)
 *fill*         0x080037bc        0x4 
                0x080037c0                . = ALIGN (0x4)
                0x080037c0                PROVIDE (_etext, .)

.mstack         0x20000000      0x400
                0x20000000                . = ALIGN (0x8)
                0x20000000                __main_stack_base__ = .
                0x20000400                . = (. + __main_stack_size__)
 *fill*         0x20000000      0x400 
                0x20000400                . = ALIGN (0x8)
                0x20000400                __main_stack_end__ = .

.pstack         0x20000400      0x400
                0x20000400                __process_stack_base__ = .
                0x20000400                __main_thread_stack_base__ = .
                0x20000800                . = (. + __process_stack_size__)
 *fill*         0x20000400      0x400 
                0x20000800                . = ALIGN (0x8)
                0x20000800                __process_stack_end__ = .
                0x20000800                __main_thread_stack_end__ = .

.data           0x20000800       0x80 load address 0x080037c0
                0x20000800                . = ALIGN (0x4)
                0x080037c0                PROVIDE (_textdata, LOADADDR (.data))
                0x20000800                PROVIDE (_data, .)
                0x080037c0                _textdata_start = LOADADDR (.data)
                0x20000800                _data_start = .
 *(.data)
 *(.data.*)
 .data.local_commands.11768.4789
                0x20000800       0x18 /tmp/ccDG07tX.ltrans1.ltrans.o
 .data.fhandlers.13039.4678
                0x20000818        0x4 /tmp/ccDG07tX.ltrans1.ltrans.o
 .data.bluefruit_config.13032.4417
                0x2000081c       0x10 /tmp/ccDG07tX.ltrans2.ltrans.o
 .data.tx_data_preamble
                0x2000082c       0x18 /tmp/ccDG07tX.ltrans3.ltrans.o
 .data.tx_getconn.13037.4636
                0x20000844       0x14 /tmp/ccDG07tX.ltrans3.ltrans.o
 .data.tx_advstop.13036.4637
                0x20000858       0x14 /tmp/ccDG07tX.ltrans3.ltrans.o
 .data.tx_advstart.13038.4635
                0x2000086c       0x14 /tmp/ccDG07tX.ltrans3.ltrans.o
 *(.ramtext)
                0x20000880                . = ALIGN (0x4)
                0x20000880                PROVIDE (_edata, .)
                0x20000880                _data_end = .

.igot.plt       0x20000880        0x0 load address 0x08003840
 .igot.plt      0x00000000        0x0 build/obj/crt0_v7m.o

.bss            0x20000880     0x6374 load address 0x08003840
                0x20000880                . = ALIGN (0x4)
                0x20000880                _bss_start = .
 *(.bss)
 *(.bss.*)
 .bss.dummyrx.8889.4542
                0x20000880        0x2 /tmp/ccDG07tX.ltrans0.ltrans.o
 *fill*         0x20000882        0x2 
 .bss.nextmem.6954
                0x20000884        0x4 /tmp/ccDG07tX.ltrans1.ltrans.o
                0x20000884                nextmem.6954
 .bss.ch        0x20000888      0x150 /tmp/ccDG07tX.ltrans1.ltrans.o
                0x20000888                ch
 .bss.SPID1     0x200009d8       0x34 /tmp/ccDG07tX.ltrans1.ltrans.o
                0x200009d8                SPID1
 .bss.SD1       0x20000a0c       0x7c /tmp/ccDG07tX.ltrans1.ltrans.o
                0x20000a0c                SD1
 .bss.SPID3     0x20000a88       0x34 /tmp/ccDG07tX.ltrans1.ltrans.o
                0x20000a88                SPID3
 .bss.bigData   0x20000abc     0x5dc0 /tmp/ccDG07tX.ltrans1.ltrans.o
                0x20000abc                bigData
 .bss.endmem.6956
                0x2000687c        0x4 /tmp/ccDG07tX.ltrans1.ltrans.o
                0x2000687c                endmem.6956
 .bss.shelltp1.13042
                0x20006880        0x4 /tmp/ccDG07tX.ltrans1.ltrans.o
                0x20006880                shelltp1.13042
 .bss._stm32_dma_isr_redir
                0x20006884       0x60 /tmp/ccDG07tX.ltrans1.ltrans.o
                0x20006884                _stm32_dma_isr_redir
 .bss.shell_terminated.4682
                0x200068e4        0x4 /tmp/ccDG07tX.ltrans1.ltrans.o
 .bss.EXTD1     0x200068e8        0x8 /tmp/ccDG07tX.ltrans1.ltrans.o
                0x200068e8                EXTD1
 .bss.default_heap.7084
                0x200068f0       0x20 /tmp/ccDG07tX.ltrans1.ltrans.o
                0x200068f0                default_heap.7084
 .bss.waBigDataThread.13040.4701
                0x20006910      0x2c8 /tmp/ccDG07tX.ltrans1.ltrans.o
 .bss.dma_streams_mask.8382
                0x20006bd8        0x4 /tmp/ccDG07tX.ltrans1.ltrans.o
                0x20006bd8                dma_streams_mask.8382
 .bss.connectedFLAG.4591
                0x20006bdc        0x4 /tmp/ccDG07tX.ltrans3.ltrans.o
 .bss.rdata     0x20006be0       0x14 /tmp/ccDG07tX.ltrans3.ltrans.o
                0x20006be0                rdata
 *(COMMON)
                0x20006bf4                . = ALIGN (0x4)
                0x20006bf4                _bss_end = .
                0x20006bf4                PROVIDE (end, .)

.ram0_init      0x20006bf4        0x0 load address 0x08003840
                0x20006bf4                . = ALIGN (0x4)
                0x08003840                __ram0_init_text__ = LOADADDR (.ram0_init)
                0x20006bf4                __ram0_init__ = .
 *(.ram0_init)
 *(.ram0_init.*)
                0x20006bf4                . = ALIGN (0x4)

.ram0           0x20006bf4        0x0 load address 0x08003840
                0x20006bf4                . = ALIGN (0x4)
                0x20006bf4                __ram0_clear__ = .
 *(.ram0_clear)
 *(.ram0_clear.*)
                0x20006bf4                . = ALIGN (0x4)
                0x20006bf4                __ram0_noinit__ = .
 *(.ram0)
 *(.ram0.*)
                0x20006bf4                . = ALIGN (0x4)
                0x20006bf4                __ram0_free__ = .

.ram1_init      0x00000000        0x0 load address 0x08003840
                0x00000000                . = ALIGN (0x4)
                0x08003840                __ram1_init_text__ = LOADADDR (.ram1_init)
                0x00000000                __ram1_init__ = .
 *(.ram1_init)
 *(.ram1_init.*)
                0x00000000                . = ALIGN (0x4)

.ram1           0x00000000        0x0 load address 0x08003840
                0x00000000                . = ALIGN (0x4)
                0x00000000                __ram1_clear__ = .
 *(.ram1_clear)
 *(.ram1_clear.*)
                0x00000000                . = ALIGN (0x4)
                0x00000000                __ram1_noinit__ = .
 *(.ram1)
 *(.ram1.*)
                0x00000000                . = ALIGN (0x4)
                0x00000000                __ram1_free__ = .

.ram2_init      0x00000000        0x0 load address 0x08003840
                0x00000000                . = ALIGN (0x4)
                0x08003840                __ram2_init_text__ = LOADADDR (.ram2_init)
                0x00000000                __ram2_init__ = .
 *(.ram2_init)
 *(.ram2_init.*)
                0x00000000                . = ALIGN (0x4)

.ram2           0x00000000        0x0 load address 0x08003840
                0x00000000                . = ALIGN (0x4)
                0x00000000                __ram2_clear__ = .
 *(.ram2_clear)
 *(.ram2_clear.*)
                0x00000000                . = ALIGN (0x4)
                0x00000000                __ram2_noinit__ = .
 *(.ram2)
 *(.ram2.*)
                0x00000000                . = ALIGN (0x4)
                0x00000000                __ram2_free__ = .

.ram3_init      0x00000000        0x0 load address 0x08003840
                0x00000000                . = ALIGN (0x4)
                0x08003840                __ram3_init_text__ = LOADADDR (.ram3_init)
                0x00000000                __ram3_init__ = .
 *(.ram3_init)
 *(.ram3_init.*)
                0x00000000                . = ALIGN (0x4)

.ram3           0x00000000        0x0 load address 0x08003840
                0x00000000                . = ALIGN (0x4)
                0x00000000                __ram3_clear__ = .
 *(.ram3_clear)
 *(.ram3_clear.*)
                0x00000000                . = ALIGN (0x4)
                0x00000000                __ram3_noinit__ = .
 *(.ram3)
 *(.ram3.*)
                0x00000000                . = ALIGN (0x4)
                0x00000000                __ram3_free__ = .

.ram4_init      0x10000000        0x0 load address 0x08003840
                0x10000000                . = ALIGN (0x4)
                0x08003840                __ram4_init_text__ = LOADADDR (.ram4_init)
                0x10000000                __ram4_init__ = .
 *(.ram4_init)
 *(.ram4_init.*)
                0x10000000                . = ALIGN (0x4)

.ram4           0x10000000        0x0 load address 0x08003840
                0x10000000                . = ALIGN (0x4)
                0x10000000                __ram4_clear__ = .
 *(.ram4_clear)
 *(.ram4_clear.*)
                0x10000000                . = ALIGN (0x4)
                0x10000000                __ram4_noinit__ = .
 *(.ram4)
 *(.ram4.*)
                0x10000000                . = ALIGN (0x4)
                0x10000000                __ram4_free__ = .

.ram5_init      0x00000000        0x0 load address 0x08003840
                0x00000000                . = ALIGN (0x4)
                0x08003840                __ram5_init_text__ = LOADADDR (.ram5_init)
                0x00000000                __ram5_init__ = .
 *(.ram5_init)
 *(.ram5_init.*)
                0x00000000                . = ALIGN (0x4)

.ram5           0x00000000        0x0 load address 0x08003840
                0x00000000                . = ALIGN (0x4)
                0x00000000                __ram5_clear__ = .
 *(.ram5_clear)
 *(.ram5_clear.*)
                0x00000000                . = ALIGN (0x4)
                0x00000000                __ram5_noinit__ = .
 *(.ram5)
 *(.ram5.*)
                0x00000000                . = ALIGN (0x4)
                0x00000000                __ram5_free__ = .

.ram6_init      0x00000000        0x0 load address 0x08003840
                0x00000000                . = ALIGN (0x4)
                0x08003840                __ram6_init_text__ = LOADADDR (.ram6_init)
                0x00000000                __ram6_init__ = .
 *(.ram6_init)
 *(.ram6_init.*)
                0x00000000                . = ALIGN (0x4)

.ram6           0x00000000        0x0 load address 0x08003840
                0x00000000                . = ALIGN (0x4)
                0x00000000                __ram6_clear__ = .
 *(.ram6_clear)
 *(.ram6_clear.*)
                0x00000000                . = ALIGN (0x4)
                0x00000000                __ram6_noinit__ = .
 *(.ram6)
 *(.ram6.*)
                0x00000000                . = ALIGN (0x4)
                0x00000000                __ram6_free__ = .

.ram7_init      0x00000000        0x0 load address 0x08003840
                0x00000000                . = ALIGN (0x4)
                0x08003840                __ram7_init_text__ = LOADADDR (.ram7_init)
                0x00000000                __ram7_init__ = .
 *(.ram7_init)
 *(.ram7_init.*)
                0x00000000                . = ALIGN (0x4)

.ram7           0x00000000        0x0 load address 0x08003840
                0x00000000                . = ALIGN (0x4)
                0x00000000                __ram7_clear__ = .
 *(.ram7_clear)
 *(.ram7_clear.*)
                0x00000000                . = ALIGN (0x4)
                0x00000000                __ram7_noinit__ = .
 *(.ram7)
 *(.ram7.*)
                0x00000000                . = ALIGN (0x4)
                0x00000000                __ram7_free__ = .

.heap           0x20006bf4     0x340c
                0x20006bf8                . = ALIGN (0x8)
 *fill*         0x20006bf4        0x4 
                0x20006bf8                __heap_base__ = .
                0x2000a000                . = (ORIGIN (HEAP_RAM) + 0xa000)
 *fill*         0x20006bf8     0x3408 
                0x2000a000                __heap_end__ = .
                0x00000400                __process_stack_size__ = 0x400
                0x00000400                __main_stack_size__ = 0x400
START GROUP
LOAD /nfs/nfs5/home/research/hardware/arm2/gcc-arm-embedded/gcc-arm-none-eabi-4_8-2014q2/bin/../lib/gcc/arm-none-eabi/4.8.4/armv7e-m/libgcc.a
LOAD /nfs/nfs5/home/research/hardware/arm2/gcc-arm-embedded/gcc-arm-none-eabi-4_8-2014q2/bin/../lib/gcc/arm-none-eabi/4.8.4/../../../../arm-none-eabi/lib/armv7e-m/libg.a
LOAD /nfs/nfs5/home/research/hardware/arm2/gcc-arm-embedded/gcc-arm-none-eabi-4_8-2014q2/bin/../lib/gcc/arm-none-eabi/4.8.4/../../../../arm-none-eabi/lib/armv7e-m/libc.a
END GROUP
OUTPUT(build/lab1.elf elf32-littlearm)

.ARM.attributes
                0x00000000       0x2f
 .ARM.attributes
                0x00000000       0x21 build/obj/crt0_v7m.o
 .ARM.attributes
                0x00000021       0x21 build/obj/chcoreasm_v7m.o
 .ARM.attributes
                0x00000042       0x31 /tmp/ccDG07tX.ltrans0.ltrans.o
 .ARM.attributes
                0x00000073       0x31 /tmp/ccDG07tX.ltrans1.ltrans.o
 .ARM.attributes
                0x000000a4       0x31 /tmp/ccDG07tX.ltrans2.ltrans.o
 .ARM.attributes
                0x000000d5       0x31 /tmp/ccDG07tX.ltrans3.ltrans.o
 .ARM.attributes
                0x00000106       0x2e /nfs/nfs5/home/research/hardware/arm2/gcc-arm-embedded/gcc-arm-none-eabi-4_8-2014q2/bin/../lib/gcc/arm-none-eabi/4.8.4/../../../../arm-none-eabi/lib/armv7e-m/libg.a(lib_a-memset.o)
 .ARM.attributes
                0x00000134       0x1c /nfs/nfs5/home/research/hardware/arm2/gcc-arm-embedded/gcc-arm-none-eabi-4_8-2014q2/bin/../lib/gcc/arm-none-eabi/4.8.4/../../../../arm-none-eabi/lib/armv7e-m/libg.a(lib_a-strcmp.o)
 .ARM.attributes
                0x00000150       0x2e /nfs/nfs5/home/research/hardware/arm2/gcc-arm-embedded/gcc-arm-none-eabi-4_8-2014q2/bin/../lib/gcc/arm-none-eabi/4.8.4/../../../../arm-none-eabi/lib/armv7e-m/libg.a(lib_a-strpbrk.o)
 .ARM.attributes
                0x0000017e       0x2e /nfs/nfs5/home/research/hardware/arm2/gcc-arm-embedded/gcc-arm-none-eabi-4_8-2014q2/bin/../lib/gcc/arm-none-eabi/4.8.4/../../../../arm-none-eabi/lib/armv7e-m/libg.a(lib_a-strspn.o)

.comment        0x00000000       0x70
 .comment       0x00000000       0x70 /tmp/ccDG07tX.ltrans0.ltrans.o
                                 0x71 (size before relaxing)
 .comment       0x00000000       0x71 /tmp/ccDG07tX.ltrans1.ltrans.o
 .comment       0x00000000       0x71 /tmp/ccDG07tX.ltrans2.ltrans.o
 .comment       0x00000000       0x71 /tmp/ccDG07tX.ltrans3.ltrans.o

.debug_info     0x00000000     0xca4f
 .debug_info    0x00000000     0x35ea /tmp/ccDG07tX.ltrans0.ltrans.o
 .debug_info    0x000035ea     0x37ec /tmp/ccDG07tX.ltrans1.ltrans.o
 .debug_info    0x00006dd6     0x2900 /tmp/ccDG07tX.ltrans2.ltrans.o
 .debug_info    0x000096d6     0x3379 /tmp/ccDG07tX.ltrans3.ltrans.o

.debug_abbrev   0x00000000     0x1813
 .debug_abbrev  0x00000000      0x67e /tmp/ccDG07tX.ltrans0.ltrans.o
 .debug_abbrev  0x0000067e      0x5d7 /tmp/ccDG07tX.ltrans1.ltrans.o
 .debug_abbrev  0x00000c55      0x619 /tmp/ccDG07tX.ltrans2.ltrans.o
 .debug_abbrev  0x0000126e      0x5a5 /tmp/ccDG07tX.ltrans3.ltrans.o

.debug_loc      0x00000000     0x3bb0
 .debug_loc     0x00000000     0x17e8 /tmp/ccDG07tX.ltrans0.ltrans.o
 .debug_loc     0x000017e8      0x584 /tmp/ccDG07tX.ltrans1.ltrans.o
 .debug_loc     0x00001d6c     0x11bd /tmp/ccDG07tX.ltrans2.ltrans.o
 .debug_loc     0x00002f29      0xc87 /tmp/ccDG07tX.ltrans3.ltrans.o

.debug_aranges  0x00000000      0x340
 .debug_aranges
                0x00000000      0x1d8 /tmp/ccDG07tX.ltrans0.ltrans.o
 .debug_aranges
                0x000001d8       0x60 /tmp/ccDG07tX.ltrans1.ltrans.o
 .debug_aranges
                0x00000238       0xb8 /tmp/ccDG07tX.ltrans2.ltrans.o
 .debug_aranges
                0x000002f0       0x50 /tmp/ccDG07tX.ltrans3.ltrans.o

.debug_ranges   0x00000000     0x15b8
 .debug_ranges  0x00000000      0x628 /tmp/ccDG07tX.ltrans0.ltrans.o
 .debug_ranges  0x00000628      0x998 /tmp/ccDG07tX.ltrans1.ltrans.o
 .debug_ranges  0x00000fc0      0x328 /tmp/ccDG07tX.ltrans2.ltrans.o
 .debug_ranges  0x000012e8      0x2d0 /tmp/ccDG07tX.ltrans3.ltrans.o

.debug_line     0x00000000     0x32b8
 .debug_line    0x00000000     0x1062 /tmp/ccDG07tX.ltrans0.ltrans.o
 .debug_line    0x00001062      0xdd1 /tmp/ccDG07tX.ltrans1.ltrans.o
 .debug_line    0x00001e33      0xa02 /tmp/ccDG07tX.ltrans2.ltrans.o
 .debug_line    0x00002835      0xa83 /tmp/ccDG07tX.ltrans3.ltrans.o

.debug_str      0x00000000     0x2555
 .debug_str     0x00000000      0xdc1 /tmp/ccDG07tX.ltrans0.ltrans.o
                                0xe9c (size before relaxing)
 .debug_str     0x00000dc1      0xeeb /tmp/ccDG07tX.ltrans1.ltrans.o
                               0x17a7 (size before relaxing)
 .debug_str     0x00001cac      0x458 /tmp/ccDG07tX.ltrans2.ltrans.o
                                0xc9d (size before relaxing)
 .debug_str     0x00002104      0x451 /tmp/ccDG07tX.ltrans3.ltrans.o
                                0xfee (size before relaxing)

.debug_frame    0x00000000      0x9cc
 .debug_frame   0x00000000      0x57c /tmp/ccDG07tX.ltrans0.ltrans.o
 .debug_frame   0x0000057c       0xd0 /tmp/ccDG07tX.ltrans1.ltrans.o
 .debug_frame   0x0000064c      0x210 /tmp/ccDG07tX.ltrans2.ltrans.o
 .debug_frame   0x0000085c       0xec /tmp/ccDG07tX.ltrans3.ltrans.o
 .debug_frame   0x00000948       0x2c /nfs/nfs5/home/research/hardware/arm2/gcc-arm-embedded/gcc-arm-none-eabi-4_8-2014q2/bin/../lib/gcc/arm-none-eabi/4.8.4/../../../../arm-none-eabi/lib/armv7e-m/libg.a(lib_a-memset.o)
 .debug_frame   0x00000974       0x2c /nfs/nfs5/home/research/hardware/arm2/gcc-arm-embedded/gcc-arm-none-eabi-4_8-2014q2/bin/../lib/gcc/arm-none-eabi/4.8.4/../../../../arm-none-eabi/lib/armv7e-m/libg.a(lib_a-strpbrk.o)
 .debug_frame   0x000009a0       0x2c /nfs/nfs5/home/research/hardware/arm2/gcc-arm-embedded/gcc-arm-none-eabi-4_8-2014q2/bin/../lib/gcc/arm-none-eabi/4.8.4/../../../../arm-none-eabi/lib/armv7e-m/libg.a(lib_a-strspn.o)

Cross Reference Table

Symbol                                            File
BusFault_Handler                                  /tmp/ccDG07tX.ltrans0.ltrans.o
                                                  /tmp/ccDG07tX.ltrans3.ltrans.o
DebugMon_Handler                                  /tmp/ccDG07tX.ltrans0.ltrans.o
                                                  /tmp/ccDG07tX.ltrans3.ltrans.o
EXTD1                                             /tmp/ccDG07tX.ltrans1.ltrans.o
                                                  /tmp/ccDG07tX.ltrans0.ltrans.o
HardFault_Handler                                 /tmp/ccDG07tX.ltrans0.ltrans.o
                                                  /tmp/ccDG07tX.ltrans3.ltrans.o
MemManage_Handler                                 /tmp/ccDG07tX.ltrans0.ltrans.o
                                                  /tmp/ccDG07tX.ltrans3.ltrans.o
NMI_Handler                                       /tmp/ccDG07tX.ltrans0.ltrans.o
                                                  /tmp/ccDG07tX.ltrans3.ltrans.o
PendSV_Handler                                    /tmp/ccDG07tX.ltrans0.ltrans.o
                                                  /tmp/ccDG07tX.ltrans3.ltrans.o
Reset_Handler                                     build/obj/crt0_v7m.o
                                                  /tmp/ccDG07tX.ltrans3.ltrans.o
SD1                                               /tmp/ccDG07tX.ltrans1.ltrans.o
                                                  /tmp/ccDG07tX.ltrans3.ltrans.o
SPID1                                             /tmp/ccDG07tX.ltrans1.ltrans.o
                                                  /tmp/ccDG07tX.ltrans2.ltrans.o
                                                  /tmp/ccDG07tX.ltrans0.ltrans.o
SPID3                                             /tmp/ccDG07tX.ltrans1.ltrans.o
SVC_Handler                                       /tmp/ccDG07tX.ltrans0.ltrans.o
                                                  /tmp/ccDG07tX.ltrans3.ltrans.o
SysTick_Handler                                   /tmp/ccDG07tX.ltrans0.ltrans.o
                                                  /tmp/ccDG07tX.ltrans3.ltrans.o
UsageFault_Handler                                /tmp/ccDG07tX.ltrans0.ltrans.o
                                                  /tmp/ccDG07tX.ltrans3.ltrans.o
Vector100                                         /tmp/ccDG07tX.ltrans0.ltrans.o
                                                  /tmp/ccDG07tX.ltrans3.ltrans.o
Vector104                                         /tmp/ccDG07tX.ltrans0.ltrans.o
                                                  /tmp/ccDG07tX.ltrans3.ltrans.o
Vector108                                         /tmp/ccDG07tX.ltrans0.ltrans.o
                                                  /tmp/ccDG07tX.ltrans3.ltrans.o
Vector10C                                         /tmp/ccDG07tX.ltrans0.ltrans.o
                                                  /tmp/ccDG07tX.ltrans3.ltrans.o
Vector110                                         /tmp/ccDG07tX.ltrans0.ltrans.o
                                                  /tmp/ccDG07tX.ltrans3.ltrans.o
Vector114                                         /tmp/ccDG07tX.ltrans0.ltrans.o
                                                  /tmp/ccDG07tX.ltrans3.ltrans.o
Vector118                                         /tmp/ccDG07tX.ltrans0.ltrans.o
                                                  /tmp/ccDG07tX.ltrans3.ltrans.o
Vector11C                                         /tmp/ccDG07tX.ltrans0.ltrans.o
                                                  /tmp/ccDG07tX.ltrans3.ltrans.o
Vector120                                         /tmp/ccDG07tX.ltrans0.ltrans.o
                                                  /tmp/ccDG07tX.ltrans3.ltrans.o
Vector124                                         /tmp/ccDG07tX.ltrans0.ltrans.o
                                                  /tmp/ccDG07tX.ltrans3.ltrans.o
Vector128                                         /tmp/ccDG07tX.ltrans0.ltrans.o
                                                  /tmp/ccDG07tX.ltrans3.ltrans.o
Vector12C                                         /tmp/ccDG07tX.ltrans0.ltrans.o
                                                  /tmp/ccDG07tX.ltrans3.ltrans.o
Vector130                                         /tmp/ccDG07tX.ltrans0.ltrans.o
                                                  /tmp/ccDG07tX.ltrans3.ltrans.o
Vector134                                         /tmp/ccDG07tX.ltrans0.ltrans.o
                                                  /tmp/ccDG07tX.ltrans3.ltrans.o
Vector138                                         /tmp/ccDG07tX.ltrans0.ltrans.o
                                                  /tmp/ccDG07tX.ltrans3.ltrans.o
Vector13C                                         /tmp/ccDG07tX.ltrans0.ltrans.o
                                                  /tmp/ccDG07tX.ltrans3.ltrans.o
Vector140                                         /tmp/ccDG07tX.ltrans0.ltrans.o
                                                  /tmp/ccDG07tX.ltrans3.ltrans.o
Vector144                                         /tmp/ccDG07tX.ltrans0.ltrans.o
                                                  /tmp/ccDG07tX.ltrans3.ltrans.o
Vector148                                         /tmp/ccDG07tX.ltrans0.ltrans.o
                                                  /tmp/ccDG07tX.ltrans3.ltrans.o
Vector14C                                         /tmp/ccDG07tX.ltrans0.ltrans.o
                                                  /tmp/ccDG07tX.ltrans3.ltrans.o
Vector150                                         /tmp/ccDG07tX.ltrans0.ltrans.o
                                                  /tmp/ccDG07tX.ltrans3.ltrans.o
Vector154                                         /tmp/ccDG07tX.ltrans0.ltrans.o
                                                  /tmp/ccDG07tX.ltrans3.ltrans.o
Vector158                                         /tmp/ccDG07tX.ltrans0.ltrans.o
                                                  /tmp/ccDG07tX.ltrans3.ltrans.o
Vector15C                                         /tmp/ccDG07tX.ltrans0.ltrans.o
                                                  /tmp/ccDG07tX.ltrans3.ltrans.o
Vector160                                         /tmp/ccDG07tX.ltrans0.ltrans.o
                                                  /tmp/ccDG07tX.ltrans3.ltrans.o
Vector164                                         /tmp/ccDG07tX.ltrans0.ltrans.o
                                                  /tmp/ccDG07tX.ltrans3.ltrans.o
Vector168                                         /tmp/ccDG07tX.ltrans0.ltrans.o
                                                  /tmp/ccDG07tX.ltrans3.ltrans.o
Vector16C                                         /tmp/ccDG07tX.ltrans0.ltrans.o
                                                  /tmp/ccDG07tX.ltrans3.ltrans.o
Vector170                                         /tmp/ccDG07tX.ltrans0.ltrans.o
                                                  /tmp/ccDG07tX.ltrans3.ltrans.o
Vector174                                         /tmp/ccDG07tX.ltrans0.ltrans.o
                                                  /tmp/ccDG07tX.ltrans3.ltrans.o
Vector178                                         /tmp/ccDG07tX.ltrans0.ltrans.o
                                                  /tmp/ccDG07tX.ltrans3.ltrans.o
Vector17C                                         /tmp/ccDG07tX.ltrans0.ltrans.o
                                                  /tmp/ccDG07tX.ltrans3.ltrans.o
Vector180                                         /tmp/ccDG07tX.ltrans0.ltrans.o
                                                  /tmp/ccDG07tX.ltrans3.ltrans.o
Vector184                                         /tmp/ccDG07tX.ltrans0.ltrans.o
                                                  /tmp/ccDG07tX.ltrans3.ltrans.o
Vector188                                         /tmp/ccDG07tX.ltrans0.ltrans.o
                                                  /tmp/ccDG07tX.ltrans3.ltrans.o
Vector18C                                         /tmp/ccDG07tX.ltrans0.ltrans.o
                                                  /tmp/ccDG07tX.ltrans3.ltrans.o
Vector190                                         /tmp/ccDG07tX.ltrans0.ltrans.o
                                                  /tmp/ccDG07tX.ltrans3.ltrans.o
Vector194                                         /tmp/ccDG07tX.ltrans0.ltrans.o
                                                  /tmp/ccDG07tX.ltrans3.ltrans.o
Vector198                                         /tmp/ccDG07tX.ltrans0.ltrans.o
                                                  /tmp/ccDG07tX.ltrans3.ltrans.o
Vector19C                                         /tmp/ccDG07tX.ltrans0.ltrans.o
                                                  /tmp/ccDG07tX.ltrans3.ltrans.o
Vector1C                                          /tmp/ccDG07tX.ltrans0.ltrans.o
                                                  /tmp/ccDG07tX.ltrans3.ltrans.o
Vector20                                          /tmp/ccDG07tX.ltrans0.ltrans.o
                                                  /tmp/ccDG07tX.ltrans3.ltrans.o
Vector24                                          /tmp/ccDG07tX.ltrans0.ltrans.o
                                                  /tmp/ccDG07tX.ltrans3.ltrans.o
Vector28                                          /tmp/ccDG07tX.ltrans0.ltrans.o
                                                  /tmp/ccDG07tX.ltrans3.ltrans.o
Vector34                                          /tmp/ccDG07tX.ltrans0.ltrans.o
                                                  /tmp/ccDG07tX.ltrans3.ltrans.o
Vector40                                          /tmp/ccDG07tX.ltrans0.ltrans.o
                                                  /tmp/ccDG07tX.ltrans3.ltrans.o
Vector44                                          /tmp/ccDG07tX.ltrans0.ltrans.o
                                                  /tmp/ccDG07tX.ltrans3.ltrans.o
Vector48                                          /tmp/ccDG07tX.ltrans0.ltrans.o
                                                  /tmp/ccDG07tX.ltrans3.ltrans.o
Vector4C                                          /tmp/ccDG07tX.ltrans0.ltrans.o
                                                  /tmp/ccDG07tX.ltrans3.ltrans.o
Vector50                                          /tmp/ccDG07tX.ltrans0.ltrans.o
                                                  /tmp/ccDG07tX.ltrans3.ltrans.o
Vector54                                          /tmp/ccDG07tX.ltrans0.ltrans.o
                                                  /tmp/ccDG07tX.ltrans3.ltrans.o
Vector58                                          /tmp/ccDG07tX.ltrans0.ltrans.o
                                                  /tmp/ccDG07tX.ltrans3.ltrans.o
Vector5C                                          /tmp/ccDG07tX.ltrans0.ltrans.o
                                                  /tmp/ccDG07tX.ltrans3.ltrans.o
Vector60                                          /tmp/ccDG07tX.ltrans0.ltrans.o
                                                  /tmp/ccDG07tX.ltrans3.ltrans.o
Vector64                                          /tmp/ccDG07tX.ltrans0.ltrans.o
                                                  /tmp/ccDG07tX.ltrans3.ltrans.o
Vector68                                          /tmp/ccDG07tX.ltrans0.ltrans.o
                                                  /tmp/ccDG07tX.ltrans3.ltrans.o
Vector6C                                          /tmp/ccDG07tX.ltrans0.ltrans.o
                                                  /tmp/ccDG07tX.ltrans3.ltrans.o
Vector70                                          /tmp/ccDG07tX.ltrans0.ltrans.o
                                                  /tmp/ccDG07tX.ltrans3.ltrans.o
Vector74                                          /tmp/ccDG07tX.ltrans0.ltrans.o
                                                  /tmp/ccDG07tX.ltrans3.ltrans.o
Vector78                                          /tmp/ccDG07tX.ltrans0.ltrans.o
                                                  /tmp/ccDG07tX.ltrans3.ltrans.o
Vector7C                                          /tmp/ccDG07tX.ltrans0.ltrans.o
                                                  /tmp/ccDG07tX.ltrans3.ltrans.o
Vector80                                          /tmp/ccDG07tX.ltrans0.ltrans.o
                                                  /tmp/ccDG07tX.ltrans3.ltrans.o
Vector84                                          /tmp/ccDG07tX.ltrans0.ltrans.o
                                                  /tmp/ccDG07tX.ltrans3.ltrans.o
Vector88                                          /tmp/ccDG07tX.ltrans0.ltrans.o
                                                  /tmp/ccDG07tX.ltrans3.ltrans.o
Vector8C                                          /tmp/ccDG07tX.ltrans0.ltrans.o
                                                  /tmp/ccDG07tX.ltrans3.ltrans.o
Vector90                                          /tmp/ccDG07tX.ltrans0.ltrans.o
                                                  /tmp/ccDG07tX.ltrans3.ltrans.o
Vector94                                          /tmp/ccDG07tX.ltrans0.ltrans.o
                                                  /tmp/ccDG07tX.ltrans3.ltrans.o
Vector98                                          /tmp/ccDG07tX.ltrans0.ltrans.o
                                                  /tmp/ccDG07tX.ltrans3.ltrans.o
Vector9C                                          /tmp/ccDG07tX.ltrans0.ltrans.o
                                                  /tmp/ccDG07tX.ltrans3.ltrans.o
VectorA0                                          /tmp/ccDG07tX.ltrans0.ltrans.o
                                                  /tmp/ccDG07tX.ltrans3.ltrans.o
VectorA4                                          /tmp/ccDG07tX.ltrans0.ltrans.o
                                                  /tmp/ccDG07tX.ltrans3.ltrans.o
VectorA8                                          /tmp/ccDG07tX.ltrans0.ltrans.o
                                                  /tmp/ccDG07tX.ltrans3.ltrans.o
VectorAC                                          /tmp/ccDG07tX.ltrans0.ltrans.o
                                                  /tmp/ccDG07tX.ltrans3.ltrans.o
VectorB4                                          /tmp/ccDG07tX.ltrans0.ltrans.o
                                                  /tmp/ccDG07tX.ltrans3.ltrans.o
VectorB8                                          /tmp/ccDG07tX.ltrans0.ltrans.o
                                                  /tmp/ccDG07tX.ltrans3.ltrans.o
VectorBC                                          /tmp/ccDG07tX.ltrans0.ltrans.o
                                                  /tmp/ccDG07tX.ltrans3.ltrans.o
VectorC0                                          /tmp/ccDG07tX.ltrans0.ltrans.o
                                                  /tmp/ccDG07tX.ltrans3.ltrans.o
VectorC4                                          /tmp/ccDG07tX.ltrans0.ltrans.o
                                                  /tmp/ccDG07tX.ltrans3.ltrans.o
VectorC8                                          /tmp/ccDG07tX.ltrans0.ltrans.o
                                                  /tmp/ccDG07tX.ltrans3.ltrans.o
VectorCC                                          /tmp/ccDG07tX.ltrans0.ltrans.o
                                                  /tmp/ccDG07tX.ltrans3.ltrans.o
VectorD0                                          /tmp/ccDG07tX.ltrans0.ltrans.o
                                                  /tmp/ccDG07tX.ltrans3.ltrans.o
VectorD8                                          /tmp/ccDG07tX.ltrans0.ltrans.o
                                                  /tmp/ccDG07tX.ltrans3.ltrans.o
VectorDC                                          /tmp/ccDG07tX.ltrans0.ltrans.o
                                                  /tmp/ccDG07tX.ltrans3.ltrans.o
VectorE0                                          /tmp/ccDG07tX.ltrans0.ltrans.o
                                                  /tmp/ccDG07tX.ltrans3.ltrans.o
VectorE4                                          /tmp/ccDG07tX.ltrans0.ltrans.o
                                                  /tmp/ccDG07tX.ltrans3.ltrans.o
VectorE8                                          /tmp/ccDG07tX.ltrans0.ltrans.o
                                                  /tmp/ccDG07tX.ltrans3.ltrans.o
VectorEC                                          /tmp/ccDG07tX.ltrans0.ltrans.o
                                                  /tmp/ccDG07tX.ltrans3.ltrans.o
VectorF0                                          /tmp/ccDG07tX.ltrans0.ltrans.o
                                                  /tmp/ccDG07tX.ltrans3.ltrans.o
VectorF4                                          /tmp/ccDG07tX.ltrans0.ltrans.o
                                                  /tmp/ccDG07tX.ltrans3.ltrans.o
VectorF8                                          /tmp/ccDG07tX.ltrans0.ltrans.o
                                                  /tmp/ccDG07tX.ltrans3.ltrans.o
VectorFC                                          /tmp/ccDG07tX.ltrans0.ltrans.o
                                                  /tmp/ccDG07tX.ltrans3.ltrans.o
WriteRead                                         /tmp/ccDG07tX.ltrans2.ltrans.o
                                                  /tmp/ccDG07tX.ltrans3.ltrans.o
WriteReadWrapper                                  /tmp/ccDG07tX.ltrans2.ltrans.o
                                                  /tmp/ccDG07tX.ltrans3.ltrans.o
__core_init                                       /tmp/ccDG07tX.ltrans1.ltrans.o
                                                  build/obj/crt0_v7m.o
__default_exit                                    /tmp/ccDG07tX.ltrans1.ltrans.o
                                                  build/obj/crt0_v7m.o
__early_init                                      /tmp/ccDG07tX.ltrans1.ltrans.o
                                                  build/obj/crt0_v7m.o
__fini_array_end                                  build/obj/crt0_v7m.o
__fini_array_start                                build/obj/crt0_v7m.o
__heap_base__                                     /tmp/ccDG07tX.ltrans1.ltrans.o
__heap_end__                                      /tmp/ccDG07tX.ltrans1.ltrans.o
__init_array_end                                  build/obj/crt0_v7m.o
__init_array_start                                build/obj/crt0_v7m.o
__init_ram_areas                                  /tmp/ccDG07tX.ltrans1.ltrans.o
                                                  build/obj/crt0_v7m.o
__late_init                                       /tmp/ccDG07tX.ltrans1.ltrans.o
                                                  build/obj/crt0_v7m.o
__main_stack_base__                               build/obj/crt0_v7m.o
__main_stack_end__                                /tmp/ccDG07tX.ltrans3.ltrans.o
                                                  build/obj/crt0_v7m.o
__process_stack_base__                            build/obj/crt0_v7m.o
__process_stack_end__                             build/obj/crt0_v7m.o
__ram0_clear__                                    /tmp/ccDG07tX.ltrans1.ltrans.o
__ram0_init__                                     /tmp/ccDG07tX.ltrans1.ltrans.o
__ram0_init_text__                                /tmp/ccDG07tX.ltrans1.ltrans.o
__ram0_noinit__                                   /tmp/ccDG07tX.ltrans1.ltrans.o
__ram1_clear__                                    /tmp/ccDG07tX.ltrans1.ltrans.o
__ram1_init__                                     /tmp/ccDG07tX.ltrans1.ltrans.o
__ram1_init_text__                                /tmp/ccDG07tX.ltrans1.ltrans.o
__ram1_noinit__                                   /tmp/ccDG07tX.ltrans1.ltrans.o
__ram2_clear__                                    /tmp/ccDG07tX.ltrans1.ltrans.o
__ram2_init__                                     /tmp/ccDG07tX.ltrans1.ltrans.o
__ram2_init_text__                                /tmp/ccDG07tX.ltrans1.ltrans.o
__ram2_noinit__                                   /tmp/ccDG07tX.ltrans1.ltrans.o
__ram3_clear__                                    /tmp/ccDG07tX.ltrans1.ltrans.o
__ram3_init__                                     /tmp/ccDG07tX.ltrans1.ltrans.o
__ram3_init_text__                                /tmp/ccDG07tX.ltrans1.ltrans.o
__ram3_noinit__                                   /tmp/ccDG07tX.ltrans1.ltrans.o
__ram4_clear__                                    /tmp/ccDG07tX.ltrans1.ltrans.o
__ram4_init__                                     /tmp/ccDG07tX.ltrans1.ltrans.o
__ram4_init_text__                                /tmp/ccDG07tX.ltrans1.ltrans.o
__ram4_noinit__                                   /tmp/ccDG07tX.ltrans1.ltrans.o
__ram5_clear__                                    /tmp/ccDG07tX.ltrans1.ltrans.o
__ram5_init__                                     /tmp/ccDG07tX.ltrans1.ltrans.o
__ram5_init_text__                                /tmp/ccDG07tX.ltrans1.ltrans.o
__ram5_noinit__                                   /tmp/ccDG07tX.ltrans1.ltrans.o
__ram6_clear__                                    /tmp/ccDG07tX.ltrans1.ltrans.o
__ram6_init__                                     /tmp/ccDG07tX.ltrans1.ltrans.o
__ram6_init_text__                                /tmp/ccDG07tX.ltrans1.ltrans.o
__ram6_noinit__                                   /tmp/ccDG07tX.ltrans1.ltrans.o
__ram7_clear__                                    /tmp/ccDG07tX.ltrans1.ltrans.o
__ram7_init__                                     /tmp/ccDG07tX.ltrans1.ltrans.o
__ram7_init_text__                                /tmp/ccDG07tX.ltrans1.ltrans.o
__ram7_noinit__                                   /tmp/ccDG07tX.ltrans1.ltrans.o
_bss_end                                          build/obj/crt0_v7m.o
_bss_start                                        build/obj/crt0_v7m.o
_data_end                                         build/obj/crt0_v7m.o
_data_start                                       build/obj/crt0_v7m.o
_idle_thread.4308                                 /tmp/ccDG07tX.ltrans0.ltrans.o
                                                  /tmp/ccDG07tX.ltrans1.ltrans.o
_pal_lld_setgroupmode                             /tmp/ccDG07tX.ltrans0.ltrans.o
                                                  /tmp/ccDG07tX.ltrans1.ltrans.o
_port_exit_from_isr                               build/obj/chcoreasm_v7m.o
                                                  /tmp/ccDG07tX.ltrans0.ltrans.o
_port_irq_epilogue                                /tmp/ccDG07tX.ltrans0.ltrans.o
                                                  /tmp/ccDG07tX.ltrans3.ltrans.o
_port_switch                                      build/obj/chcoreasm_v7m.o
                                                  /tmp/ccDG07tX.ltrans2.ltrans.o
                                                  /tmp/ccDG07tX.ltrans0.ltrans.o
_port_switch_from_isr                             build/obj/chcoreasm_v7m.o
                                                  /tmp/ccDG07tX.ltrans0.ltrans.o
_port_thread_start                                build/obj/chcoreasm_v7m.o
                                                  /tmp/ccDG07tX.ltrans3.ltrans.o
                                                  /tmp/ccDG07tX.ltrans1.ltrans.o
_stm32_dma_isr_redir                              /tmp/ccDG07tX.ltrans1.ltrans.o
                                                  /tmp/ccDG07tX.ltrans0.ltrans.o
_strtok.11712.constprop.6                         /tmp/ccDG07tX.ltrans0.ltrans.o
                                                  /tmp/ccDG07tX.ltrans1.ltrans.o
_textdata_start                                   build/obj/crt0_v7m.o
_vectors                                          /tmp/ccDG07tX.ltrans3.ltrans.o
bigData                                           /tmp/ccDG07tX.ltrans1.ltrans.o
                                                  /tmp/ccDG07tX.ltrans3.ltrans.o
bigDataThread.12965                               /tmp/ccDG07tX.ltrans3.ltrans.o
                                                  /tmp/ccDG07tX.ltrans1.ltrans.o
ch                                                /tmp/ccDG07tX.ltrans1.ltrans.o
                                                  /tmp/ccDG07tX.ltrans3.ltrans.o
                                                  /tmp/ccDG07tX.ltrans2.ltrans.o
                                                  /tmp/ccDG07tX.ltrans0.ltrans.o
chCoreAlloc                                       /tmp/ccDG07tX.ltrans0.ltrans.o
                                                  /tmp/ccDG07tX.ltrans1.ltrans.o
chEvtBroadcastFlagsI                              /tmp/ccDG07tX.ltrans0.ltrans.o
                                                  /tmp/ccDG07tX.ltrans3.ltrans.o
                                                  /tmp/ccDG07tX.ltrans1.ltrans.o
chMtxLockS                                        /tmp/ccDG07tX.ltrans0.ltrans.o
                                                  /tmp/ccDG07tX.ltrans3.ltrans.o
                                                  /tmp/ccDG07tX.ltrans2.ltrans.o
chMtxUnlock                                       /tmp/ccDG07tX.ltrans0.ltrans.o
                                                  /tmp/ccDG07tX.ltrans3.ltrans.o
                                                  /tmp/ccDG07tX.ltrans2.ltrans.o
chSchDoReschedule                                 /tmp/ccDG07tX.ltrans1.ltrans.o
                                                  build/obj/chcoreasm_v7m.o
chSchDoRescheduleAhead                            /tmp/ccDG07tX.ltrans0.ltrans.o
                                                  /tmp/ccDG07tX.ltrans1.ltrans.o
chSchGoSleepS                                     /tmp/ccDG07tX.ltrans0.ltrans.o
                                                  /tmp/ccDG07tX.ltrans3.ltrans.o
                                                  /tmp/ccDG07tX.ltrans2.ltrans.o
                                                  /tmp/ccDG07tX.ltrans1.ltrans.o
chSchReadyI                                       /tmp/ccDG07tX.ltrans0.ltrans.o
                                                  /tmp/ccDG07tX.ltrans3.ltrans.o
                                                  /tmp/ccDG07tX.ltrans2.ltrans.o
chSchWakeupS.constprop.40                         /tmp/ccDG07tX.ltrans2.ltrans.o
                                                  /tmp/ccDG07tX.ltrans3.ltrans.o
                                                  /tmp/ccDG07tX.ltrans1.ltrans.o
chTMStartMeasurementX.constprop.37                /tmp/ccDG07tX.ltrans2.ltrans.o
                                                  /tmp/ccDG07tX.ltrans1.ltrans.o
chTMStopMeasurementX                              /tmp/ccDG07tX.ltrans0.ltrans.o
                                                  /tmp/ccDG07tX.ltrans1.ltrans.o
chThdCreateFromHeap.constprop.30                  /tmp/ccDG07tX.ltrans3.ltrans.o
                                                  /tmp/ccDG07tX.ltrans1.ltrans.o
chThdExit                                         /tmp/ccDG07tX.ltrans1.ltrans.o
                                                  build/obj/chcoreasm_v7m.o
chThdExitS                                        /tmp/ccDG07tX.ltrans0.ltrans.o
                                                  /tmp/ccDG07tX.ltrans1.ltrans.o
chThdSleep                                        /tmp/ccDG07tX.ltrans2.ltrans.o
                                                  /tmp/ccDG07tX.ltrans3.ltrans.o
chprintf                                          /tmp/ccDG07tX.ltrans0.ltrans.o
                                                  /tmp/ccDG07tX.ltrans3.ltrans.o
                                                  /tmp/ccDG07tX.ltrans1.ltrans.o
cmd_bluefruit.12997                               /tmp/ccDG07tX.ltrans3.ltrans.o
                                                  /tmp/ccDG07tX.ltrans1.ltrans.o
cmd_info.11728                                    /tmp/ccDG07tX.ltrans0.ltrans.o
                                                  /tmp/ccDG07tX.ltrans1.ltrans.o
cmd_myecho.12968                                  /tmp/ccDG07tX.ltrans0.ltrans.o
                                                  /tmp/ccDG07tX.ltrans1.ltrans.o
cmd_systime.11720                                 /tmp/ccDG07tX.ltrans0.ltrans.o
                                                  /tmp/ccDG07tX.ltrans1.ltrans.o
commands.13030                                    /tmp/ccDG07tX.ltrans1.ltrans.o
default_heap.7084                                 /tmp/ccDG07tX.ltrans1.ltrans.o
                                                  /tmp/ccDG07tX.ltrans3.ltrans.o
dmaStreamAllocate.constprop.20                    /tmp/ccDG07tX.ltrans0.ltrans.o
                                                  /tmp/ccDG07tX.ltrans2.ltrans.o
dma_streams_mask.8382                             /tmp/ccDG07tX.ltrans1.ltrans.o
                                                  /tmp/ccDG07tX.ltrans0.ltrans.o
endmem.6956                                       /tmp/ccDG07tX.ltrans1.ltrans.o
                                                  /tmp/ccDG07tX.ltrans0.ltrans.o
get.7804                                          /tmp/ccDG07tX.ltrans2.ltrans.o
                                                  /tmp/ccDG07tX.ltrans1.ltrans.o
gett.7800                                         /tmp/ccDG07tX.ltrans2.ltrans.o
                                                  /tmp/ccDG07tX.ltrans1.ltrans.o
main                                              /tmp/ccDG07tX.ltrans1.ltrans.o
                                                  build/obj/crt0_v7m.o
memset                                            /nfs/nfs5/home/research/hardware/arm2/gcc-arm-embedded/gcc-arm-none-eabi-4_8-2014q2/bin/../lib/gcc/arm-none-eabi/4.8.4/../../../../arm-none-eabi/lib/armv7e-m/libg.a(lib_a-memset.o)
                                                  /tmp/ccDG07tX.ltrans2.ltrans.o
nextmem.6954                                      /tmp/ccDG07tX.ltrans1.ltrans.o
                                                  /tmp/ccDG07tX.ltrans0.ltrans.o
notify1.9076                                      /tmp/ccDG07tX.ltrans0.ltrans.o
                                                  /tmp/ccDG07tX.ltrans1.ltrans.o
put.7812                                          /tmp/ccDG07tX.ltrans2.ltrans.o
                                                  /tmp/ccDG07tX.ltrans1.ltrans.o
putt.7807                                         /tmp/ccDG07tX.ltrans2.ltrans.o
                                                  /tmp/ccDG07tX.ltrans1.ltrans.o
rdata                                             /tmp/ccDG07tX.ltrans3.ltrans.o
                                                  /tmp/ccDG07tX.ltrans2.ltrans.o
read.7784                                         /tmp/ccDG07tX.ltrans2.ltrans.o
                                                  /tmp/ccDG07tX.ltrans1.ltrans.o
readt.7777                                        /tmp/ccDG07tX.ltrans2.ltrans.o
                                                  /tmp/ccDG07tX.ltrans1.ltrans.o
shell_cfg1.13028                                  /tmp/ccDG07tX.ltrans1.ltrans.o
                                                  /tmp/ccDG07tX.ltrans3.ltrans.o
shell_thread.11701                                /tmp/ccDG07tX.ltrans1.ltrans.o
                                                  /tmp/ccDG07tX.ltrans3.ltrans.o
shelltp1.13042                                    /tmp/ccDG07tX.ltrans1.ltrans.o
                                                  /tmp/ccDG07tX.ltrans3.ltrans.o
spiExchange.constprop.15                          /tmp/ccDG07tX.ltrans0.ltrans.o
                                                  /tmp/ccDG07tX.ltrans2.ltrans.o
spiReceive.constprop.11                           /tmp/ccDG07tX.ltrans0.ltrans.o
                                                  /tmp/ccDG07tX.ltrans2.ltrans.o
spiSelect.constprop.18                            /tmp/ccDG07tX.ltrans0.ltrans.o
                                                  /tmp/ccDG07tX.ltrans2.ltrans.o
spiSend.constprop.13                              /tmp/ccDG07tX.ltrans0.ltrans.o
                                                  /tmp/ccDG07tX.ltrans2.ltrans.o
spiUnselect.constprop.17                          /tmp/ccDG07tX.ltrans0.ltrans.o
                                                  /tmp/ccDG07tX.ltrans2.ltrans.o
spi_lld_serve_tx_interrupt.8827                   /tmp/ccDG07tX.ltrans3.ltrans.o
                                                  /tmp/ccDG07tX.ltrans2.ltrans.o
strcmp                                            /nfs/nfs5/home/research/hardware/arm2/gcc-arm-embedded/gcc-arm-none-eabi-4_8-2014q2/bin/../lib/gcc/arm-none-eabi/4.8.4/../../../../arm-none-eabi/lib/armv7e-m/libg.a(lib_a-strcmp.o)
                                                  /tmp/ccDG07tX.ltrans3.ltrans.o
                                                  /tmp/ccDG07tX.ltrans1.ltrans.o
strpbrk                                           /nfs/nfs5/home/research/hardware/arm2/gcc-arm-embedded/gcc-arm-none-eabi-4_8-2014q2/bin/../lib/gcc/arm-none-eabi/4.8.4/../../../../arm-none-eabi/lib/armv7e-m/libg.a(lib_a-strpbrk.o)
                                                  /tmp/ccDG07tX.ltrans0.ltrans.o
strspn                                            /nfs/nfs5/home/research/hardware/arm2/gcc-arm-embedded/gcc-arm-none-eabi-4_8-2014q2/bin/../lib/gcc/arm-none-eabi/4.8.4/../../../../arm-none-eabi/lib/armv7e-m/libg.a(lib_a-strspn.o)
                                                  /tmp/ccDG07tX.ltrans0.ltrans.o
termination_handler.12973                         /tmp/ccDG07tX.ltrans3.ltrans.o
                                                  /tmp/ccDG07tX.ltrans1.ltrans.o
wakeup.4697                                       /tmp/ccDG07tX.ltrans0.ltrans.o
                                                  /tmp/ccDG07tX.ltrans2.ltrans.o
write.7795                                        /tmp/ccDG07tX.ltrans2.ltrans.o
                                                  /tmp/ccDG07tX.ltrans1.ltrans.o
writet.7789                                       /tmp/ccDG07tX.ltrans2.ltrans.o
                                                  /tmp/ccDG07tX.ltrans1.ltrans.o
